[wrap_rpc2] LD_PRELOAD wrapper initialized
[wrap_rpc2] Warning: Could not find original function
[wrap_rpc2] RPC disabled via LD_PRELOAD
[wrap_rpc2] rpcmanager::register_booter called
[wrap_rpc2] First registration, allowing it
[wrap_rpc2] Warning: original function not available
[MAPPER] constructor: encoding=0, debug=true
MAPPER: encoding: 0
[EQDBG] frame_equalizer symbols build loaded
[EQDBG][NEW] Constructor modified with new debug
chunks_to_symbols :info: set_min_output_buffer on block 8 to 207744
fft_v_fftw :info: set_min_output_buffer on block 10 to 2077440
ofdm_cyclic_prefixer :info: set_min_output_buffer on block 11 to 2077440
ofdm_carrier_allocator_cvc :info: set_min_output_buffer on block 12 to 207744
chunks_to_symbols :info: set_min_output_buffer on block 13 to 415488
tagged_stream_mux :info: set_min_output_buffer on block 15 to 207744
foo_packet_pad2 :info: set_min_output_buffer on block 44 to 960000
[MAPPER] handle_msg called
message_debug :info: The `print_pdu` port is deprecated and will be removed; forwarding to `print`.
[MAPPER] meta=((encoding . 0) (crc_included . #t))
[MAPPER] meta fields: mcs=0 len=-1 psdu_len=-1
[MAPPER] using MCS=0
[MAPPER] HT mode enabled, effective MCS: 0
***** VERBOSE PDU DEBUG PRINT ******
((encoding . 0) (crc_included . #t))
pdu length =         38 bytes
pdu vector contents = 
0000: 08 00 00 00 42 42 42 42 42 42 23 23 23 23 23 23 
0010: ff ff ff ff ff ff 00 00 78 78 78 78 78 78 78 78 
0020: 78 78 6f 82 71 cd 
************************************
[TX][HTDATA0][PUNCTURED] bits52=0000001101110010001111010011010111000010011010101010
[TX][HTDATA0][INTERLEAVED] bits52=0010011000010011000001111110111101001001110010010010
[TX][HTDATA0] bits52=0010011000010011000001111110111101001001110010010010
[TX][PUNCTURED-ALL] nbits=676 first64=0000001101110010001111010011010111000010011010101010001001001010 last64=0000111011110001110011101111111110011100000011010010110100000111
[TX][INTERLEAVED-ALL] nbits=676 first64=0010011000010011000001111110111101001001110010010010001000111000 last64=0011101101110100010101011100110111000110011010001010110101011111
[TX][HTDATA0][PUNCTURED] keep existing first-frame reference /tmp/wifi_tx_punctured0_bits52.txt
[TX][HTDATA0][INTERLEAVED] keep existing first-frame reference /tmp/wifi_tx_interleaved0_bits52.txt
[TX][HTDATA0] keep existing first-frame reference /tmp/wifi_tx_data0_bits52.txt
[TX][PUNCTURED-ALL] keep existing first-frame reference /tmp/wifi_tx_punctured_all_bits.txt
[TX][INTERLEAVED-ALL] keep existing first-frame reference /tmp/wifi_tx_interleaved_all_bits.txt
[TX][PUNCTURED-ALL] updated /tmp/wifi_tx_punctured_all_bits.last.txt
[TX][INTERLEAVED-ALL] updated /tmp/wifi_tx_interleaved_all_bits.last.txt
[MAPPER] frame: ht_mode=1 psdu=38 n_sym=13 n_data_bits=338 n_encoded_bits=676 data_carriers=52 out_symbols=676
[HT-HEADER] general_work called ninput=676 noutput=32688
[TX][LSIG] raw24=110100110010000000000000
[TX][LSIG] enc48=110110001010100111001100100011011100000000000000
[TX][LSIG] intl48=110011011001000011010100011000000010011001100000
[TX][HTSIG] fields: mcs=0 len=38 bw40=0 agg=0 sgi=0 stbc=0 adv=0 nltf=0 crc=0x0d
[TX][HTSIG] raw48=000000000110010000000000000000000010110000000000
[TX][HTSIG] enc96=000000000000000000110110111100100011011100000000000000000000000000001110111001101110101100000000
[TX][HTSIG] intl96=000000111110010000000011100110000000000010011000000000011011110000000001100100000000001011101000
[TX][HTHDR][OUTBUF] lsig48=110011011001000011010100011000000010011001100000
[TX][HTHDR][OUTBUF] htsig1_48=000000111110010000000011100110000000000010011000
[TX][HTHDR][OUTBUF] htsig2_48=000000011011110000000001100100000000001011101000
[SYNC-SHORT] general_work called: noutput=16 ninput=2256 threshold=0.010 state=0
[SYNC-SHORT] general_work called: noutput=2048 ninput=2240 threshold=0.010 state=0
sync_short :info: frame start at in: 0 out: 527
SHORT Frame!
[SYNC-SHORT] Frame detected! i=511 corr=0.099 freq_offset=-0.029
[SYNC-SHORT] general_work called: noutput=1024 ninput=1729 threshold=0.010 state=1
sync_short :info: frame start at in: 481 out: 1008
SHORT Frame!
SHORT copied 481
[SYNC-SHORT] general_work called: noutput=1024 ninput=1248 threshold=0.010 state=1
[SYNC-LONG] general_work: ninput[0]=481 ninput[1]=320 noutput=4096 state=0
LONG ninput[0] 481   ninput[1] 320  noutput 4096   state 0
[SYNC-LONG] Received wifi_start tag: freq_offset=-0.029 offset=0 nread=0
sync_short :info: frame start at in: 962 out: 1489
SHORT Frame!
SHORT copied 481
[SYNC-SHORT] general_work called: noutput=512 ninput=767 threshold=0.010 state=1
produced : 0 consumed: 257
sync_short :info: frame start at in: 1443 out: 1970
SHORT Frame!
SHORT copied 481
[SYNC-LONG] general_work: ninput[0]=705 ninput[1]=1025 noutput=4096 state=0
LONG ninput[0] 705   ninput[1] 1025  noutput 4096   state 0
[SYNC-SHORT] general_work called: noutput=256 ninput=286 threshold=0.010 state=1
SHORT copied 256
[SYNC-SHORT] general_work called: noutput=8 ninput=30 threshold=0.010 state=1
SHORT copied 8
[SYNC-SHORT] general_work called: noutput=4 ninput=22 threshold=0.010 state=1
SHORT copied 4
[SYNC-SHORT] general_work called: noutput=2 ninput=18 threshold=0.010 state=1
SHORT copied 2
sync_long :info: LONG: frame start at 190
produced : 0 consumed: 63
[SYNC-LONG] general_work: ninput[0]=1393 ninput[1]=1711 noutput=1024 state=1
LONG ninput[0] 1393   ninput[1] 1711  noutput 1024   state 1
produced : 0 consumed: 161
[SYNC-LONG] general_work: ninput[0]=1232 ninput[1]=1552 noutput=1024 state=1
LONG ninput[0] 1232   ninput[1] 1552  noutput 1024   state 1
[SYNC-LONG] Received wifi_start tag: freq_offset=0.009 offset=481 nread=481
LONG: ignore retrigger tag during COPY nread=481 d_count=0 guard=3072 tag_offset=481
produced : 979 consumed: 1232
[EQ][ENTER] general_work called nin=15 nout=512
[EQ][CALL] nin=15 nout=512 in_frame=0 sym_idx=0 freq_offset=5890000000.000000

----------------------------------------------------------------------
Tag Debug: 
Input Stream: 00
  Offset: 0  Source: sync_long     Key: wifi_start   Value: -5.47059e-06
----------------------------------------------------------------------

----------------------------------------------------------------------
Tag Debug: eq_in_tagdbg
Input Stream: 00
  Offset: 0  Source: sync_long     Key: wifi_start   Value: -5.47059e-06
----------------------------------------------------------------------
[EQ][TAG] wifi_start at offset=0 freq_offset=-0.000005
[EQ][WHILE_ENTER] consumed=0, n_in=15
[EQ][WHILE_LOOP] iter consumed=0, d_sym_idx=0
[EQ][FLOW] abs=0 wifi_start=1 in_frame=0 sym_idx=0 consumed=0 produced=0
[EQ][FLOW] enter-frame abs=0
[EQ][PRE_EXTRACT] d_sym_idx=0, in_frame=1
[EXTRACT_CALL] sym_idx=0, type=OTHER
[EXTRACT] called, first 5 subcarriers:
  i=0, sc=-26, bin=6, val=8.862+0.011i
  i=1, sc=-25, bin=7, val=8.876+0.011i
  i=2, sc=-24, bin=8, val=-8.874+-0.011i
  i=3, sc=-23, bin=9, val=-8.874+-0.011i
  i=4, sc=-22, bin=10, val=8.878+0.011i
[EQ][IDX_CHECK] d_sym_idx=0, condition=1
[EQ][VALID_SET] d_sym_idx=0, valid=1
[EQ][SYM_IDX] sym_idx=0, type=UNKNOWN
[EQ][POST_EQUALIZE] d_sym_idx=0
[EQ][RAW_BITS] sym_idx=0 bits52=0000000000000000000000000000000000000000000000000000
[EQ][STDERR_DIRECT] Entering direct mixed-mode header detection
[EQ][DIRECT_PATH] Entering direct mixed-mode header detection
[EQ][STDERR_BEFORE_GATE] Reached before gate check
[EQ][BEFORE_GATE] Reached before gate check
[EQ][TEST_INSERT] Added new debug output
[EQ][DEBUG_TEST] ======== DEBUG ENTRY ========
[EQ][DEBUG] Checking HT-SIG parse condition: d_sym_idx=0, kHtSig1Rel=5, d_have_ht_header=0
[EQ][DEBUG] valid flags: lltf0=0, lltf1=0, lsig=0, htsig0=0, htsig1=0
[EQ][WHILE_LOOP] iter consumed=1, d_sym_idx=1
[EQ][GATE_DETAIL] d_sym_idx=0, kHtSig1Rel=5, d_have_ht_header=0
[EQ][GATE_DETAIL] valid flags: lltf0=0 lltf1=0 lsig=0 htsig0=0 htsig1=0
[EQ][FLOW] abs=1 wifi_start=0 in_frame=1 sym_idx=1 consumed=1 produced=0
[EQ][PRE_EXTRACT] d_sym_idx=1, in_frame=1
[EXTRACT_CALL] sym_idx=1, type=L-LTF0
[EXTRACT] called, first 5 subcarriers:
  i=0, sc=-26, bin=6, val=8.789+0.026i
  i=1, sc=-25, bin=7, val=8.818+0.014i
  i=2, sc=-24, bin=8, val=-8.921+-0.019i
  i=3, sc=-23, bin=9, val=-8.914+-0.020i
  i=4, sc=-22, bin=10, val=8.844+0.006i
[EQ][IDX_CHECK] d_sym_idx=1, condition=1
[EQ][VALID_SET] d_sym_idx=1, valid=1
[EQ][SYM_IDX] sym_idx=1, type=L-LTF0
[EQ][POST_EQUALIZE] d_sym_idx=1
[EQ][RAW_BITS] sym_idx=1 bits52=0000000000000000000000000000000000000000000000000000
[EQ][STDERR_DIRECT] Entering direct mixed-mode header detection
[EQ][DIRECT_PATH] Entering direct mixed-mode header detection
[EQ][STDERR_BEFORE_GATE] Reached before gate check
[EQ][BEFORE_GATE] Reached before gate check
[EQ][TEST_INSERT] Added new debug output
[EQ][DEBUG_TEST] ======== DEBUG ENTRY ========
[EQ][DEBUG] Checking HT-SIG parse condition: d_sym_idx=1, kHtSig1Rel=5, d_have_ht_header=0
[EQ][DEBUG] valid flags: lltf0=1, lltf1=0, lsig=0, htsig0=0, htsig1=0
[EQ][WHILE_LOOP] iter consumed=2, d_sym_idx=2
[EQ][GATE_DETAIL] d_sym_idx=1, kHtSig1Rel=5, d_have_ht_header=0
[EQ][GATE_DETAIL] valid flags: lltf0=1 lltf1=0 lsig=0 htsig0=0 htsig1=0
[EQ][FLOW] abs=2 wifi_start=0 in_frame=1 sym_idx=2 consumed=2 produced=0
[EQ][PRE_EXTRACT] d_sym_idx=2, in_frame=1
[EXTRACT_CALL] sym_idx=2, type=L-LTF1
[EXTRACT] called, first 5 subcarriers:
  i=0, sc=-26, bin=6, val=8.827+-0.014i
  i=1, sc=-25, bin=7, val=8.850+-0.011i
  i=2, sc=-24, bin=8, val=-8.895+-0.043i
  i=3, sc=-23, bin=9, val=-8.891+-0.041i
  i=4, sc=-22, bin=10, val=8.864+-0.004i
[EQ][IDX_CHECK] d_sym_idx=2, condition=1
[EQ][VALID_SET] d_sym_idx=2, valid=1
[EQ][SYM_IDX] sym_idx=2, type=L-LTF1
[EQ][POST_EQUALIZE] d_sym_idx=2
[EQ][RAW_BITS] sym_idx=2 bits52=0011001101100100001101010001100000001001100110000011
[EQ][STDERR_DIRECT] Entering direct mixed-mode header detection
[EQ][DIRECT_PATH] Entering direct mixed-mode header detection
[EQ][STDERR_BEFORE_GATE] Reached before gate check
[EQ][BEFORE_GATE] Reached before gate check
[EQ][TEST_INSERT] Added new debug output
[EQ][DEBUG_TEST] ======== DEBUG ENTRY ========
[EQ][DEBUG] Checking HT-SIG parse condition: d_sym_idx=2, kHtSig1Rel=5, d_have_ht_header=0
[EQ][DEBUG] valid flags: lltf0=1, lltf1=1, lsig=0, htsig0=0, htsig1=0
[EQ][WHILE_LOOP] iter consumed=3, d_sym_idx=3
[EQ][GATE_DETAIL] d_sym_idx=2, kHtSig1Rel=5, d_have_ht_header=0
[EQ][GATE_DETAIL] valid flags: lltf0=1 lltf1=1 lsig=0 htsig0=0 htsig1=0
[EQ][FLOW] abs=3 wifi_start=0 in_frame=1 sym_idx=3 consumed=3 produced=0
[EQ][PRE_EXTRACT] d_sym_idx=3, in_frame=1
[EXTRACT_CALL] sym_idx=3, type=L-SIG
[EXTRACT] called, first 5 subcarriers:
  i=0, sc=-26, bin=6, val=-8.867+-0.053i
  i=1, sc=-25, bin=7, val=-8.881+-0.045i
  i=2, sc=-24, bin=8, val=-8.878+-0.041i
  i=3, sc=-23, bin=9, val=-8.879+-0.040i
  i=4, sc=-22, bin=10, val=-8.879+-0.038i
[EQ][IDX_CHECK] d_sym_idx=3, condition=1
[EQ][VALID_SET] d_sym_idx=3, valid=1
[EQ][SYM_IDX] sym_idx=3, type=L-SIG
[EQ][POST_EQUALIZE] d_sym_idx=3
[EQ][RAW_BITS] sym_idx=3 bits52=0000000011111001000000001110011000000000001001100011
[EQ][STDERR_DIRECT] Entering direct mixed-mode header detection
[EQ][DIRECT_PATH] Entering direct mixed-mode header detection
[EQ][STDERR_BEFORE_GATE] Reached before gate check
[EQ][BEFORE_GATE] Reached before gate check
[EQ][GATE] sym=3 want_htsig1=5 valid={lltf0=1 lltf1=1 lsig=1 htsig0=0 htsig1=0} have_ht=0
[EQ][TEST_INSERT] Added new debug output
[EQ][DEBUG_TEST] ======== DEBUG ENTRY ========
[EQ][DEBUG] Checking HT-SIG parse condition: d_sym_idx=3, kHtSig1Rel=5, d_have_ht_header=0
[EQ][DEBUG] valid flags: lltf0=1, lltf1=1, lsig=1, htsig0=0, htsig1=0
[EQ][WHILE_LOOP] iter consumed=4, d_sym_idx=4
[EQ][GATE_DETAIL] d_sym_idx=3, kHtSig1Rel=5, d_have_ht_header=0
[EQ][GATE_DETAIL] valid flags: lltf0=1 lltf1=1 lsig=1 htsig0=0 htsig1=0
[EQ][FLOW] abs=4 wifi_start=0 in_frame=1 sym_idx=4 consumed=4 produced=0
[EQ][PRE_EXTRACT] d_sym_idx=4, in_frame=1
[EXTRACT_CALL] sym_idx=4, type=HT-SIG0
[EXTRACT] called, first 5 subcarriers:
  i=0, sc=-26, bin=6, val=-0.067+2.426i
  i=1, sc=-25, bin=7, val=2.535+2.268i
  i=2, sc=-24, bin=8, val=4.683+2.142i
  i=3, sc=-23, bin=9, val=7.362+1.991i
  i=4, sc=-22, bin=10, val=14.241+1.615i
[EQ][IDX_CHECK] d_sym_idx=4, condition=1
[EQ][VALID_SET] d_sym_idx=4, valid=1
[EQ][SYM_IDX] sym_idx=4, type=HT-SIG0
[EQ][POST_EQUALIZE] d_sym_idx=4
[EQ][RAW_BITS] sym_idx=4 bits52=0001111111010000001101111001101101111111011001011111
[EQ][STDERR_DIRECT] Entering direct mixed-mode header detection
[EQ][DIRECT_PATH] Entering direct mixed-mode header detection
[EQ][STDERR_BEFORE_GATE] Reached before gate check
[EQ][BEFORE_GATE] Reached before gate check
[EQ][GATE] sym=4 want_htsig1=5 valid={lltf0=1 lltf1=1 lsig=1 htsig0=1 htsig1=0} have_ht=0
[EQ][TEST_INSERT] Added new debug output
[EQ][DEBUG_TEST] ======== DEBUG ENTRY ========
[EQ][DEBUG] Checking HT-SIG parse condition: d_sym_idx=4, kHtSig1Rel=5, d_have_ht_header=0
[EQ][DEBUG] valid flags: lltf0=1, lltf1=1, lsig=1, htsig0=1, htsig1=0
[EQ][WHILE_LOOP] iter consumed=5, d_sym_idx=5
[EQ][GATE_DETAIL] d_sym_idx=4, kHtSig1Rel=5, d_have_ht_header=0
[EQ][GATE_DETAIL] valid flags: lltf0=1 lltf1=1 lsig=1 htsig0=1 htsig1=0
[EQ][FLOW] abs=5 wifi_start=0 in_frame=1 sym_idx=5 consumed=5 produced=0
[EQ][PRE_EXTRACT] d_sym_idx=5, in_frame=1
[EXTRACT_CALL] sym_idx=5, type=HT-SIG1
[EXTRACT] called, first 5 subcarriers:
  i=0, sc=-26, bin=6, val=-2.898+-0.126i
  i=1, sc=-25, bin=7, val=-11.131+-0.383i
  i=2, sc=-24, bin=8, val=8.713+0.263i
  i=3, sc=-23, bin=9, val=-4.354+-0.156i
  i=4, sc=-22, bin=10, val=-14.139+-0.471i
[EQ][IDX_CHECK] d_sym_idx=5, condition=1
[EQ][VALID_SET] d_sym_idx=5, valid=1
[EQ][SYM_IDX] sym_idx=5, type=HT-SIG1
[EQ][POST_EQUALIZE] d_sym_idx=5
[EQ][RAW_BITS] sym_idx=5 bits52=1100100111000100110000000111101111011010011110100111
[EQ][STDERR_DIRECT] Entering direct mixed-mode header detection
[EQ][DIRECT_PATH] Entering direct mixed-mode header detection
[EQ][STDERR_BEFORE_GATE] Reached before gate check
[EQ][BEFORE_GATE] Reached before gate check
[EQ][GATE] sym=5 want_htsig1=5 valid={lltf0=1 lltf1=1 lsig=1 htsig0=1 htsig1=1} have_ht=0
[EQ][TEST_INSERT] Added new debug output
[EQ][DEBUG_TEST] ======== DEBUG ENTRY ========
[EQ][DEBUG] Checking HT-SIG parse condition: d_sym_idx=5, kHtSig1Rel=5, d_have_ht_header=0
[EQ][DEBUG] valid flags: lltf0=1, lltf1=1, lsig=1, htsig0=1, htsig1=1
[EQ][GATE_DETAIL] d_sym_idx=5, kHtSig1Rel=5, d_have_ht_header=0
[EQ][GATE_DETAIL] valid flags: lltf0=1 lltf1=1 lsig=1 htsig0=1 htsig1=1
[EQ][DEBUG_BLOCK] ENTERING HT-SIG PARSE BLOCK
[RX][LLTF-DBG] L-LTF0 valid=1, L-LTF1 valid=1
[RX][LLTF-DBG] L-LTF0 avg_mag=8.8729, L-LTF1 avg_mag=8.8685
[RX][LLTF-DBG] L-LTF0[0:3]: 8.789∠0.003 8.818∠0.002 8.921∠-3.140 8.914∠-3.139 
[RX][LLTF-DBG] L-LTF1[0:3]: 8.827∠-0.002 8.850∠-0.001 8.895∠-3.137 8.891∠-3.137 
[CHAN_EST][DEBUG] L-LTF0 average magnitude: 8.8729
[CHAN_EST][DEBUG] L-LTF1 average magnitude: 8.8685
[CHAN_EST][LLTF_COMPARE] First 20 data subcarriers:
  i=0 sc=-26: expected=1, avg=8.808+0.006i (mag=8.808, phase=0.001), received0=8.789+0.026i received1=8.827+-0.014i
  i=1 sc=-25: expected=1, avg=8.834+0.001i (mag=8.834, phase=0.000), received0=8.818+0.014i received1=8.850+-0.011i
  i=2 sc=-24: expected=-1, avg=-8.908+-0.031i (mag=8.908, phase=-3.138), received0=-8.921+-0.019i received1=-8.895+-0.043i
  i=3 sc=-23: expected=-1, avg=-8.902+-0.031i (mag=8.902, phase=-3.138), received0=-8.914+-0.020i received1=-8.891+-0.041i
  i=4 sc=-22: expected=1, avg=8.854+0.001i (mag=8.854, phase=0.000), received0=8.844+0.006i received1=8.864+-0.004i
  i=5 sc=-20: expected=-1, avg=-0.019+-0.013i (mag=0.023, phase=-2.552), received0=-8.900+-0.024i received1=8.862+-0.002i
  i=6 sc=-19: expected=1, avg=-0.016+-0.016i (mag=0.023, phase=-2.362), received0=8.850+0.004i received1=-8.883+-0.036i
  i=7 sc=-18: expected=-1, avg=-0.014+-0.012i (mag=0.019, phase=-2.447), received0=-8.899+-0.025i received1=8.870+0.001i
  i=8 sc=-17: expected=1, avg=8.864+0.002i (mag=8.864, phase=0.000), received0=8.858+0.002i received1=8.869+0.002i
  i=9 sc=-16: expected=1, avg=-0.012+-0.016i (mag=0.020, phase=-2.227), received0=8.857+0.002i received1=-8.881+-0.034i
  i=10 sc=-15: expected=1, avg=-0.010+-0.016i (mag=0.019, phase=-2.141), received0=8.857+0.002i received1=-8.877+-0.034i
  i=11 sc=-14: expected=1, avg=8.865+0.002i (mag=8.865, phase=0.000), received0=8.859+0.002i received1=8.871+0.002i
  i=12 sc=-13: expected=1, avg=-0.009+-0.015i (mag=0.018, phase=-2.099), received0=8.862+0.002i received1=-8.880+-0.033i
  i=13 sc=-12: expected=1, avg=-0.008+-0.015i (mag=0.017, phase=-2.069), received0=8.861+0.002i received1=-8.878+-0.032i
  i=14 sc=-11: expected=-1, avg=-8.881+-0.029i (mag=8.881, phase=-3.138), received0=-8.888+-0.027i received1=-8.874+-0.031i
  i=15 sc=-10: expected=-1, avg=-8.878+-0.029i (mag=8.878, phase=-3.138), received0=-8.884+-0.028i received1=-8.872+-0.031i
  i=16 sc=-9: expected=1, avg=8.871+0.002i (mag=8.871, phase=0.000), received0=8.866+0.000i received1=8.876+0.004i
  i=17 sc=-8: expected=1, avg=8.873+0.002i (mag=8.873, phase=0.000), received0=8.868+0.000i received1=8.878+0.004i
  i=18 sc=-6: expected=1, avg=-0.002+-0.015i (mag=0.015, phase=-1.729), received0=8.867+0.000i received1=-8.872+-0.030i
  i=19 sc=-5: expected=-1, avg=-0.002+-0.011i (mag=0.011, phase=-1.714), received0=-8.879+-0.027i received1=8.876+0.006i
[CHAN_EST] Average channel magnitude: 4.4445
[CHAN_EST] Channel magnitude range: [0.0106, 8.9078]
[CHAN_EST] Channel phase range: [-2.362, 2.812] rad
[CHAN_EST] Zero magnitude subcarriers: 0/52
[CHAN_EST][SC0] H=8.808+0.006i, mag=8.808, phase=0.001
[CHAN_EST][SC1] H=8.834+0.001i, mag=8.834, phase=0.000
[CHAN_EST][SC2] H=8.908+0.031i, mag=8.908, phase=0.003
[CHAN_EST][SC3] H=8.902+0.031i, mag=8.902, phase=0.003
[CHAN_EST][SC4] H=8.854+0.001i, mag=8.854, phase=0.000
[CHAN_EST][SC5] H=0.019+0.013i, mag=0.023, phase=0.590
[CHAN_EST][SC6] H=-0.016+-0.016i, mag=0.023, phase=-2.362
[CHAN_EST][SC7] H=0.014+0.012i, mag=0.019, phase=0.694
[CHAN_EST][SC8] H=8.864+0.002i, mag=8.864, phase=0.000
[CHAN_EST][SC9] H=-0.012+-0.016i, mag=0.020, phase=-2.227
[EQ_HEADER] CPE estimate: -0.819 rad, rot=0.683+0.731i
[EQ_HEADER][WARNING] Weak channel at SC-20 (idx=5): H_mag=0.0228, skipping
[EQ_HEADER][WARNING] Weak channel at SC-19 (idx=6): H_mag=0.0230, skipping
[EQ_HEADER][WARNING] Weak channel at SC-18 (idx=7): H_mag=0.0187, skipping
[EQ_HEADER][WARNING] Weak channel at SC-16 (idx=9): H_mag=0.0202, skipping
[EQ_HEADER][WARNING] Weak channel at SC-15 (idx=10): H_mag=0.0190, skipping
[EQ_HEADER][WARNING] Weak channel at SC-13 (idx=12): H_mag=0.0177, skipping
[EQ_HEADER][WARNING] Weak channel at SC-12 (idx=13): H_mag=0.0172, skipping
[EQ_HEADER][WARNING] Weak channel at SC-6 (idx=18): H_mag=0.0152, skipping
[EQ_HEADER][WARNING] Weak channel at SC-5 (idx=19): H_mag=0.0110, skipping
[EQ_HEADER][WARNING] Weak channel at SC-4 (idx=20): H_mag=0.0145, skipping
[EQ_HEADER][WARNING] Weak channel at SC-2 (idx=22): H_mag=0.0147, skipping
[EQ_HEADER][WARNING] Weak channel at SC-1 (idx=23): H_mag=0.0148, skipping
[EQ_HEADER][WARNING] Weak channel at SC1 (idx=24): H_mag=0.0146, skipping
[EQ_HEADER][WARNING] Weak channel at SC2 (idx=25): H_mag=0.0106, skipping
[EQ_HEADER][WARNING] Weak channel at SC3 (idx=26): H_mag=0.0106, skipping
[EQ_HEADER][WARNING] Weak channel at SC4 (idx=27): H_mag=0.0147, skipping
[EQ_HEADER][WARNING] Weak channel at SC5 (idx=28): H_mag=0.0149, skipping
[EQ_HEADER][WARNING] Weak channel at SC9 (idx=31): H_mag=0.0149, skipping
[EQ_HEADER][WARNING] Weak channel at SC12 (idx=34): H_mag=0.0146, skipping
[EQ_HEADER][WARNING] Weak channel at SC20 (idx=42): H_mag=0.0225, skipping
[EQ_HEADER][WARNING] Weak channel at SC23 (idx=44): H_mag=0.0326, skipping
[EQ_HEADER][WARNING] Weak channel at SC24 (idx=45): H_mag=0.0367, skipping
[EQ_HEADER][WARNING] Weak channel at SC25 (idx=46): H_mag=0.0428, skipping
[EQ_HEADER][WARNING] Weak channel at SC26 (idx=47): H_mag=0.0509, skipping
[EQ_HEADER] Zero-magnitude H subcarriers: 0/48
[EQ_HEADER] Average RX magnitude: 8.8702
[EQ_HEADER] Average EQ magnitude: 0.5002
[EQ_HEADER] First 10 bits: 0000011111
[EQ_HEADER][SC0] rx=-8.867+-0.053i, eq=-0.684+-0.739i, bit=0
[EQ_HEADER][SC1] rx=-8.881+-0.045i, eq=-0.683+-0.738i, bit=0
[EQ_HEADER][SC2] rx=-8.878+-0.041i, eq=-0.680+-0.729i, bit=0
[EQ_HEADER][SC3] rx=-8.879+-0.040i, eq=-0.680+-0.729i, bit=0
[EQ_HEADER][SC4] rx=-8.879+-0.038i, eq=-0.682+-0.736i, bit=0
[EQ_HEADER] CPE estimate: 1.603 rad, rot=-0.032+-0.999i
[EQ_HEADER][WARNING] Weak channel at SC-20 (idx=5): H_mag=0.0228, skipping
[EQ_HEADER][WARNING] Weak channel at SC-19 (idx=6): H_mag=0.0230, skipping
[EQ_HEADER][WARNING] Weak channel at SC-18 (idx=7): H_mag=0.0187, skipping
[EQ_HEADER][WARNING] Weak channel at SC-16 (idx=9): H_mag=0.0202, skipping
[EQ_HEADER][WARNING] Weak channel at SC-15 (idx=10): H_mag=0.0190, skipping
[EQ_HEADER][WARNING] Weak channel at SC-13 (idx=12): H_mag=0.0177, skipping
[EQ_HEADER][WARNING] Weak channel at SC-12 (idx=13): H_mag=0.0172, skipping
[EQ_HEADER][WARNING] Weak channel at SC-6 (idx=18): H_mag=0.0152, skipping
[EQ_HEADER][WARNING] Weak channel at SC-5 (idx=19): H_mag=0.0110, skipping
[EQ_HEADER][WARNING] Weak channel at SC-4 (idx=20): H_mag=0.0145, skipping
[EQ_HEADER][WARNING] Weak channel at SC-2 (idx=22): H_mag=0.0147, skipping
[EQ_HEADER][WARNING] Weak channel at SC-1 (idx=23): H_mag=0.0148, skipping
[EQ_HEADER][WARNING] Weak channel at SC1 (idx=24): H_mag=0.0146, skipping
[EQ_HEADER][WARNING] Weak channel at SC2 (idx=25): H_mag=0.0106, skipping
[EQ_HEADER][WARNING] Weak channel at SC3 (idx=26): H_mag=0.0106, skipping
[EQ_HEADER][WARNING] Weak channel at SC4 (idx=27): H_mag=0.0147, skipping
[EQ_HEADER][WARNING] Weak channel at SC5 (idx=28): H_mag=0.0149, skipping
[EQ_HEADER][WARNING] Weak channel at SC9 (idx=31): H_mag=0.0149, skipping
[EQ_HEADER][WARNING] Weak channel at SC12 (idx=34): H_mag=0.0146, skipping
[EQ_HEADER][WARNING] Weak channel at SC20 (idx=42): H_mag=0.0225, skipping
[EQ_HEADER][WARNING] Weak channel at SC23 (idx=44): H_mag=0.0326, skipping
[EQ_HEADER][WARNING] Weak channel at SC24 (idx=45): H_mag=0.0367, skipping
[EQ_HEADER][WARNING] Weak channel at SC25 (idx=46): H_mag=0.0428, skipping
[EQ_HEADER][WARNING] Weak channel at SC26 (idx=47): H_mag=0.0509, skipping
[EQ_HEADER] Zero-magnitude H subcarriers: 0/48
[EQ_HEADER] Average RX magnitude: 7.3069
[EQ_HEADER] Average EQ magnitude: 0.3849
[EQ_HEADER] First 10 bits: 1111111111
[EQ_HEADER][SC0] rx=-0.067+2.426i, eq=0.276+-0.001i, bit=1
[EQ_HEADER][SC1] rx=2.535+2.268i, eq=0.247+-0.295i, bit=1
[EQ_HEADER][SC2] rx=4.683+2.142i, eq=0.222+-0.534i, bit=1
[EQ_HEADER][SC3] rx=7.362+1.991i, eq=0.194+-0.834i, bit=1
[EQ_HEADER][SC4] rx=14.241+1.615i, eq=0.131+-1.613i, bit=1
[EQ_HEADER] CPE estimate: -1.108 rad, rot=0.446+0.895i
[EQ_HEADER][WARNING] Weak channel at SC-20 (idx=5): H_mag=0.0228, skipping
[EQ_HEADER][WARNING] Weak channel at SC-19 (idx=6): H_mag=0.0230, skipping
[EQ_HEADER][WARNING] Weak channel at SC-18 (idx=7): H_mag=0.0187, skipping
[EQ_HEADER][WARNING] Weak channel at SC-16 (idx=9): H_mag=0.0202, skipping
[EQ_HEADER][WARNING] Weak channel at SC-15 (idx=10): H_mag=0.0190, skipping
[EQ_HEADER][WARNING] Weak channel at SC-13 (idx=12): H_mag=0.0177, skipping
[EQ_HEADER][WARNING] Weak channel at SC-12 (idx=13): H_mag=0.0172, skipping
[EQ_HEADER][WARNING] Weak channel at SC-6 (idx=18): H_mag=0.0152, skipping
[EQ_HEADER][WARNING] Weak channel at SC-5 (idx=19): H_mag=0.0110, skipping
[EQ_HEADER][WARNING] Weak channel at SC-4 (idx=20): H_mag=0.0145, skipping
[EQ_HEADER][WARNING] Weak channel at SC-2 (idx=22): H_mag=0.0147, skipping
[EQ_HEADER][WARNING] Weak channel at SC-1 (idx=23): H_mag=0.0148, skipping
[EQ_HEADER][WARNING] Weak channel at SC1 (idx=24): H_mag=0.0146, skipping
[EQ_HEADER][WARNING] Weak channel at SC2 (idx=25): H_mag=0.0106, skipping
[EQ_HEADER][WARNING] Weak channel at SC3 (idx=26): H_mag=0.0106, skipping
[EQ_HEADER][WARNING] Weak channel at SC4 (idx=27): H_mag=0.0147, skipping
[EQ_HEADER][WARNING] Weak channel at SC5 (idx=28): H_mag=0.0149, skipping
[EQ_HEADER][WARNING] Weak channel at SC9 (idx=31): H_mag=0.0149, skipping
[EQ_HEADER][WARNING] Weak channel at SC12 (idx=34): H_mag=0.0146, skipping
[EQ_HEADER][WARNING] Weak channel at SC20 (idx=42): H_mag=0.0225, skipping
[EQ_HEADER][WARNING] Weak channel at SC23 (idx=44): H_mag=0.0326, skipping
[EQ_HEADER][WARNING] Weak channel at SC24 (idx=45): H_mag=0.0367, skipping
[EQ_HEADER][WARNING] Weak channel at SC25 (idx=46): H_mag=0.0428, skipping
[EQ_HEADER][WARNING] Weak channel at SC26 (idx=47): H_mag=0.0509, skipping
[EQ_HEADER] Zero-magnitude H subcarriers: 0/48
[EQ_HEADER] Average RX magnitude: 7.4898
[EQ_HEADER] Average EQ magnitude: 0.4284
[EQ_HEADER] First 10 bits: 0010011101
[EQ_HEADER][SC0] rx=-2.898+-0.126i, eq=-0.134+-0.301i, bit=0
[EQ_HEADER][SC1] rx=-11.131+-0.383i, eq=-0.524+-1.147i, bit=0
[EQ_HEADER][SC2] rx=8.713+0.263i, eq=0.413+0.887i, bit=1
[EQ_HEADER][SC3] rx=-4.354+-0.156i, eq=-0.204+-0.445i, bit=0
[EQ_HEADER][SC4] rx=-14.139+-0.471i, eq=-0.666+-1.453i, bit=0
[RX][CHAN-EST] Hhdr52: avg_mag=4.4445 avg_phase=0.0011 rad phase_var=4.9251
[RX][CHAN-EST] Hhdr52[0:5]: 8.808∠0.001 8.834∠0.000 8.908∠0.003 8.902∠0.003 8.854∠0.000 0.023∠0.590 
[RX][HDRDBG] rel=3 raw48=000000111110010000000011100110000000000010011000
[RX][HDRDBG] rel=3 eq48 =000001111110110000111011111110010010000010111111
[RX][HDRDBG] rel=3 deintl48=000000011010010100110110111110111011111101001011
[RX][HDRDBG] rel=3 bit-errors: raw->eq=13 eq->deintl=20
[RX][HDRDBG] rel=4 raw48=011111110100000011011110011011011111110110010111
[RX][HDRDBG] rel=4 eq48 =111111111111111111111111111111111111111111111111
[RX][HDRDBG] rel=4 deintl48=111111111111111111111111111111111111111111111111
[RX][HDRDBG] rel=4 bit-errors: raw->eq=17 eq->deintl=0
[RX][HDRDBG] rel=5 raw48=001001110001001100000001111011110110100111101001
[RX][HDRDBG] rel=5 eq48 =001001110111111100111011111111110110100111101111
[RX][HDRDBG] rel=5 deintl48=000001111010011100110111011111111110111111111111
[RX][HDRDBG] rel=5 bit-errors: raw->eq=11 eq->deintl=12
[EQ_HEADER] CPE estimate: -0.819 rad, rot=0.683+0.731i
[EQ_HEADER][WARNING] Weak channel at SC-20 (idx=5): H_mag=0.0228, skipping
[EQ_HEADER][WARNING] Weak channel at SC-19 (idx=6): H_mag=0.0230, skipping
[EQ_HEADER][WARNING] Weak channel at SC-18 (idx=7): H_mag=0.0187, skipping
[EQ_HEADER][WARNING] Weak channel at SC-16 (idx=9): H_mag=0.0202, skipping
[EQ_HEADER][WARNING] Weak channel at SC-15 (idx=10): H_mag=0.0190, skipping
[EQ_HEADER][WARNING] Weak channel at SC-13 (idx=12): H_mag=0.0177, skipping
[EQ_HEADER][WARNING] Weak channel at SC-12 (idx=13): H_mag=0.0172, skipping
[EQ_HEADER][WARNING] Weak channel at SC-6 (idx=18): H_mag=0.0152, skipping
[EQ_HEADER][WARNING] Weak channel at SC-5 (idx=19): H_mag=0.0110, skipping
[EQ_HEADER][WARNING] Weak channel at SC-4 (idx=20): H_mag=0.0145, skipping
[EQ_HEADER][WARNING] Weak channel at SC-2 (idx=22): H_mag=0.0147, skipping
[EQ_HEADER][WARNING] Weak channel at SC-1 (idx=23): H_mag=0.0148, skipping
[EQ_HEADER][WARNING] Weak channel at SC1 (idx=24): H_mag=0.0146, skipping
[EQ_HEADER][WARNING] Weak channel at SC2 (idx=25): H_mag=0.0106, skipping
[EQ_HEADER][WARNING] Weak channel at SC3 (idx=26): H_mag=0.0106, skipping
[EQ_HEADER][WARNING] Weak channel at SC4 (idx=27): H_mag=0.0147, skipping
[EQ_HEADER][WARNING] Weak channel at SC5 (idx=28): H_mag=0.0149, skipping
[EQ_HEADER][WARNING] Weak channel at SC9 (idx=31): H_mag=0.0149, skipping
[EQ_HEADER][WARNING] Weak channel at SC12 (idx=34): H_mag=0.0146, skipping
[EQ_HEADER][WARNING] Weak channel at SC20 (idx=42): H_mag=0.0225, skipping
[EQ_HEADER][WARNING] Weak channel at SC23 (idx=44): H_mag=0.0326, skipping
[EQ_HEADER][WARNING] Weak channel at SC24 (idx=45): H_mag=0.0367, skipping
[EQ_HEADER][WARNING] Weak channel at SC25 (idx=46): H_mag=0.0428, skipping
[EQ_HEADER][WARNING] Weak channel at SC26 (idx=47): H_mag=0.0509, skipping
[EQ_HEADER] Zero-magnitude H subcarriers: 0/48
[EQ_HEADER] Average RX magnitude: 8.8702
[EQ_HEADER] Average EQ magnitude: 0.5002
[EQ_HEADER] First 10 bits: 0000011111
[EQ_HEADER][SC0] rx=-8.867+-0.053i, eq=-0.684+-0.739i, bit=0
[EQ_HEADER][SC1] rx=-8.881+-0.045i, eq=-0.683+-0.738i, bit=0
[EQ_HEADER][SC2] rx=-8.878+-0.041i, eq=-0.680+-0.729i, bit=0
[EQ_HEADER][SC3] rx=-8.879+-0.040i, eq=-0.680+-0.729i, bit=0
[EQ_HEADER][SC4] rx=-8.879+-0.038i, eq=-0.682+-0.736i, bit=0
[EQ_HEADER] CPE estimate: -0.819 rad, rot=0.683+0.731i
[EQ_HEADER][WARNING] Weak channel at SC-20 (idx=5): H_mag=0.0228, skipping
[EQ_HEADER][WARNING] Weak channel at SC-19 (idx=6): H_mag=0.0230, skipping
[EQ_HEADER][WARNING] Weak channel at SC-18 (idx=7): H_mag=0.0187, skipping
[EQ_HEADER][WARNING] Weak channel at SC-16 (idx=9): H_mag=0.0202, skipping
[EQ_HEADER][WARNING] Weak channel at SC-15 (idx=10): H_mag=0.0190, skipping
[EQ_HEADER][WARNING] Weak channel at SC-13 (idx=12): H_mag=0.0177, skipping
[EQ_HEADER][WARNING] Weak channel at SC-12 (idx=13): H_mag=0.0172, skipping
[EQ_HEADER][WARNING] Weak channel at SC-6 (idx=18): H_mag=0.0152, skipping
[EQ_HEADER][WARNING] Weak channel at SC-5 (idx=19): H_mag=0.0110, skipping
[EQ_HEADER][WARNING] Weak channel at SC-4 (idx=20): H_mag=0.0145, skipping
[EQ_HEADER][WARNING] Weak channel at SC-2 (idx=22): H_mag=0.0147, skipping
[EQ_HEADER][WARNING] Weak channel at SC-1 (idx=23): H_mag=0.0148, skipping
[EQ_HEADER][WARNING] Weak channel at SC1 (idx=24): H_mag=0.0146, skipping
[EQ_HEADER][WARNING] Weak channel at SC2 (idx=25): H_mag=0.0106, skipping
[EQ_HEADER][WARNING] Weak channel at SC3 (idx=26): H_mag=0.0106, skipping
[EQ_HEADER][WARNING] Weak channel at SC4 (idx=27): H_mag=0.0147, skipping
[EQ_HEADER][WARNING] Weak channel at SC5 (idx=28): H_mag=0.0149, skipping
[EQ_HEADER][WARNING] Weak channel at SC9 (idx=31): H_mag=0.0149, skipping
[EQ_HEADER][WARNING] Weak channel at SC12 (idx=34): H_mag=0.0146, skipping
[EQ_HEADER][WARNING] Weak channel at SC20 (idx=42): H_mag=0.0225, skipping
[EQ_HEADER][WARNING] Weak channel at SC23 (idx=44): H_mag=0.0326, skipping
[EQ_HEADER][WARNING] Weak channel at SC24 (idx=45): H_mag=0.0367, skipping
[EQ_HEADER][WARNING] Weak channel at SC25 (idx=46): H_mag=0.0428, skipping
[EQ_HEADER][WARNING] Weak channel at SC26 (idx=47): H_mag=0.0509, skipping
[EQ_HEADER] Zero-magnitude H subcarriers: 0/48
[EQ_HEADER] Average RX magnitude: 8.8702
[EQ_HEADER] Average EQ magnitude: 0.5002
[EQ_HEADER] First 10 bits: 0000011111
[EQ_HEADER][SC0] rx=-8.867+-0.053i, eq=-0.684+-0.739i, bit=0
[EQ_HEADER][SC1] rx=-8.881+-0.045i, eq=-0.683+-0.738i, bit=0
[EQ_HEADER][SC2] rx=-8.878+-0.041i, eq=-0.680+-0.729i, bit=0
[EQ_HEADER][SC3] rx=-8.879+-0.040i, eq=-0.680+-0.729i, bit=0
[EQ_HEADER][SC4] rx=-8.879+-0.038i, eq=-0.682+-0.736i, bit=0
[EQ_HEADER] CPE estimate: 1.603 rad, rot=-0.032+-0.999i
[EQ_HEADER][WARNING] Weak channel at SC-20 (idx=5): H_mag=0.0228, skipping
[EQ_HEADER][WARNING] Weak channel at SC-19 (idx=6): H_mag=0.0230, skipping
[EQ_HEADER][WARNING] Weak channel at SC-18 (idx=7): H_mag=0.0187, skipping
[EQ_HEADER][WARNING] Weak channel at SC-16 (idx=9): H_mag=0.0202, skipping
[EQ_HEADER][WARNING] Weak channel at SC-15 (idx=10): H_mag=0.0190, skipping
[EQ_HEADER][WARNING] Weak channel at SC-13 (idx=12): H_mag=0.0177, skipping
[EQ_HEADER][WARNING] Weak channel at SC-12 (idx=13): H_mag=0.0172, skipping
[EQ_HEADER][WARNING] Weak channel at SC-6 (idx=18): H_mag=0.0152, skipping
[EQ_HEADER][WARNING] Weak channel at SC-5 (idx=19): H_mag=0.0110, skipping
[EQ_HEADER][WARNING] Weak channel at SC-4 (idx=20): H_mag=0.0145, skipping
[EQ_HEADER][WARNING] Weak channel at SC-2 (idx=22): H_mag=0.0147, skipping
[EQ_HEADER][WARNING] Weak channel at SC-1 (idx=23): H_mag=0.0148, skipping
[EQ_HEADER][WARNING] Weak channel at SC1 (idx=24): H_mag=0.0146, skipping
[EQ_HEADER][WARNING] Weak channel at SC2 (idx=25): H_mag=0.0106, skipping
[EQ_HEADER][WARNING] Weak channel at SC3 (idx=26): H_mag=0.0106, skipping
[EQ_HEADER][WARNING] Weak channel at SC4 (idx=27): H_mag=0.0147, skipping
[EQ_HEADER][WARNING] Weak channel at SC5 (idx=28): H_mag=0.0149, skipping
[EQ_HEADER][WARNING] Weak channel at SC9 (idx=31): H_mag=0.0149, skipping
[EQ_HEADER][WARNING] Weak channel at SC12 (idx=34): H_mag=0.0146, skipping
[EQ_HEADER][WARNING] Weak channel at SC20 (idx=42): H_mag=0.0225, skipping
[EQ_HEADER][WARNING] Weak channel at SC23 (idx=44): H_mag=0.0326, skipping
[EQ_HEADER][WARNING] Weak channel at SC24 (idx=45): H_mag=0.0367, skipping
[EQ_HEADER][WARNING] Weak channel at SC25 (idx=46): H_mag=0.0428, skipping
[EQ_HEADER][WARNING] Weak channel at SC26 (idx=47): H_mag=0.0509, skipping
[EQ_HEADER] Zero-magnitude H subcarriers: 0/48
[EQ_HEADER] Average RX magnitude: 7.3069
[EQ_HEADER] Average EQ magnitude: 0.3849
[EQ_HEADER] First 10 bits: 1111111111
[EQ_HEADER][SC0] rx=-0.067+2.426i, eq=0.276+-0.001i, bit=1
[EQ_HEADER][SC1] rx=2.535+2.268i, eq=0.247+-0.295i, bit=1
[EQ_HEADER][SC2] rx=4.683+2.142i, eq=0.222+-0.534i, bit=1
[EQ_HEADER][SC3] rx=7.362+1.991i, eq=0.194+-0.834i, bit=1
[EQ_HEADER][SC4] rx=14.241+1.615i, eq=0.131+-1.613i, bit=1
[EQ_HEADER] CPE estimate: -1.108 rad, rot=0.446+0.895i
[EQ_HEADER][WARNING] Weak channel at SC-20 (idx=5): H_mag=0.0228, skipping
[EQ_HEADER][WARNING] Weak channel at SC-19 (idx=6): H_mag=0.0230, skipping
[EQ_HEADER][WARNING] Weak channel at SC-18 (idx=7): H_mag=0.0187, skipping
[EQ_HEADER][WARNING] Weak channel at SC-16 (idx=9): H_mag=0.0202, skipping
[EQ_HEADER][WARNING] Weak channel at SC-15 (idx=10): H_mag=0.0190, skipping
[EQ_HEADER][WARNING] Weak channel at SC-13 (idx=12): H_mag=0.0177, skipping
[EQ_HEADER][WARNING] Weak channel at SC-12 (idx=13): H_mag=0.0172, skipping
[EQ_HEADER][WARNING] Weak channel at SC-6 (idx=18): H_mag=0.0152, skipping
[EQ_HEADER][WARNING] Weak channel at SC-5 (idx=19): H_mag=0.0110, skipping
[EQ_HEADER][WARNING] Weak channel at SC-4 (idx=20): H_mag=0.0145, skipping
[EQ_HEADER][WARNING] Weak channel at SC-2 (idx=22): H_mag=0.0147, skipping
[EQ_HEADER][WARNING] Weak channel at SC-1 (idx=23): H_mag=0.0148, skipping
[EQ_HEADER][WARNING] Weak channel at SC1 (idx=24): H_mag=0.0146, skipping
[EQ_HEADER][WARNING] Weak channel at SC2 (idx=25): H_mag=0.0106, skipping
[EQ_HEADER][WARNING] Weak channel at SC3 (idx=26): H_mag=0.0106, skipping
[EQ_HEADER][WARNING] Weak channel at SC4 (idx=27): H_mag=0.0147, skipping
[EQ_HEADER][WARNING] Weak channel at SC5 (idx=28): H_mag=0.0149, skipping
[EQ_HEADER][WARNING] Weak channel at SC9 (idx=31): H_mag=0.0149, skipping
[EQ_HEADER][WARNING] Weak channel at SC12 (idx=34): H_mag=0.0146, skipping
[EQ_HEADER][WARNING] Weak channel at SC20 (idx=42): H_mag=0.0225, skipping
[EQ_HEADER][WARNING] Weak channel at SC23 (idx=44): H_mag=0.0326, skipping
[EQ_HEADER][WARNING] Weak channel at SC24 (idx=45): H_mag=0.0367, skipping
[EQ_HEADER][WARNING] Weak channel at SC25 (idx=46): H_mag=0.0428, skipping
[EQ_HEADER][WARNING] Weak channel at SC26 (idx=47): H_mag=0.0509, skipping
[EQ_HEADER] Zero-magnitude H subcarriers: 0/48
[EQ_HEADER] Average RX magnitude: 7.4898
[EQ_HEADER] Average EQ magnitude: 0.4284
[EQ_HEADER] First 10 bits: 0010011101
[EQ_HEADER][SC0] rx=-2.898+-0.126i, eq=-0.134+-0.301i, bit=0
[EQ_HEADER][SC1] rx=-11.131+-0.383i, eq=-0.524+-1.147i, bit=0
[EQ_HEADER][SC2] rx=8.713+0.263i, eq=0.413+0.887i, bit=1
[EQ_HEADER][SC3] rx=-4.354+-0.156i, eq=-0.204+-0.445i, bit=0
[EQ_HEADER][SC4] rx=-14.139+-0.471i, eq=-0.666+-1.453i, bit=0
[PARSE_HT_SIG] CRC: received=0x84, calculated=0x96
[PARSE_HT_SIG] CRC mismatch
[EQ_HEADER] CPE estimate: 1.603 rad, rot=-0.032+-0.999i
[EQ_HEADER][WARNING] Weak channel at SC-20 (idx=5): H_mag=0.0228, skipping
[EQ_HEADER][WARNING] Weak channel at SC-19 (idx=6): H_mag=0.0230, skipping
[EQ_HEADER][WARNING] Weak channel at SC-18 (idx=7): H_mag=0.0187, skipping
[EQ_HEADER][WARNING] Weak channel at SC-16 (idx=9): H_mag=0.0202, skipping
[EQ_HEADER][WARNING] Weak channel at SC-15 (idx=10): H_mag=0.0190, skipping
[EQ_HEADER][WARNING] Weak channel at SC-13 (idx=12): H_mag=0.0177, skipping
[EQ_HEADER][WARNING] Weak channel at SC-12 (idx=13): H_mag=0.0172, skipping
[EQ_HEADER][WARNING] Weak channel at SC-6 (idx=18): H_mag=0.0152, skipping
[EQ_HEADER][WARNING] Weak channel at SC-5 (idx=19): H_mag=0.0110, skipping
[EQ_HEADER][WARNING] Weak channel at SC-4 (idx=20): H_mag=0.0145, skipping
[EQ_HEADER][WARNING] Weak channel at SC-2 (idx=22): H_mag=0.0147, skipping
[EQ_HEADER][WARNING] Weak channel at SC-1 (idx=23): H_mag=0.0148, skipping
[EQ_HEADER][WARNING] Weak channel at SC1 (idx=24): H_mag=0.0146, skipping
[EQ_HEADER][WARNING] Weak channel at SC2 (idx=25): H_mag=0.0106, skipping
[EQ_HEADER][WARNING] Weak channel at SC3 (idx=26): H_mag=0.0106, skipping
[EQ_HEADER][WARNING] Weak channel at SC4 (idx=27): H_mag=0.0147, skipping
[EQ_HEADER][WARNING] Weak channel at SC5 (idx=28): H_mag=0.0149, skipping
[EQ_HEADER][WARNING] Weak channel at SC9 (idx=31): H_mag=0.0149, skipping
[EQ_HEADER][WARNING] Weak channel at SC12 (idx=34): H_mag=0.0146, skipping
[EQ_HEADER][WARNING] Weak channel at SC20 (idx=42): H_mag=0.0225, skipping
[EQ_HEADER][WARNING] Weak channel at SC23 (idx=44): H_mag=0.0326, skipping
[EQ_HEADER][WARNING] Weak channel at SC24 (idx=45): H_mag=0.0367, skipping
[EQ_HEADER][WARNING] Weak channel at SC25 (idx=46): H_mag=0.0428, skipping
[EQ_HEADER][WARNING] Weak channel at SC26 (idx=47): H_mag=0.0509, skipping
[EQ_HEADER] Zero-magnitude H subcarriers: 0/48
[EQ_HEADER] Average RX magnitude: 7.3069
[EQ_HEADER] Average EQ magnitude: 0.3849
[EQ_HEADER] First 10 bits: 1111111111
[EQ_HEADER][SC0] rx=-0.067+2.426i, eq=0.276+-0.001i, bit=1
[EQ_HEADER][SC1] rx=2.535+2.268i, eq=0.247+-0.295i, bit=1
[EQ_HEADER][SC2] rx=4.683+2.142i, eq=0.222+-0.534i, bit=1
[EQ_HEADER][SC3] rx=7.362+1.991i, eq=0.194+-0.834i, bit=1
[EQ_HEADER][SC4] rx=14.241+1.615i, eq=0.131+-1.613i, bit=1
[EQ_HEADER] CPE estimate: -1.108 rad, rot=0.446+0.895i
[EQ_HEADER][WARNING] Weak channel at SC-20 (idx=5): H_mag=0.0228, skipping
[EQ_HEADER][WARNING] Weak channel at SC-19 (idx=6): H_mag=0.0230, skipping
[EQ_HEADER][WARNING] Weak channel at SC-18 (idx=7): H_mag=0.0187, skipping
[EQ_HEADER][WARNING] Weak channel at SC-16 (idx=9): H_mag=0.0202, skipping
[EQ_HEADER][WARNING] Weak channel at SC-15 (idx=10): H_mag=0.0190, skipping
[EQ_HEADER][WARNING] Weak channel at SC-13 (idx=12): H_mag=0.0177, skipping
[EQ_HEADER][WARNING] Weak channel at SC-12 (idx=13): H_mag=0.0172, skipping
[EQ_HEADER][WARNING] Weak channel at SC-6 (idx=18): H_mag=0.0152, skipping
[EQ_HEADER][WARNING] Weak channel at SC-5 (idx=19): H_mag=0.0110, skipping
[EQ_HEADER][WARNING] Weak channel at SC-4 (idx=20): H_mag=0.0145, skipping
[EQ_HEADER][WARNING] Weak channel at SC-2 (idx=22): H_mag=0.0147, skipping
[EQ_HEADER][WARNING] Weak channel at SC-1 (idx=23): H_mag=0.0148, skipping
[EQ_HEADER][WARNING] Weak channel at SC1 (idx=24): H_mag=0.0146, skipping
[EQ_HEADER][WARNING] Weak channel at SC2 (idx=25): H_mag=0.0106, skipping
[EQ_HEADER][WARNING] Weak channel at SC3 (idx=26): H_mag=0.0106, skipping
[EQ_HEADER][WARNING] Weak channel at SC4 (idx=27): H_mag=0.0147, skipping
[EQ_HEADER][WARNING] Weak channel at SC5 (idx=28): H_mag=0.0149, skipping
[EQ_HEADER][WARNING] Weak channel at SC9 (idx=31): H_mag=0.0149, skipping
[EQ_HEADER][WARNING] Weak channel at SC12 (idx=34): H_mag=0.0146, skipping
[EQ_HEADER][WARNING] Weak channel at SC20 (idx=42): H_mag=0.0225, skipping
[EQ_HEADER][WARNING] Weak channel at SC23 (idx=44): H_mag=0.0326, skipping
[EQ_HEADER][WARNING] Weak channel at SC24 (idx=45): H_mag=0.0367, skipping
[EQ_HEADER][WARNING] Weak channel at SC25 (idx=46): H_mag=0.0428, skipping
[EQ_HEADER][WARNING] Weak channel at SC26 (idx=47): H_mag=0.0509, skipping
[EQ_HEADER] Zero-magnitude H subcarriers: 0/48
[EQ_HEADER] Average RX magnitude: 7.4898
[EQ_HEADER] Average EQ magnitude: 0.4284
[EQ_HEADER] First 10 bits: 0010011101
[EQ_HEADER][SC0] rx=-2.898+-0.126i, eq=-0.134+-0.301i, bit=0
[EQ_HEADER][SC1] rx=-11.131+-0.383i, eq=-0.524+-1.147i, bit=0
[EQ_HEADER][SC2] rx=8.713+0.263i, eq=0.413+0.887i, bit=1
[EQ_HEADER][SC3] rx=-4.354+-0.156i, eq=-0.204+-0.445i, bit=0
[EQ_HEADER][SC4] rx=-14.139+-0.471i, eq=-0.666+-1.453i, bit=0
[PARSE_HT_SIG] CRC: received=0x00, calculated=0x73
[PARSE_HT_SIG] CRC mismatch
[EQ_HEADER] CPE estimate: 1.603 rad, rot=-0.032+-0.999i
[EQ_HEADER][WARNING] Weak channel at SC-20 (idx=5): H_mag=0.0228, skipping
[EQ_HEADER][WARNING] Weak channel at SC-19 (idx=6): H_mag=0.0230, skipping
[EQ_HEADER][WARNING] Weak channel at SC-18 (idx=7): H_mag=0.0187, skipping
[EQ_HEADER][WARNING] Weak channel at SC-16 (idx=9): H_mag=0.0202, skipping
[EQ_HEADER][WARNING] Weak channel at SC-15 (idx=10): H_mag=0.0190, skipping
[EQ_HEADER][WARNING] Weak channel at SC-13 (idx=12): H_mag=0.0177, skipping
[EQ_HEADER][WARNING] Weak channel at SC-12 (idx=13): H_mag=0.0172, skipping
[EQ_HEADER][WARNING] Weak channel at SC-6 (idx=18): H_mag=0.0152, skipping
[EQ_HEADER][WARNING] Weak channel at SC-5 (idx=19): H_mag=0.0110, skipping
[EQ_HEADER][WARNING] Weak channel at SC-4 (idx=20): H_mag=0.0145, skipping
[EQ_HEADER][WARNING] Weak channel at SC-2 (idx=22): H_mag=0.0147, skipping
[EQ_HEADER][WARNING] Weak channel at SC-1 (idx=23): H_mag=0.0148, skipping
[EQ_HEADER][WARNING] Weak channel at SC1 (idx=24): H_mag=0.0146, skipping
[EQ_HEADER][WARNING] Weak channel at SC2 (idx=25): H_mag=0.0106, skipping
[EQ_HEADER][WARNING] Weak channel at SC3 (idx=26): H_mag=0.0106, skipping
[EQ_HEADER][WARNING] Weak channel at SC4 (idx=27): H_mag=0.0147, skipping
[EQ_HEADER][WARNING] Weak channel at SC5 (idx=28): H_mag=0.0149, skipping
[EQ_HEADER][WARNING] Weak channel at SC9 (idx=31): H_mag=0.0149, skipping
[EQ_HEADER][WARNING] Weak channel at SC12 (idx=34): H_mag=0.0146, skipping
[EQ_HEADER][WARNING] Weak channel at SC20 (idx=42): H_mag=0.0225, skipping
[EQ_HEADER][WARNING] Weak channel at SC23 (idx=44): H_mag=0.0326, skipping
[EQ_HEADER][WARNING] Weak channel at SC24 (idx=45): H_mag=0.0367, skipping
[EQ_HEADER][WARNING] Weak channel at SC25 (idx=46): H_mag=0.0428, skipping
[EQ_HEADER][WARNING] Weak channel at SC26 (idx=47): H_mag=0.0509, skipping
[EQ_HEADER] Zero-magnitude H subcarriers: 0/48
[EQ_HEADER] Average RX magnitude: 7.3069
[EQ_HEADER] Average EQ magnitude: 0.3849
[EQ_HEADER] First 10 bits: 1111111111
[EQ_HEADER][SC0] rx=-0.067+2.426i, eq=0.276+-0.001i, bit=1
[EQ_HEADER][SC1] rx=2.535+2.268i, eq=0.247+-0.295i, bit=1
[EQ_HEADER][SC2] rx=4.683+2.142i, eq=0.222+-0.534i, bit=1
[EQ_HEADER][SC3] rx=7.362+1.991i, eq=0.194+-0.834i, bit=1
[EQ_HEADER][SC4] rx=14.241+1.615i, eq=0.131+-1.613i, bit=1
[EQ_HEADER] CPE estimate: -1.108 rad, rot=0.446+0.895i
[EQ_HEADER][WARNING] Weak channel at SC-20 (idx=5): H_mag=0.0228, skipping
[EQ_HEADER][WARNING] Weak channel at SC-19 (idx=6): H_mag=0.0230, skipping
[EQ_HEADER][WARNING] Weak channel at SC-18 (idx=7): H_mag=0.0187, skipping
[EQ_HEADER][WARNING] Weak channel at SC-16 (idx=9): H_mag=0.0202, skipping
[EQ_HEADER][WARNING] Weak channel at SC-15 (idx=10): H_mag=0.0190, skipping
[EQ_HEADER][WARNING] Weak channel at SC-13 (idx=12): H_mag=0.0177, skipping
[EQ_HEADER][WARNING] Weak channel at SC-12 (idx=13): H_mag=0.0172, skipping
[EQ_HEADER][WARNING] Weak channel at SC-6 (idx=18): H_mag=0.0152, skipping
[EQ_HEADER][WARNING] Weak channel at SC-5 (idx=19): H_mag=0.0110, skipping
[EQ_HEADER][WARNING] Weak channel at SC-4 (idx=20): H_mag=0.0145, skipping
[EQ_HEADER][WARNING] Weak channel at SC-2 (idx=22): H_mag=0.0147, skipping
[EQ_HEADER][WARNING] Weak channel at SC-1 (idx=23): H_mag=0.0148, skipping
[EQ_HEADER][WARNING] Weak channel at SC1 (idx=24): H_mag=0.0146, skipping
[EQ_HEADER][WARNING] Weak channel at SC2 (idx=25): H_mag=0.0106, skipping
[EQ_HEADER][WARNING] Weak channel at SC3 (idx=26): H_mag=0.0106, skipping
[EQ_HEADER][WARNING] Weak channel at SC4 (idx=27): H_mag=0.0147, skipping
[EQ_HEADER][WARNING] Weak channel at SC5 (idx=28): H_mag=0.0149, skipping
[EQ_HEADER][WARNING] Weak channel at SC9 (idx=31): H_mag=0.0149, skipping
[EQ_HEADER][WARNING] Weak channel at SC12 (idx=34): H_mag=0.0146, skipping
[EQ_HEADER][WARNING] Weak channel at SC20 (idx=42): H_mag=0.0225, skipping
[EQ_HEADER][WARNING] Weak channel at SC23 (idx=44): H_mag=0.0326, skipping
[EQ_HEADER][WARNING] Weak channel at SC24 (idx=45): H_mag=0.0367, skipping
[EQ_HEADER][WARNING] Weak channel at SC25 (idx=46): H_mag=0.0428, skipping
[EQ_HEADER][WARNING] Weak channel at SC26 (idx=47): H_mag=0.0509, skipping
[EQ_HEADER] Zero-magnitude H subcarriers: 0/48
[EQ_HEADER] Average RX magnitude: 7.4898
[EQ_HEADER] Average EQ magnitude: 0.4284
[EQ_HEADER] First 10 bits: 0010011101
[EQ_HEADER][SC0] rx=-2.898+-0.126i, eq=-0.134+-0.301i, bit=0
[EQ_HEADER][SC1] rx=-11.131+-0.383i, eq=-0.524+-1.147i, bit=0
[EQ_HEADER][SC2] rx=8.713+0.263i, eq=0.413+0.887i, bit=1
[EQ_HEADER][SC3] rx=-4.354+-0.156i, eq=-0.204+-0.445i, bit=0
[EQ_HEADER][SC4] rx=-14.139+-0.471i, eq=-0.666+-1.453i, bit=0
[PARSE_HT_SIG] CRC: received=0x88, calculated=0x02
[PARSE_HT_SIG] CRC mismatch
[EQ_HEADER] CPE estimate: 1.603 rad, rot=-0.032+-0.999i
[EQ_HEADER][WARNING] Weak channel at SC-20 (idx=5): H_mag=0.0228, skipping
[EQ_HEADER][WARNING] Weak channel at SC-19 (idx=6): H_mag=0.0230, skipping
[EQ_HEADER][WARNING] Weak channel at SC-18 (idx=7): H_mag=0.0187, skipping
[EQ_HEADER][WARNING] Weak channel at SC-16 (idx=9): H_mag=0.0202, skipping
[EQ_HEADER][WARNING] Weak channel at SC-15 (idx=10): H_mag=0.0190, skipping
[EQ_HEADER][WARNING] Weak channel at SC-13 (idx=12): H_mag=0.0177, skipping
[EQ_HEADER][WARNING] Weak channel at SC-12 (idx=13): H_mag=0.0172, skipping
[EQ_HEADER][WARNING] Weak channel at SC-6 (idx=18): H_mag=0.0152, skipping
[EQ_HEADER][WARNING] Weak channel at SC-5 (idx=19): H_mag=0.0110, skipping
[EQ_HEADER][WARNING] Weak channel at SC-4 (idx=20): H_mag=0.0145, skipping
[EQ_HEADER][WARNING] Weak channel at SC-2 (idx=22): H_mag=0.0147, skipping
[EQ_HEADER][WARNING] Weak channel at SC-1 (idx=23): H_mag=0.0148, skipping
[EQ_HEADER][WARNING] Weak channel at SC1 (idx=24): H_mag=0.0146, skipping
[EQ_HEADER][WARNING] Weak channel at SC2 (idx=25): H_mag=0.0106, skipping
[EQ_HEADER][WARNING] Weak channel at SC3 (idx=26): H_mag=0.0106, skipping
[EQ_HEADER][WARNING] Weak channel at SC4 (idx=27): H_mag=0.0147, skipping
[EQ_HEADER][WARNING] Weak channel at SC5 (idx=28): H_mag=0.0149, skipping
[EQ_HEADER][WARNING] Weak channel at SC9 (idx=31): H_mag=0.0149, skipping
[EQ_HEADER][WARNING] Weak channel at SC12 (idx=34): H_mag=0.0146, skipping
[EQ_HEADER][WARNING] Weak channel at SC20 (idx=42): H_mag=0.0225, skipping
[EQ_HEADER][WARNING] Weak channel at SC23 (idx=44): H_mag=0.0326, skipping
[EQ_HEADER][WARNING] Weak channel at SC24 (idx=45): H_mag=0.0367, skipping
[EQ_HEADER][WARNING] Weak channel at SC25 (idx=46): H_mag=0.0428, skipping
[EQ_HEADER][WARNING] Weak channel at SC26 (idx=47): H_mag=0.0509, skipping
[EQ_HEADER] Zero-magnitude H subcarriers: 0/48
[EQ_HEADER] Average RX magnitude: 7.3069
[EQ_HEADER] Average EQ magnitude: 0.3849
[EQ_HEADER] First 10 bits: 1111111111
[EQ_HEADER][SC0] rx=-0.067+2.426i, eq=0.276+-0.001i, bit=1
[EQ_HEADER][SC1] rx=2.535+2.268i, eq=0.247+-0.295i, bit=1
[EQ_HEADER][SC2] rx=4.683+2.142i, eq=0.222+-0.534i, bit=1
[EQ_HEADER][SC3] rx=7.362+1.991i, eq=0.194+-0.834i, bit=1
[EQ_HEADER][SC4] rx=14.241+1.615i, eq=0.131+-1.613i, bit=1
[EQ_HEADER] CPE estimate: -1.108 rad, rot=0.446+0.895i
[EQ_HEADER][WARNING] Weak channel at SC-20 (idx=5): H_mag=0.0228, skipping
[EQ_HEADER][WARNING] Weak channel at SC-19 (idx=6): H_mag=0.0230, skipping
[EQ_HEADER][WARNING] Weak channel at SC-18 (idx=7): H_mag=0.0187, skipping
[EQ_HEADER][WARNING] Weak channel at SC-16 (idx=9): H_mag=0.0202, skipping
[EQ_HEADER][WARNING] Weak channel at SC-15 (idx=10): H_mag=0.0190, skipping
[EQ_HEADER][WARNING] Weak channel at SC-13 (idx=12): H_mag=0.0177, skipping
[EQ_HEADER][WARNING] Weak channel at SC-12 (idx=13): H_mag=0.0172, skipping
[EQ_HEADER][WARNING] Weak channel at SC-6 (idx=18): H_mag=0.0152, skipping
[EQ_HEADER][WARNING] Weak channel at SC-5 (idx=19): H_mag=0.0110, skipping
[EQ_HEADER][WARNING] Weak channel at SC-4 (idx=20): H_mag=0.0145, skipping
[EQ_HEADER][WARNING] Weak channel at SC-2 (idx=22): H_mag=0.0147, skipping
[EQ_HEADER][WARNING] Weak channel at SC-1 (idx=23): H_mag=0.0148, skipping
[EQ_HEADER][WARNING] Weak channel at SC1 (idx=24): H_mag=0.0146, skipping
[EQ_HEADER][WARNING] Weak channel at SC2 (idx=25): H_mag=0.0106, skipping
[EQ_HEADER][WARNING] Weak channel at SC3 (idx=26): H_mag=0.0106, skipping
[EQ_HEADER][WARNING] Weak channel at SC4 (idx=27): H_mag=0.0147, skipping
[EQ_HEADER][WARNING] Weak channel at SC5 (idx=28): H_mag=0.0149, skipping
[EQ_HEADER][WARNING] Weak channel at SC9 (idx=31): H_mag=0.0149, skipping
[EQ_HEADER][WARNING] Weak channel at SC12 (idx=34): H_mag=0.0146, skipping
[EQ_HEADER][WARNING] Weak channel at SC20 (idx=42): H_mag=0.0225, skipping
[EQ_HEADER][WARNING] Weak channel at SC23 (idx=44): H_mag=0.0326, skipping
[EQ_HEADER][WARNING] Weak channel at SC24 (idx=45): H_mag=0.0367, skipping
[EQ_HEADER][WARNING] Weak channel at SC25 (idx=46): H_mag=0.0428, skipping
[EQ_HEADER][WARNING] Weak channel at SC26 (idx=47): H_mag=0.0509, skipping
[EQ_HEADER] Zero-magnitude H subcarriers: 0/48
[EQ_HEADER] Average RX magnitude: 7.4898
[EQ_HEADER] Average EQ magnitude: 0.4284
[EQ_HEADER] First 10 bits: 0010011101
[EQ_HEADER][SC0] rx=-2.898+-0.126i, eq=-0.134+-0.301i, bit=0
[EQ_HEADER][SC1] rx=-11.131+-0.383i, eq=-0.524+-1.147i, bit=0
[EQ_HEADER][SC2] rx=8.713+0.263i, eq=0.413+0.887i, bit=1
[EQ_HEADER][SC3] rx=-4.354+-0.156i, eq=-0.204+-0.445i, bit=0
[EQ_HEADER][SC4] rx=-14.139+-0.471i, eq=-0.666+-1.453i, bit=0
[PARSE_HT_SIG] CRC: received=0x00, calculated=0x47
[PARSE_HT_SIG] CRC mismatch
[EQ][HT-SIG][DEBUG] L-SIG bits (48): 000000001111100100000000111001100000000000100110
[EQ][HT-SIG][DEBUG] HT-SIG0 bits (48): 000111111101000000110111100110110111111101100101
[EQ][HT-SIG][DEBUG] HT-SIG1 bits (48): 110010011100010011000000011110111101101001111010
[EQ][HT-SIG] parse failed: lsig=3 htsig=4/5
[EQ][WHILE_LOOP] iter consumed=6, d_sym_idx=6
[EQ][FLOW] abs=6 wifi_start=0 in_frame=1 sym_idx=6 consumed=6 produced=0
[EQ][PRE_EXTRACT] d_sym_idx=6, in_frame=1
[EXTRACT_CALL] sym_idx=6, type=OTHER
[EXTRACT] called, first 5 subcarriers:
  i=0, sc=-26, bin=6, val=0.370+1.673i
  i=1, sc=-25, bin=7, val=8.018+2.569i
  i=2, sc=-24, bin=8, val=-12.581+0.107i
  i=3, sc=-23, bin=9, val=-1.409+1.432i
  i=4, sc=-22, bin=10, val=1.726+1.801i
[EQ][IDX_CHECK] d_sym_idx=6, condition=1
[EQ][VALID_SET] d_sym_idx=6, valid=1
[EQ][SYM_IDX] sym_idx=6, type=UNKNOWN
[EQ][POST_EQUALIZE] d_sym_idx=6
[EQ][RAW_BITS] sym_idx=6 bits52=0011001101111000011110111000011011111001011101010100
[EQ][STDERR_DIRECT] Entering direct mixed-mode header detection
[EQ][DIRECT_PATH] Entering direct mixed-mode header detection
[EQ][STDERR_BEFORE_GATE] Reached before gate check
[EQ][BEFORE_GATE] Reached before gate check
[EQ][GATE] sym=6 want_htsig1=5 valid={lltf0=1 lltf1=1 lsig=1 htsig0=1 htsig1=1} have_ht=0
[EQ][TEST_INSERT] Added new debug output
[EQ][DEBUG_TEST] ======== DEBUG ENTRY ========
[EQ][DEBUG] Checking HT-SIG parse condition: d_sym_idx=6, kHtSig1Rel=5, d_have_ht_header=0
[EQ][DEBUG] valid flags: lltf0=1, lltf1=1, lsig=1, htsig0=1, htsig1=1
[EQ][WHILE_LOOP] iter consumed=7, d_sym_idx=7
[EQ][GATE_DETAIL] d_sym_idx=6, kHtSig1Rel=5, d_have_ht_header=0
[EQ][GATE_DETAIL] valid flags: lltf0=1 lltf1=1 lsig=1 htsig0=1 htsig1=1
[EQ][FLOW] abs=7 wifi_start=0 in_frame=1 sym_idx=7 consumed=7 produced=0
[EQ][PRE_EXTRACT] d_sym_idx=7, in_frame=1
[EXTRACT_CALL] sym_idx=7, type=OTHER
[EXTRACT] called, first 5 subcarriers:
  i=0, sc=-26, bin=6, val=-7.310+-1.565i
  i=1, sc=-25, bin=7, val=11.030+2.254i
  i=2, sc=-24, bin=8, val=-5.434+-1.159i
  i=3, sc=-23, bin=9, val=13.560+2.790i
  i=4, sc=-22, bin=10, val=2.041+0.402i
[EQ][IDX_CHECK] d_sym_idx=7, condition=1
[EQ][VALID_SET] d_sym_idx=7, valid=1
[EQ][SYM_IDX] sym_idx=7, type=UNKNOWN
[EQ][POST_EQUALIZE] d_sym_idx=7
[EQ][RAW_BITS] sym_idx=7 bits52=1101011000101010101010110110101010100001001101011111
[EQ][STDERR_DIRECT] Entering direct mixed-mode header detection
[EQ][DIRECT_PATH] Entering direct mixed-mode header detection
[EQ][STDERR_BEFORE_GATE] Reached before gate check
[EQ][BEFORE_GATE] Reached before gate check
[EQ][TEST_INSERT] Added new debug output
[EQ][DEBUG_TEST] ======== DEBUG ENTRY ========
[EQ][DEBUG] Checking HT-SIG parse condition: d_sym_idx=7, kHtSig1Rel=5, d_have_ht_header=0
[EQ][DEBUG] valid flags: lltf0=1, lltf1=1, lsig=1, htsig0=1, htsig1=1
[EQ][WHILE_LOOP] iter consumed=8, d_sym_idx=8
[EQ][GATE_DETAIL] d_sym_idx=7, kHtSig1Rel=5, d_have_ht_header=0
[EQ][GATE_DETAIL] valid flags: lltf0=1 lltf1=1 lsig=1 htsig0=1 htsig1=1
[EQ][FLOW] abs=8 wifi_start=0 in_frame=1 sym_idx=8 consumed=8 produced=0
[EQ][PRE_EXTRACT] d_sym_idx=8, in_frame=1
[EQ][POST_EQUALIZE] d_sym_idx=8
[EQ][STDERR_DIRECT] Entering direct mixed-mode header detection
[EQ][IDX_CHECK] d_sym_idx=8, condition=0
[EQ][DIRECT_PATH] Entering direct mixed-mode header detection
[EQ][STDERR_BEFORE_GATE] Reached before gate check
[EQ][BEFORE_GATE] Reached before gate check
[EQ][TEST_INSERT] Added new debug output
[EQ][DEBUG_TEST] ======== DEBUG ENTRY ========
[EQ][DEBUG] Checking HT-SIG parse condition: d_sym_idx=8, kHtSig1Rel=5, d_have_ht_header=0
[EQ][DEBUG] valid flags: lltf0=1, lltf1=1, lsig=1, htsig0=1, htsig1=1
[EQ][WHILE_LOOP] iter consumed=9, d_sym_idx=9
[EQ][GATE_DETAIL] d_sym_idx=8, kHtSig1Rel=5, d_have_ht_header=0
[EQ][GATE_DETAIL] valid flags: lltf0=1 lltf1=1 lsig=1 htsig0=1 htsig1=1
[EQ][FLOW] abs=9 wifi_start=0 in_frame=1 sym_idx=9 consumed=9 produced=0
[EQ][PRE_EXTRACT] d_sym_idx=9, in_frame=1
[EQ][POST_EQUALIZE] d_sym_idx=9
[EQ][STDERR_DIRECT] Entering direct mixed-mode header detection
[EQ][IDX_CHECK] d_sym_idx=9, condition=0
[EQ][DIRECT_PATH] Entering direct mixed-mode header detection
[EQ][STDERR_BEFORE_GATE] Reached before gate check
[EQ][BEFORE_GATE] Reached before gate check
[EQ][TEST_INSERT] Added new debug output
[EQ][DEBUG_TEST] ======== DEBUG ENTRY ========
[EQ][DEBUG] Checking HT-SIG parse condition: d_sym_idx=9, kHtSig1Rel=5, d_have_ht_header=0
[EQ][DEBUG] valid flags: lltf0=1, lltf1=1, lsig=1, htsig0=1, htsig1=1
[EQ][WHILE_LOOP] iter consumed=10, d_sym_idx=10
[EQ][GATE_DETAIL] d_sym_idx=9, kHtSig1Rel=5, d_have_ht_header=0
[EQ][GATE_DETAIL] valid flags: lltf0=1 lltf1=1 lsig=1 htsig0=1 htsig1=1
[EQ][FLOW] abs=10 wifi_start=0 in_frame=1 sym_idx=10 consumed=10 produced=0
[EQ][PRE_EXTRACT] d_sym_idx=10, in_frame=1
[EQ][POST_EQUALIZE] d_sym_idx=10
[EQ][STDERR_DIRECT] Entering direct mixed-mode header detection
[EQ][IDX_CHECK] d_sym_idx=10, condition=0
[EQ][DIRECT_PATH] Entering direct mixed-mode header detection
[EQ][STDERR_BEFORE_GATE] Reached before gate check
[EQ][BEFORE_GATE] Reached before gate check
[EQ][TEST_INSERT] Added new debug output
[EQ][DEBUG_TEST] ======== DEBUG ENTRY ========
[EQ][DEBUG] Checking HT-SIG parse condition: d_sym_idx=10, kHtSig1Rel=5, d_have_ht_header=0
[EQ][DEBUG] valid flags: lltf0=1, lltf1=1, lsig=1, htsig0=1, htsig1=1
[EQ][WHILE_LOOP] iter consumed=11, d_sym_idx=11
[EQ][GATE_DETAIL] d_sym_idx=10, kHtSig1Rel=5, d_have_ht_header=0
[EQ][GATE_DETAIL] valid flags: lltf0=1 lltf1=1 lsig=1 htsig0=1 htsig1=1
[EQ][FLOW] abs=11 wifi_start=0 in_frame=1 sym_idx=11 consumed=11 produced=0
[EQ][PRE_EXTRACT] d_sym_idx=11, in_frame=1
[EQ][POST_EQUALIZE] d_sym_idx=11
[EQ][STDERR_DIRECT] Entering direct mixed-mode header detection
[EQ][IDX_CHECK] d_sym_idx=11, condition=0
[EQ][DIRECT_PATH] Entering direct mixed-mode header detection
[EQ][STDERR_BEFORE_GATE] Reached before gate check
[EQ][BEFORE_GATE] Reached before gate check
[EQ][TEST_INSERT] Added new debug output
[EQ][DEBUG_TEST] ======== DEBUG ENTRY ========
[EQ][DEBUG] Checking HT-SIG parse condition: d_sym_idx=11, kHtSig1Rel=5, d_have_ht_header=0
[EQ][DEBUG] valid flags: lltf0=1, lltf1=1, lsig=1, htsig0=1, htsig1=1
[EQ][WHILE_LOOP] iter consumed=12, d_sym_idx=12
[EQ][PRE_EXTRACT] d_sym_idx=12, in_frame=1
[EQ][POST_EQUALIZE] d_sym_idx=12
[EQ][STDERR_DIRECT] Entering direct mixed-mode header detection
[EQ][GATE_DETAIL] d_sym_idx=11, kHtSig1Rel=5, d_have_ht_header=0
[EQ][GATE_DETAIL] valid flags: lltf0=1 lltf1=1 lsig=1 htsig0=1 htsig1=1
[EQ][IDX_CHECK] d_sym_idx=12, condition=0
[EQ][DIRECT_PATH] Entering direct mixed-mode header detection
[EQ][STDERR_BEFORE_GATE] Reached before gate check
[EQ][BEFORE_GATE] Reached before gate check
[EQ][TEST_INSERT] Added new debug output
[EQ][DEBUG_TEST] ======== DEBUG ENTRY ========
[EQ][DEBUG] Checking HT-SIG parse condition: d_sym_idx=12, kHtSig1Rel=5, d_have_ht_header=0
[EQ][DEBUG] valid flags: lltf0=1, lltf1=1, lsig=1, htsig0=1, htsig1=1
[EQ][WHILE_LOOP] iter consumed=13, d_sym_idx=13
[EQ][PRE_EXTRACT] d_sym_idx=13, in_frame=1
[EQ][POST_EQUALIZE] d_sym_idx=13
[EQ][STDERR_DIRECT] Entering direct mixed-mode header detection
[EQ][GATE_DETAIL] d_sym_idx=12, kHtSig1Rel=5, d_have_ht_header=0
[EQ][GATE_DETAIL] valid flags: lltf0=1 lltf1=1 lsig=1 htsig0=1 htsig1=1
[EQ][IDX_CHECK] d_sym_idx=13, condition=0
[EQ][DIRECT_PATH] Entering direct mixed-mode header detection
[EQ][STDERR_BEFORE_GATE] Reached before gate check
[EQ][BEFORE_GATE] Reached before gate check
[EQ][TEST_INSERT] Added new debug output
[EQ][DEBUG_TEST] ======== DEBUG ENTRY ========
[EQ][DEBUG] Checking HT-SIG parse condition: d_sym_idx=13, kHtSig1Rel=5, d_have_ht_header=0
[EQ][DEBUG] valid flags: lltf0=1, lltf1=1, lsig=1, htsig0=1, htsig1=1
[EQ][WHILE_LOOP] iter consumed=14, d_sym_idx=14
[EQ][PRE_EXTRACT] d_sym_idx=14, in_frame=1
[EQ][POST_EQUALIZE] d_sym_idx=14
[EQ][STDERR_DIRECT] Entering direct mixed-mode header detection
[EQ][GATE_DETAIL] d_sym_idx=13, kHtSig1Rel=5, d_have_ht_header=0
[EQ][GATE_DETAIL] valid flags: lltf0=1 lltf1=1 lsig=1 htsig0=1 htsig1=1
[EQ][IDX_CHECK] d_sym_idx=14, condition=0
[EQ][DIRECT_PATH] Entering direct mixed-mode header detection
[EQ][STDERR_BEFORE_GATE] Reached before gate check
[EQ][BEFORE_GATE] Reached before gate check
[EQ][TEST_INSERT] Added new debug output
[EQ][DEBUG_TEST] ======== DEBUG ENTRY ========
[EQ][DEBUG] Checking HT-SIG parse condition: d_sym_idx=14, kHtSig1Rel=5, d_have_ht_header=0
[EQ][DEBUG] valid flags: lltf0=1, lltf1=1, lsig=1, htsig0=1, htsig1=1
[EQ][GATE_DETAIL] d_sym_idx=14, kHtSig1Rel=5, d_have_ht_header=0
[EQ][GATE_DETAIL] valid flags: lltf0=1 lltf1=1 lsig=1 htsig0=1 htsig1=1
[MAPPER] handle_msg called
message_debug :info: The `print_pdu` port is deprecated and will be removed; forwarding to `print`.
[MAPPER] meta=((encoding . 0) (crc_included . #t))
[MAPPER] meta fields: mcs=0 len=-1 psdu_len=-1
[MAPPER] using MCS=0
***** VERBOSE PDU DEBUG PRINT ******
((encoding . 0) (crc_included . #t))
[MAPPER] HT mode enabled, effective MCS: 0
pdu length =         38 bytes
pdu vector contents = 
0000: 08 00 00 00 42 42 42 42 42 42 23 23 23 23 23 23 
0010: ff ff ff ff ff ff 10 00 78 78 78 78 78 78 78 78 
0020: 78 78 93 6f 69 c1 
************************************
[TX][HTDATA0][PUNCTURED] bits52=0000110111001000111101001101011100000111001001001111
[TX][HTDATA0][INTERLEAVED] bits52=0001001000000111111011100101100011001001000101111111
[TX][HTDATA0] bits52=0001001000000111111011100101100011001001000101111111
[TX][PUNCTURED-ALL] nbits=676 first64=0000110111001000111101001101011100000111001001001111100100101000 last64=1011111100010011010011101101111011000000001101001011010000011101
[TX][INTERLEAVED-ALL] nbits=676 first64=0001001000000111111011100101100011001001000101111111100000010011 last64=1110101001010101000011011100011011100000011011011001101100001011
[TX][HTDATA0][PUNCTURED] keep existing first-frame reference /tmp/wifi_tx_punctured0_bits52.txt
[TX][HTDATA0][INTERLEAVED] keep existing first-frame reference /tmp/wifi_tx_interleaved0_bits52.txt
[TX][HTDATA0] keep existing first-frame reference /tmp/wifi_tx_data0_bits52.txt
[TX][PUNCTURED-ALL] keep existing first-frame reference /tmp/wifi_tx_punctured_all_bits.txt
[TX][INTERLEAVED-ALL] keep existing first-frame reference /tmp/wifi_tx_interleaved_all_bits.txt
[TX][PUNCTURED-ALL] updated /tmp/wifi_tx_punctured_all_bits.last.txt
[TX][INTERLEAVED-ALL] updated /tmp/wifi_tx_interleaved_all_bits.last.txt
[MAPPER] frame: ht_mode=1 psdu=38 n_sym=13 n_data_bits=338 n_encoded_bits=676 data_carriers=52 out_symbols=676
[HT-HEADER] general_work called ninput=676 noutput=32688
[TX][LSIG] raw24=110100110010000000000000
[TX][LSIG] enc48=110110001010100111001100100011011100000000000000
[TX][LSIG] intl48=110011011001000011010100011000000010011001100000
[TX][HTSIG] fields: mcs=0 len=38 bw40=0 agg=0 sgi=0 stbc=0 adv=0 nltf=0 crc=0x0d
[TX][HTSIG] raw48=000000000110010000000000000000000010110000000000
[TX][HTSIG] enc96=000000000000000000110110111100100011011100000000000000000000000000001110111001101110101100000000
[TX][HTSIG] intl96=000000111110010000000011100110000000000010011000000000011011110000000001100100000000001011101000
[TX][HTHDR][OUTBUF] lsig48=110011011001000011010100011000000010011001100000
[TX][HTHDR][OUTBUF] htsig1_48=000000111110010000000011100110000000000010011000
[TX][HTHDR][OUTBUF] htsig2_48=000000011011110000000001100100000000001011101000
[SYNC-SHORT] general_work called: noutput=16 ninput=2288 threshold=0.010 state=1
SHORT copied 16
[SYNC-LONG] general_work: ninput[0]=16 ninput[1]=336 noutput=16 state=1
LONG ninput[0] 16   ninput[1] 336  noutput 16   state 1
produced : 16 consumed: 16
[SYNC-SHORT] general_work called: noutput=2048 ninput=2272 threshold=0.010 state=1
sync_short :info: frame start at in: 2261 out: 2788
SHORT Frame!
SHORT copied 532
[SYNC-SHORT] general_work called: noutput=1024 ninput=1740 threshold=0.010 state=1
[SYNC-LONG] general_work: ninput[0]=532 ninput[1]=320 noutput=256 state=1
LONG ninput[0] 532   ninput[1] 320  noutput 256   state 1
sync_short :info: frame start at in: 2742 out: 3269
SHORT Frame!
SHORT copied 481
[SYNC-SHORT] general_work called: noutput=1024 ninput=1259 threshold=0.010 state=1
produced : 256 consumed: 320
[SYNC-LONG] general_work: ninput[0]=693 ninput[1]=1013 noutput=512 state=1
LONG ninput[0] 693   ninput[1] 1013  noutput 512   state 1
sync_short :info: frame start at in: 3223 out: 3750
SHORT Frame!
SHORT copied 481
[SYNC-SHORT] general_work called: noutput=512 ninput=778 threshold=0.010 state=1
produced : 164 consumed: 212
[SYNC-LONG] general_work: ninput[0]=962 ninput[1]=801 noutput=512 state=1
LONG ninput[0] 962   ninput[1] 801  noutput 512   state 1
sync_short :info: frame start at in: 3704 out: 4231
SHORT Frame!
[SYNC-LONG] Received wifi_start tag: freq_offset=-0.029 offset=2261 nread=2261
SHORT copied 481
[SYNC-SHORT] general_work called: noutput=256 ninput=297 threshold=0.010 state=1
LONG: ignore retrigger tag during COPY nread=2261 d_count=1415 guard=3072 tag_offset=2261
SHORT copied 256
[SYNC-SHORT] general_work called: noutput=16 ninput=41 threshold=0.010 state=1
SHORT copied 16
[SYNC-SHORT] general_work called: noutput=8 ninput=25 threshold=0.010 state=1
SHORT copied 8
[SYNC-SHORT] general_work called: noutput=1 ninput=17 threshold=0.010 state=1
SHORT copied 1
produced : 512 consumed: 640
[SYNC-LONG] general_work: ninput[0]=1084 ninput[1]=1403 noutput=1024 state=1
LONG ninput[0] 1084   ninput[1] 1403  noutput 1024   state 1
[EQ][ENTER] general_work called nin=7 nout=256
produced : 258 consumed: 322
[EQ][CALL] nin=7 nout=256 in_frame=1 sym_idx=15 freq_offset=5890000000.000000
[EQ][WHILE_ENTER] consumed=0, n_in=7
[EQ][WHILE_LOOP] iter consumed=0, d_sym_idx=15
[EQ][FLOW] abs=15 wifi_start=0 in_frame=1 sym_idx=15 consumed=0 produced=0
[SYNC-LONG] general_work: ninput[0]=762 ninput[1]=1082 noutput=512 state=1
[EQ][PRE_EXTRACT] d_sym_idx=15, in_frame=1
LONG ninput[0] 762   ninput[1] 1082  noutput 512   state 1
[SYNC-LONG] Received wifi_start tag: freq_offset=0.168 offset=3223 nread=3223
LONG: ignore retrigger tag during COPY nread=3223 d_count=2185 guard=3072 tag_offset=3223
[EQ][POST_EQUALIZE] d_sym_idx=15
[EQ][STDERR_DIRECT] Entering direct mixed-mode header detection
[EQ][IDX_CHECK] d_sym_idx=15, condition=0
[EQ][DIRECT_PATH] Entering direct mixed-mode header detection
[EQ][STDERR_BEFORE_GATE] Reached before gate check
[EQ][BEFORE_GATE] Reached before gate check
[EQ][TEST_INSERT] Added new debug output
[EQ][DEBUG_TEST] ======== DEBUG ENTRY ========
[EQ][DEBUG] Checking HT-SIG parse condition: d_sym_idx=15, kHtSig1Rel=5, d_have_ht_header=0
[EQ][DEBUG] valid flags: lltf0=1, lltf1=1, lsig=1, htsig0=1, htsig1=1
[EQ][WHILE_LOOP] iter consumed=1, d_sym_idx=16
[EQ][GATE_DETAIL] d_sym_idx=15, kHtSig1Rel=5, d_have_ht_header=0
[EQ][GATE_DETAIL] valid flags: lltf0=1 lltf1=1 lsig=1 htsig0=1 htsig1=1
[EQ][FLOW] abs=16 wifi_start=0 in_frame=1 sym_idx=16 consumed=1 produced=0
[EQ][PRE_EXTRACT] d_sym_idx=16, in_frame=1
[EQ][POST_EQUALIZE] d_sym_idx=16
[EQ][STDERR_DIRECT] Entering direct mixed-mode header detection
[EQ][IDX_CHECK] d_sym_idx=16, condition=0
[EQ][DIRECT_PATH] Entering direct mixed-mode header detection
[EQ][STDERR_BEFORE_GATE] Reached before gate check
[EQ][BEFORE_GATE] Reached before gate check
[EQ][TEST_INSERT] Added new debug output
[EQ][DEBUG_TEST] ======== DEBUG ENTRY ========
[EQ][DEBUG] Checking HT-SIG parse condition: d_sym_idx=16, kHtSig1Rel=5, d_have_ht_header=0
[EQ][DEBUG] valid flags: lltf0=1, lltf1=1, lsig=1, htsig0=1, htsig1=1
[EQ][WHILE_LOOP] iter consumed=2, d_sym_idx=17
[EQ][GATE_DETAIL] d_sym_idx=16, kHtSig1Rel=5, d_have_ht_header=0
[EQ][GATE_DETAIL] valid flags: lltf0=1 lltf1=1 lsig=1 htsig0=1 htsig1=1
[EQ][FLOW] abs=17 wifi_start=0 in_frame=1 sym_idx=17 consumed=2 produced=0
[EQ][PRE_EXTRACT] d_sym_idx=17, in_frame=1
[EQ][POST_EQUALIZE] d_sym_idx=17
[EQ][STDERR_DIRECT] Entering direct mixed-mode header detection
[EQ][IDX_CHECK] d_sym_idx=17, condition=0
[EQ][DIRECT_PATH] Entering direct mixed-mode header detection
[EQ][STDERR_BEFORE_GATE] Reached before gate check
produced : [EQ][BEFORE_GATE] Reached before gate check
512[EQ][TEST_INSERT] Added new debug output
[EQ][DEBUG_TEST] ======== DEBUG ENTRY ========
[EQ][DEBUG] Checking HT-SIG parse condition: d_sym_idx=17, kHtSig1Rel=5, d_have_ht_header=0
[EQ][DEBUG] valid flags: lltf0=1, lltf1=1, lsig=1, htsig0=1, htsig1=1
 consumed: [EQ][WHILE_LOOP] iter consumed=3, d_sym_idx=18
[EQ][GATE_DETAIL] d_sym_idx=17, kHtSig1Rel=5, d_have_ht_header=0
[EQ][GATE_DETAIL] valid flags: lltf0=1 lltf1=1 lsig=1 htsig0=1 htsig1=1
[EQ][FLOW] abs=18 wifi_start=0 in_frame=1 sym_idx=18 consumed=3 produced=0
[EQ][PRE_EXTRACT] d_sym_idx=18, in_frame=1
[EQ][POST_EQUALIZE] d_sym_idx=18
[EQ][IDX_CHECK] d_sym_idx=18, condition=0
640
[EQ][STDERR_DIRECT] Entering direct mixed-mode header detection
[EQ][DIRECT_PATH] Entering direct mixed-mode header detection
[EQ][STDERR_BEFORE_GATE] Reached before gate check
[EQ][BEFORE_GATE] Reached before gate check
[SYNC-LONG] general_work: ninput[0]=122 ninput[1]=442 noutput=64 state=1
[EQ][TEST_INSERT] Added new debug output
[EQ][DEBUG_TEST] ======== DEBUG ENTRY ========
[EQ][DEBUG] Checking HT-SIG parse condition: d_sym_idx=18, kHtSig1Rel=5, d_have_ht_header=0
[EQ][DEBUG] valid flags: lltf0=1, lltf1=1, lsig=1, htsig0=1, htsig1=1
[EQ][WHILE_LOOP] iter consumed=4, d_sym_idx=19
[EQ][GATE_DETAIL] d_sym_idx=18, kHtSig1Rel=5, d_have_ht_header=0
[EQ][GATE_DETAIL] valid flags: lltf0=1 lltf1=1 lsig=1 htsig0=1 htsig1=1
[EQ][FLOW] abs=19 wifi_start=0 in_frame=1 sym_idx=19 consumed=4 produced=0
[EQ][PRE_EXTRACT] d_sym_idx=19, in_frame=1
[EQ][POST_EQUALIZE] d_sym_idx=19
[EQ][IDX_CHECK] d_sym_idx=19, condition=0
LONG ninput[0] 122   ninput[1] 442  noutput 64   state 1
[EQ][STDERR_DIRECT] Entering direct mixed-mode header detection
[EQ][DIRECT_PATH] Entering direct mixed-mode header detection
[EQ][STDERR_BEFORE_GATE] Reached before gate check
produced : 64[EQ][BEFORE_GATE] Reached before gate check
 consumed: [EQ][TEST_INSERT] Added new debug output
[EQ][DEBUG_TEST] ======== DEBUG ENTRY ========
[EQ][DEBUG] Checking HT-SIG parse condition: d_sym_idx=19, kHtSig1Rel=5, d_have_ht_header=0
[EQ][DEBUG] valid flags: lltf0=1, lltf1=1, lsig=1, htsig0=1, htsig1=1
[EQ][WHILE_LOOP] iter consumed=5, d_sym_idx=20
[EQ][GATE_DETAIL] d_sym_idx=19, kHtSig1Rel=5, d_have_ht_header=0
[EQ][GATE_DETAIL] valid flags: lltf0=1 lltf1=1 lsig=1 htsig0=1 htsig1=1
[EQ][FLOW] abs=20 wifi_start=0 in_frame=1 sym_idx=20 consumed=5 produced=0
[EQ][PRE_EXTRACT] d_sym_idx=20, in_frame=1
80[EQ][IDX_CHECK] d_sym_idx=20, condition=0

[EQ][POST_EQUALIZE] d_sym_idx=20
[EQ][STDERR_DIRECT] Entering direct mixed-mode header detection
[EQ][DIRECT_PATH] Entering direct mixed-mode header detection
[EQ][STDERR_BEFORE_GATE] Reached before gate check
[EQ][BEFORE_GATE] Reached before gate check
[SYNC-LONG] general_work: ninput[0]=42 ninput[1]=362 noutput=32 state=1
[EQ][TEST_INSERT] Added new debug output
[EQ][DEBUG_TEST] ======== DEBUG ENTRY ========
[EQ][DEBUG] Checking HT-SIG parse condition: d_sym_idx=20, kHtSig1Rel=5, d_have_ht_header=0
[EQ][DEBUG] valid flags: lltf0=1, lltf1=1, lsig=1, htsig0=1, htsig1=1
[EQ][WHILE_LOOP] iter consumed=6, d_sym_idx=21
[EQ][GATE_DETAIL] d_sym_idx=20, kHtSig1Rel=5, d_have_ht_header=0
[EQ][GATE_DETAIL] valid flags: lltf0=1 lltf1=1 lsig=1 htsig0=1 htsig1=1
[EQ][FLOW] abs=21 wifi_start=0 in_frame=1 sym_idx=21 consumed=6 produced=0
[EQ][PRE_EXTRACT] d_sym_idx=21, in_frame=1
LONG ninput[0] [EQ][IDX_CHECK] d_sym_idx=21, condition=0
42   ninput[1] 362  noutput 32   state 1
[EQ][POST_EQUALIZE] d_sym_idx=21
[EQ][STDERR_DIRECT] Entering direct mixed-mode header detection
produced : 32 consumed: 32
[SYNC-LONG] general_work: ninput[0]=10 ninput[1]=330 noutput=8 state=1
[EQ][DIRECT_PATH] Entering direct mixed-mode header detection
LONG ninput[0] [EQ][STDERR_BEFORE_GATE] Reached before gate check
[EQ][BEFORE_GATE] Reached before gate check
[EQ][TEST_INSERT] Added new debug output
[EQ][DEBUG_TEST] ======== DEBUG ENTRY ========
[EQ][DEBUG] Checking HT-SIG parse condition: d_sym_idx=21, kHtSig1Rel=5, d_have_ht_header=0
[EQ][DEBUG] valid flags: lltf0=1, lltf1=1, lsig=1, htsig0=1, htsig1=1
[EQ][GATE_DETAIL] d_sym_idx=21, kHtSig1Rel=5, d_have_ht_header=0
[EQ][GATE_DETAIL] valid flags: lltf0=1 lltf1=1 lsig=1 htsig0=1 htsig1=1
10   ninput[1] 330  noutput 8   state 1
[EQ][ENTER] general_work called nin=21 nout=1024
produced : 8 consumed: 8
[EQ][CALL] nin=21 nout=1024 in_frame=1 sym_idx=22 freq_offset=5890000000.000000
[EQ][WHILE_ENTER] consumed=0, n_in=21
[EQ][WHILE_LOOP] iter consumed=0, d_sym_idx=22
[EQ][FLOW] abs=22 wifi_start=0 in_frame=1 sym_idx=22 consumed=0 produced=0
[SYNC-LONG] general_work: ninput[0]=2 ninput[1]=322 noutput=2 state=1
LONG ninput[0] 2   ninput[1] 322  noutput 2   state 1
produced : 2 consumed: 2
[EQ][PRE_EXTRACT] d_sym_idx=22, in_frame=1
[EQ][POST_EQUALIZE] d_sym_idx=22
[EQ][STDERR_DIRECT] Entering direct mixed-mode header detection
[EQ][IDX_CHECK] d_sym_idx=22, condition=0
[EQ][DIRECT_PATH] Entering direct mixed-mode header detection
[EQ][STDERR_BEFORE_GATE] Reached before gate check
[EQ][BEFORE_GATE] Reached before gate check
[EQ][TEST_INSERT] Added new debug output
[EQ][DEBUG_TEST] ======== DEBUG ENTRY ========
[EQ][DEBUG] Checking HT-SIG parse condition: d_sym_idx=22, kHtSig1Rel=5, d_have_ht_header=0
[EQ][DEBUG] valid flags: lltf0=1, lltf1=1, lsig=1, htsig0=1, htsig1=1
[EQ][WHILE_LOOP] iter consumed=1, d_sym_idx=23
[EQ][GATE_DETAIL] d_sym_idx=22, kHtSig1Rel=5, d_have_ht_header=0
[EQ][GATE_DETAIL] valid flags: lltf0=1 lltf1=1 lsig=1 htsig0=1 htsig1=1
[EQ][FLOW] abs=23 wifi_start=0 in_frame=1 sym_idx=23 consumed=1 produced=0
[EQ][PRE_EXTRACT] d_sym_idx=23, in_frame=1
[EQ][POST_EQUALIZE] d_sym_idx=23
[EQ][STDERR_DIRECT] Entering direct mixed-mode header detection
[EQ][IDX_CHECK] d_sym_idx=23, condition=0
[EQ][DIRECT_PATH] Entering direct mixed-mode header detection
[EQ][STDERR_BEFORE_GATE] Reached before gate check
[EQ][BEFORE_GATE] Reached before gate check
[EQ][TEST_INSERT] Added new debug output
[EQ][DEBUG_TEST] ======== DEBUG ENTRY ========
[EQ][DEBUG] Checking HT-SIG parse condition: d_sym_idx=23, kHtSig1Rel=5, d_have_ht_header=0
[EQ][DEBUG] valid flags: lltf0=1, lltf1=1, lsig=1, htsig0=1, htsig1=1
[EQ][WHILE_LOOP] iter consumed=2, d_sym_idx=24
[EQ][GATE_DETAIL] d_sym_idx=23, kHtSig1Rel=5, d_have_ht_header=0
[EQ][GATE_DETAIL] valid flags: lltf0=1 lltf1=1 lsig=1 htsig0=1 htsig1=1
[EQ][FLOW] abs=24 wifi_start=0 in_frame=1 sym_idx=24 consumed=2 produced=0
[EQ][PRE_EXTRACT] d_sym_idx=24, in_frame=1
[EQ][POST_EQUALIZE] d_sym_idx=24
[EQ][STDERR_DIRECT] Entering direct mixed-mode header detection
[EQ][IDX_CHECK] d_sym_idx=24, condition=0
[EQ][DIRECT_PATH] Entering direct mixed-mode header detection
[EQ][STDERR_BEFORE_GATE] Reached before gate check
[EQ][BEFORE_GATE] Reached before gate check
[EQ][TEST_INSERT] Added new debug output
[EQ][DEBUG_TEST] ======== DEBUG ENTRY ========
[EQ][DEBUG] Checking HT-SIG parse condition: d_sym_idx=24, kHtSig1Rel=5, d_have_ht_header=0
[EQ][DEBUG] valid flags: lltf0=1, lltf1=1, lsig=1, htsig0=1, htsig1=1
[EQ][WHILE_LOOP] iter consumed=3, d_sym_idx=25
[EQ][GATE_DETAIL] d_sym_idx=24, kHtSig1Rel=5, d_have_ht_header=0
[EQ][GATE_DETAIL] valid flags: lltf0=1 lltf1=1 lsig=1 htsig0=1 htsig1=1
[EQ][FLOW] abs=25 wifi_start=0 in_frame=1 sym_idx=25 consumed=3 produced=0
[EQ][PRE_EXTRACT] d_sym_idx=25, in_frame=1
[EQ][POST_EQUALIZE] d_sym_idx=25
[EQ][STDERR_DIRECT] Entering direct mixed-mode header detection
[EQ][IDX_CHECK] d_sym_idx=25, condition=0
[EQ][DIRECT_PATH] Entering direct mixed-mode header detection
[EQ][STDERR_BEFORE_GATE] Reached before gate check
[EQ][BEFORE_GATE] Reached before gate check
[EQ][TEST_INSERT] Added new debug output
[EQ][DEBUG_TEST] ======== DEBUG ENTRY ========
[EQ][DEBUG] Checking HT-SIG parse condition: d_sym_idx=25, kHtSig1Rel=5, d_have_ht_header=0
[EQ][DEBUG] valid flags: lltf0=1, lltf1=1, lsig=1, htsig0=1, htsig1=1
[EQ][WHILE_LOOP] iter consumed=4, d_sym_idx=26
[EQ][GATE_DETAIL] d_sym_idx=25, kHtSig1Rel=5, d_have_ht_header=0
[EQ][GATE_DETAIL] valid flags: lltf0=1 lltf1=1 lsig=1 htsig0=1 htsig1=1
[EQ][FLOW] abs=26 wifi_start=0 in_frame=1 sym_idx=26 consumed=4 produced=0
[EQ][PRE_EXTRACT] d_sym_idx=26, in_frame=1
[EQ][POST_EQUALIZE] d_sym_idx=26
[EQ][STDERR_DIRECT] Entering direct mixed-mode header detection
[EQ][IDX_CHECK] d_sym_idx=26, condition=0
[EQ][DIRECT_PATH] Entering direct mixed-mode header detection
[EQ][STDERR_BEFORE_GATE] Reached before gate check
[EQ][BEFORE_GATE] Reached before gate check
[EQ][TEST_INSERT] Added new debug output
[EQ][DEBUG_TEST] ======== DEBUG ENTRY ========
[EQ][DEBUG] Checking HT-SIG parse condition: d_sym_idx=26, kHtSig1Rel=5, d_have_ht_header=0
[EQ][DEBUG] valid flags: lltf0=1, lltf1=1, lsig=1, htsig0=1, htsig1=1
[EQ][WHILE_LOOP] iter consumed=5, d_sym_idx=27
[EQ][GATE_DETAIL] d_sym_idx=26, kHtSig1Rel=5, d_have_ht_header=0
[EQ][GATE_DETAIL] valid flags: lltf0=1 lltf1=1 lsig=1 htsig0=1 htsig1=1
[EQ][FLOW] abs=27 wifi_start=0 in_frame=1 sym_idx=27 consumed=5 produced=0
[EQ][PRE_EXTRACT] d_sym_idx=27, in_frame=1
[EQ][POST_EQUALIZE] d_sym_idx=27
[EQ][STDERR_DIRECT] Entering direct mixed-mode header detection
[EQ][IDX_CHECK] d_sym_idx=27, condition=0
[EQ][DIRECT_PATH] Entering direct mixed-mode header detection
[EQ][STDERR_BEFORE_GATE] Reached before gate check
[EQ][BEFORE_GATE] Reached before gate check
[EQ][TEST_INSERT] Added new debug output
[EQ][DEBUG_TEST] ======== DEBUG ENTRY ========
[EQ][DEBUG] Checking HT-SIG parse condition: d_sym_idx=27, kHtSig1Rel=5, d_have_ht_header=0
[EQ][DEBUG] valid flags: lltf0=1, lltf1=1, lsig=1, htsig0=1, htsig1=1
[EQ][WHILE_LOOP] iter consumed=6, d_sym_idx=28
[EQ][GATE_DETAIL] d_sym_idx=27, kHtSig1Rel=5, d_have_ht_header=0
[EQ][GATE_DETAIL] valid flags: lltf0=1 lltf1=1 lsig=1 htsig0=1 htsig1=1
[EQ][FLOW] abs=28 wifi_start=0 in_frame=1 sym_idx=28 consumed=6 produced=0
[EQ][PRE_EXTRACT] d_sym_idx=28, in_frame=1
[EQ][POST_EQUALIZE] d_sym_idx=28
[EQ][STDERR_DIRECT] Entering direct mixed-mode header detection
[EQ][IDX_CHECK] d_sym_idx=28, condition=0
[EQ][DIRECT_PATH] Entering direct mixed-mode header detection
[EQ][STDERR_BEFORE_GATE] Reached before gate check
[EQ][BEFORE_GATE] Reached before gate check
[EQ][TEST_INSERT] Added new debug output
[EQ][DEBUG_TEST] ======== DEBUG ENTRY ========
[EQ][DEBUG] Checking HT-SIG parse condition: d_sym_idx=28, kHtSig1Rel=5, d_have_ht_header=0
[EQ][DEBUG] valid flags: lltf0=1, lltf1=1, lsig=1, htsig0=1, htsig1=1
[EQ][WHILE_LOOP] iter consumed=7, d_sym_idx=29
[EQ][GATE_DETAIL] d_sym_idx=28, kHtSig1Rel=5, d_have_ht_header=0
[EQ][GATE_DETAIL] valid flags: lltf0=1 lltf1=1 lsig=1 htsig0=1 htsig1=1
[EQ][FLOW] abs=29 wifi_start=0 in_frame=1 sym_idx=29 consumed=7 produced=0
[EQ][PRE_EXTRACT] d_sym_idx=29, in_frame=1
[EQ][POST_EQUALIZE] d_sym_idx=29
[EQ][STDERR_DIRECT] Entering direct mixed-mode header detection
[EQ][IDX_CHECK] d_sym_idx=29, condition=0
[EQ][DIRECT_PATH] Entering direct mixed-mode header detection
[EQ][STDERR_BEFORE_GATE] Reached before gate check
[EQ][BEFORE_GATE] Reached before gate check
[EQ][TEST_INSERT] Added new debug output
[EQ][DEBUG_TEST] ======== DEBUG ENTRY ========
[EQ][DEBUG] Checking HT-SIG parse condition: d_sym_idx=29, kHtSig1Rel=5, d_have_ht_header=0
[EQ][DEBUG] valid flags: lltf0=1, lltf1=1, lsig=1, htsig0=1, htsig1=1
[EQ][WHILE_LOOP] iter consumed=8, d_sym_idx=30
[EQ][GATE_DETAIL] d_sym_idx=29, kHtSig1Rel=5, d_have_ht_header=0
[EQ][GATE_DETAIL] valid flags: lltf0=1 lltf1=1 lsig=1 htsig0=1 htsig1=1
[EQ][FLOW] abs=30 wifi_start=0 in_frame=1 sym_idx=30 consumed=8 produced=0
[EQ][PRE_EXTRACT] d_sym_idx=30, in_frame=1
[EQ][POST_EQUALIZE] d_sym_idx=30
[EQ][STDERR_DIRECT] Entering direct mixed-mode header detection
[EQ][IDX_CHECK] d_sym_idx=30, condition=0
[EQ][DIRECT_PATH] Entering direct mixed-mode header detection
[EQ][STDERR_BEFORE_GATE] Reached before gate check
[EQ][BEFORE_GATE] Reached before gate check
[EQ][TEST_INSERT] Added new debug output
[EQ][DEBUG_TEST] ======== DEBUG ENTRY ========
[EQ][DEBUG] Checking HT-SIG parse condition: d_sym_idx=30, kHtSig1Rel=5, d_have_ht_header=0
[EQ][DEBUG] valid flags: lltf0=1, lltf1=1, lsig=1, htsig0=1, htsig1=1
[EQ][WHILE_LOOP] iter consumed=9, d_sym_idx=31
[EQ][GATE_DETAIL] d_sym_idx=30, kHtSig1Rel=5, d_have_ht_header=0
[EQ][GATE_DETAIL] valid flags: lltf0=1 lltf1=1 lsig=1 htsig0=1 htsig1=1
[EQ][FLOW] abs=31 wifi_start=0 in_frame=1 sym_idx=31 consumed=9 produced=0
[EQ][PRE_EXTRACT] d_sym_idx=31, in_frame=1
[EQ][POST_EQUALIZE] d_sym_idx=31
[EQ][STDERR_DIRECT] Entering direct mixed-mode header detection
[EQ][IDX_CHECK] d_sym_idx=31, condition=0
[EQ][DIRECT_PATH] Entering direct mixed-mode header detection
[EQ][STDERR_BEFORE_GATE] Reached before gate check
[EQ][BEFORE_GATE] Reached before gate check
[EQ][TEST_INSERT] Added new debug output
[EQ][DEBUG_TEST] ======== DEBUG ENTRY ========
[EQ][DEBUG] Checking HT-SIG parse condition: d_sym_idx=31, kHtSig1Rel=5, d_have_ht_header=0
[EQ][DEBUG] valid flags: lltf0=1, lltf1=1, lsig=1, htsig0=1, htsig1=1
[EQ][WHILE_LOOP] iter consumed=10, d_sym_idx=32
[EQ][GATE_DETAIL] d_sym_idx=31, kHtSig1Rel=5, d_have_ht_header=0
[EQ][GATE_DETAIL] valid flags: lltf0=1 lltf1=1 lsig=1 htsig0=1 htsig1=1
[EQ][FLOW] abs=32 wifi_start=0 in_frame=1 sym_idx=32 consumed=10 produced=0
[EQ][PRE_EXTRACT] d_sym_idx=32, in_frame=1
[EQ][POST_EQUALIZE] d_sym_idx=32
[EQ][STDERR_DIRECT] Entering direct mixed-mode header detection
[EQ][IDX_CHECK] d_sym_idx=32, condition=0
[EQ][DIRECT_PATH] Entering direct mixed-mode header detection
[EQ][STDERR_BEFORE_GATE] Reached before gate check
[EQ][BEFORE_GATE] Reached before gate check
[EQ][TEST_INSERT] Added new debug output
[EQ][DEBUG_TEST] ======== DEBUG ENTRY ========
[EQ][DEBUG] Checking HT-SIG parse condition: d_sym_idx=32, kHtSig1Rel=5, d_have_ht_header=0
[EQ][DEBUG] valid flags: lltf0=1, lltf1=1, lsig=1, htsig0=1, htsig1=1
[EQ][WHILE_LOOP] iter consumed=11, d_sym_idx=33
[EQ][GATE_DETAIL] d_sym_idx=32, kHtSig1Rel=5, d_have_ht_header=0
[EQ][GATE_DETAIL] valid flags: lltf0=1 lltf1=1 lsig=1 htsig0=1 htsig1=1
[EQ][FLOW] abs=33 wifi_start=0 in_frame=1 sym_idx=33 consumed=11 produced=0
[EQ][PRE_EXTRACT] d_sym_idx=33, in_frame=1
[EQ][POST_EQUALIZE] d_sym_idx=33
[EQ][STDERR_DIRECT] Entering direct mixed-mode header detection
[EQ][IDX_CHECK] d_sym_idx=33, condition=0
[EQ][DIRECT_PATH] Entering direct mixed-mode header detection
[EQ][STDERR_BEFORE_GATE] Reached before gate check
[EQ][BEFORE_GATE] Reached before gate check
[EQ][TEST_INSERT] Added new debug output
[EQ][DEBUG_TEST] ======== DEBUG ENTRY ========
[EQ][DEBUG] Checking HT-SIG parse condition: d_sym_idx=33, kHtSig1Rel=5, d_have_ht_header=0
[EQ][DEBUG] valid flags: lltf0=1, lltf1=1, lsig=1, htsig0=1, htsig1=1
[EQ][WHILE_LOOP] iter consumed=12, d_sym_idx=34
[EQ][PRE_EXTRACT] d_sym_idx=34, in_frame=1
[EQ][POST_EQUALIZE] d_sym_idx=34
[EQ][STDERR_DIRECT] Entering direct mixed-mode header detection
[EQ][GATE_DETAIL] d_sym_idx=33, kHtSig1Rel=5, d_have_ht_header=0
[EQ][GATE_DETAIL] valid flags: lltf0=1 lltf1=1 lsig=1 htsig0=1 htsig1=1
[EQ][IDX_CHECK] d_sym_idx=34, condition=0
[EQ][DIRECT_PATH] Entering direct mixed-mode header detection
[EQ][STDERR_BEFORE_GATE] Reached before gate check
[EQ][BEFORE_GATE] Reached before gate check
[EQ][TEST_INSERT] Added new debug output
[EQ][DEBUG_TEST] ======== DEBUG ENTRY ========
[EQ][DEBUG] Checking HT-SIG parse condition: d_sym_idx=34, kHtSig1Rel=5, d_have_ht_header=0
[EQ][DEBUG] valid flags: lltf0=1, lltf1=1, lsig=1, htsig0=1, htsig1=1
[EQ][WHILE_LOOP] iter consumed=13, d_sym_idx=35
[EQ][PRE_EXTRACT] d_sym_idx=35, in_frame=1
[EQ][POST_EQUALIZE] d_sym_idx=35
[EQ][STDERR_DIRECT] Entering direct mixed-mode header detection
[EQ][GATE_DETAIL] d_sym_idx=34, kHtSig1Rel=5, d_have_ht_header=0
[EQ][GATE_DETAIL] valid flags: lltf0=1 lltf1=1 lsig=1 htsig0=1 htsig1=1
[EQ][IDX_CHECK] d_sym_idx=35, condition=0
[EQ][DIRECT_PATH] Entering direct mixed-mode header detection
[EQ][STDERR_BEFORE_GATE] Reached before gate check
[EQ][BEFORE_GATE] Reached before gate check
[EQ][TEST_INSERT] Added new debug output
[EQ][DEBUG_TEST] ======== DEBUG ENTRY ========
[EQ][DEBUG] Checking HT-SIG parse condition: d_sym_idx=35, kHtSig1Rel=5, d_have_ht_header=0
[EQ][DEBUG] valid flags: lltf0=1, lltf1=1, lsig=1, htsig0=1, htsig1=1
[EQ][WHILE_LOOP] iter consumed=14, d_sym_idx=36
[EQ][PRE_EXTRACT] d_sym_idx=36, in_frame=1
[EQ][POST_EQUALIZE] d_sym_idx=36
[EQ][STDERR_DIRECT] Entering direct mixed-mode header detection
[EQ][GATE_DETAIL] d_sym_idx=35, kHtSig1Rel=5, d_have_ht_header=0
[EQ][GATE_DETAIL] valid flags: lltf0=1 lltf1=1 lsig=1 htsig0=1 htsig1=1
[EQ][IDX_CHECK] d_sym_idx=36, condition=0
[EQ][DIRECT_PATH] Entering direct mixed-mode header detection
[EQ][STDERR_BEFORE_GATE] Reached before gate check
[EQ][BEFORE_GATE] Reached before gate check
[EQ][TEST_INSERT] Added new debug output
[EQ][DEBUG_TEST] ======== DEBUG ENTRY ========
[EQ][DEBUG] Checking HT-SIG parse condition: d_sym_idx=36, kHtSig1Rel=5, d_have_ht_header=0
[EQ][DEBUG] valid flags: lltf0=1, lltf1=1, lsig=1, htsig0=1, htsig1=1
[EQ][WHILE_LOOP] iter consumed=15, d_sym_idx=37
[EQ][PRE_EXTRACT] d_sym_idx=37, in_frame=1
[EQ][POST_EQUALIZE] d_sym_idx=37
[EQ][STDERR_DIRECT] Entering direct mixed-mode header detection
[EQ][GATE_DETAIL] d_sym_idx=36, kHtSig1Rel=5, d_have_ht_header=0
[EQ][GATE_DETAIL] valid flags: lltf0=1 lltf1=1 lsig=1 htsig0=1 htsig1=1
[EQ][IDX_CHECK] d_sym_idx=37, condition=0
[EQ][DIRECT_PATH] Entering direct mixed-mode header detection
[EQ][STDERR_BEFORE_GATE] Reached before gate check
[EQ][BEFORE_GATE] Reached before gate check
[EQ][TEST_INSERT] Added new debug output
[EQ][DEBUG_TEST] ======== DEBUG ENTRY ========
[EQ][DEBUG] Checking HT-SIG parse condition: d_sym_idx=37, kHtSig1Rel=5, d_have_ht_header=0
[EQ][DEBUG] valid flags: lltf0=1, lltf1=1, lsig=1, htsig0=1, htsig1=1
[EQ][WHILE_LOOP] iter consumed=16, d_sym_idx=38
[EQ][PRE_EXTRACT] d_sym_idx=38, in_frame=1
[EQ][POST_EQUALIZE] d_sym_idx=38
[EQ][STDERR_DIRECT] Entering direct mixed-mode header detection
[EQ][GATE_DETAIL] d_sym_idx=37, kHtSig1Rel=5, d_have_ht_header=0
[EQ][GATE_DETAIL] valid flags: lltf0=1 lltf1=1 lsig=1 htsig0=1 htsig1=1
[EQ][IDX_CHECK] d_sym_idx=38, condition=0
[EQ][DIRECT_PATH] Entering direct mixed-mode header detection
[EQ][STDERR_BEFORE_GATE] Reached before gate check
[EQ][BEFORE_GATE] Reached before gate check
[EQ][TEST_INSERT] Added new debug output
[EQ][DEBUG_TEST] ======== DEBUG ENTRY ========
[EQ][DEBUG] Checking HT-SIG parse condition: d_sym_idx=38, kHtSig1Rel=5, d_have_ht_header=0
[EQ][DEBUG] valid flags: lltf0=1, lltf1=1, lsig=1, htsig0=1, htsig1=1
[EQ][WHILE_LOOP] iter consumed=17, d_sym_idx=39
[EQ][PRE_EXTRACT] d_sym_idx=39, in_frame=1
[EQ][POST_EQUALIZE] d_sym_idx=39
[EQ][STDERR_DIRECT] Entering direct mixed-mode header detection
[EQ][GATE_DETAIL] d_sym_idx=38, kHtSig1Rel=5, d_have_ht_header=0
[EQ][GATE_DETAIL] valid flags: lltf0=1 lltf1=1 lsig=1 htsig0=1 htsig1=1
[EQ][IDX_CHECK] d_sym_idx=39, condition=0
[EQ][DIRECT_PATH] Entering direct mixed-mode header detection
[EQ][STDERR_BEFORE_GATE] Reached before gate check
[EQ][BEFORE_GATE] Reached before gate check
[EQ][TEST_INSERT] Added new debug output
[EQ][DEBUG_TEST] ======== DEBUG ENTRY ========
[EQ][DEBUG] Checking HT-SIG parse condition: d_sym_idx=39, kHtSig1Rel=5, d_have_ht_header=0
[EQ][DEBUG] valid flags: lltf0=1, lltf1=1, lsig=1, htsig0=1, htsig1=1
[EQ][WHILE_LOOP] iter consumed=18, d_sym_idx=40
[EQ][PRE_EXTRACT] d_sym_idx=40, in_frame=1
[EQ][POST_EQUALIZE] d_sym_idx=40
[EQ][STDERR_DIRECT] Entering direct mixed-mode header detection
[EQ][GATE_DETAIL] d_sym_idx=39, kHtSig1Rel=5, d_have_ht_header=0
[EQ][GATE_DETAIL] valid flags: lltf0=1 lltf1=1 lsig=1 htsig0=1 htsig1=1
[EQ][IDX_CHECK] d_sym_idx=40, condition=0
[EQ][DIRECT_PATH] Entering direct mixed-mode header detection
[EQ][STDERR_BEFORE_GATE] Reached before gate check
[EQ][BEFORE_GATE] Reached before gate check
[EQ][TEST_INSERT] Added new debug output
[EQ][DEBUG_TEST] ======== DEBUG ENTRY ========
[EQ][DEBUG] Checking HT-SIG parse condition: d_sym_idx=40, kHtSig1Rel=5, d_have_ht_header=0
[EQ][DEBUG] valid flags: lltf0=1, lltf1=1, lsig=1, htsig0=1, htsig1=1
[EQ][WHILE_LOOP] iter consumed=19, d_sym_idx=41
[EQ][PRE_EXTRACT] d_sym_idx=41, in_frame=1
[EQ][POST_EQUALIZE] d_sym_idx=41
[EQ][STDERR_DIRECT] Entering direct mixed-mode header detection
[EQ][GATE_DETAIL] d_sym_idx=40, kHtSig1Rel=5, d_have_ht_header=0
[EQ][GATE_DETAIL] valid flags: lltf0=1 lltf1=1 lsig=1 htsig0=1 htsig1=1
[EQ][IDX_CHECK] d_sym_idx=41, condition=0
[EQ][DIRECT_PATH] Entering direct mixed-mode header detection
[EQ][STDERR_BEFORE_GATE] Reached before gate check
[EQ][BEFORE_GATE] Reached before gate check
[EQ][TEST_INSERT] Added new debug output
[EQ][DEBUG_TEST] ======== DEBUG ENTRY ========
[EQ][DEBUG] Checking HT-SIG parse condition: d_sym_idx=41, kHtSig1Rel=5, d_have_ht_header=0
[EQ][DEBUG] valid flags: lltf0=1, lltf1=1, lsig=1, htsig0=1, htsig1=1
[EQ][WHILE_LOOP] iter consumed=20, d_sym_idx=42
[EQ][PRE_EXTRACT] d_sym_idx=42, in_frame=1
[EQ][POST_EQUALIZE] d_sym_idx=42
[EQ][STDERR_DIRECT] Entering direct mixed-mode header detection
[EQ][GATE_DETAIL] d_sym_idx=41, kHtSig1Rel=5, d_have_ht_header=0
[EQ][GATE_DETAIL] valid flags: lltf0=1 lltf1=1 lsig=1 htsig0=1 htsig1=1
[EQ][IDX_CHECK] d_sym_idx=42, condition=0
[EQ][DIRECT_PATH] Entering direct mixed-mode header detection
[EQ][STDERR_BEFORE_GATE] Reached before gate check
[EQ][BEFORE_GATE] Reached before gate check
[EQ][TEST_INSERT] Added new debug output
[EQ][DEBUG_TEST] ======== DEBUG ENTRY ========
[EQ][DEBUG] Checking HT-SIG parse condition: d_sym_idx=42, kHtSig1Rel=5, d_have_ht_header=0
[EQ][DEBUG] valid flags: lltf0=1, lltf1=1, lsig=1, htsig0=1, htsig1=1
[EQ][GATE_DETAIL] d_sym_idx=42, kHtSig1Rel=5, d_have_ht_header=0
[EQ][GATE_DETAIL] valid flags: lltf0=1 lltf1=1 lsig=1 htsig0=1 htsig1=1
message_debug :info: The `print_pdu` port is deprecated and will be removed; forwarding to `print`.
[MAPPER] handle_msg called
***** VERBOSE PDU DEBUG PRINT ******
((encoding . 0) (crc_included . #t))
pdu length =         38 bytes
pdu vector contents = 
0000: 08 00 00 00 42 42 42 42 42 42 23 23 23 23 23 23 
0010: ff ff ff ff ff ff 20 00 78 78 78 78 78 78 78 [MAPPER] meta=78 
0020: 78 78 97 59 40 d5 
************************************
((encoding . 0) (crc_included . #t))
[MAPPER] meta fields: mcs=0 len=-1 psdu_len=-1
[MAPPER] using MCS=0
[MAPPER] HT mode enabled, effective MCS: 0
[TX][HTDATA0][PUNCTURED] bits52=0000111010111010110010011110001011000110001100101110
[TX][HTDATA0][INTERLEAVED] bits52=0010010000000101111110001010011110000001110111111110
[TX][HTDATA0] bits52=0010010000000101111110001010011110000001110111111110
[TX][PUNCTURED-ALL] nbits=676 first64=0000111010111010110010011110001011000110001100101110101101100010 last64=0011000000001001101001000011000001111011001110011001100100011010
[TX][INTERLEAVED-ALL] nbits=676 first64=0010010000000101111110001010011110000001110111111110101000101011 last64=0100001001101011011101001000101100101010000001011111011001010000
[TX][HTDATA0][PUNCTURED] keep existing first-frame reference /tmp/wifi_tx_punctured0_bits52.txt
[TX][HTDATA0][INTERLEAVED] keep existing first-frame reference /tmp/wifi_tx_interleaved0_bits52.txt
[TX][HTDATA0] keep existing first-frame reference /tmp/wifi_tx_data0_bits52.txt
[TX][PUNCTURED-ALL] keep existing first-frame reference /tmp/wifi_tx_punctured_all_bits.txt
[TX][INTERLEAVED-ALL] keep existing first-frame reference /tmp/wifi_tx_interleaved_all_bits.txt
[TX][PUNCTURED-ALL] updated /tmp/wifi_tx_punctured_all_bits.last.txt
[TX][INTERLEAVED-ALL] updated /tmp/wifi_tx_interleaved_all_bits.last.txt
[MAPPER] frame: ht_mode=1 psdu=38 n_sym=13 n_data_bits=338 n_encoded_bits=676 data_carriers=52 out_symbols=676
[HT-HEADER] general_work called ninput=676 noutput=32688
[TX][LSIG] raw24=110100110010000000000000
[TX][LSIG] enc48=110110001010100111001100100011011100000000000000
[TX][LSIG] intl48=110011011001000011010100011000000010011001100000
[TX][HTSIG] fields: mcs=0 len=38 bw40=0 agg=0 sgi=0 stbc=0 adv=0 nltf=0 crc=0x0d
[TX][HTSIG] raw48=000000000110010000000000000000000010110000000000
[TX][HTSIG] enc96=000000000000000000110110111100100011011100000000000000000000000000001110111001101110101100000000
[TX][HTSIG] intl96=000000111110010000000011100110000000000010011000000000011011110000000001100100000000001011101000
[TX][HTHDR][OUTBUF] lsig48=110011011001000011010100011000000010011001100000
[TX][HTHDR][OUTBUF] htsig1_48=000000111110010000000011100110000000000010011000
[TX][HTHDR][OUTBUF] htsig2_48=000000011011110000000001100100000000001011101000
[SYNC-SHORT] general_work called: noutput=16 ninput=2256 threshold=0.010 state=1
SHORT copied 16
[SYNC-LONG] general_work: ninput[0]=16 ninput[1]=320 noutput=16 state=1
LONG ninput[0] 16   ninput[1] 320  noutput 16   state 1
produced : 13 consumed: 16
[EQ][ENTER] general_work called nin=1 nout=32
[EQ][CALL] nin=1 nout=32 in_frame=1 sym_idx=43 freq_offset=5890000000.000000
[EQ][WHILE_ENTER] consumed=0, n_in=1
[EQ][WHILE_LOOP] iter consumed=0, d_sym_idx=43
[EQ][FLOW] abs=43 wifi_start=0 in_frame=1 sym_idx=43 consumed=0 produced=0
[EQ][PRE_EXTRACT] d_sym_idx=43, in_frame=1
[EQ][POST_EQUALIZE] d_sym_idx=43
[EQ][STDERR_DIRECT] Entering direct mixed-mode header detection
[EQ][IDX_CHECK] d_sym_idx=43, condition=0
[EQ][DIRECT_PATH] Entering direct mixed-mode header detection
[EQ][STDERR_BEFORE_GATE] Reached before gate check
[EQ][BEFORE_GATE] Reached before gate check
[EQ][TEST_INSERT] Added new debug output
[EQ][DEBUG_TEST] ======== DEBUG ENTRY ========
[EQ][DEBUG] Checking HT-SIG parse condition: d_sym_idx=43, kHtSig1Rel=5, d_have_ht_header=0
[EQ][DEBUG] valid flags: lltf0=1, lltf1=1, lsig=1, htsig0=1, htsig1=1
[SYNC-SHORT] general_work called: noutput=2048 ninput=2240 threshold=0.010 state=1
[EQ][GATE_DETAIL] d_sym_idx=43, kHtSig1Rel=5, d_have_ht_header=0
[EQ][GATE_DETAIL] valid flags: lltf0=1 lltf1=1 lsig=1 htsig0=1 htsig1=1
sync_short :info: frame start at in: 4185 out: 4712
SHORT Frame!
SHORT copied 184
[SYNC-SHORT] general_work called: noutput=1024 ninput=2056 threshold=0.010 state=1
[SYNC-LONG] general_work: ninput[0]=184 ninput[1]=320 noutput=128 state=1
LONG ninput[0] 184   ninput[1] 320  noutput 128   state 1
produced : 128 consumed: 157
[SYNC-LONG] general_work: ninput[0]=27 ninput[1]=347 noutput=16 state=1
LONG ninput[0] 27   ninput[1] 347  noutput 16   state 1
produced : 11 consumed: 27
sync_short :info: frame start at in: 4666 out: 5193
SHORT Frame!
SHORT copied 481
[SYNC-SHORT] general_work called: noutput=1024 ninput=1575 threshold=0.010 state=1
[SYNC-LONG] general_work: ninput[0]=481 ninput[1]=320 noutput=256 state=1
LONG ninput[0] 481   ninput[1] 320  noutput 256   state 1
[SYNC-LONG] Received wifi_start tag: freq_offset=0.067 offset=4185 nread=4185
LONG: ignore retrigger tag during COPY nread=4185 d_count=2955 guard=3072 tag_offset=4185
[EQ][ENTER] general_work called nin=2 nout=64
sync_short :info: frame start at in: 5147 out: 5674
[EQ][CALL] nin=2 nout=64 in_frame=1 sym_idx=44 freq_offset=5890000000.000000
[EQ][WHILE_ENTER] consumed=0, n_in=2
[EQ][WHILE_LOOP] iter consumed=0, d_sym_idx=44
SHORT Frame!
produced : 256 consumed: 320
SHORT copied 481
[SYNC-SHORT] general_work called: noutput=1024 ninput=1094 threshold=0.010 state=1
[SYNC-LONG] general_work: ninput[0]=642 ninput[1]=481 noutput=256 state=1
[EQ][FLOW] abs=44 wifi_start=0 in_frame=1 sym_idx=44 consumed=0 produced=0
LONG ninput[0] [EQ][PRE_EXTRACT] d_sym_idx=44, in_frame=1
[EQ][POST_EQUALIZE] d_sym_idx=44
[EQ][STDERR_DIRECT] Entering direct mixed-mode header detection
[EQ][IDX_CHECK] d_sym_idx=44, condition=0
[EQ][DIRECT_PATH] Entering direct mixed-mode header detection
[EQ][STDERR_BEFORE_GATE] Reached before gate check
[EQ][BEFORE_GATE] Reached before gate check
[EQ][TEST_INSERT] Added new debug output
[EQ][DEBUG_TEST] ======== DEBUG ENTRY ========
[EQ][DEBUG] Checking HT-SIG parse condition: d_sym_idx=44, kHtSig1Rel=5, d_have_ht_header=0
[EQ][DEBUG] valid flags: lltf0=1, lltf1=1, lsig=1, htsig0=1, htsig1=1
642[EQ][WHILE_LOOP] iter consumed=1, d_sym_idx=45
[EQ][GATE_DETAIL] d_sym_idx=44, kHtSig1Rel=5, d_have_ht_header=0
[EQ][GATE_DETAIL] valid flags: lltf0=1 lltf1=1 lsig=1 htsig0=1 htsig1=1
[EQ][FLOW] abs=45 wifi_start=0 in_frame=1 sym_idx=45 consumed=1 produced=0
[EQ][PRE_EXTRACT] d_sym_idx=45, in_frame=1
[EQ][POST_EQUALIZE] d_sym_idx=45
[EQ][STDERR_DIRECT] Entering direct mixed-mode header detection
[EQ][IDX_CHECK] d_sym_idx=45, condition=0
   ninput[1] [EQ][DIRECT_PATH] Entering direct mixed-mode header detection
[EQ][STDERR_BEFORE_GATE] Reached before gate check
481sync_short :info: frame start at in: 5628 out: 6155
[EQ][BEFORE_GATE] Reached before gate check
SHORT Frame!
SHORT copied [EQ][TEST_INSERT] Added new debug output
[EQ][DEBUG_TEST] ======== DEBUG ENTRY ========
[EQ][DEBUG] Checking HT-SIG parse condition: d_sym_idx=45, kHtSig1Rel=5, d_have_ht_header=0
[EQ][DEBUG] valid flags: lltf0=1, lltf1=1, lsig=1, htsig0=1, htsig1=1
[EQ][GATE_DETAIL] d_sym_idx=45, kHtSig1Rel=5, d_have_ht_header=0
[EQ][GATE_DETAIL] valid flags: lltf0=1 lltf1=1 lsig=1 htsig0=1 htsig1=1
  noutput 256   state 1
481produced : 129 consumed: 161

[SYNC-SHORT] general_work called: noutput=512 ninput=613 threshold=0.010 state=1
[SYNC-LONG] general_work: ninput[0]=962 ninput[1]=801 noutput=512 state=1
LONG ninput[0] 962   ninput[1] 801  noutput 512   state 1
[SYNC-LONG] Received wifi_start tag: freq_offset=-0.184 offset=4666 nread=4666
produced : 52 consumed: 0
[EQ][ENTER] general_work called nin=6 nout=256
[EQ][CALL] nin=6 nout=256 in_frame=1 sym_idx=46 freq_offset=5890000000.000000
[EQ][WHILE_ENTER] consumed=0, n_in=6
[EQ][WHILE_LOOP] iter consumed=0, d_sym_idx=46
[EQ][FLOW] abs=46 wifi_start=0 in_frame=1 sym_idx=46 consumed=0 produced=0
[EQ][PRE_EXTRACT] d_sym_idx=46, in_frame=1
sync_short :info: frame start at in: 6109 out: 6636
[SYNC-LONG] general_work: ninput[0]=962 ninput[1]=1282 noutput=4096 state=0
SHORT Frame!
SHORT copied 481
LONG ninput[0] 962   ninput[1] 1282  noutput 4096   state 0
[SYNC-LONG] Received wifi_start tag: freq_offset=-0.184 offset=4666 nread=4666
[EQ][POST_EQUALIZE] d_sym_idx=46
[EQ][STDERR_DIRECT] Entering direct mixed-mode header detection
[EQ][IDX_CHECK] d_sym_idx=46, condition=0
[EQ][DIRECT_PATH] Entering direct mixed-mode header detection
[EQ][STDERR_BEFORE_GATE] Reached before gate check
[EQ][BEFORE_GATE] Reached before gate check
[EQ][TEST_INSERT] Added new debug output
[EQ][DEBUG_TEST] ======== DEBUG ENTRY ========
[EQ][DEBUG] Checking HT-SIG parse condition: d_sym_idx=46, kHtSig1Rel=5, d_have_ht_header=0
[EQ][DEBUG] valid flags: lltf0=1, lltf1=1, lsig=1, htsig0=1, htsig1=1
[EQ][WHILE_LOOP] iter consumed=1, d_sym_idx=47
[EQ][GATE_DETAIL] d_sym_idx=46, kHtSig1Rel=5, d_have_ht_header=0
[EQ][GATE_DETAIL] valid flags: lltf0=1 lltf1=1 lsig=1 htsig0=1 htsig1=1
[EQ][FLOW] abs=47 wifi_start=0 in_frame=1 sym_idx=47 consumed=1 produced=0
[SYNC-SHORT] general_work called: noutput=64 ninput=132 threshold=0.010 state=1
[EQ][PRE_EXTRACT] d_sym_idx=47, in_frame=1
SHORT copied 64
[EQ][IDX_CHECK] d_sym_idx=47, condition=0
[EQ][POST_EQUALIZE] d_sym_idx=47
[EQ][STDERR_DIRECT] Entering direct mixed-mode header detection
[EQ][DIRECT_PATH] Entering direct mixed-mode header detection
[SYNC-SHORT] general_work called: noutput=32 ninput=68 threshold=0.010 state=1
SHORT copied 32
[EQ][STDERR_BEFORE_GATE] Reached before gate check
[EQ][BEFORE_GATE] Reached before gate check
[EQ][TEST_INSERT] Added new debug output
[EQ][DEBUG_TEST] ======== DEBUG ENTRY ========
[EQ][DEBUG] Checking HT-SIG parse condition: d_sym_idx=47, kHtSig1Rel=5, d_have_ht_header=0
[EQ][DEBUG] valid flags: lltf0=1, lltf1=1, lsig=1, htsig0=1, htsig1=1
[EQ][WHILE_LOOP] iter consumed=2, d_sym_idx=48
[EQ][GATE_DETAIL] d_sym_idx=47, kHtSig1Rel=5, d_have_ht_header=0
[EQ][GATE_DETAIL] valid flags: lltf0=1 lltf1=1 lsig=1 htsig0=1 htsig1=1
[EQ][FLOW] abs=48 wifi_start=0 in_frame=1 sym_idx=48 consumed=2 produced=0
[EQ][PRE_EXTRACT] d_sym_idx=48, in_frame=1
[EQ][POST_EQUALIZE] d_sym_idx=48
[EQ][STDERR_DIRECT] Entering direct mixed-mode header detection
[EQ][IDX_CHECK] d_sym_idx=48, condition=0
[EQ][DIRECT_PATH] Entering direct mixed-mode header detection
[EQ][STDERR_BEFORE_GATE] Reached before gate check
[EQ][BEFORE_GATE] Reached before gate check
[EQ][TEST_INSERT] Added new debug output
[EQ][DEBUG_TEST] ======== DEBUG ENTRY ========
[EQ][DEBUG] Checking HT-SIG parse condition: d_sym_idx=48, kHtSig1Rel=5, d_have_ht_header=0
[EQ][DEBUG] valid flags: lltf0=1, lltf1=1, lsig=1, htsig0=1, htsig1=1
[EQ][WHILE_LOOP] iter consumed=3, d_sym_idx=49
[SYNC-SHORT] general_work called: noutput=16 ninput=36 threshold=0.010 state=1
[EQ][GATE_DETAIL] d_sym_idx=48, kHtSig1Rel=5, d_have_ht_header=0
[EQ][GATE_DETAIL] valid flags: lltf0=1 lltf1=1 lsig=1 htsig0=1 htsig1=1
SHORT copied 16
[EQ][FLOW] abs=49 wifi_start=0 in_frame=1 sym_idx=49 consumed=3 produced=0
[SYNC-SHORT] general_work called: noutput=4 ninput=20 threshold=0.010 state=1
SHORT copied 4
[EQ][PRE_EXTRACT] d_sym_idx=49, in_frame=1
[EQ][POST_EQUALIZE] d_sym_idx=49
[EQ][STDERR_DIRECT] Entering direct mixed-mode header detection
[EQ][IDX_CHECK] d_sym_idx=49, condition=0
[EQ][DIRECT_PATH] Entering direct mixed-mode header detection
[EQ][STDERR_BEFORE_GATE] Reached before gate check
[EQ][BEFORE_GATE] Reached before gate check
[EQ][TEST_INSERT] Added new debug output
[EQ][DEBUG_TEST] ======== DEBUG ENTRY ========
[EQ][DEBUG] Checking HT-SIG parse condition: d_sym_idx=49, kHtSig1Rel=5, d_have_ht_header=0
[EQ][DEBUG] valid flags: lltf0=1, lltf1=1, lsig=1, htsig0=1, htsig1=1
[EQ][WHILE_LOOP] iter consumed=4, d_sym_idx=50
[EQ][GATE_DETAIL] d_sym_idx=49, kHtSig1Rel=5, d_have_ht_header=0
[EQ][GATE_DETAIL] valid flags: lltf0=1 lltf1=1 lsig=1 htsig0=1 htsig1=1
sync_long :info: LONG: frame start at 41
produced : 0 consumed: 320
[SYNC-LONG] general_work: ninput[0]=1239 ninput[1]=1559 noutput=1024 state=1
LONG ninput[0] 1239   ninput[1] 1559  noutput 1024   state 1
[EQ][FLOW] abs=50 wifi_start=0 in_frame=1 sym_idx=50 consumed=4 produced=0
[EQ][PRE_EXTRACT] d_sym_idx=50, in_frame=1
[EQ][POST_EQUALIZE] d_sym_idx=50
[EQ][STDERR_DIRECT] Entering direct mixed-mode header detection
[EQ][IDX_CHECK] d_sym_idx=50, condition=0
[EQ][DIRECT_PATH] Entering direct mixed-mode header detection
[EQ][STDERR_BEFORE_GATE] Reached before gate check
[EQ][BEFORE_GATE] Reached before gate check
[EQ][TEST_INSERT] Added new debug output
[EQ][DEBUG_TEST] ======== DEBUG ENTRY ========
[EQ][DEBUG] Checking HT-SIG parse condition: d_sym_idx=50, kHtSig1Rel=5, d_have_ht_header=0
[EQ][DEBUG] valid flags: lltf0=1, lltf1=1, lsig=1, htsig0=1, htsig1=1
[EQ][WHILE_LOOP] iter consumed=5, d_sym_idx=51
[EQ][GATE_DETAIL] d_sym_idx=50, kHtSig1Rel=5, d_have_ht_header=0
[EQ][GATE_DETAIL] valid flags: lltf0=1 lltf1=1 lsig=1 htsig0=1 htsig1=1
[EQ][FLOW] abs=51 wifi_start=0 in_frame=1 sym_idx=51 consumed=5 produced=0
[EQ][PRE_EXTRACT] d_sym_idx=51, in_frame=1
produced : [EQ][IDX_CHECK] d_sym_idx=51, condition=0
120 consumed: 161
[EQ][POST_EQUALIZE] d_sym_idx=51
[EQ][STDERR_DIRECT] Entering direct mixed-mode header detection
[EQ][DIRECT_PATH] Entering direct mixed-mode header detection
[EQ][STDERR_BEFORE_GATE] Reached before gate check
[EQ][BEFORE_GATE] Reached before gate check
[SYNC-LONG] general_work: ninput[0]=1078 ninput[1]=1398 noutput=1024 state=1
[EQ][TEST_INSERT] Added new debug output
[EQ][DEBUG_TEST] ======== DEBUG ENTRY ========
[EQ][DEBUG] Checking HT-SIG parse condition: d_sym_idx=51, kHtSig1Rel=5, d_have_ht_header=0
[EQ][DEBUG] valid flags: lltf0=1, lltf1=1, lsig=1, htsig0=1, htsig1=1
[EQ][ENTER] general_work called nin=1 nout=32
[EQ][GATE_DETAIL] d_sym_idx=51, kHtSig1Rel=5, d_have_ht_header=0
[EQ][GATE_DETAIL] valid flags: lltf0=1 lltf1=1 lsig=1 htsig0=1 htsig1=1
LONG ninput[0] 1078   ninput[1] 1398  noutput 1024   state 1
[EQ][CALL] nin=1 nout=32 in_frame=1 sym_idx=52 freq_offset=5890000000.000000
[EQ][WHILE_ENTER] consumed=0, n_in=1
[EQ][WHILE_LOOP] iter consumed=0, d_sym_idx=52
[EQ][FLOW] abs=52 wifi_start=0 in_frame=1 sym_idx=52 consumed=0 produced=0
[EQ][PRE_EXTRACT] d_sym_idx=52, in_frame=1
[EQ][POST_EQUALIZE] d_sym_idx=52
[EQ][STDERR_DIRECT] Entering direct mixed-mode header detection
[SYNC-LONG] Received wifi_start tag: freq_offset=0.108 offset=5147 nread=5147
[EQ][IDX_CHECK] d_sym_idx=52, condition=0
LONG: ignore retrigger tag during COPY nread=5147 d_count=120 guard=3072 tag_offset=5147

----------------------------------------------------------------------
Tag Debug: 
Input Stream: 00
  Offset: 3392  Source: sync_long     Key: wifi_start   Value: -0.19635
----------------------------------------------------------------------
[EQ][DIRECT_PATH] Entering direct mixed-mode header detection
[EQ][STDERR_BEFORE_GATE] Reached before gate check
[EQ][BEFORE_GATE] Reached before gate check
[EQ][TEST_INSERT] Added new debug output
[EQ][DEBUG_TEST] ======== DEBUG ENTRY ========
[EQ][DEBUG] Checking HT-SIG parse condition: d_sym_idx=52, kHtSig1Rel=5, d_have_ht_header=0
[EQ][DEBUG] valid flags: lltf0=1, lltf1=1, lsig=1, htsig0=1, htsig1=1
[EQ][ENTER] general_work called nin=1 nout=32
[EQ][CALL] nin=1 nout=32 in_frame=1 sym_idx=53 freq_offset=5890000000.000000
[EQ][GATE_DETAIL] d_sym_idx=52, kHtSig1Rel=5, d_have_ht_header=0
[EQ][GATE_DETAIL] valid flags: lltf0=1 lltf1=1 lsig=1 htsig0=1 htsig1=1
[EQ][TAG] wifi_start at offset=53 freq_offset=-0.196350
[EQ][WHILE_ENTER] consumed=0, n_in=1
[EQ][WHILE_LOOP] iter consumed=0, d_sym_idx=53
[EQ][FLOW] abs=53 wifi_start=1 in_frame=1 sym_idx=53 consumed=0 produced=0
[EQ][FLOW] frame-takeover abs=53 allow=1
[EQ][PRE_EXTRACT] d_sym_idx=0, in_frame=1
[EXTRACT_CALL] sym_idx=0, type=OTHER
[EXTRACT] called, first 5 subcarriers:
  i=0, sc=-26, bin=6, val=-0.000+0.000i
  i=1, sc=-25, bin=7, val=-0.000+0.000i
  i=2, sc=-24, bin=8, val=-3.391+8.187i
  i=3, sc=-23, bin=9, val=0.870+8.834i
  i=4, sc=-22, bin=10, val=-4.930+-7.378i
[EQ][IDX_CHECK] d_sym_idx=0, condition=1

----------------------------------------------------------------------
Tag Debug: eq_in_tagdbg
Input Stream: 00
  Offset: 53  Source: sync_long     Key: wifi_start   Value: -0.19635
----------------------------------------------------------------------
[EQ][VALID_SET] d_sym_idx=0, valid=1
[EQ][SYM_IDX] sym_idx=0, type=UNKNOWN
[EQ][POST_EQUALIZE] d_sym_idx=0
[EQ][RAW_BITS] sym_idx=0 bits52=00produced : 854 consumed: 1078
00000000000000000000000000000000000000000000000000
[EQ][STDERR_DIRECT] Entering direct mixed-mode header detection
[EQ][DIRECT_PATH] Entering direct mixed-mode header detection
[EQ][STDERR_BEFORE_GATE] Reached before gate check
[EQ][BEFORE_GATE] Reached before gate check
[EQ][TEST_INSERT] Added new debug output
[EQ][DEBUG_TEST] ======== DEBUG ENTRY ========
[EQ][DEBUG] Checking HT-SIG parse condition: d_sym_idx=0, kHtSig1Rel=5, d_have_ht_header=0
[EQ][DEBUG] valid flags: lltf0=0, lltf1=0, lsig=0, htsig0=0, htsig1=0
[EQ][ENTER] general_work called nin=14 nout=512
[EQ][CALL] nin=14 nout=512 in_frame=1 sym_idx=1 freq_offset=5890000000.000000
[EQ][GATE_DETAIL] d_sym_idx=0, kHtSig1Rel=5, d_have_ht_header=0
[EQ][GATE_DETAIL] valid flags: lltf0=0 lltf1=0 lsig=0 htsig0=0 htsig1=0
[EQ][WHILE_ENTER] consumed=0, n_in=14
[EQ][WHILE_LOOP] iter consumed=0, d_sym_idx=1
[EQ][FLOW] abs=54 wifi_start=0 in_frame=1 sym_idx=1 consumed=0 produced=0
[EQ][PRE_EXTRACT] d_sym_idx=1, in_frame=1
[EXTRACT_CALL] sym_idx=1, type=L-LTF0
[EXTRACT] called, first 5 subcarriers:
  i=0, sc=-26, bin=6, val=0.027+0.003i
  i=1, sc=-25, bin=7, val=0.024+0.008i
  i=2, sc=-24, bin=8, val=-3.371+8.199i
  i=3, sc=-23, bin=9, val=0.886+8.848i
  i=4, sc=-22, bin=10, val=-4.918+-7.363i
[EQ][IDX_CHECK] d_sym_idx=1, condition=1
[EQ][VALID_SET] d_sym_idx=1, valid=1
[EQ][SYM_IDX] sym_idx=1, type=L-LTF0
[EQ][POST_EQUALIZE] d_sym_idx=1
[EQ][RAW_BITS] sym_idx=1 bits52=0000000000000000000000000000000000000000000000000000
[EQ][STDERR_DIRECT] Entering direct mixed-mode header detection
[EQ][DIRECT_PATH] Entering direct mixed-mode header detection
[EQ][STDERR_BEFORE_GATE] Reached before gate check
[EQ][BEFORE_GATE] Reached before gate check
[EQ][TEST_INSERT] Added new debug output
[EQ][DEBUG_TEST] ======== DEBUG ENTRY ========
[EQ][DEBUG] Checking HT-SIG parse condition: d_sym_idx=1, kHtSig1Rel=5, d_have_ht_header=0
[EQ][DEBUG] valid flags: lltf0=1, lltf1=0, lsig=0, htsig0=0, htsig1=0
[EQ][WHILE_LOOP] iter consumed=1, d_sym_idx=2
[EQ][GATE_DETAIL] d_sym_idx=1, kHtSig1Rel=5, d_have_ht_header=0
[EQ][GATE_DETAIL] valid flags: lltf0=1 lltf1=0 lsig=0 htsig0=0 htsig1=0
[EQ][FLOW] abs=55 wifi_start=0 in_frame=1 sym_idx=2 consumed=1 produced=0
[EQ][PRE_EXTRACT] d_sym_idx=2, in_frame=1
[EXTRACT_CALL] sym_idx=2, type=L-LTF1
[EQ][IDX_CHECK] d_sym_idx=2, condition=1
[EQ][VALID_SET] d_sym_idx=2, valid=1
[EQ][SYM_IDX] sym_idx=2, type=L-LTF1
[EQ][POST_EQUALIZE] d_sym_idx=2
[EQ][RAW_BITS] sym_idx=2 bits52=0111110100110110000000111010011010101100011010101111
[EQ][STDERR_DIRECT] Entering direct mixed-mode header detection
[EQ][DIRECT_PATH] Entering direct mixed-mode header detection
[EQ][STDERR_BEFORE_GATE] Reached before gate check
[EQ][BEFORE_GATE] Reached before gate check
[EQ][TEST_INSERT] Added new debug output
[EQ][DEBUG_TEST] ======== DEBUG ENTRY ========
[EQ][DEBUG] Checking HT-SIG parse condition: d_sym_idx=2, kHtSig1Rel=5, d_have_ht_header=0
[EQ][DEBUG] valid flags: lltf0=1, lltf1=1, lsig=0, htsig0=0, htsig1=0
[EQ][WHILE_LOOP] iter consumed=2, d_sym_idx=3
[EQ][GATE_DETAIL] d_sym_idx=2, kHtSig1Rel=5, d_have_ht_header=0
[EQ][GATE_DETAIL] valid flags: lltf0=1 lltf1=1 lsig=0 htsig0=0 htsig1=0
[EQ][FLOW] abs=56 wifi_start=0 in_frame=1 sym_idx=3 consumed=2 produced=0
[EQ][PRE_EXTRACT] d_sym_idx=3, in_frame=1
[EXTRACT_CALL] sym_idx=3, type=L-SIG
[EQ][IDX_CHECK] d_sym_idx=3, condition=1
[EQ][VALID_SET] d_sym_idx=3, valid=1
[EQ][SYM_IDX] sym_idx=3, type=L-SIG
[EQ][POST_EQUALIZE] d_sym_idx=3
[EQ][RAW_BITS] sym_idx=3 bits52=0000111110101110101101010011011001010001111110001000
[EQ][STDERR_DIRECT] Entering direct mixed-mode header detection
[EQ][DIRECT_PATH] Entering direct mixed-mode header detection
[EQ][STDERR_BEFORE_GATE] Reached before gate check
[EQ][BEFORE_GATE] Reached before gate check
[EQ][GATE] sym=3 want_htsig1=5 valid={lltf0=1 lltf1=1 lsig=1 htsig0=0 htsig1=0} have_ht=0
[EQ][TEST_INSERT] Added new debug output
[EQ][DEBUG_TEST] ======== DEBUG ENTRY ========
[EQ][DEBUG] Checking HT-SIG parse condition: d_sym_idx=3, kHtSig1Rel=5, d_have_ht_header=0
[EQ][DEBUG] valid flags: lltf0=1, lltf1=1, lsig=1, htsig0=0, htsig1=0
[EQ][WHILE_LOOP] iter consumed=3, d_sym_idx=4
[EQ][GATE_DETAIL] d_sym_idx=3, kHtSig1Rel=5, d_have_ht_header=0
[EQ][GATE_DETAIL] valid flags: lltf0=1 lltf1=1 lsig=1 htsig0=0 htsig1=0
[EQ][FLOW] abs=57 wifi_start=0 in_frame=1 sym_idx=4 consumed=3 produced=0
[EQ][PRE_EXTRACT] d_sym_idx=4, in_frame=1
[EXTRACT_CALL] sym_idx=4, type=HT-SIG0
[EQ][IDX_CHECK] d_sym_idx=4, condition=1
[EQ][VALID_SET] d_sym_idx=4, valid=1
[EQ][SYM_IDX] sym_idx=4, type=HT-SIG0
[EQ][POST_EQUALIZE] d_sym_idx=4
[EQ][RAW_BITS] sym_idx=4 bits52=1111000001110100110010101100100110101110001000100111
[EQ][STDERR_DIRECT] Entering direct mixed-mode header detection
[EQ][DIRECT_PATH] Entering direct mixed-mode header detection
[EQ][STDERR_BEFORE_GATE] Reached before gate check
[EQ][BEFORE_GATE] Reached before gate check
[EQ][GATE] sym=4 want_htsig1=5 valid={lltf0=1 lltf1=1 lsig=1 htsig0=1 htsig1=0} have_ht=0
[EQ][TEST_INSERT] Added new debug output
[EQ][DEBUG_TEST] ======== DEBUG ENTRY ========
[EQ][DEBUG] Checking HT-SIG parse condition: d_sym_idx=4, kHtSig1Rel=5, d_have_ht_header=0
[EQ][DEBUG] valid flags: lltf0=1, lltf1=1, lsig=1, htsig0=1, htsig1=0
[EQ][WHILE_LOOP] iter consumed=4, d_sym_idx=5
[EQ][GATE_DETAIL] d_sym_idx=4, kHtSig1Rel=5, d_have_ht_header=0
[EQ][GATE_DETAIL] valid flags: lltf0=1 lltf1=1 lsig=1 htsig0=1 htsig1=0
[EQ][FLOW] abs=58 wifi_start=0 in_frame=1 sym_idx=5 consumed=4 produced=0
[EQ][PRE_EXTRACT] d_sym_idx=5, in_frame=1
[EXTRACT_CALL] sym_idx=5, type=HT-SIG1
[EQ][IDX_CHECK] d_sym_idx=5, condition=1
[EQ][VALID_SET] d_sym_idx=5, valid=1
[EQ][SYM_IDX] sym_idx=5, type=HT-SIG1
[EQ][POST_EQUALIZE] d_sym_idx=5
[EQ][RAW_BITS] sym_idx=5 bits52=1111110111010000101011101001010111101001111010001111
[EQ][STDERR_DIRECT] Entering direct mixed-mode header detection
[EQ][DIRECT_PATH] Entering direct mixed-mode header detection
[EQ][STDERR_BEFORE_GATE] Reached before gate check
[EQ][BEFORE_GATE] Reached before gate check
[EQ][GATE] sym=5 want_htsig1=5 valid={lltf0=1 lltf1=1 lsig=1 htsig0=1 htsig1=1} have_ht=0
[EQ][TEST_INSERT] Added new debug output
[EQ][DEBUG_TEST] ======== DEBUG ENTRY ========
[EQ][DEBUG] Checking HT-SIG parse condition: d_sym_idx=5, kHtSig1Rel=5, d_have_ht_header=0
[EQ][DEBUG] valid flags: lltf0=1, lltf1=1, lsig=1, htsig0=1, htsig1=1
[EQ][GATE_DETAIL] d_sym_idx=5, kHtSig1Rel=5, d_have_ht_header=0
[EQ][GATE_DETAIL] valid flags: lltf0=1 lltf1=1 lsig=1 htsig0=1 htsig1=1
[EQ][DEBUG_BLOCK] ENTERING HT-SIG PARSE BLOCK
[RX][LLTF-DBG] L-LTF0 valid=1, L-LTF1 valid=1
[RX][LLTF-DBG] L-LTF0 avg_mag=8.3641, L-LTF1 avg_mag=8.3649
[RX][LLTF-DBG] L-LTF0[0:3]: 0.027∠0.105 0.026∠0.326 8.865∠1.961 8.893∠1.471 
[RX][LLTF-DBG] L-LTF1[0:3]: 0.020∠-1.229 0.018∠-1.071 8.877∠-1.178 8.886∠-1.668 
[CHAN_EST][DEBUG] L-LTF0 average magnitude: 8.3641
[CHAN_EST][DEBUG] L-LTF1 average magnitude: 8.3649
[CHAN_EST][LLTF_COMPARE] First 20 data subcarriers:
  i=0 sc=-26: expected=1, avg=0.017+-0.008i (mag=0.019, phase=-0.451), received0=0.027+0.003i received1=0.007+-0.019i
  i=1 sc=-25: expected=1, avg=0.017+-0.004i (mag=0.017, phase=-0.234), received0=0.024+0.008i received1=0.009+-0.016i
  i=2 sc=-24: expected=-1, avg=0.015+-0.000i (mag=0.015, phase=-0.027), received0=-3.371+8.199i received1=3.401+-8.200i
  i=3 sc=-23: expected=-1, avg=0.013+0.002i (mag=0.013, phase=0.156), received0=0.886+8.848i received1=-0.860+-8.844i
  i=4 sc=-22: expected=1, avg=0.011+0.004i (mag=0.011, phase=0.323), received0=-4.918+-7.363i received1=4.939+7.370i
  i=5 sc=-20: expected=-1, avg=0.007+0.005i (mag=0.009, phase=0.558), received0=8.883+0.014i received1=-8.868+-0.005i
  i=6 sc=-19: expected=1, avg=0.006+0.005i (mag=0.008, phase=0.654), received0=7.832+-4.171i received1=-7.819+4.180i
  i=7 sc=-18: expected=-1, avg=-4.925+7.382i (mag=8.874, phase=2.159), received0=-4.927+7.389i received1=-4.922+7.375i
  i=8 sc=-17: expected=1, avg=0.875+-8.826i (mag=8.870, phase=-1.472), received0=0.872+-8.820i received1=0.877+-8.833i
  i=9 sc=-16: expected=1, avg=3.400+8.206i (mag=8.883, phase=1.178), received0=3.398+8.212i received1=3.403+8.201i
  i=10 sc=-15: expected=1, avg=0.003+0.005i (mag=0.006, phase=1.056), received0=-6.862+-5.622i received1=6.868+5.632i
  i=11 sc=-14: expected=1, avg=-8.702+-1.727i (mag=8.871, phase=-2.946), received0=-8.705+-1.722i received1=-8.699+-1.732i
  i=12 sc=-13: expected=1, avg=-8.489+2.580i (mag=8.873, phase=2.847), received0=-8.493+2.584i received1=-8.486+2.576i
  i=13 sc=-12: expected=1, avg=0.001+0.004i (mag=0.005, phase=1.270), received0=-6.278+6.283i received1=6.281+-6.275i
  i=14 sc=-11: expected=-1, avg=-2.576+8.499i (mag=8.881, phase=1.865), received0=-2.580+8.502i received1=-2.572+8.495i
  i=15 sc=-10: expected=-1, avg=1.733+8.710i (mag=8.881, phase=1.374), received0=1.729+8.713i received1=1.736+8.707i
  i=16 sc=-9: expected=1, avg=0.001+0.004i (mag=0.004, phase=1.311), received0=-5.632+-6.854i received1=5.634+6.862i
  i=17 sc=-8: expected=1, avg=0.001+0.004i (mag=0.004, phase=1.331), received0=-8.200+-3.390i received1=8.202+3.398i
  i=18 sc=-6: expected=1, avg=0.001+0.004i (mag=0.004, phase=1.445), received0=7.378+-4.926i received1=-7.377+4.935i
  i=19 sc=-5: expected=-1, avg=-4.184+7.833i (mag=8.881, phase=2.061), received0=-4.188+7.834i received1=-4.181+7.832i
[CHAN_EST] Average channel magnitude: 3.9302
[CHAN_EST] Channel magnitude range: [0.0039, 8.8870]
[CHAN_EST] Channel phase range: [-2.986, 3.129] rad
[CHAN_EST] Zero magnitude subcarriers: 0/52
[CHAN_EST][SC0] H=0.017+-0.008i, mag=0.019, phase=-0.451
[CHAN_EST][SC1] H=0.017+-0.004i, mag=0.017, phase=-0.234
[CHAN_EST][SC2] H=-0.015+0.000i, mag=0.015, phase=3.114
[CHAN_EST][SC3] H=-0.013+-0.002i, mag=0.013, phase=-2.986
[CHAN_EST][SC4] H=0.011+0.004i, mag=0.011, phase=0.323
[CHAN_EST][SC5] H=-0.007+-0.005i, mag=0.009, phase=-2.584
[CHAN_EST][SC6] H=0.006+0.005i, mag=0.008, phase=0.654
[CHAN_EST][SC7] H=4.925+-7.382i, mag=8.874, phase=-0.983
[CHAN_EST][SC8] H=0.875+-8.826i, mag=8.870, phase=-1.472
[CHAN_EST][SC9] H=3.400+8.206i, mag=8.883, phase=1.178
[EQ_HEADER] CPE estimate: -2.376 rad, rot=-0.721+0.693i
[EQ_HEADER][WARNING] Weak channel at SC-26 (idx=0): H_mag=0.0188, skipping
[EQ_HEADER][WARNING] Weak channel at SC-25 (idx=1): H_mag=0.0170, skipping
[EQ_HEADER][WARNING] Weak channel at SC-24 (idx=2): H_mag=0.0151, skipping
[EQ_HEADER][WARNING] Weak channel at SC-23 (idx=3): H_mag=0.0132, skipping
[EQ_HEADER][WARNING] Weak channel at SC-22 (idx=4): H_mag=0.0114, skipping
[EQ_HEADER][WARNING] Weak channel at SC-20 (idx=5): H_mag=0.0087, skipping
[EQ_HEADER][WARNING] Weak channel at SC-19 (idx=6): H_mag=0.0077, skipping
[EQ_HEADER][WARNING] Weak channel at SC-15 (idx=10): H_mag=0.0058, skipping
[EQ_HEADER][WARNING] Weak channel at SC-12 (idx=13): H_mag=0.0045, skipping
[EQ_HEADER][WARNING] Weak channel at SC-9 (idx=16): H_mag=0.0039, skipping
[EQ_HEADER][WARNING] Weak channel at SC-8 (idx=17): H_mag=0.0041, skipping
[EQ_HEADER][WARNING] Weak channel at SC-6 (idx=18): H_mag=0.0042, skipping
[EQ_HEADER][WARNING] Weak channel at SC-1 (idx=23): H_mag=0.0044, skipping
[EQ_HEADER][WARNING] Weak channel at SC2 (idx=25): H_mag=0.0046, skipping
[EQ_HEADER][WARNING] Weak channel at SC8 (idx=30): H_mag=0.0041, skipping
[EQ_HEADER][WARNING] Weak channel at SC9 (idx=31): H_mag=0.0042, skipping
[EQ_HEADER][WARNING] Weak channel at SC10 (idx=32): H_mag=0.0043, skipping
[EQ_HEADER][WARNING] Weak channel at SC12 (idx=34): H_mag=0.0050, skipping
[EQ_HEADER][WARNING] Weak channel at SC13 (idx=35): H_mag=0.0054, skipping
[EQ_HEADER][WARNING] Weak channel at SC15 (idx=37): H_mag=0.0059, skipping
[EQ_HEADER][WARNING] Weak channel at SC16 (idx=38): H_mag=0.0060, skipping
[EQ_HEADER][WARNING] Weak channel at SC17 (idx=39): H_mag=0.0060, skipping
[EQ_HEADER][WARNING] Weak channel at SC18 (idx=40): H_mag=0.0062, skipping
[EQ_HEADER][WARNING] Weak channel at SC19 (idx=41): H_mag=0.0065, skipping
[EQ_HEADER][WARNING] Weak channel at SC20 (idx=42): H_mag=0.0069, skipping
[EQ_HEADER][WARNING] Weak channel at SC24 (idx=45): H_mag=0.0108, skipping
[EQ_HEADER] Zero-magnitude H subcarriers: 0/48
[EQ_HEADER] Average RX magnitude: 8.3226
[EQ_HEADER] Average EQ magnitude: 0.4583
[EQ_HEADER] First 10 bits: 1111111101
[EQ_HEADER][SC0] rx=-0.025+0.020i, eq=0.000+0.000i, bit=1
[EQ_HEADER][SC1] rx=-0.026+0.013i, eq=0.000+0.000i, bit=1
[EQ_HEADER][SC2] rx=3.366+-8.179i, eq=0.000+0.000i, bit=1
[EQ_HEADER][SC3] rx=-0.893+-8.831i, eq=0.000+0.000i, bit=1
[EQ_HEADER][SC4] rx=-4.950+-7.378i, eq=0.000+0.000i, bit=1
[EQ_HEADER] CPE estimate: 1.532 rad, rot=0.039+-0.999i
[EQ_HEADER][WARNING] Weak channel at SC-26 (idx=0): H_mag=0.0188, skipping
[EQ_HEADER][WARNING] Weak channel at SC-25 (idx=1): H_mag=0.0170, skipping
[EQ_HEADER][WARNING] Weak channel at SC-24 (idx=2): H_mag=0.0151, skipping
[EQ_HEADER][WARNING] Weak channel at SC-23 (idx=3): H_mag=0.0132, skipping
[EQ_HEADER][WARNING] Weak channel at SC-22 (idx=4): H_mag=0.0114, skipping
[EQ_HEADER][WARNING] Weak channel at SC-20 (idx=5): H_mag=0.0087, skipping
[EQ_HEADER][WARNING] Weak channel at SC-19 (idx=6): H_mag=0.0077, skipping
[EQ_HEADER][WARNING] Weak channel at SC-15 (idx=10): H_mag=0.0058, skipping
[EQ_HEADER][WARNING] Weak channel at SC-12 (idx=13): H_mag=0.0045, skipping
[EQ_HEADER][WARNING] Weak channel at SC-9 (idx=16): H_mag=0.0039, skipping
[EQ_HEADER][WARNING] Weak channel at SC-8 (idx=17): H_mag=0.0041, skipping
[EQ_HEADER][WARNING] Weak channel at SC-6 (idx=18): H_mag=0.0042, skipping
[EQ_HEADER][WARNING] Weak channel at SC-1 (idx=23): H_mag=0.0044, skipping
[EQ_HEADER][WARNING] Weak channel at SC2 (idx=25): H_mag=0.0046, skipping
[EQ_HEADER][WARNING] Weak channel at SC8 (idx=30): H_mag=0.0041, skipping
[EQ_HEADER][WARNING] Weak channel at SC9 (idx=31): H_mag=0.0042, skipping
[EQ_HEADER][WARNING] Weak channel at SC10 (idx=32): H_mag=0.0043, skipping
[EQ_HEADER][WARNING] Weak channel at SC12 (idx=34): H_mag=0.0050, skipping
[EQ_HEADER][WARNING] Weak channel at SC13 (idx=35): H_mag=0.0054, skipping
[EQ_HEADER][WARNING] Weak channel at SC15 (idx=37): H_mag=0.0059, skipping
[EQ_HEADER][WARNING] Weak channel at SC16 (idx=38): H_mag=0.0060, skipping
[EQ_HEADER][WARNING] Weak channel at SC17 (idx=39): H_mag=0.0060, skipping
[EQ_HEADER][WARNING] Weak channel at SC18 (idx=40): H_mag=0.0062, skipping
[EQ_HEADER][WARNING] Weak channel at SC19 (idx=41): H_mag=0.0065, skipping
[EQ_HEADER][WARNING] Weak channel at SC20 (idx=42): H_mag=0.0069, skipping
[EQ_HEADER][WARNING] Weak channel at SC24 (idx=45): H_mag=0.0108, skipping
[EQ_HEADER] Zero-magnitude H subcarriers: 0/48
[EQ_HEADER] Average RX magnitude: 8.3229
[EQ_HEADER] Average EQ magnitude: 0.4582
[EQ_HEADER] First 10 bits: 1111111111
[EQ_HEADER][SC0] rx=0.031+0.015i, eq=0.000+0.000i, bit=1
[EQ_HEADER][SC1] rx=0.026+0.021i, eq=0.000+0.000i, bit=1
[EQ_HEADER][SC2] rx=-3.373+8.211i, eq=0.000+0.000i, bit=1
[EQ_HEADER][SC3] rx=0.882+8.859i, eq=0.000+0.000i, bit=1
[EQ_HEADER][SC4] rx=4.937+7.402i, eq=0.000+0.000i, bit=1
[EQ_HEADER] CPE estimate: 2.586 rad, rot=-0.850+-0.527i
[EQ_HEADER][WARNING] Weak channel at SC-26 (idx=0): H_mag=0.0188, skipping
[EQ_HEADER][WARNING] Weak channel at SC-25 (idx=1): H_mag=0.0170, skipping
[EQ_HEADER][WARNING] Weak channel at SC-24 (idx=2): H_mag=0.0151, skipping
[EQ_HEADER][WARNING] Weak channel at SC-23 (idx=3): H_mag=0.0132, skipping
[EQ_HEADER][WARNING] Weak channel at SC-22 (idx=4): H_mag=0.0114, skipping
[EQ_HEADER][WARNING] Weak channel at SC-20 (idx=5): H_mag=0.0087, skipping
[EQ_HEADER][WARNING] Weak channel at SC-19 (idx=6): H_mag=0.0077, skipping
[EQ_HEADER][WARNING] Weak channel at SC-15 (idx=10): H_mag=0.0058, skipping
[EQ_HEADER][WARNING] Weak channel at SC-12 (idx=13): H_mag=0.0045, skipping
[EQ_HEADER][WARNING] Weak channel at SC-9 (idx=16): H_mag=0.0039, skipping
[EQ_HEADER][WARNING] Weak channel at SC-8 (idx=17): H_mag=0.0041, skipping
[EQ_HEADER][WARNING] Weak channel at SC-6 (idx=18): H_mag=0.0042, skipping
[EQ_HEADER][WARNING] Weak channel at SC-1 (idx=23): H_mag=0.0044, skipping
[EQ_HEADER][WARNING] Weak channel at SC2 (idx=25): H_mag=0.0046, skipping
[EQ_HEADER][WARNING] Weak channel at SC8 (idx=30): H_mag=0.0041, skipping
[EQ_HEADER][WARNING] Weak channel at SC9 (idx=31): H_mag=0.0042, skipping
[EQ_HEADER][WARNING] Weak channel at SC10 (idx=32): H_mag=0.0043, skipping
[EQ_HEADER][WARNING] Weak channel at SC12 (idx=34): H_mag=0.0050, skipping
[EQ_HEADER][WARNING] Weak channel at SC13 (idx=35): H_mag=0.0054, skipping
[EQ_HEADER][WARNING] Weak channel at SC15 (idx=37): H_mag=0.0059, skipping
[EQ_HEADER][WARNING] Weak channel at SC16 (idx=38): H_mag=0.0060, skipping
[EQ_HEADER][WARNING] Weak channel at SC17 (idx=39): H_mag=0.0060, skipping
[EQ_HEADER][WARNING] Weak channel at SC18 (idx=40): H_mag=0.0062, skipping
[EQ_HEADER][WARNING] Weak channel at SC19 (idx=41): H_mag=0.0065, skipping
[EQ_HEADER][WARNING] Weak channel at SC20 (idx=42): H_mag=0.0069, skipping
[EQ_HEADER][WARNING] Weak channel at SC24 (idx=45): H_mag=0.0108, skipping
[EQ_HEADER] Zero-magnitude H subcarriers: 0/48
[EQ_HEADER] Average RX magnitude: 7.8085
[EQ_HEADER] Average EQ magnitude: 0.4049
[EQ_HEADER] First 10 bits: 1111111010
[EQ_HEADER][SC0] rx=1.164+2.160i, eq=0.000+0.000i, bit=1
[EQ_HEADER][SC1] rx=0.936+2.468i, eq=0.000+0.000i, bit=1
[EQ_HEADER][SC2] rx=3.942+-5.334i, eq=0.000+0.000i, bit=1
[EQ_HEADER][SC3] rx=-0.957+-5.645i, eq=0.000+0.000i, bit=1
[EQ_HEADER][SC4] rx=3.963+10.672i, eq=0.000+0.000i, bit=1
[RX][CHAN-EST] Hhdr52: avg_mag=3.9302 avg_phase=-2.3652 rad phase_var=2.0909
[RX][CHAN-EST] Hhdr52[0:5]: 0.019∠-0.451 0.017∠-0.234 0.015∠3.114 0.013∠-2.986 0.011∠0.323 0.009∠-2.584 
[RX][HDRDBG] rel=3 raw48=001000101000011100010111001001001111110000111001
[RX][HDRDBG] rel=3 eq48 =111111110110010111101011011001111011111111111101
[RX][HDRDBG] rel=3 deintl48=111110111101111101111111001111111001001111010111
[RX][HDRDBG] rel=3 bit-errors: raw->eq=25 eq->deintl=18
[RX][HDRDBG] rel=4 raw48=110111011110111011100000100110110000001101010010
[RX][HDRDBG] rel=4 eq48 =111111111111011111101011011001111011111111101101
[RX][HDRDBG] rel=4 deintl48=111110111101111101111111101111111100001111110111
[RX][HDRDBG] rel=4 bit-errors: raw->eq=26 eq->deintl=18
[RX][HDRDBG] rel=5 raw48=111010110111111101110001111010110001100001101000
[RX][HDRDBG] rel=5 eq48 =111111101011110111100101111010111111111111111100
[RX][HDRDBG] rel=5 deintl48=111111111101101111101011111011111101111101010110
[RX][HDRDBG] rel=5 bit-errors: raw->eq=18 eq->deintl=14
[EQ_HEADER] CPE estimate: -2.376 rad, rot=-0.721+0.693i
[EQ_HEADER][WARNING] Weak channel at SC-26 (idx=0): H_mag=0.0188, skipping
[EQ_HEADER][WARNING] Weak channel at SC-25 (idx=1): H_mag=0.0170, skipping
[EQ_HEADER][WARNING] Weak channel at SC-24 (idx=2): H_mag=0.0151, skipping
[EQ_HEADER][WARNING] Weak channel at SC-23 (idx=3): H_mag=0.0132, skipping
[EQ_HEADER][WARNING] Weak channel at SC-22 (idx=4): H_mag=0.0114, skipping
[EQ_HEADER][WARNING] Weak channel at SC-20 (idx=5): H_mag=0.0087, skipping
[EQ_HEADER][WARNING] Weak channel at SC-19 (idx=6): H_mag=0.0077, skipping
[EQ_HEADER][WARNING] Weak channel at SC-15 (idx=10): H_mag=0.0058, skipping
[EQ_HEADER][WARNING] Weak channel at SC-12 (idx=13): H_mag=0.0045, skipping
[EQ_HEADER][WARNING] Weak channel at SC-9 (idx=16): H_mag=0.0039, skipping
[EQ_HEADER][WARNING] Weak channel at SC-8 (idx=17): H_mag=0.0041, skipping
[EQ_HEADER][WARNING] Weak channel at SC-6 (idx=18): H_mag=0.0042, skipping
[EQ_HEADER][WARNING] Weak channel at SC-1 (idx=23): H_mag=0.0044, skipping
[EQ_HEADER][WARNING] Weak channel at SC2 (idx=25): H_mag=0.0046, skipping
[EQ_HEADER][WARNING] Weak channel at SC8 (idx=30): H_mag=0.0041, skipping
[EQ_HEADER][WARNING] Weak channel at SC9 (idx=31): H_mag=0.0042, skipping
[EQ_HEADER][WARNING] Weak channel at SC10 (idx=32): H_mag=0.0043, skipping
[EQ_HEADER][WARNING] Weak channel at SC12 (idx=34): H_mag=0.0050, skipping
[EQ_HEADER][WARNING] Weak channel at SC13 (idx=35): H_mag=0.0054, skipping
[EQ_HEADER][WARNING] Weak channel at SC15 (idx=37): H_mag=0.0059, skipping
[EQ_HEADER][WARNING] Weak channel at SC16 (idx=38): H_mag=0.0060, skipping
[EQ_HEADER][WARNING] Weak channel at SC17 (idx=39): H_mag=0.0060, skipping
[EQ_HEADER][WARNING] Weak channel at SC18 (idx=40): H_mag=0.0062, skipping
[EQ_HEADER][WARNING] Weak channel at SC19 (idx=41): H_mag=0.0065, skipping
[EQ_HEADER][WARNING] Weak channel at SC20 (idx=42): H_mag=0.0069, skipping
[EQ_HEADER][WARNING] Weak channel at SC24 (idx=45): H_mag=0.0108, skipping
[EQ_HEADER] Zero-magnitude H subcarriers: 0/48
[EQ_HEADER] Average RX magnitude: 8.3226
[EQ_HEADER] Average EQ magnitude: 0.4583
[EQ_HEADER] First 10 bits: 1111111101
[EQ_HEADER][SC0] rx=-0.025+0.020i, eq=0.000+0.000i, bit=1
[EQ_HEADER][SC1] rx=-0.026+0.013i, eq=0.000+0.000i, bit=1
[EQ_HEADER][SC2] rx=3.366+-8.179i, eq=0.000+0.000i, bit=1
[EQ_HEADER][SC3] rx=-0.893+-8.831i, eq=0.000+0.000i, bit=1
[EQ_HEADER][SC4] rx=-4.950+-7.378i, eq=0.000+0.000i, bit=1
[EQ_HEADER] CPE estimate: -2.376 rad, rot=-0.721+0.693i
[EQ_HEADER][WARNING] Weak channel at SC-26 (idx=0): H_mag=0.0188, skipping
[EQ_HEADER][WARNING] Weak channel at SC-25 (idx=1): H_mag=0.0170, skipping
[EQ_HEADER][WARNING] Weak channel at SC-24 (idx=2): H_mag=0.0151, skipping
[EQ_HEADER][WARNING] Weak channel at SC-23 (idx=3): H_mag=0.0132, skipping
[EQ_HEADER][WARNING] Weak channel at SC-22 (idx=4): H_mag=0.0114, skipping
[EQ_HEADER][WARNING] Weak channel at SC-20 (idx=5): H_mag=0.0087, skipping
[EQ_HEADER][WARNING] Weak channel at SC-19 (idx=6): H_mag=0.0077, skipping
[EQ_HEADER][WARNING] Weak channel at SC-15 (idx=10): H_mag=0.0058, skipping
[EQ_HEADER][WARNING] Weak channel at SC-12 (idx=13): H_mag=0.0045, skipping
[EQ_HEADER][WARNING] Weak channel at SC-9 (idx=16): H_mag=0.0039, skipping
[EQ_HEADER][WARNING] Weak channel at SC-8 (idx=17): H_mag=0.0041, skipping
[EQ_HEADER][WARNING] Weak channel at SC-6 (idx=18): H_mag=0.0042, skipping
[EQ_HEADER][WARNING] Weak channel at SC-1 (idx=23): H_mag=0.0044, skipping
[EQ_HEADER][WARNING] Weak channel at SC2 (idx=25): H_mag=0.0046, skipping
[EQ_HEADER][WARNING] Weak channel at SC8 (idx=30): H_mag=0.0041, skipping
[EQ_HEADER][WARNING] Weak channel at SC9 (idx=31): H_mag=0.0042, skipping
[EQ_HEADER][WARNING] Weak channel at SC10 (idx=32): H_mag=0.0043, skipping
[EQ_HEADER][WARNING] Weak channel at SC12 (idx=34): H_mag=0.0050, skipping
[EQ_HEADER][WARNING] Weak channel at SC13 (idx=35): H_mag=0.0054, skipping
[EQ_HEADER][WARNING] Weak channel at SC15 (idx=37): H_mag=0.0059, skipping
[EQ_HEADER][WARNING] Weak channel at SC16 (idx=38): H_mag=0.0060, skipping
[EQ_HEADER][WARNING] Weak channel at SC17 (idx=39): H_mag=0.0060, skipping
[EQ_HEADER][WARNING] Weak channel at SC18 (idx=40): H_mag=0.0062, skipping
[EQ_HEADER][WARNING] Weak channel at SC19 (idx=41): H_mag=0.0065, skipping
[EQ_HEADER][WARNING] Weak channel at SC20 (idx=42): H_mag=0.0069, skipping
[EQ_HEADER][WARNING] Weak channel at SC24 (idx=45): H_mag=0.0108, skipping
[EQ_HEADER] Zero-magnitude H subcarriers: 0/48
[EQ_HEADER] Average RX magnitude: 8.3226
[EQ_HEADER] Average EQ magnitude: 0.4583
[EQ_HEADER] First 10 bits: 1111111101
[EQ_HEADER][SC0] rx=-0.025+0.020i, eq=0.000+0.000i, bit=1
[EQ_HEADER][SC1] rx=-0.026+0.013i, eq=0.000+0.000i, bit=1
[EQ_HEADER][SC2] rx=3.366+-8.179i, eq=0.000+0.000i, bit=1
[EQ_HEADER][SC3] rx=-0.893+-8.831i, eq=0.000+0.000i, bit=1
[EQ_HEADER][SC4] rx=-4.950+-7.378i, eq=0.000+0.000i, bit=1
[EQ][HT-SIG][DEBUG] L-SIG bits (48): 000011111010111010110101001101100101000111111000
[EQ][HT-SIG][DEBUG] HT-SIG0 bits (48): 111100000111010011001010110010011010111000100010
[EQ][HT-SIG][DEBUG] HT-SIG1 bits (48): 111111011101000010101110100101011110100111101000
[EQ][HT-SIG] parse failed: lsig=3 htsig=4/5
[EQ][WHILE_LOOP] iter consumed=5, d_sym_idx=6
[EQ][FLOW] abs=59 wifi_start=0 in_frame=1 sym_idx=6 consumed=5 produced=0
[EQ][PRE_EXTRACT] d_sym_idx=6, in_frame=1
[EXTRACT_CALL] sym_idx=6, type=OTHER
[EQ][IDX_CHECK] d_sym_idx=6, condition=1
[EQ][VALID_SET] d_sym_idx=6, valid=1
[EQ][SYM_IDX] sym_idx=6, type=UNKNOWN
[EQ][POST_EQUALIZE] d_sym_idx=6
[EQ][RAW_BITS] sym_idx=6 bits52=0000101000000101000110101110100110111001011011001111
[EQ][STDERR_DIRECT] Entering direct mixed-mode header detection
[EQ][DIRECT_PATH] Entering direct mixed-mode header detection
[EQ][STDERR_BEFORE_GATE] Reached before gate check
[EQ][BEFORE_GATE] Reached before gate check
[EQ][GATE] sym=6 want_htsig1=5 valid={lltf0=1 lltf1=1 lsig=1 htsig0=1 htsig1=1} have_ht=0
[EQ][TEST_INSERT] Added new debug output
[EQ][DEBUG_TEST] ======== DEBUG ENTRY ========
[EQ][DEBUG] Checking HT-SIG parse condition: d_sym_idx=6, kHtSig1Rel=5, d_have_ht_header=0
[EQ][DEBUG] valid flags: lltf0=1, lltf1=1, lsig=1, htsig0=1, htsig1=1
[EQ][WHILE_LOOP] iter consumed=6, d_sym_idx=7
[EQ][GATE_DETAIL] d_sym_idx=6, kHtSig1Rel=5, d_have_ht_header=0
[EQ][GATE_DETAIL] valid flags: lltf0=1 lltf1=1 lsig=1 htsig0=1 htsig1=1
[EQ][FLOW] abs=60 wifi_start=0 in_frame=1 sym_idx=7 consumed=6 produced=0
[EQ][PRE_EXTRACT] d_sym_idx=7, in_frame=1
[EXTRACT_CALL] sym_idx=7, type=OTHER
[EQ][IDX_CHECK] d_sym_idx=7, condition=1
[EQ][VALID_SET] d_sym_idx=7, valid=1
[EQ][SYM_IDX] sym_idx=7, type=UNKNOWN
[EQ][POST_EQUALIZE] d_sym_idx=7
[EQ][RAW_BITS] sym_idx=7 bits52=1110011000111010011101111000010111010010110010111011
[EQ][STDERR_DIRECT] Entering direct mixed-mode header detection
[EQ][DIRECT_PATH] Entering direct mixed-mode header detection
[EQ][STDERR_BEFORE_GATE] Reached before gate check
[EQ][BEFORE_GATE] Reached before gate check
[EQ][TEST_INSERT] Added new debug output
[EQ][DEBUG_TEST] ======== DEBUG ENTRY ========
[EQ][DEBUG] Checking HT-SIG parse condition: d_sym_idx=7, kHtSig1Rel=5, d_have_ht_header=0
[EQ][DEBUG] valid flags: lltf0=1, lltf1=1, lsig=1, htsig0=1, htsig1=1
[EQ][WHILE_LOOP] iter consumed=7, d_sym_idx=8
[EQ][GATE_DETAIL] d_sym_idx=7, kHtSig1Rel=5, d_have_ht_header=0
[EQ][GATE_DETAIL] valid flags: lltf0=1 lltf1=1 lsig=1 htsig0=1 htsig1=1
[EQ][FLOW] abs=61 wifi_start=0 in_frame=1 sym_idx=8 consumed=7 produced=0
[EQ][PRE_EXTRACT] d_sym_idx=8, in_frame=1
[EQ][POST_EQUALIZE] d_sym_idx=8
[EQ][STDERR_DIRECT] Entering direct mixed-mode header detection
[EQ][IDX_CHECK] d_sym_idx=8, condition=0
[EQ][DIRECT_PATH] Entering direct mixed-mode header detection
[EQ][STDERR_BEFORE_GATE] Reached before gate check
[EQ][BEFORE_GATE] Reached before gate check
[EQ][TEST_INSERT] Added new debug output
[EQ][DEBUG_TEST] ======== DEBUG ENTRY ========
[EQ][DEBUG] Checking HT-SIG parse condition: d_sym_idx=8, kHtSig1Rel=5, d_have_ht_header=0
[EQ][DEBUG] valid flags: lltf0=1, lltf1=1, lsig=1, htsig0=1, htsig1=1
[EQ][WHILE_LOOP] iter consumed=8, d_sym_idx=9
[EQ][GATE_DETAIL] d_sym_idx=8, kHtSig1Rel=5, d_have_ht_header=0
[EQ][GATE_DETAIL] valid flags: lltf0=1 lltf1=1 lsig=1 htsig0=1 htsig1=1
[EQ][FLOW] abs=62 wifi_start=0 in_frame=1 sym_idx=9 consumed=8 produced=0
[EQ][PRE_EXTRACT] d_sym_idx=9, in_frame=1
[EQ][POST_EQUALIZE] d_sym_idx=9
[EQ][STDERR_DIRECT] Entering direct mixed-mode header detection
[EQ][IDX_CHECK] d_sym_idx=9, condition=0
[EQ][DIRECT_PATH] Entering direct mixed-mode header detection
[EQ][STDERR_BEFORE_GATE] Reached before gate check
[EQ][BEFORE_GATE] Reached before gate check
[EQ][TEST_INSERT] Added new debug output
[EQ][DEBUG_TEST] ======== DEBUG ENTRY ========
[EQ][DEBUG] Checking HT-SIG parse condition: d_sym_idx=9, kHtSig1Rel=5, d_have_ht_header=0
[EQ][DEBUG] valid flags: lltf0=1, lltf1=1, lsig=1, htsig0=1, htsig1=1
[EQ][WHILE_LOOP] iter consumed=9, d_sym_idx=10
[EQ][GATE_DETAIL] d_sym_idx=9, kHtSig1Rel=5, d_have_ht_header=0
[EQ][GATE_DETAIL] valid flags: lltf0=1 lltf1=1 lsig=1 htsig0=1 htsig1=1
[EQ][FLOW] abs=63 wifi_start=0 in_frame=1 sym_idx=10 consumed=9 produced=0
[EQ][PRE_EXTRACT] d_sym_idx=10, in_frame=1
[EQ][POST_EQUALIZE] d_sym_idx=10
[EQ][STDERR_DIRECT] Entering direct mixed-mode header detection
[EQ][IDX_CHECK] d_sym_idx=10, condition=0
[EQ][DIRECT_PATH] Entering direct mixed-mode header detection
[EQ][STDERR_BEFORE_GATE] Reached before gate check
[EQ][BEFORE_GATE] Reached before gate check
[EQ][TEST_INSERT] Added new debug output
[EQ][DEBUG_TEST] ======== DEBUG ENTRY ========
[EQ][DEBUG] Checking HT-SIG parse condition: d_sym_idx=10, kHtSig1Rel=5, d_have_ht_header=0
[EQ][DEBUG] valid flags: lltf0=1, lltf1=1, lsig=1, htsig0=1, htsig1=1
[EQ][WHILE_LOOP] iter consumed=10, d_sym_idx=11
[EQ][GATE_DETAIL] d_sym_idx=10, kHtSig1Rel=5, d_have_ht_header=0
[EQ][GATE_DETAIL] valid flags: lltf0=1 lltf1=1 lsig=1 htsig0=1 htsig1=1
[EQ][FLOW] abs=64 wifi_start=0 in_frame=1 sym_idx=11 consumed=10 produced=0
[EQ][PRE_EXTRACT] d_sym_idx=11, in_frame=1
[EQ][POST_EQUALIZE] d_sym_idx=11
[EQ][STDERR_DIRECT] Entering direct mixed-mode header detection
[EQ][IDX_CHECK] d_sym_idx=11, condition=0
[EQ][DIRECT_PATH] Entering direct mixed-mode header detection
[EQ][STDERR_BEFORE_GATE] Reached before gate check
[EQ][BEFORE_GATE] Reached before gate check
[EQ][TEST_INSERT] Added new debug output
[EQ][DEBUG_TEST] ======== DEBUG ENTRY ========
[EQ][DEBUG] Checking HT-SIG parse condition: d_sym_idx=11, kHtSig1Rel=5, d_have_ht_header=0
[EQ][DEBUG] valid flags: lltf0=1, lltf1=1, lsig=1, htsig0=1, htsig1=1
[EQ][WHILE_LOOP] iter consumed=11, d_sym_idx=12
[EQ][GATE_DETAIL] d_sym_idx=11, kHtSig1Rel=5, d_have_ht_header=0
[EQ][GATE_DETAIL] valid flags: lltf0=1 lltf1=1 lsig=1 htsig0=1 htsig1=1
[EQ][FLOW] abs=65 wifi_start=0 in_frame=1 sym_idx=12 consumed=11 produced=0
[EQ][PRE_EXTRACT] d_sym_idx=12, in_frame=1
[EQ][POST_EQUALIZE] d_sym_idx=12
[EQ][STDERR_DIRECT] Entering direct mixed-mode header detection
[EQ][IDX_CHECK] d_sym_idx=12, condition=0
[EQ][DIRECT_PATH] Entering direct mixed-mode header detection
[EQ][STDERR_BEFORE_GATE] Reached before gate check
[EQ][BEFORE_GATE] Reached before gate check
[EQ][TEST_INSERT] Added new debug output
[EQ][DEBUG_TEST] ======== DEBUG ENTRY ========
[EQ][DEBUG] Checking HT-SIG parse condition: d_sym_idx=12, kHtSig1Rel=5, d_have_ht_header=0
[EQ][DEBUG] valid flags: lltf0=1, lltf1=1, lsig=1, htsig0=1, htsig1=1
[EQ][WHILE_LOOP] iter consumed=12, d_sym_idx=13
[EQ][PRE_EXTRACT] d_sym_idx=13, in_frame=1
[EQ][POST_EQUALIZE] d_sym_idx=13
[EQ][STDERR_DIRECT] Entering direct mixed-mode header detection
[EQ][GATE_DETAIL] d_sym_idx=12, kHtSig1Rel=5, d_have_ht_header=0
[EQ][GATE_DETAIL] valid flags: lltf0=1 lltf1=1 lsig=1 htsig0=1 htsig1=1
[EQ][IDX_CHECK] d_sym_idx=13, condition=0
[EQ][DIRECT_PATH] Entering direct mixed-mode header detection
[EQ][STDERR_BEFORE_GATE] Reached before gate check
[EQ][BEFORE_GATE] Reached before gate check
[EQ][TEST_INSERT] Added new debug output
[EQ][DEBUG_TEST] ======== DEBUG ENTRY ========
[EQ][DEBUG] Checking HT-SIG parse condition: d_sym_idx=13, kHtSig1Rel=5, d_have_ht_header=0
[EQ][DEBUG] valid flags: lltf0=1, lltf1=1, lsig=1, htsig0=1, htsig1=1
[EQ][WHILE_LOOP] iter consumed=13, d_sym_idx=14
[EQ][PRE_EXTRACT] d_sym_idx=14, in_frame=1
[EQ][POST_EQUALIZE] d_sym_idx=14
[EQ][STDERR_DIRECT] Entering direct mixed-mode header detection
[EQ][GATE_DETAIL] d_sym_idx=13, kHtSig1Rel=5, d_have_ht_header=0
[EQ][GATE_DETAIL] valid flags: lltf0=1 lltf1=1 lsig=1 htsig0=1 htsig1=1
[EQ][IDX_CHECK] d_sym_idx=14, condition=0
[EQ][DIRECT_PATH] Entering direct mixed-mode header detection
[EQ][STDERR_BEFORE_GATE] Reached before gate check
[EQ][BEFORE_GATE] Reached before gate check
[EQ][TEST_INSERT] Added new debug output
[EQ][DEBUG_TEST] ======== DEBUG ENTRY ========
[EQ][DEBUG] Checking HT-SIG parse condition: d_sym_idx=14, kHtSig1Rel=5, d_have_ht_header=0
[EQ][DEBUG] valid flags: lltf0=1, lltf1=1, lsig=1, htsig0=1, htsig1=1
[EQ][GATE_DETAIL] d_sym_idx=14, kHtSig1Rel=5, d_have_ht_header=0
[EQ][GATE_DETAIL] valid flags: lltf0=1 lltf1=1 lsig=1 htsig0=1 htsig1=1
message_debug :info: The `print_pdu` port is deprecated and will be removed; forwarding to `print`.
[MAPPER] handle_msg called
[MAPPER] meta=***** VERBOSE PDU DEBUG PRINT ******
((encoding . 0) (crc_included . #t))
pdu length =         38 bytes
pdu vector contents = 
0000: 08 00 00 00 42 42 42 42 42 42 23 23 23 23 23 23 
0010: ff ff ff ff ff ff 30 00 78 78 78 78 78 78 78 78 
0020: 78 78 6b b4 58 d9 
************************************
((encoding . 0) (crc_included . #t))
[MAPPER] meta fields: mcs=0 len=-1 psdu_len=-1
[MAPPER] using MCS=0
[MAPPER] HT mode enabled, effective MCS: 0
[TX][HTDATA0][PUNCTURED] bits52=0011011100100011110100110101110000010010000111011001
[TX][HTDATA0][INTERLEAVED] bits52=0000011011101110010110011101100000010111110000000111
[TX][HTDATA0] bits52=0000011011101110010110011101100000010111110000000111
[TX][PUNCTURED-ALL] nbits=676 first64=0011011100100011110100110101110000010010000111011001010010100000 last64=0001011100110011101001111111111001110000110100101101000001110111
[TX][INTERLEAVED-ALL] nbits=676 first64=0000011011101110010110011101100000010111110000000111001111000100 last64=0000111101110101010011101110110001101001000101111100111110111001
[TX][HTDATA0][PUNCTURED] keep existing first-frame reference /tmp/wifi_tx_punctured0_bits52.txt
[TX][HTDATA0][INTERLEAVED] keep existing first-frame reference /tmp/wifi_tx_interleaved0_bits52.txt
[TX][HTDATA0] keep existing first-frame reference /tmp/wifi_tx_data0_bits52.txt
[TX][PUNCTURED-ALL] keep existing first-frame reference /tmp/wifi_tx_punctured_all_bits.txt
[TX][INTERLEAVED-ALL] keep existing first-frame reference /tmp/wifi_tx_interleaved_all_bits.txt
[TX][PUNCTURED-ALL] updated /tmp/wifi_tx_punctured_all_bits.last.txt
[TX][INTERLEAVED-ALL] updated /tmp/wifi_tx_interleaved_all_bits.last.txt
[MAPPER] frame: ht_mode=1 psdu=38 n_sym=13 n_data_bits=338 n_encoded_bits=676 data_carriers=52 out_symbols=676
[HT-HEADER] general_work called ninput=676 noutput=32688
[TX][LSIG] raw24=110100110010000000000000
[TX][LSIG] enc48=110110001010100111001100100011011100000000000000
[TX][LSIG] intl48=110011011001000011010100011000000010011001100000
[TX][HTSIG] fields: mcs=0 len=38 bw40=0 agg=0 sgi=0 stbc=0 adv=0 nltf=0 crc=0x0d
[TX][HTSIG] raw48=000000000110010000000000000000000010110000000000
[TX][HTSIG] enc96=000000000000000000110110111100100011011100000000000000000000000000001110111001101110101100000000
[TX][HTSIG] intl96=000000111110010000000011100110000000000010011000000000011011110000000001100100000000001011101000
[TX][HTHDR][OUTBUF] lsig48=110011011001000011010100011000000010011001100000
[TX][HTHDR][OUTBUF] htsig1_48=000000111110010000000011100110000000000010011000
[TX][HTHDR][OUTBUF] htsig2_48=000000011011110000000001100100000000001011101000
[SYNC-SHORT] general_work called: noutput=16 ninput=2288 threshold=0.010 state=1
SHORT copied 16
[SYNC-LONG] general_work: ninput[0]=16 ninput[1]=320 noutput=16 state=1
LONG ninput[0] 16   ninput[1] 320  noutput 16   state 1
produced : 16 consumed: 16
[SYNC-SHORT] general_work called: noutput=2048 ninput=2272 threshold=0.010 state=1
sync_short :info: frame start at in: 6590 out: 7117
SHORT Frame!
SHORT copied 349
[SYNC-SHORT] general_work called: noutput=1024 ninput=1923 threshold=0.010 state=1
[SYNC-LONG] general_work: ninput[0]=349 ninput[1]=320 noutput=256 state=1
LONG ninput[0] 349   ninput[1] 320  noutput 256   state 1
produced : 256 consumed: 320
[SYNC-LONG] general_work: ninput[0]=29 ninput[1]=349 noutput=16 state=1
LONG ninput[0] 29   ninput[1] 349  noutput 16   state 1
produced : 16 consumed: 16
sync_short :info: frame start at in: 7071 out: 7598
[SYNC-LONG] general_work: ninput[0]=13 ninput[1]=333 noutput=8 state=1
LONG ninput[0] 13   ninput[1] SHORT Frame!333
  noutput 8   state 1
produced : 8 consumed: 8
SHORT copied 481
[SYNC-SHORT] general_work called: noutput=1024 ninput=1442 threshold=0.010 state=1
[SYNC-LONG] general_work: ninput[0]=486 ninput[1]=806 noutput=256 state=1
sync_short :info: frame start at in: 7552 out: 8079
LONG ninput[0] 486SHORT Frame!   ninput[1] 806  noutput 256   state 1
produced : 5 consumed: 5

SHORT copied 481
[SYNC-SHORT] general_work called: noutput=512 ninput=961 threshold=0.010 state=1
[EQ][ENTER] general_work called nin=4 nout=128
[EQ][CALL] nin=4 nout=128 in_frame=1 sym_idx=15 freq_offset=5890000000.000000
[EQ][WHILE_ENTER] consumed=0, n_in=4
[EQ][WHILE_LOOP] iter consumed=0, d_sym_idx=15
[EQ][FLOW] abs=68 wifi_start=0 in_frame=1 sym_idx=15 consumed=0 produced=0
[EQ][PRE_EXTRACT] d_sym_idx=15, in_frame=1
[EQ][IDX_CHECK] d_sym_idx=15, condition=0
sync_short :info: frame start at in: 8033 out: 8560
[EQ][POST_EQUALIZE] d_sym_idx=15
[EQ][STDERR_DIRECT] Entering direct mixed-mode header detection
SHORT Frame!
SHORT copied 481
[SYNC-LONG] general_work: ninput[0]=962 ninput[1]=801 noutput=512 state=1
LONG ninput[0] 962   ninput[1] 801  noutput 512   state 1
[EQ][DIRECT_PATH] Entering direct mixed-mode header detection
[SYNC-SHORT] general_work called: noutput=256 ninput=480 threshold=0.010 state=1
[SYNC-LONG] Received wifi_start tag: freq_offset=-0.094 offset=6590 nread=6590
LONG: ignore retrigger tag during COPY nread=6590 d_count=1275 guard=3072 tag_offset=6590
SHORT copied 256
[SYNC-SHORT] general_work called: noutput=128 ninput=224 threshold=0.010 state=1
[EQ][STDERR_BEFORE_GATE] Reached before gate check
[EQ][BEFORE_GATE] Reached before gate check
[EQ][TEST_INSERT] Added new debug output
[EQ][DEBUG_TEST] ======== DEBUG ENTRY ========
[EQ][DEBUG] Checking HT-SIG parse condition: d_sym_idx=15, kHtSig1Rel=5, d_have_ht_header=0
[EQ][DEBUG] valid flags: lltf0=1, lltf1=1, lsig=1, htsig0=1, htsig1=1
[EQ][WHILE_LOOP] iter consumed=1, d_sym_idx=16
[EQ][GATE_DETAIL] d_sym_idx=15, kHtSig1Rel=5, d_have_ht_header=0
[EQ][GATE_DETAIL] valid flags: lltf0=1 lltf1=1 lsig=1 htsig0=1 htsig1=1
[EQ][FLOW] abs=69 wifi_start=0 in_frame=1 sym_idx=16 consumed=1 produced=0
[EQ][PRE_EXTRACT] d_sym_idx=16, in_frame=1
produced : 512 consumed: 640
SHORT copied 128
[SYNC-SHORT] general_work called: noutput=64 ninput=96 threshold=0.010 state=1
SHORT copied 64
[SYNC-LONG] general_work: ninput[0]=1187 ninput[1]=929 noutput=512 state=1
LONG ninput[0] 1187   ninput[1] 929  noutput 512   state 1
[SYNC-SHORT] general_work called: noutput=16 ninput=32 threshold=0.010 state=1
SHORT copied 16
[EQ][POST_EQUALIZE] d_sym_idx=16
[EQ][STDERR_DIRECT] Entering direct mixed-mode header detection
[EQ][IDX_CHECK] d_sym_idx=16, condition=0
produced : 258 consumed: 322
[EQ][DIRECT_PATH] Entering direct mixed-mode header detection
[EQ][STDERR_BEFORE_GATE] Reached before gate check
[EQ][BEFORE_GATE] Reached before gate check
[EQ][TEST_INSERT] Added new debug output
[EQ][DEBUG_TEST] ======== DEBUG ENTRY ========
[EQ][DEBUG] Checking HT-SIG parse condition: d_sym_idx=16, kHtSig1Rel=5, d_have_ht_header=0
[EQ][DEBUG] valid flags: lltf0=1, lltf1=1, lsig=1, htsig0=1, htsig1=1
[EQ][WHILE_LOOP] iter consumed=2, d_sym_idx=17
[SYNC-LONG] general_work: ninput[0]=945 ninput[1]=1265 noutput=512 state=1
[EQ][GATE_DETAIL] d_sym_idx=16, kHtSig1Rel=5, d_have_ht_header=0
[EQ][GATE_DETAIL] valid flags: lltf0=1 lltf1=1 lsig=1 htsig0=1 htsig1=1
LONG ninput[0] 945   ninput[1] 1265  noutput 512   state 1
[SYNC-LONG] Received wifi_start tag: freq_offset=0.170 offset=7552 nread=7552
LONG: ignore retrigger tag during COPY nread=7552 d_count=2045 guard=3072 tag_offset=7552
[EQ][FLOW] abs=70 wifi_start=0 in_frame=1 sym_idx=17 consumed=2 produced=0
[EQ][PRE_EXTRACT] d_sym_idx=17, in_frame=1
[EQ][POST_EQUALIZE] d_sym_idx=17
[EQ][STDERR_DIRECT] Entering direct mixed-mode header detection
[EQ][IDX_CHECK] d_sym_idx=17, condition=0
[EQ][DIRECT_PATH] Entering direct mixed-mode header detection
[EQ][STDERR_BEFORE_GATE] Reached before gate check
[EQ][BEFORE_GATE] Reached before gate check
[EQ][TEST_INSERT] Added new debug output
[EQ][DEBUG_TEST] ======== DEBUG ENTRY ========
[EQ][DEBUG] Checking HT-SIG parse condition: d_sym_idx=17, kHtSig1Rel=5, d_have_ht_header=0
[EQ][DEBUG] valid flags: lltf0=1, lltf1=1, lsig=1, htsig0=1, htsig1=1
[EQ][WHILE_LOOP] iter consumed=3, d_sym_idx=18
[EQ][GATE_DETAIL] d_sym_idx=17, kHtSig1Rel=5, d_have_ht_header=0
[EQ][GATE_DETAIL] valid flags: lltf0=1 lltf1=1 lsig=1 htsig0=1 htsig1=1
[EQ][FLOW] abs=71 wifi_start=0 in_frame=1 sym_idx=18 consumed=3 produced=0
[EQ][PRE_EXTRACT] d_sym_idx=18, in_frame=1
[EQ][POST_EQUALIZE] d_sym_idx=18
[EQ][STDERR_DIRECT] Entering direct mixed-mode header detection
[EQ][IDX_CHECK] d_sym_idx=18, condition=0
[EQ][DIRECT_PATH] Entering direct mixed-mode header detection
[EQ][STDERR_BEFORE_GATE] Reached before gate check
[EQ][BEFORE_GATE] Reached before gate check
[EQ][TEST_INSERT] Added new debug output
[EQ][DEBUG_TEST] ======== DEBUG ENTRY ========
[EQ][DEBUG] Checking HT-SIG parse condition: d_sym_idx=18, kHtSig1Rel=5, d_have_ht_header=0
[EQ][DEBUG] valid flags: lltf0=1, lltf1=1, lsig=1, htsig0=1, htsig1=1
[EQ][GATE_DETAIL] d_sym_idx=18, kHtSig1Rel=5, d_have_ht_header=0
[EQ][GATE_DETAIL] valid flags: lltf0=1 lltf1=1 lsig=1 htsig0=1 htsig1=1
produced : 512 consumed: 640
[EQ][ENTER] general_work called nin=12 nout=512
[EQ][CALL] nin=12 nout=512 in_frame=1 sym_idx=19 freq_offset=5890000000.000000
[EQ][WHILE_ENTER] consumed=0, n_in=12
[EQ][WHILE_LOOP] iter consumed=0, d_sym_idx=19
[EQ][FLOW] abs=72 wifi_start=0 in_frame=1 sym_idx=19 consumed=0 produced=0
[EQ][PRE_EXTRACT] d_sym_idx=19, in_frame=1
[EQ][POST_EQUALIZE] d_sym_idx=19
[EQ][STDERR_DIRECT] Entering direct mixed-mode header detection
[SYNC-LONG] general_work: ninput[0]=305 ninput[1]=625 noutput=256 state=1
[EQ][IDX_CHECK] d_sym_idx=19, condition=0
LONG ninput[0] 305   ninput[1] 625  noutput 256   state 1
[EQ][DIRECT_PATH] Entering direct mixed-mode header detection
[EQ][STDERR_BEFORE_GATE] Reached before gate check
[EQ][BEFORE_GATE] Reached before gate check
[EQ][TEST_INSERT] Added new debug output
[EQ][DEBUG_TEST] ======== DEBUG ENTRY ========
[EQ][DEBUG] Checking HT-SIG parse condition: d_sym_idx=19, kHtSig1Rel=5, d_have_ht_header=0
[EQ][DEBUG] valid flags: lltf0=1, lltf1=1, lsig=1, htsig0=1, htsig1=1
[EQ][WHILE_LOOP] iter consumed=1, d_sym_idx=20
[EQ][GATE_DETAIL] d_sym_idx=19, kHtSig1Rel=5, d_have_ht_header=0
[EQ][GATE_DETAIL] valid flags: lltf0=1 lltf1=1 lsig=1 htsig0=1 htsig1=1
[EQ][FLOW] abs=73 wifi_start=0 in_frame=1 sym_idx=20 consumed=1 produced=0
[EQ][PRE_EXTRACT] d_sym_idx=20, in_frame=1
[EQ][POST_EQUALIZE] d_sym_idx=20
[EQ][STDERR_DIRECT] Entering direct mixed-mode header detection
[EQ][IDX_CHECK] d_sym_idx=20, condition=0
[EQ][DIRECT_PATH] Entering direct mixed-mode header detection
[EQ][STDERR_BEFORE_GATE] Reached before gate check
[EQ][BEFORE_GATE] Reached before gate check
[EQ][TEST_INSERT] Added new debug output
[EQ][DEBUG_TEST] ======== DEBUG ENTRY ========
[EQ][DEBUG] Checking HT-SIG parse condition: d_sym_idx=20, kHtSig1Rel=5, d_have_ht_header=0
[EQ][DEBUG] valid flags: lltf0=1, lltf1=1, lsig=1, htsig0=1, htsig1=1
[EQ][WHILE_LOOP] iter consumed=2, d_sym_idx=21
[EQ][GATE_DETAIL] d_sym_idx=20, kHtSig1Rel=5, d_have_ht_header=0
[EQ][GATE_DETAIL] valid flags: lltf0=1 lltf1=1 lsig=1 htsig0=1 htsig1=1
[EQ][FLOW] abs=74 wifi_start=0 in_frame=1 sym_idx=21 consumed=2 produced=0
[EQ][PRE_EXTRACT] d_sym_idx=21, in_frame=1
[EQ][POST_EQUALIZE] d_sym_idx=21
[EQ][STDERR_DIRECT] Entering direct mixed-mode header detection
[EQ][IDX_CHECK] d_sym_idx=21, condition=0
produced : 241[EQ][DIRECT_PATH] Entering direct mixed-mode header detection
 consumed: [EQ][STDERR_BEFORE_GATE] Reached before gate check
[EQ][BEFORE_GATE] Reached before gate check
[EQ][TEST_INSERT] Added new debug output
[EQ][DEBUG_TEST] ======== DEBUG ENTRY ========
[EQ][DEBUG] Checking HT-SIG parse condition: d_sym_idx=21, kHtSig1Rel=5, d_have_ht_header=0
[EQ][DEBUG] valid flags: lltf0=1, lltf1=1, lsig=1, htsig0=1, htsig1=1
[EQ][WHILE_LOOP] iter consumed=3, d_sym_idx=22
[EQ][GATE_DETAIL] d_sym_idx=21, kHtSig1Rel=5, d_have_ht_header=0
[EQ][GATE_DETAIL] valid flags: lltf0=1 lltf1=1 lsig=1 htsig0=1 htsig1=1
[EQ][FLOW] abs=75 wifi_start=0 in_frame=1 sym_idx=22 consumed=3 produced=0
[EQ][PRE_EXTRACT] d_sym_idx=22, in_frame=1
[EQ][POST_EQUALIZE] d_sym_idx=22
[EQ][STDERR_DIRECT] Entering direct mixed-mode header detection
[EQ][IDX_CHECK] d_sym_idx=22, condition=0
[EQ][DIRECT_PATH] Entering direct mixed-mode header detection
[EQ][STDERR_BEFORE_GATE] Reached before gate check
[EQ][BEFORE_GATE] Reached before gate check
305[EQ][TEST_INSERT] Added new debug output
[EQ][DEBUG_TEST] ======== DEBUG ENTRY ========
[EQ][DEBUG] Checking HT-SIG parse condition: d_sym_idx=22, kHtSig1Rel=5, d_have_ht_header=0
[EQ][DEBUG] valid flags: lltf0=1, lltf1=1, lsig=1, htsig0=1, htsig1=1
[EQ][WHILE_LOOP] iter consumed=4, d_sym_idx=23
[EQ][GATE_DETAIL] d_sym_idx=22, kHtSig1Rel=5, d_have_ht_header=0
[EQ][GATE_DETAIL] valid flags: lltf0=1 lltf1=1 lsig=1 htsig0=1 htsig1=1
[EQ][FLOW] abs=76 wifi_start=0 in_frame=1 sym_idx=23 consumed=4 produced=0
[EQ][PRE_EXTRACT] d_sym_idx=23, in_frame=1
[EQ][POST_EQUALIZE] d_sym_idx=23
[EQ][STDERR_DIRECT] Entering direct mixed-mode header detection
[EQ][IDX_CHECK] d_sym_idx=23, condition=0

[EQ][DIRECT_PATH] Entering direct mixed-mode header detection
[EQ][STDERR_BEFORE_GATE] Reached before gate check
[EQ][BEFORE_GATE] Reached before gate check
[EQ][TEST_INSERT] Added new debug output
[EQ][DEBUG_TEST] ======== DEBUG ENTRY ========
[EQ][DEBUG] Checking HT-SIG parse condition: d_sym_idx=23, kHtSig1Rel=5, d_have_ht_header=0
[EQ][DEBUG] valid flags: lltf0=1, lltf1=1, lsig=1, htsig0=1, htsig1=1
[EQ][WHILE_LOOP] iter consumed=5, d_sym_idx=24
[EQ][GATE_DETAIL] d_sym_idx=23, kHtSig1Rel=5, d_have_ht_header=0
[EQ][GATE_DETAIL] valid flags: lltf0=1 lltf1=1 lsig=1 htsig0=1 htsig1=1
[EQ][FLOW] abs=77 wifi_start=0 in_frame=1 sym_idx=24 consumed=5 produced=0
[EQ][PRE_EXTRACT] d_sym_idx=24, in_frame=1
[EQ][POST_EQUALIZE] d_sym_idx=24
[EQ][STDERR_DIRECT] Entering direct mixed-mode header detection
[EQ][IDX_CHECK] d_sym_idx=24, condition=0
[EQ][DIRECT_PATH] Entering direct mixed-mode header detection
[EQ][STDERR_BEFORE_GATE] Reached before gate check
[EQ][BEFORE_GATE] Reached before gate check
[EQ][TEST_INSERT] Added new debug output
[EQ][DEBUG_TEST] ======== DEBUG ENTRY ========
[EQ][DEBUG] Checking HT-SIG parse condition: d_sym_idx=24, kHtSig1Rel=5, d_have_ht_header=0
[EQ][DEBUG] valid flags: lltf0=1, lltf1=1, lsig=1, htsig0=1, htsig1=1
[EQ][WHILE_LOOP] iter consumed=6, d_sym_idx=25
[EQ][GATE_DETAIL] d_sym_idx=24, kHtSig1Rel=5, d_have_ht_header=0
[EQ][GATE_DETAIL] valid flags: lltf0=1 lltf1=1 lsig=1 htsig0=1 htsig1=1
[EQ][FLOW] abs=78 wifi_start=0 in_frame=1 sym_idx=25 consumed=6 produced=0
[EQ][PRE_EXTRACT] d_sym_idx=25, in_frame=1
[EQ][POST_EQUALIZE] d_sym_idx=25
[EQ][STDERR_DIRECT] Entering direct mixed-mode header detection
[EQ][IDX_CHECK] d_sym_idx=25, condition=0
[EQ][DIRECT_PATH] Entering direct mixed-mode header detection
[EQ][STDERR_BEFORE_GATE] Reached before gate check
[EQ][BEFORE_GATE] Reached before gate check
[EQ][TEST_INSERT] Added new debug output
[EQ][DEBUG_TEST] ======== DEBUG ENTRY ========
[EQ][DEBUG] Checking HT-SIG parse condition: d_sym_idx=25, kHtSig1Rel=5, d_have_ht_header=0
[EQ][DEBUG] valid flags: lltf0=1, lltf1=1, lsig=1, htsig0=1, htsig1=1
[EQ][WHILE_LOOP] iter consumed=7, d_sym_idx=26
[EQ][GATE_DETAIL] d_sym_idx=25, kHtSig1Rel=5, d_have_ht_header=0
[EQ][GATE_DETAIL] valid flags: lltf0=1 lltf1=1 lsig=1 htsig0=1 htsig1=1
[EQ][FLOW] abs=79 wifi_start=0 in_frame=1 sym_idx=26 consumed=7 produced=0
[EQ][PRE_EXTRACT] d_sym_idx=26, in_frame=1
[EQ][POST_EQUALIZE] d_sym_idx=26
[EQ][STDERR_DIRECT] Entering direct mixed-mode header detection
[EQ][IDX_CHECK] d_sym_idx=26, condition=0
[EQ][DIRECT_PATH] Entering direct mixed-mode header detection
[EQ][STDERR_BEFORE_GATE] Reached before gate check
[EQ][BEFORE_GATE] Reached before gate check
[EQ][TEST_INSERT] Added new debug output
[EQ][DEBUG_TEST] ======== DEBUG ENTRY ========
[EQ][DEBUG] Checking HT-SIG parse condition: d_sym_idx=26, kHtSig1Rel=5, d_have_ht_header=0
[EQ][DEBUG] valid flags: lltf0=1, lltf1=1, lsig=1, htsig0=1, htsig1=1
[EQ][WHILE_LOOP] iter consumed=8, d_sym_idx=27
[EQ][GATE_DETAIL] d_sym_idx=26, kHtSig1Rel=5, d_have_ht_header=0
[EQ][GATE_DETAIL] valid flags: lltf0=1 lltf1=1 lsig=1 htsig0=1 htsig1=1
[EQ][FLOW] abs=80 wifi_start=0 in_frame=1 sym_idx=27 consumed=8 produced=0
[EQ][PRE_EXTRACT] d_sym_idx=27, in_frame=1
[EQ][POST_EQUALIZE] d_sym_idx=27
[EQ][STDERR_DIRECT] Entering direct mixed-mode header detection
[EQ][IDX_CHECK] d_sym_idx=27, condition=0
[EQ][DIRECT_PATH] Entering direct mixed-mode header detection
[EQ][STDERR_BEFORE_GATE] Reached before gate check
[EQ][BEFORE_GATE] Reached before gate check
[EQ][TEST_INSERT] Added new debug output
[EQ][DEBUG_TEST] ======== DEBUG ENTRY ========
[EQ][DEBUG] Checking HT-SIG parse condition: d_sym_idx=27, kHtSig1Rel=5, d_have_ht_header=0
[EQ][DEBUG] valid flags: lltf0=1, lltf1=1, lsig=1, htsig0=1, htsig1=1
[EQ][WHILE_LOOP] iter consumed=9, d_sym_idx=28
[EQ][GATE_DETAIL] d_sym_idx=27, kHtSig1Rel=5, d_have_ht_header=0
[EQ][GATE_DETAIL] valid flags: lltf0=1 lltf1=1 lsig=1 htsig0=1 htsig1=1
[EQ][FLOW] abs=81 wifi_start=0 in_frame=1 sym_idx=28 consumed=9 produced=0
[EQ][PRE_EXTRACT] d_sym_idx=28, in_frame=1
[EQ][POST_EQUALIZE] d_sym_idx=28
[EQ][STDERR_DIRECT] Entering direct mixed-mode header detection
[EQ][IDX_CHECK] d_sym_idx=28, condition=0
[EQ][DIRECT_PATH] Entering direct mixed-mode header detection
[EQ][STDERR_BEFORE_GATE] Reached before gate check
[EQ][BEFORE_GATE] Reached before gate check
[EQ][TEST_INSERT] Added new debug output
[EQ][DEBUG_TEST] ======== DEBUG ENTRY ========
[EQ][DEBUG] Checking HT-SIG parse condition: d_sym_idx=28, kHtSig1Rel=5, d_have_ht_header=0
[EQ][DEBUG] valid flags: lltf0=1, lltf1=1, lsig=1, htsig0=1, htsig1=1
[EQ][WHILE_LOOP] iter consumed=10, d_sym_idx=29
[EQ][GATE_DETAIL] d_sym_idx=28, kHtSig1Rel=5, d_have_ht_header=0
[EQ][GATE_DETAIL] valid flags: lltf0=1 lltf1=1 lsig=1 htsig0=1 htsig1=1
[EQ][FLOW] abs=82 wifi_start=0 in_frame=1 sym_idx=29 consumed=10 produced=0
[EQ][PRE_EXTRACT] d_sym_idx=29, in_frame=1
[EQ][POST_EQUALIZE] d_sym_idx=29
[EQ][STDERR_DIRECT] Entering direct mixed-mode header detection
[EQ][IDX_CHECK] d_sym_idx=29, condition=0
[EQ][DIRECT_PATH] Entering direct mixed-mode header detection
[EQ][STDERR_BEFORE_GATE] Reached before gate check
[EQ][BEFORE_GATE] Reached before gate check
[EQ][TEST_INSERT] Added new debug output
[EQ][DEBUG_TEST] ======== DEBUG ENTRY ========
[EQ][DEBUG] Checking HT-SIG parse condition: d_sym_idx=29, kHtSig1Rel=5, d_have_ht_header=0
[EQ][DEBUG] valid flags: lltf0=1, lltf1=1, lsig=1, htsig0=1, htsig1=1
[EQ][WHILE_LOOP] iter consumed=11, d_sym_idx=30
[EQ][GATE_DETAIL] d_sym_idx=29, kHtSig1Rel=5, d_have_ht_header=0
[EQ][GATE_DETAIL] valid flags: lltf0=1 lltf1=1 lsig=1 htsig0=1 htsig1=1
[EQ][FLOW] abs=83 wifi_start=0 in_frame=1 sym_idx=30 consumed=11 produced=0
[EQ][PRE_EXTRACT] d_sym_idx=30, in_frame=1
[EQ][POST_EQUALIZE] d_sym_idx=30
[EQ][STDERR_DIRECT] Entering direct mixed-mode header detection
[EQ][IDX_CHECK] d_sym_idx=30, condition=0
[EQ][DIRECT_PATH] Entering direct mixed-mode header detection
[EQ][STDERR_BEFORE_GATE] Reached before gate check
[EQ][BEFORE_GATE] Reached before gate check
[EQ][TEST_INSERT] Added new debug output
[EQ][DEBUG_TEST] ======== DEBUG ENTRY ========
[EQ][DEBUG] Checking HT-SIG parse condition: d_sym_idx=30, kHtSig1Rel=5, d_have_ht_header=0
[EQ][DEBUG] valid flags: lltf0=1, lltf1=1, lsig=1, htsig0=1, htsig1=1
[EQ][ENTER] general_work called nin=12 nout=512
[EQ][CALL] nin=12 nout=512 in_frame=1 sym_idx=31 freq_offset=5890000000.000000
[EQ][GATE_DETAIL] d_sym_idx=30, kHtSig1Rel=5, d_have_ht_header=0
[EQ][GATE_DETAIL] valid flags: lltf0=1 lltf1=1 lsig=1 htsig0=1 htsig1=1
[EQ][WHILE_ENTER] consumed=0, n_in=12
[EQ][WHILE_LOOP] iter consumed=0, d_sym_idx=31
[EQ][FLOW] abs=84 wifi_start=0 in_frame=1 sym_idx=31 consumed=0 produced=0
[EQ][PRE_EXTRACT] d_sym_idx=31, in_frame=1
[EQ][POST_EQUALIZE] d_sym_idx=31
[EQ][STDERR_DIRECT] Entering direct mixed-mode header detection
[EQ][IDX_CHECK] d_sym_idx=31, condition=0
[EQ][DIRECT_PATH] Entering direct mixed-mode header detection
[EQ][STDERR_BEFORE_GATE] Reached before gate check
[EQ][BEFORE_GATE] Reached before gate check
[EQ][TEST_INSERT] Added new debug output
[EQ][DEBUG_TEST] ======== DEBUG ENTRY ========
[EQ][DEBUG] Checking HT-SIG parse condition: d_sym_idx=31, kHtSig1Rel=5, d_have_ht_header=0
[EQ][DEBUG] valid flags: lltf0=1, lltf1=1, lsig=1, htsig0=1, htsig1=1
[EQ][WHILE_LOOP] iter consumed=1, d_sym_idx=32
[EQ][GATE_DETAIL] d_sym_idx=31, kHtSig1Rel=5, d_have_ht_header=0
[EQ][GATE_DETAIL] valid flags: lltf0=1 lltf1=1 lsig=1 htsig0=1 htsig1=1
[EQ][FLOW] abs=85 wifi_start=0 in_frame=1 sym_idx=32 consumed=1 produced=0
[EQ][PRE_EXTRACT] d_sym_idx=32, in_frame=1
[EQ][POST_EQUALIZE] d_sym_idx=32
[EQ][STDERR_DIRECT] Entering direct mixed-mode header detection
[EQ][IDX_CHECK] d_sym_idx=32, condition=0
[EQ][DIRECT_PATH] Entering direct mixed-mode header detection
[EQ][STDERR_BEFORE_GATE] Reached before gate check
[EQ][BEFORE_GATE] Reached before gate check
[EQ][TEST_INSERT] Added new debug output
[EQ][DEBUG_TEST] ======== DEBUG ENTRY ========
[EQ][DEBUG] Checking HT-SIG parse condition: d_sym_idx=32, kHtSig1Rel=5, d_have_ht_header=0
[EQ][DEBUG] valid flags: lltf0=1, lltf1=1, lsig=1, htsig0=1, htsig1=1
[EQ][WHILE_LOOP] iter consumed=2, d_sym_idx=33
[EQ][GATE_DETAIL] d_sym_idx=32, kHtSig1Rel=5, d_have_ht_header=0
[EQ][GATE_DETAIL] valid flags: lltf0=1 lltf1=1 lsig=1 htsig0=1 htsig1=1
[EQ][FLOW] abs=86 wifi_start=0 in_frame=1 sym_idx=33 consumed=2 produced=0
[EQ][PRE_EXTRACT] d_sym_idx=33, in_frame=1
[EQ][POST_EQUALIZE] d_sym_idx=33
[EQ][STDERR_DIRECT] Entering direct mixed-mode header detection
[EQ][IDX_CHECK] d_sym_idx=33, condition=0
[EQ][DIRECT_PATH] Entering direct mixed-mode header detection
[EQ][STDERR_BEFORE_GATE] Reached before gate check
[EQ][BEFORE_GATE] Reached before gate check
[EQ][TEST_INSERT] Added new debug output
[EQ][DEBUG_TEST] ======== DEBUG ENTRY ========
[EQ][DEBUG] Checking HT-SIG parse condition: d_sym_idx=33, kHtSig1Rel=5, d_have_ht_header=0
[EQ][DEBUG] valid flags: lltf0=1, lltf1=1, lsig=1, htsig0=1, htsig1=1
[EQ][WHILE_LOOP] iter consumed=3, d_sym_idx=34
[EQ][GATE_DETAIL] d_sym_idx=33, kHtSig1Rel=5, d_have_ht_header=0
[EQ][GATE_DETAIL] valid flags: lltf0=1 lltf1=1 lsig=1 htsig0=1 htsig1=1
[EQ][FLOW] abs=87 wifi_start=0 in_frame=1 sym_idx=34 consumed=3 produced=0
[EQ][PRE_EXTRACT] d_sym_idx=34, in_frame=1
[EQ][POST_EQUALIZE] d_sym_idx=34
[EQ][STDERR_DIRECT] Entering direct mixed-mode header detection
[EQ][IDX_CHECK] d_sym_idx=34, condition=0
[EQ][DIRECT_PATH] Entering direct mixed-mode header detection
[EQ][STDERR_BEFORE_GATE] Reached before gate check
[EQ][BEFORE_GATE] Reached before gate check
[EQ][TEST_INSERT] Added new debug output
[EQ][DEBUG_TEST] ======== DEBUG ENTRY ========
[EQ][DEBUG] Checking HT-SIG parse condition: d_sym_idx=34, kHtSig1Rel=5, d_have_ht_header=0
[EQ][DEBUG] valid flags: lltf0=1, lltf1=1, lsig=1, htsig0=1, htsig1=1
[EQ][WHILE_LOOP] iter consumed=4, d_sym_idx=35
[EQ][GATE_DETAIL] d_sym_idx=34, kHtSig1Rel=5, d_have_ht_header=0
[EQ][GATE_DETAIL] valid flags: lltf0=1 lltf1=1 lsig=1 htsig0=1 htsig1=1
[EQ][FLOW] abs=88 wifi_start=0 in_frame=1 sym_idx=35 consumed=4 produced=0
[EQ][PRE_EXTRACT] d_sym_idx=35, in_frame=1
[EQ][POST_EQUALIZE] d_sym_idx=35
[EQ][STDERR_DIRECT] Entering direct mixed-mode header detection
[EQ][IDX_CHECK] d_sym_idx=35, condition=0
[EQ][DIRECT_PATH] Entering direct mixed-mode header detection
[EQ][STDERR_BEFORE_GATE] Reached before gate check
[EQ][BEFORE_GATE] Reached before gate check
[EQ][TEST_INSERT] Added new debug output
[EQ][DEBUG_TEST] ======== DEBUG ENTRY ========
[EQ][DEBUG] Checking HT-SIG parse condition: d_sym_idx=35, kHtSig1Rel=5, d_have_ht_header=0
[EQ][DEBUG] valid flags: lltf0=1, lltf1=1, lsig=1, htsig0=1, htsig1=1
[EQ][WHILE_LOOP] iter consumed=5, d_sym_idx=36
[EQ][GATE_DETAIL] d_sym_idx=35, kHtSig1Rel=5, d_have_ht_header=0
[EQ][GATE_DETAIL] valid flags: lltf0=1 lltf1=1 lsig=1 htsig0=1 htsig1=1
[EQ][FLOW] abs=89 wifi_start=0 in_frame=1 sym_idx=36 consumed=5 produced=0
[EQ][PRE_EXTRACT] d_sym_idx=36, in_frame=1
[EQ][POST_EQUALIZE] d_sym_idx=36
[EQ][STDERR_DIRECT] Entering direct mixed-mode header detection
[EQ][IDX_CHECK] d_sym_idx=36, condition=0
[EQ][DIRECT_PATH] Entering direct mixed-mode header detection
[EQ][STDERR_BEFORE_GATE] Reached before gate check
[EQ][BEFORE_GATE] Reached before gate check
[EQ][TEST_INSERT] Added new debug output
[EQ][DEBUG_TEST] ======== DEBUG ENTRY ========
[EQ][DEBUG] Checking HT-SIG parse condition: d_sym_idx=36, kHtSig1Rel=5, d_have_ht_header=0
[EQ][DEBUG] valid flags: lltf0=1, lltf1=1, lsig=1, htsig0=1, htsig1=1
[EQ][WHILE_LOOP] iter consumed=6, d_sym_idx=37
[EQ][GATE_DETAIL] d_sym_idx=36, kHtSig1Rel=5, d_have_ht_header=0
[EQ][GATE_DETAIL] valid flags: lltf0=1 lltf1=1 lsig=1 htsig0=1 htsig1=1
[EQ][FLOW] abs=90 wifi_start=0 in_frame=1 sym_idx=37 consumed=6 produced=0
[EQ][PRE_EXTRACT] d_sym_idx=37, in_frame=1
[EQ][POST_EQUALIZE] d_sym_idx=37
[EQ][STDERR_DIRECT] Entering direct mixed-mode header detection
[EQ][IDX_CHECK] d_sym_idx=37, condition=0
[EQ][DIRECT_PATH] Entering direct mixed-mode header detection
[EQ][STDERR_BEFORE_GATE] Reached before gate check
[EQ][BEFORE_GATE] Reached before gate check
[EQ][TEST_INSERT] Added new debug output
[EQ][DEBUG_TEST] ======== DEBUG ENTRY ========
[EQ][DEBUG] Checking HT-SIG parse condition: d_sym_idx=37, kHtSig1Rel=5, d_have_ht_header=0
[EQ][DEBUG] valid flags: lltf0=1, lltf1=1, lsig=1, htsig0=1, htsig1=1
[EQ][WHILE_LOOP] iter consumed=7, d_sym_idx=38
[EQ][GATE_DETAIL] d_sym_idx=37, kHtSig1Rel=5, d_have_ht_header=0
[EQ][GATE_DETAIL] valid flags: lltf0=1 lltf1=1 lsig=1 htsig0=1 htsig1=1
[EQ][FLOW] abs=91 wifi_start=0 in_frame=1 sym_idx=38 consumed=7 produced=0
[EQ][PRE_EXTRACT] d_sym_idx=38, in_frame=1
[EQ][POST_EQUALIZE] d_sym_idx=38
[EQ][STDERR_DIRECT] Entering direct mixed-mode header detection
[EQ][IDX_CHECK] d_sym_idx=38, condition=0
[EQ][DIRECT_PATH] Entering direct mixed-mode header detection
[EQ][STDERR_BEFORE_GATE] Reached before gate check
[EQ][BEFORE_GATE] Reached before gate check
[EQ][TEST_INSERT] Added new debug output
[EQ][DEBUG_TEST] ======== DEBUG ENTRY ========
[EQ][DEBUG] Checking HT-SIG parse condition: d_sym_idx=38, kHtSig1Rel=5, d_have_ht_header=0
[EQ][DEBUG] valid flags: lltf0=1, lltf1=1, lsig=1, htsig0=1, htsig1=1
[EQ][WHILE_LOOP] iter consumed=8, d_sym_idx=39
[EQ][GATE_DETAIL] d_sym_idx=38, kHtSig1Rel=5, d_have_ht_header=0
[EQ][GATE_DETAIL] valid flags: lltf0=1 lltf1=1 lsig=1 htsig0=1 htsig1=1
[EQ][FLOW] abs=92 wifi_start=0 in_frame=1 sym_idx=39 consumed=8 produced=0
[EQ][PRE_EXTRACT] d_sym_idx=39, in_frame=1
[EQ][POST_EQUALIZE] d_sym_idx=39
[EQ][STDERR_DIRECT] Entering direct mixed-mode header detection
[EQ][IDX_CHECK] d_sym_idx=39, condition=0
[EQ][DIRECT_PATH] Entering direct mixed-mode header detection
[EQ][STDERR_BEFORE_GATE] Reached before gate check
[EQ][BEFORE_GATE] Reached before gate check
[EQ][TEST_INSERT] Added new debug output
[EQ][DEBUG_TEST] ======== DEBUG ENTRY ========
[EQ][DEBUG] Checking HT-SIG parse condition: d_sym_idx=39, kHtSig1Rel=5, d_have_ht_header=0
[EQ][DEBUG] valid flags: lltf0=1, lltf1=1, lsig=1, htsig0=1, htsig1=1
[EQ][WHILE_LOOP] iter consumed=9, d_sym_idx=40
[EQ][GATE_DETAIL] d_sym_idx=39, kHtSig1Rel=5, d_have_ht_header=0
[EQ][GATE_DETAIL] valid flags: lltf0=1 lltf1=1 lsig=1 htsig0=1 htsig1=1
[EQ][FLOW] abs=93 wifi_start=0 in_frame=1 sym_idx=40 consumed=9 produced=0
[EQ][PRE_EXTRACT] d_sym_idx=40, in_frame=1
[EQ][POST_EQUALIZE] d_sym_idx=40
[EQ][STDERR_DIRECT] Entering direct mixed-mode header detection
[EQ][IDX_CHECK] d_sym_idx=40, condition=0
[EQ][DIRECT_PATH] Entering direct mixed-mode header detection
[EQ][STDERR_BEFORE_GATE] Reached before gate check
[EQ][BEFORE_GATE] Reached before gate check
[EQ][TEST_INSERT] Added new debug output
[EQ][DEBUG_TEST] ======== DEBUG ENTRY ========
[EQ][DEBUG] Checking HT-SIG parse condition: d_sym_idx=40, kHtSig1Rel=5, d_have_ht_header=0
[EQ][DEBUG] valid flags: lltf0=1, lltf1=1, lsig=1, htsig0=1, htsig1=1
[EQ][WHILE_LOOP] iter consumed=10, d_sym_idx=41
[EQ][GATE_DETAIL] d_sym_idx=40, kHtSig1Rel=5, d_have_ht_header=0
[EQ][GATE_DETAIL] valid flags: lltf0=1 lltf1=1 lsig=1 htsig0=1 htsig1=1
[EQ][FLOW] abs=94 wifi_start=0 in_frame=1 sym_idx=41 consumed=10 produced=0
[EQ][PRE_EXTRACT] d_sym_idx=41, in_frame=1
[EQ][POST_EQUALIZE] d_sym_idx=41
[EQ][STDERR_DIRECT] Entering direct mixed-mode header detection
[EQ][IDX_CHECK] d_sym_idx=41, condition=0
[EQ][DIRECT_PATH] Entering direct mixed-mode header detection
[EQ][STDERR_BEFORE_GATE] Reached before gate check
[EQ][BEFORE_GATE] Reached before gate check
[EQ][TEST_INSERT] Added new debug output
[EQ][DEBUG_TEST] ======== DEBUG ENTRY ========
[EQ][DEBUG] Checking HT-SIG parse condition: d_sym_idx=41, kHtSig1Rel=5, d_have_ht_header=0
[EQ][DEBUG] valid flags: lltf0=1, lltf1=1, lsig=1, htsig0=1, htsig1=1
[EQ][WHILE_LOOP] iter consumed=11, d_sym_idx=42
[EQ][GATE_DETAIL] d_sym_idx=41, kHtSig1Rel=5, d_have_ht_header=0
[EQ][GATE_DETAIL] valid flags: lltf0=1 lltf1=1 lsig=1 htsig0=1 htsig1=1
[EQ][FLOW] abs=95 wifi_start=0 in_frame=1 sym_idx=42 consumed=11 produced=0
[EQ][PRE_EXTRACT] d_sym_idx=42, in_frame=1
[EQ][POST_EQUALIZE] d_sym_idx=42
[EQ][STDERR_DIRECT] Entering direct mixed-mode header detection
[EQ][IDX_CHECK] d_sym_idx=42, condition=0
[EQ][DIRECT_PATH] Entering direct mixed-mode header detection
[EQ][STDERR_BEFORE_GATE] Reached before gate check
[EQ][BEFORE_GATE] Reached before gate check
[EQ][TEST_INSERT] Added new debug output
[EQ][DEBUG_TEST] ======== DEBUG ENTRY ========
[EQ][DEBUG] Checking HT-SIG parse condition: d_sym_idx=42, kHtSig1Rel=5, d_have_ht_header=0
[EQ][DEBUG] valid flags: lltf0=1, lltf1=1, lsig=1, htsig0=1, htsig1=1
[EQ][GATE_DETAIL] d_sym_idx=42, kHtSig1Rel=5, d_have_ht_header=0
[EQ][GATE_DETAIL] valid flags: lltf0=1 lltf1=1 lsig=1 htsig0=1 htsig1=1
message_debug :info: The `print_pdu` port is deprecated and will be removed; forwarding to `print`.
[MAPPER] handle_msg called
[MAPPER] meta=((encoding . 0) (crc_included . #t))
[MAPPER] meta fields: mcs=0 len=-1 psdu_len=-1
[MAPPER] using MCS=0
[MAPPER] HT mode enabled, effective MCS: 0
***** VERBOSE PDU DEBUG PRINT ******
((encoding . 0) (crc_included . #t))
pdu length =         38 bytes
pdu vector contents = 
0000: 08 00 00 00 42 42 42 42 42 42 23 23 23 23 23 23 
0010: ff ff [TX][HTDATA0][PUNCTURED] bits52=ff 0011010001010001111011100110100111010011000010111000
[TX][HTDATA0][INTERLEAVED] bits52=0011000011101100010011110010011101011111000010000110
[TX][HTDATA0] bits52=0011000011101100010011110010011101011111000010000110
[TX][PUNCTURED-ALL] nbits=676 first64=0011010001010001111011100110100111010011000010111000011011101010 last64=1010111011111010110111111001111010111011110111111111110101110000
[TX][INTERLEAVED-ALL] nbits=676 first64=0011000011101100010011110010011101011111000010000110000111111100 last64=1001001110111011001111110110110111100011111110111110111011101010
ff ff ff 40 00 78 78 78 78 78 78 78 78 
0020: 78 78 9f 35 12 fd 
************************************
[TX][HTDATA0][PUNCTURED] keep existing first-frame reference /tmp/wifi_tx_punctured0_bits52.txt
[TX][HTDATA0][INTERLEAVED] keep existing first-frame reference /tmp/wifi_tx_interleaved0_bits52.txt
[TX][HTDATA0] keep existing first-frame reference /tmp/wifi_tx_data0_bits52.txt
[TX][PUNCTURED-ALL] keep existing first-frame reference /tmp/wifi_tx_punctured_all_bits.txt
[TX][INTERLEAVED-ALL] keep existing first-frame reference /tmp/wifi_tx_interleaved_all_bits.txt
[TX][PUNCTURED-ALL] updated /tmp/wifi_tx_punctured_all_bits.last.txt
[TX][INTERLEAVED-ALL] updated /tmp/wifi_tx_interleaved_all_bits.last.txt
[MAPPER] frame: ht_mode=1 psdu=38 n_sym=13 n_data_bits=338 n_encoded_bits=676 data_carriers=52 out_symbols=676
[HT-HEADER] general_work called ninput=676 noutput=32688
[TX][LSIG] raw24=110100110010000000000000
[TX][LSIG] enc48=110110001010100111001100100011011100000000000000
[TX][LSIG] intl48=110011011001000011010100011000000010011001100000
[TX][HTSIG] fields: mcs=0 len=38 bw40=0 agg=0 sgi=0 stbc=0 adv=0 nltf=0 crc=0x0d
[TX][HTSIG] raw48=000000000110010000000000000000000010110000000000
[TX][HTSIG] enc96=000000000000000000110110111100100011011100000000000000000000000000001110111001101110101100000000
[TX][HTSIG] intl96=000000111110010000000011100110000000000010011000000000011011110000000001100100000000001011101000
[TX][HTHDR][OUTBUF] lsig48=110011011001000011010100011000000010011001100000
[TX][HTHDR][OUTBUF] htsig1_48=000000111110010000000011100110000000000010011000
[TX][HTHDR][OUTBUF] htsig2_48=000000011011110000000001100100000000001011101000
[SYNC-SHORT] general_work called: noutput=16 ninput=2288 threshold=0.010 state=1
SHORT copied 16
[SYNC-LONG] general_work: ninput[0]=16 ninput[1]=320 noutput=16 state=1
LONG ninput[0] 16   ninput[1] 320  noutput 16   state 1
produced : 16 consumed: 16
[SYNC-SHORT] general_work called: noutput=2048 ninput=2272 threshold=0.010 state=1
sync_short :info: frame start at in: 8514 out: 9041
SHORT Frame!
SHORT copied 1
[SYNC-SHORT] general_work called: noutput=2048 ninput=2271 threshold=0.010 state=1
[SYNC-LONG] general_work: ninput[0]=1 ninput[1]=320 noutput=1 state=1
LONG ninput[0] 1   ninput[1] 320  noutput 1   state 1
produced : 1 consumed: 1
sync_short :info: frame start at in: 9044 out: 9571
SHORT Frame!
SHORT copied 530
[SYNC-SHORT] general_work called: noutput=1024 ninput=1741 threshold=0.010 state=1
sync_short :info: frame start at in: 9525 out: 10052
[SYNC-LONG] general_work: ninput[0]=530 ninput[1]=320 noutput=256 state=1
SHORT Frame!
LONG ninput[0] SHORT copied 481
[SYNC-SHORT] general_work called: noutput=1024 ninput=1260 threshold=0.010 state=1
530   ninput[1] 320  noutput 256   state 1
[SYNC-LONG] Received wifi_start tag: freq_offset=0.148 offset=8514 nread=8514
LONG: ignore retrigger tag during COPY nread=8514 d_count=2815 guard=3072 tag_offset=8514
sync_short :info: frame start at in: 10006 out: 10533
SHORT Frame!
SHORT copied 481
produced : 256 consumed: 320
[SYNC-SHORT] general_work called: noutput=512 ninput=779 threshold=0.010 state=1
[SYNC-LONG] general_work: ninput[0]=1172 ninput[1]=1011 noutput=512 state=1
LONG ninput[0] 1172   ninput[1] 1011  noutput 512   state 1
produced : 162 consumed: 210
sync_short :info: frame start at in: 10487 out: 11014
SHORT Frame!
SHORT copied 481
[SYNC-SHORT] general_work called: noutput=256 ninput=298 threshold=0.010 state=1
[SYNC-LONG] general_work: ninput[0]=1443 ninput[1]=1282 noutput=1024 state=1
LONG ninput[0] 1443   ninput[1] 1282  noutput 1024   state 1
SHORT copied 256
[SYNC-LONG] Received wifi_start tag: freq_offset=-0.029 offset=9044 nread=9044
produced : 31 consumed: 0
[SYNC-SHORT] general_work called: noutput=16 ninput=42 threshold=0.010 state=1
SHORT copied 16
[SYNC-SHORT] general_work called: noutput=8 ninput=26 threshold=0.010 state=1
SHORT copied 8
[SYNC-SHORT] general_work called: noutput=2 ninput=18 threshold=0.010 state=1
SHORT copied 2
[SYNC-LONG] general_work: ninput[0]=1725 ninput[1]=2043 noutput=4096 state=0
LONG ninput[0] 1725   ninput[1] 2043  noutput 4096   state 0
[SYNC-LONG] Received wifi_start tag: freq_offset=-0.029 offset=9044 nread=9044
[EQ][ENTER] general_work called nin=8 nout=256
[EQ][CALL] nin=8 nout=256 in_frame=1 sym_idx=43 freq_offset=5890000000.000000
[EQ][WHILE_ENTER] consumed=0, n_in=8
[EQ][WHILE_LOOP] iter consumed=0, d_sym_idx=43
[EQ][FLOW] abs=96 wifi_start=0 in_frame=1 sym_idx=43 consumed=0 produced=0
[EQ][PRE_EXTRACT] d_sym_idx=43, in_frame=1
[EQ][POST_EQUALIZE] d_sym_idx=43
[EQ][STDERR_DIRECT] Entering direct mixed-mode header detection
[EQ][IDX_CHECK] d_sym_idx=43, condition=0
[EQ][DIRECT_PATH] Entering direct mixed-mode header detection
[EQ][STDERR_BEFORE_GATE] Reached before gate check
[EQ][BEFORE_GATE] Reached before gate check
[EQ][TEST_INSERT] Added new debug output
[EQ][DEBUG_TEST] ======== DEBUG ENTRY ========
[EQ][DEBUG] Checking HT-SIG parse condition: d_sym_idx=43, kHtSig1Rel=5, d_have_ht_header=0
[EQ][DEBUG] valid flags: lltf0=1, lltf1=1, lsig=1, htsig0=1, htsig1=1
[EQ][WHILE_LOOP] iter consumed=1, d_sym_idx=44
[EQ][GATE_DETAIL] d_sym_idx=43, kHtSig1Rel=5, d_have_ht_header=0
[EQ][GATE_DETAIL] valid flags: lltf0=1 lltf1=1 lsig=1 htsig0=1 htsig1=1
[EQ][FLOW] abs=97 wifi_start=0 in_frame=1 sym_idx=44 consumed=1 produced=0
[EQ][PRE_EXTRACT] d_sym_idx=44, in_frame=1
[EQ][POST_EQUALIZE] d_sym_idx=44
[EQ][STDERR_DIRECT] Entering direct mixed-mode header detection
[EQ][IDX_CHECK] d_sym_idx=44, condition=0
[EQ][DIRECT_PATH] Entering direct mixed-mode header detection
[EQ][STDERR_BEFORE_GATE] Reached before gate check
[EQ][BEFORE_GATE] Reached before gate check
[EQ][TEST_INSERT] Added new debug output
[EQ][DEBUG_TEST] ======== DEBUG ENTRY ========
[EQ][DEBUG] Checking HT-SIG parse condition: d_sym_idx=44, kHtSig1Rel=5, d_have_ht_header=0
[EQ][DEBUG] valid flags: lltf0=1, lltf1=1, lsig=1, htsig0=1, htsig1=1
[EQ][WHILE_LOOP] iter consumed=2, d_sym_idx=45
[EQ][GATE_DETAIL] d_sym_idx=44, kHtSig1Rel=5, d_have_ht_header=0
[EQ][GATE_DETAIL] valid flags: lltf0=1 lltf1=1 lsig=1 htsig0=1 htsig1=1
[EQ][FLOW] abs=98 wifi_start=0 in_frame=1 sym_idx=45 consumed=2 produced=0
[EQ][PRE_EXTRACT] d_sym_idx=45, in_frame=1
[EQ][POST_EQUALIZE] d_sym_idx=45
[EQ][STDERR_DIRECT] Entering direct mixed-mode header detection
[EQ][IDX_CHECK] d_sym_idx=45, condition=0
[EQ][DIRECT_PATH] Entering direct mixed-mode header detection
[EQ][STDERR_BEFORE_GATE] Reached before gate check
[EQ][BEFORE_GATE] Reached before gate check
[EQ][TEST_INSERT] Added new debug output
[EQ][DEBUG_TEST] ======== DEBUG ENTRY ========
[EQ][DEBUG] Checking HT-SIG parse condition: d_sym_idx=45, kHtSig1Rel=5, d_have_ht_header=0
[EQ][DEBUG] valid flags: lltf0=1, lltf1=1, lsig=1, htsig0=1, htsig1=1
[EQ][WHILE_LOOP] iter consumed=3, d_sym_idx=46
[EQ][GATE_DETAIL] d_sym_idx=45, kHtSig1Rel=5, d_have_ht_header=0
[EQ][GATE_DETAIL] valid flags: lltf0=1 lltf1=1 lsig=1 htsig0=1 htsig1=1
[EQ][FLOW] abs=99 wifi_start=0 in_frame=1 sym_idx=46 consumed=3 produced=0
[EQ][PRE_EXTRACT] d_sym_idx=46, in_frame=1
[EQ][POST_EQUALIZE] d_sym_idx=46
[EQ][STDERR_DIRECT] Entering direct mixed-mode header detection
[EQ][IDX_CHECK] d_sym_idx=46, condition=0
[EQ][DIRECT_PATH] Entering direct mixed-mode header detection
[EQ][STDERR_BEFORE_GATE] Reached before gate check
[EQ][BEFORE_GATE] Reached before gate check
[EQ][TEST_INSERT] Added new debug output
[EQ][DEBUG_TEST] ======== DEBUG ENTRY ========
[EQ][DEBUG] Checking HT-SIG parse condition: d_sym_idx=46, kHtSig1Rel=5, d_have_ht_header=0
[EQ][DEBUG] valid flags: lltf0=1, lltf1=1, lsig=1, htsig0=1, htsig1=1
[EQ][WHILE_LOOP] iter consumed=4, d_sym_idx=47
[EQ][GATE_DETAIL] d_sym_idx=46, kHtSig1Rel=5, d_have_ht_header=0
[EQ][GATE_DETAIL] valid flags: lltf0=1 lltf1=1 lsig=1 htsig0=1 htsig1=1
[EQ][FLOW] abs=100 wifi_start=0 in_frame=1 sym_idx=47 consumed=4 produced=0
[EQ][PRE_EXTRACT] d_sym_idx=47, in_frame=1
[EQ][POST_EQUALIZE] d_sym_idx=47
[EQ][STDERR_DIRECT] Entering direct mixed-mode header detection
[EQ][IDX_CHECK] d_sym_idx=47, condition=0
sync_long :info: LONG: frame start at 190
[EQ][DIRECT_PATH] Entering direct mixed-mode header detection
produced : 0 consumed: 320
[SYNC-LONG] general_work: ninput[0]=1405 ninput[1]=1725 noutput=1024 state=1
LONG ninput[0] 1405   ninput[1] 1725  noutput 1024   state 1
produced : 0 consumed: 161
[SYNC-LONG] general_work: ninput[0]=1244 ninput[1]=1564 noutput=1024 state=1
LONG ninput[0] 1244   ninput[1] 1564  noutput 1024   state 1
[SYNC-LONG] Received wifi_start tag: freq_offset=0.009 offset=9525 nread=9525
LONG: ignore retrigger tag during COPY nread=9525 d_count=0 guard=3072 tag_offset=9525
[EQ][STDERR_BEFORE_GATE] Reached before gate check
[EQ][BEFORE_GATE] Reached before gate check
[EQ][TEST_INSERT] Added new debug output
[EQ][DEBUG_TEST] ======== DEBUG ENTRY ========
[EQ][DEBUG] Checking HT-SIG parse condition: d_sym_idx=47, kHtSig1Rel=5, d_have_ht_header=0
[EQ][DEBUG] valid flags: lltf0=1, lltf1=1, lsig=1, htsig0=1, htsig1=1
[EQ][WHILE_LOOP] iter consumed=5, d_sym_idx=48
[EQ][GATE_DETAIL] d_sym_idx=47, kHtSig1Rel=5, d_have_ht_header=0
[EQ][GATE_DETAIL] valid flags: lltf0=1 lltf1=1 lsig=1 htsig0=1 htsig1=1
[EQ][FLOW] abs=101 wifi_start=0 in_frame=1 sym_idx=48 consumed=5 produced=0
[EQ][PRE_EXTRACT] d_sym_idx=48, in_frame=1
[EQ][POST_EQUALIZE] d_sym_idx=48
[EQ][STDERR_DIRECT] Entering direct mixed-mode header detection
[EQ][IDX_CHECK] d_sym_idx=48, condition=0
[EQ][DIRECT_PATH] Entering direct mixed-mode header detection
[EQ][STDERR_BEFORE_GATE] Reached before gate check
[EQ][BEFORE_GATE] Reached before gate check
[EQ][TEST_INSERT] Added new debug output
[EQ][DEBUG_TEST] ======== DEBUG ENTRY ========
[EQ][DEBUG] Checking HT-SIG parse condition: d_sym_idx=48, kHtSig1Rel=5, d_have_ht_header=0
[EQ][DEBUG] valid flags: lltf0=1, lltf1=1, lsig=1, htsig0=1, htsig1=1
[EQ][WHILE_LOOP] iter consumed=6, d_sym_idx=49
[EQ][GATE_DETAIL] d_sym_idx=48, kHtSig1Rel=5, d_have_ht_header=0
[EQ][GATE_DETAIL] valid flags: lltf0=1 lltf1=1 lsig=1 htsig0=1 htsig1=1
[EQ][FLOW] abs=102 wifi_start=0 in_frame=1 sym_idx=49 consumed=6 produced=0
[EQ][PRE_EXTRACT] d_sym_idx=49, in_frame=1
[EQ][POST_EQUALIZE] d_sym_idx=49
[EQ][STDERR_DIRECT] Entering direct mixed-mode header detection
[EQ][IDX_CHECK] d_sym_idx=49, condition=0
[EQ][DIRECT_PATH] Entering direct mixed-mode header detection
[EQ][STDERR_BEFORE_GATE] Reached before gate check
[EQ][BEFORE_GATE] Reached before gate check
[EQ][TEST_INSERT] Added new debug output
[EQ][DEBUG_TEST] ======== DEBUG ENTRY ========
[EQ][DEBUG] Checking HT-SIG parse condition: d_sym_idx=49, kHtSig1Rel=5, d_have_ht_header=0
[EQ][DEBUG] valid flags: lltf0=1, lltf1=1, lsig=1, htsig0=1, htsig1=1
[EQ][WHILE_LOOP] iter consumed=7, d_sym_idx=50
[EQ][GATE_DETAIL] d_sym_idx=49, kHtSig1Rel=5, d_have_ht_header=0
[EQ][GATE_DETAIL] valid flags: lltf0=1 lltf1=1 lsig=1 htsig0=1 htsig1=1
[EQ][FLOW] abs=103 wifi_start=0 in_frame=1 sym_idx=50 consumed=7 produced=0
[EQ][PRE_EXTRACT] d_sym_idx=50, in_frame=1
[EQ][POST_EQUALIZE] d_sym_idx=50
[EQ][STDERR_DIRECT] Entering direct mixed-mode header detection
[EQ][IDX_CHECK] d_sym_idx=50, condition=0
[EQ][DIRECT_PATH] Entering direct mixed-mode header detection
[EQ][STDERR_BEFORE_GATE] Reached before gate check
[EQ][BEFORE_GATE] Reached before gate check
[EQ][TEST_INSERT] Added new debug output
[EQ][DEBUG_TEST] ======== DEBUG ENTRY ========
[EQ][DEBUG] Checking HT-SIG parse condition: d_sym_idx=50, kHtSig1Rel=5, d_have_ht_header=0
[EQ][DEBUG] valid flags: lltf0=1, lltf1=1, lsig=1, htsig0=1, htsig1=1
[EQ][GATE_DETAIL] d_sym_idx=50, kHtSig1Rel=5, d_have_ht_header=0
[EQ][GATE_DETAIL] valid flags: lltf0=1 lltf1=1 lsig=1 htsig0=1 htsig1=1
produced : 991 consumed: 1244
[EQ][ENTER] general_work called nin=15 nout=512
[EQ][CALL] nin=15 nout=512 in_frame=1 sym_idx=51 freq_offset=5890000000.000000

----------------------------------------------------------------------
Tag Debug: 
Input Stream: 00
  Offset: 6656  Source: sync_long     Key: wifi_start   Value: -5.47245e-06
----------------------------------------------------------------------
[EQ][TAG] wifi_start at offset=104 freq_offset=-0.000005
[EQ][WHILE_ENTER] consumed=0, n_in=15
[EQ][WHILE_LOOP] iter consumed=0, d_sym_idx=51
[EQ][FLOW] abs=104 wifi_start=1 in_frame=1 sym_idx=51 consumed=0 produced=0

----------------------------------------------------------------------
Tag Debug: eq_in_tagdbg
Input Stream: 00
  Offset: 104  Source: sync_long     Key: wifi_start   Value: -5.47245e-06
----------------------------------------------------------------------
[EQ][FLOW] frame-takeover abs=104 allow=1
[EQ][PRE_EXTRACT] d_sym_idx=0, in_frame=1
[EXTRACT_CALL] sym_idx=0, type=OTHER
[EQ][IDX_CHECK] d_sym_idx=0, condition=1
[EQ][VALID_SET] d_sym_idx=0, valid=1
[EQ][SYM_IDX] sym_idx=0, type=UNKNOWN
[EQ][POST_EQUALIZE] d_sym_idx=0
[EQ][RAW_BITS] sym_idx=0 bits52=0000000000000000000000000000000000000000000000000000
[EQ][STDERR_DIRECT] Entering direct mixed-mode header detection
[EQ][DIRECT_PATH] Entering direct mixed-mode header detection
[EQ][STDERR_BEFORE_GATE] Reached before gate check
[EQ][BEFORE_GATE] Reached before gate check
[EQ][TEST_INSERT] Added new debug output
[EQ][DEBUG_TEST] ======== DEBUG ENTRY ========
[EQ][DEBUG] Checking HT-SIG parse condition: d_sym_idx=0, kHtSig1Rel=5, d_have_ht_header=0
[EQ][DEBUG] valid flags: lltf0=0, lltf1=0, lsig=0, htsig0=0, htsig1=0
[EQ][WHILE_LOOP] iter consumed=1, d_sym_idx=1
[EQ][GATE_DETAIL] d_sym_idx=0, kHtSig1Rel=5, d_have_ht_header=0
[EQ][GATE_DETAIL] valid flags: lltf0=0 lltf1=0 lsig=0 htsig0=0 htsig1=0
[EQ][FLOW] abs=105 wifi_start=0 in_frame=1 sym_idx=1 consumed=1 produced=0
[EQ][PRE_EXTRACT] d_sym_idx=1, in_frame=1
[EXTRACT_CALL] sym_idx=1, type=L-LTF0
[EQ][IDX_CHECK] d_sym_idx=1, condition=1
[EQ][VALID_SET] d_sym_idx=1, valid=1
[EQ][SYM_IDX] sym_idx=1, type=L-LTF0
[EQ][POST_EQUALIZE] d_sym_idx=1
[EQ][RAW_BITS] sym_idx=1 bits52=0000000000000000000000000000000000000000000000000000
[EQ][STDERR_DIRECT] Entering direct mixed-mode header detection
[EQ][DIRECT_PATH] Entering direct mixed-mode header detection
[EQ][STDERR_BEFORE_GATE] Reached before gate check
[EQ][BEFORE_GATE] Reached before gate check
[EQ][TEST_INSERT] Added new debug output
[EQ][DEBUG_TEST] ======== DEBUG ENTRY ========
[EQ][DEBUG] Checking HT-SIG parse condition: d_sym_idx=1, kHtSig1Rel=5, d_have_ht_header=0
[EQ][DEBUG] valid flags: lltf0=1, lltf1=0, lsig=0, htsig0=0, htsig1=0
[EQ][WHILE_LOOP] iter consumed=2, d_sym_idx=2
[EQ][GATE_DETAIL] d_sym_idx=1, kHtSig1Rel=5, d_have_ht_header=0
[EQ][GATE_DETAIL] valid flags: lltf0=1 lltf1=0 lsig=0 htsig0=0 htsig1=0
[EQ][FLOW] abs=106 wifi_start=0 in_frame=1 sym_idx=2 consumed=2 produced=0
[EQ][PRE_EXTRACT] d_sym_idx=2, in_frame=1
[EXTRACT_CALL] sym_idx=2, type=L-LTF1
[EQ][IDX_CHECK] d_sym_idx=2, condition=1
[EQ][VALID_SET] d_sym_idx=2, valid=1
[EQ][SYM_IDX] sym_idx=2, type=L-LTF1
[EQ][POST_EQUALIZE] d_sym_idx=2
[EQ][RAW_BITS] sym_idx=2 bits52=0011001101100100001101010001100000001001100110000011
[EQ][STDERR_DIRECT] Entering direct mixed-mode header detection
[EQ][DIRECT_PATH] Entering direct mixed-mode header detection
[EQ][STDERR_BEFORE_GATE] Reached before gate check
[EQ][BEFORE_GATE] Reached before gate check
[EQ][TEST_INSERT] Added new debug output
[EQ][DEBUG_TEST] ======== DEBUG ENTRY ========
[EQ][DEBUG] Checking HT-SIG parse condition: d_sym_idx=2, kHtSig1Rel=5, d_have_ht_header=0
[EQ][DEBUG] valid flags: lltf0=1, lltf1=1, lsig=0, htsig0=0, htsig1=0
[EQ][WHILE_LOOP] iter consumed=3, d_sym_idx=3
[EQ][GATE_DETAIL] d_sym_idx=2, kHtSig1Rel=5, d_have_ht_header=0
[EQ][GATE_DETAIL] valid flags: lltf0=1 lltf1=1 lsig=0 htsig0=0 htsig1=0
[EQ][FLOW] abs=107 wifi_start=0 in_frame=1 sym_idx=3 consumed=3 produced=0
[EQ][PRE_EXTRACT] d_sym_idx=3, in_frame=1
[EXTRACT_CALL] sym_idx=3, type=L-SIG
[EQ][IDX_CHECK] d_sym_idx=3, condition=1
[EQ][VALID_SET] d_sym_idx=3, valid=1
[EQ][SYM_IDX] sym_idx=3, type=L-SIG
[EQ][POST_EQUALIZE] d_sym_idx=3
[EQ][RAW_BITS] sym_idx=3 bits52=0000000011111001000000001110011000000000001001100011
[EQ][STDERR_DIRECT] Entering direct mixed-mode header detection
[EQ][DIRECT_PATH] Entering direct mixed-mode header detection
[EQ][STDERR_BEFORE_GATE] Reached before gate check
[EQ][BEFORE_GATE] Reached before gate check
[EQ][GATE] sym=3 want_htsig1=5 valid={lltf0=1 lltf1=1 lsig=1 htsig0=0 htsig1=0} have_ht=0
[EQ][TEST_INSERT] Added new debug output
[EQ][DEBUG_TEST] ======== DEBUG ENTRY ========
[EQ][DEBUG] Checking HT-SIG parse condition: d_sym_idx=3, kHtSig1Rel=5, d_have_ht_header=0
[EQ][DEBUG] valid flags: lltf0=1, lltf1=1, lsig=1, htsig0=0, htsig1=0
[EQ][WHILE_LOOP] iter consumed=4, d_sym_idx=4
[EQ][GATE_DETAIL] d_sym_idx=3, kHtSig1Rel=5, d_have_ht_header=0
[EQ][GATE_DETAIL] valid flags: lltf0=1 lltf1=1 lsig=1 htsig0=0 htsig1=0
[EQ][FLOW] abs=108 wifi_start=0 in_frame=1 sym_idx=4 consumed=4 produced=0
[EQ][PRE_EXTRACT] d_sym_idx=4, in_frame=1
[EXTRACT_CALL] sym_idx=4, type=HT-SIG0
[EQ][IDX_CHECK] d_sym_idx=4, condition=1
[EQ][VALID_SET] d_sym_idx=4, valid=1
[EQ][SYM_IDX] sym_idx=4, type=HT-SIG0
[EQ][POST_EQUALIZE] d_sym_idx=4
[EQ][RAW_BITS] sym_idx=4 bits52=0001111111010000001101111001101101111111011001011111
[EQ][STDERR_DIRECT] Entering direct mixed-mode header detection
[EQ][DIRECT_PATH] Entering direct mixed-mode header detection
[EQ][STDERR_BEFORE_GATE] Reached before gate check
[EQ][BEFORE_GATE] Reached before gate check
[EQ][GATE] sym=4 want_htsig1=5 valid={lltf0=1 lltf1=1 lsig=1 htsig0=1 htsig1=0} have_ht=0
[EQ][TEST_INSERT] Added new debug output
[EQ][DEBUG_TEST] ======== DEBUG ENTRY ========
[EQ][DEBUG] Checking HT-SIG parse condition: d_sym_idx=4, kHtSig1Rel=5, d_have_ht_header=0
[EQ][DEBUG] valid flags: lltf0=1, lltf1=1, lsig=1, htsig0=1, htsig1=0
[EQ][WHILE_LOOP] iter consumed=5, d_sym_idx=5
[EQ][GATE_DETAIL] d_sym_idx=4, kHtSig1Rel=5, d_have_ht_header=0
[EQ][GATE_DETAIL] valid flags: lltf0=1 lltf1=1 lsig=1 htsig0=1 htsig1=0
[EQ][FLOW] abs=109 wifi_start=0 in_frame=1 sym_idx=5 consumed=5 produced=0
[EQ][PRE_EXTRACT] d_sym_idx=5, in_frame=1
[EXTRACT_CALL] sym_idx=5, type=HT-SIG1
[EQ][IDX_CHECK] d_sym_idx=5, condition=1
[EQ][VALID_SET] d_sym_idx=5, valid=1
[EQ][SYM_IDX] sym_idx=5, type=HT-SIG1
[EQ][POST_EQUALIZE] d_sym_idx=5
[EQ][RAW_BITS] sym_idx=5 bits52=1100110000011011100100011100100011010111111100100000
[EQ][STDERR_DIRECT] Entering direct mixed-mode header detection
[EQ][DIRECT_PATH] Entering direct mixed-mode header detection
[EQ][STDERR_BEFORE_GATE] Reached before gate check
[EQ][BEFORE_GATE] Reached before gate check
[EQ][GATE] sym=5 want_htsig1=5 valid={lltf0=1 lltf1=1 lsig=1 htsig0=1 htsig1=1} have_ht=0
[EQ][TEST_INSERT] Added new debug output
[EQ][DEBUG_TEST] ======== DEBUG ENTRY ========
[EQ][DEBUG] Checking HT-SIG parse condition: d_sym_idx=5, kHtSig1Rel=5, d_have_ht_header=0
[EQ][DEBUG] valid flags: lltf0=1, lltf1=1, lsig=1, htsig0=1, htsig1=1
[EQ][GATE_DETAIL] d_sym_idx=5, kHtSig1Rel=5, d_have_ht_header=0
[EQ][GATE_DETAIL] valid flags: lltf0=1 lltf1=1 lsig=1 htsig0=1 htsig1=1
[EQ][DEBUG_BLOCK] ENTERING HT-SIG PARSE BLOCK
[RX][LLTF-DBG] L-LTF0 valid=1, L-LTF1 valid=1
[RX][LLTF-DBG] L-LTF0 avg_mag=8.8729, L-LTF1 avg_mag=8.8685
[RX][LLTF-DBG] L-LTF0[0:3]: 8.789∠0.003 8.818∠0.002 8.921∠-3.140 8.914∠-3.139 
[RX][LLTF-DBG] L-LTF1[0:3]: 8.827∠-0.002 8.850∠-0.001 8.895∠-3.137 8.891∠-3.137 
[CHAN_EST][DEBUG] L-LTF0 average magnitude: 8.8729
[CHAN_EST][DEBUG] L-LTF1 average magnitude: 8.8685
[CHAN_EST][LLTF_COMPARE] First 20 data subcarriers:
  i=0 sc=-26: expected=1, avg=8.808+0.006i (mag=8.808, phase=0.001), received0=8.789+0.026i received1=8.827+-0.014i
  i=1 sc=-25: expected=1, avg=8.834+0.001i (mag=8.834, phase=0.000), received0=8.818+0.014i received1=8.850+-0.011i
  i=2 sc=-24: expected=-1, avg=-8.908+-0.031i (mag=8.908, phase=-3.138), received0=-8.921+-0.019i received1=-8.895+-0.043i
  i=3 sc=-23: expected=-1, avg=-8.902+-0.031i (mag=8.902, phase=-3.138), received0=-8.914+-0.020i received1=-8.891+-0.041i
  i=4 sc=-22: expected=1, avg=8.854+0.001i (mag=8.854, phase=0.000), received0=8.844+0.006i received1=8.864+-0.004i
  i=5 sc=-20: expected=-1, avg=-0.019+-0.013i (mag=0.023, phase=-2.552), received0=-8.900+-0.024i received1=8.862+-0.002i
  i=6 sc=-19: expected=1, avg=-0.016+-0.016i (mag=0.023, phase=-2.362), received0=8.850+0.004i received1=-8.883+-0.036i
  i=7 sc=-18: expected=-1, avg=-0.014+-0.012i (mag=0.019, phase=-2.448), received0=-8.899+-0.025i received1=8.870+0.001i
  i=8 sc=-17: expected=1, avg=8.864+0.002i (mag=8.864, phase=0.000), received0=8.858+0.002i received1=8.869+0.002i
  i=9 sc=-16: expected=1, avg=-0.012+-0.016i (mag=0.020, phase=-2.227), received0=8.857+0.002i received1=-8.881+-0.034i
  i=10 sc=-15: expected=1, avg=-0.010+-0.016i (mag=0.019, phase=-2.141), received0=8.857+0.002i received1=-8.877+-0.034i
  i=11 sc=-14: expected=1, avg=8.865+0.002i (mag=8.865, phase=0.000), received0=8.859+0.002i received1=8.871+0.002i
  i=12 sc=-13: expected=1, avg=-0.009+-0.015i (mag=0.018, phase=-2.099), received0=8.862+0.002i received1=-8.880+-0.033i
  i=13 sc=-12: expected=1, avg=-0.008+-0.015i (mag=0.017, phase=-2.069), received0=8.861+0.002i received1=-8.878+-0.032i
  i=14 sc=-11: expected=-1, avg=-8.881+-0.029i (mag=8.881, phase=-3.138), received0=-8.888+-0.027i received1=-8.874+-0.031i
  i=15 sc=-10: expected=-1, avg=-8.878+-0.029i (mag=8.878, phase=-3.138), received0=-8.884+-0.028i received1=-8.872+-0.031i
  i=16 sc=-9: expected=1, avg=8.871+0.002i (mag=8.871, phase=0.000), received0=8.866+0.000i received1=8.876+0.004i
  i=17 sc=-8: expected=1, avg=8.873+0.002i (mag=8.873, phase=0.000), received0=8.868+0.000i received1=8.878+0.004i
  i=18 sc=-6: expected=1, avg=-0.002+-0.015i (mag=0.015, phase=-1.730), received0=8.867+0.000i received1=-8.872+-0.031i
  i=19 sc=-5: expected=-1, avg=-0.002+-0.011i (mag=0.011, phase=-1.714), received0=-8.879+-0.027i received1=8.876+0.006i
[CHAN_EST] Average channel magnitude: 4.4445
[CHAN_EST] Channel magnitude range: [0.0106, 8.9078]
[CHAN_EST] Channel phase range: [-2.362, 2.813] rad
[CHAN_EST] Zero magnitude subcarriers: 0/52
[CHAN_EST][SC0] H=8.808+0.006i, mag=8.808, phase=0.001
[CHAN_EST][SC1] H=8.834+0.001i, mag=8.834, phase=0.000
[CHAN_EST][SC2] H=8.908+0.031i, mag=8.908, phase=0.003
[CHAN_EST][SC3] H=8.902+0.031i, mag=8.902, phase=0.003
[CHAN_EST][SC4] H=8.854+0.001i, mag=8.854, phase=0.000
[CHAN_EST][SC5] H=0.019+0.013i, mag=0.023, phase=0.590
[CHAN_EST][SC6] H=-0.016+-0.016i, mag=0.023, phase=-2.362
[CHAN_EST][SC7] H=0.014+0.012i, mag=0.019, phase=0.694
[CHAN_EST][SC8] H=8.864+0.002i, mag=8.864, phase=0.000
[CHAN_EST][SC9] H=-0.012+-0.016i, mag=0.020, phase=-2.227
[EQ_HEADER] CPE estimate: -0.819 rad, rot=0.683+0.731i
[EQ_HEADER][WARNING] Weak channel at SC-20 (idx=5): H_mag=0.0228, skipping
[EQ_HEADER][WARNING] Weak channel at SC-19 (idx=6): H_mag=0.0230, skipping
[EQ_HEADER][WARNING] Weak channel at SC-18 (idx=7): H_mag=0.0187, skipping
[EQ_HEADER][WARNING] Weak channel at SC-16 (idx=9): H_mag=0.0202, skipping
[EQ_HEADER][WARNING] Weak channel at SC-15 (idx=10): H_mag=0.0190, skipping
[EQ_HEADER][WARNING] Weak channel at SC-13 (idx=12): H_mag=0.0177, skipping
[EQ_HEADER][WARNING] Weak channel at SC-12 (idx=13): H_mag=0.0172, skipping
[EQ_HEADER][WARNING] Weak channel at SC-6 (idx=18): H_mag=0.0152, skipping
[EQ_HEADER][WARNING] Weak channel at SC-5 (idx=19): H_mag=0.0110, skipping
[EQ_HEADER][WARNING] Weak channel at SC-4 (idx=20): H_mag=0.0145, skipping
[EQ_HEADER][WARNING] Weak channel at SC-2 (idx=22): H_mag=0.0147, skipping
[EQ_HEADER][WARNING] Weak channel at SC-1 (idx=23): H_mag=0.0148, skipping
[EQ_HEADER][WARNING] Weak channel at SC1 (idx=24): H_mag=0.0146, skipping
[EQ_HEADER][WARNING] Weak channel at SC2 (idx=25): H_mag=0.0106, skipping
[EQ_HEADER][WARNING] Weak channel at SC3 (idx=26): H_mag=0.0106, skipping
[EQ_HEADER][WARNING] Weak channel at SC4 (idx=27): H_mag=0.0147, skipping
[EQ_HEADER][WARNING] Weak channel at SC5 (idx=28): H_mag=0.0149, skipping
[EQ_HEADER][WARNING] Weak channel at SC9 (idx=31): H_mag=0.0149, skipping
[EQ_HEADER][WARNING] Weak channel at SC12 (idx=34): H_mag=0.0146, skipping
[EQ_HEADER][WARNING] Weak channel at SC20 (idx=42): H_mag=0.0225, skipping
[EQ_HEADER][WARNING] Weak channel at SC23 (idx=44): H_mag=0.0326, skipping
[EQ_HEADER][WARNING] Weak channel at SC24 (idx=45): H_mag=0.0367, skipping
[EQ_HEADER][WARNING] Weak channel at SC25 (idx=46): H_mag=0.0428, skipping
[EQ_HEADER][WARNING] Weak channel at SC26 (idx=47): H_mag=0.0509, skipping
[EQ_HEADER] Zero-magnitude H subcarriers: 0/48
[EQ_HEADER] Average RX magnitude: 8.8702
[EQ_HEADER] Average EQ magnitude: 0.5002
[EQ_HEADER] First 10 bits: 0000011111
[EQ_HEADER][SC0] rx=-8.867+-0.053i, eq=-0.684+-0.739i, bit=0
[EQ_HEADER][SC1] rx=-8.881+-0.045i, eq=-0.683+-0.738i, bit=0
[EQ_HEADER][SC2] rx=-8.878+-0.041i, eq=-0.680+-0.729i, bit=0
[EQ_HEADER][SC3] rx=-8.879+-0.040i, eq=-0.680+-0.729i, bit=0
[EQ_HEADER][SC4] rx=-8.879+-0.038i, eq=-0.682+-0.736i, bit=0
[EQ_HEADER] CPE estimate: 1.603 rad, rot=-0.032+-0.999i
[EQ_HEADER][WARNING] Weak channel at SC-20 (idx=5): H_mag=0.0228, skipping
[EQ_HEADER][WARNING] Weak channel at SC-19 (idx=6): H_mag=0.0230, skipping
[EQ_HEADER][WARNING] Weak channel at SC-18 (idx=7): H_mag=0.0187, skipping
[EQ_HEADER][WARNING] Weak channel at SC-16 (idx=9): H_mag=0.0202, skipping
[EQ_HEADER][WARNING] Weak channel at SC-15 (idx=10): H_mag=0.0190, skipping
[EQ_HEADER][WARNING] Weak channel at SC-13 (idx=12): H_mag=0.0177, skipping
[EQ_HEADER][WARNING] Weak channel at SC-12 (idx=13): H_mag=0.0172, skipping
[EQ_HEADER][WARNING] Weak channel at SC-6 (idx=18): H_mag=0.0152, skipping
[EQ_HEADER][WARNING] Weak channel at SC-5 (idx=19): H_mag=0.0110, skipping
[EQ_HEADER][WARNING] Weak channel at SC-4 (idx=20): H_mag=0.0145, skipping
[EQ_HEADER][WARNING] Weak channel at SC-2 (idx=22): H_mag=0.0147, skipping
[EQ_HEADER][WARNING] Weak channel at SC-1 (idx=23): H_mag=0.0148, skipping
[EQ_HEADER][WARNING] Weak channel at SC1 (idx=24): H_mag=0.0146, skipping
[EQ_HEADER][WARNING] Weak channel at SC2 (idx=25): H_mag=0.0106, skipping
[EQ_HEADER][WARNING] Weak channel at SC3 (idx=26): H_mag=0.0106, skipping
[EQ_HEADER][WARNING] Weak channel at SC4 (idx=27): H_mag=0.0147, skipping
[EQ_HEADER][WARNING] Weak channel at SC5 (idx=28): H_mag=0.0149, skipping
[EQ_HEADER][WARNING] Weak channel at SC9 (idx=31): H_mag=0.0149, skipping
[EQ_HEADER][WARNING] Weak channel at SC12 (idx=34): H_mag=0.0146, skipping
[EQ_HEADER][WARNING] Weak channel at SC20 (idx=42): H_mag=0.0225, skipping
[EQ_HEADER][WARNING] Weak channel at SC23 (idx=44): H_mag=0.0326, skipping
[EQ_HEADER][WARNING] Weak channel at SC24 (idx=45): H_mag=0.0367, skipping
[EQ_HEADER][WARNING] Weak channel at SC25 (idx=46): H_mag=0.0428, skipping
[EQ_HEADER][WARNING] Weak channel at SC26 (idx=47): H_mag=0.0509, skipping
[EQ_HEADER] Zero-magnitude H subcarriers: 0/48
[EQ_HEADER] Average RX magnitude: 7.3086
[EQ_HEADER] Average EQ magnitude: 0.3850
[EQ_HEADER] First 10 bits: 1111111111
[EQ_HEADER][SC0] rx=-0.064+2.408i, eq=0.274+-0.002i, bit=1
[EQ_HEADER][SC1] rx=2.539+2.253i, eq=0.246+-0.296i, bit=1
[EQ_HEADER][SC2] rx=4.688+2.128i, eq=0.220+-0.534i, bit=1
[EQ_HEADER][SC3] rx=7.367+1.979i, eq=0.193+-0.835i, bit=1
[EQ_HEADER][SC4] rx=14.247+1.604i, eq=0.129+-1.614i, bit=1
[EQ_HEADER] CPE estimate: -1.098 rad, rot=0.455+0.890i
[EQ_HEADER][WARNING] Weak channel at SC-20 (idx=5): H_mag=0.0228, skipping
[EQ_HEADER][WARNING] Weak channel at SC-19 (idx=6): H_mag=0.0230, skipping
[EQ_HEADER][WARNING] Weak channel at SC-18 (idx=7): H_mag=0.0187, skipping
[EQ_HEADER][WARNING] Weak channel at SC-16 (idx=9): H_mag=0.0202, skipping
[EQ_HEADER][WARNING] Weak channel at SC-15 (idx=10): H_mag=0.0190, skipping
[EQ_HEADER][WARNING] Weak channel at SC-13 (idx=12): H_mag=0.0177, skipping
[EQ_HEADER][WARNING] Weak channel at SC-12 (idx=13): H_mag=0.0172, skipping
[EQ_HEADER][WARNING] Weak channel at SC-6 (idx=18): H_mag=0.0152, skipping
[EQ_HEADER][WARNING] Weak channel at SC-5 (idx=19): H_mag=0.0110, skipping
[EQ_HEADER][WARNING] Weak channel at SC-4 (idx=20): H_mag=0.0145, skipping
[EQ_HEADER][WARNING] Weak channel at SC-2 (idx=22): H_mag=0.0147, skipping
[EQ_HEADER][WARNING] Weak channel at SC-1 (idx=23): H_mag=0.0148, skipping
[EQ_HEADER][WARNING] Weak channel at SC1 (idx=24): H_mag=0.0146, skipping
[EQ_HEADER][WARNING] Weak channel at SC2 (idx=25): H_mag=0.0106, skipping
[EQ_HEADER][WARNING] Weak channel at SC3 (idx=26): H_mag=0.0106, skipping
[EQ_HEADER][WARNING] Weak channel at SC4 (idx=27): H_mag=0.0147, skipping
[EQ_HEADER][WARNING] Weak channel at SC5 (idx=28): H_mag=0.0149, skipping
[EQ_HEADER][WARNING] Weak channel at SC9 (idx=31): H_mag=0.0149, skipping
[EQ_HEADER][WARNING] Weak channel at SC12 (idx=34): H_mag=0.0146, skipping
[EQ_HEADER][WARNING] Weak channel at SC20 (idx=42): H_mag=0.0225, skipping
[EQ_HEADER][WARNING] Weak channel at SC23 (idx=44): H_mag=0.0326, skipping
[EQ_HEADER][WARNING] Weak channel at SC24 (idx=45): H_mag=0.0367, skipping
[EQ_HEADER][WARNING] Weak channel at SC25 (idx=46): H_mag=0.0428, skipping
[EQ_HEADER][WARNING] Weak channel at SC26 (idx=47): H_mag=0.0509, skipping
[EQ_HEADER] Zero-magnitude H subcarriers: 0/48
[EQ_HEADER] Average RX magnitude: 7.2559
[EQ_HEADER] Average EQ magnitude: 0.3816
[EQ_HEADER] First 10 bits: 0011011101
[EQ_HEADER][SC0] rx=-5.099+-0.142i, eq=-0.250+-0.523i, bit=0
[EQ_HEADER][SC1] rx=-14.398+-0.443i, eq=-0.698+-1.474i, bit=0
[EQ_HEADER][SC2] rx=0.372+0.033i, eq=0.016+0.039i, bit=1
[EQ_HEADER][SC3] rx=10.231+0.349i, eq=0.492+1.039i, bit=1
[EQ_HEADER][SC4] rx=-7.960+-0.240i, eq=-0.385+-0.813i, bit=0
[RX][CHAN-EST] Hhdr52: avg_mag=4.4445 avg_phase=0.0011 rad phase_var=4.9251
[RX][CHAN-EST] Hhdr52[0:5]: 8.808∠0.001 8.834∠0.000 8.908∠0.003 8.902∠0.003 8.854∠0.000 0.023∠0.590 
[RX][HDRDBG] rel=3 raw48=000000111110010000000011100110000000000010011000
[RX][HDRDBG] rel=3 eq48 =000001111110110000111011111110010010000010111111
[RX][HDRDBG] rel=3 deintl48=000000011010010100110110111110111011111101001011
[RX][HDRDBG] rel=3 bit-errors: raw->eq=13 eq->deintl=20
[RX][HDRDBG] rel=4 raw48=011111110100000011011110011011011111110110010111
[RX][HDRDBG] rel=4 eq48 =111111111111111111111111111111111111111111111111
[RX][HDRDBG] rel=4 deintl48=111111111111111111111111111111111111111111111111
[RX][HDRDBG] rel=4 bit-errors: raw->eq=17 eq->deintl=0
[RX][HDRDBG] rel=5 raw48=001100000110111001000111001000110101111111001000
[RX][HDRDBG] rel=5 eq48 =001101110110110001111111111110110111111111101111
[RX][HDRDBG] rel=5 deintl48=000011111111011111111111011111111010111101011011
[RX][HDRDBG] rel=5 bit-errors: raw->eq=16 eq->deintl=18
[EQ_HEADER] CPE estimate: -0.819 rad, rot=0.683+0.731i
[EQ_HEADER][WARNING] Weak channel at SC-20 (idx=5): H_mag=0.0228, skipping
[EQ_HEADER][WARNING] Weak channel at SC-19 (idx=6): H_mag=0.0230, skipping
[EQ_HEADER][WARNING] Weak channel at SC-18 (idx=7): H_mag=0.0187, skipping
[EQ_HEADER][WARNING] Weak channel at SC-16 (idx=9): H_mag=0.0202, skipping
[EQ_HEADER][WARNING] Weak channel at SC-15 (idx=10): H_mag=0.0190, skipping
[EQ_HEADER][WARNING] Weak channel at SC-13 (idx=12): H_mag=0.0177, skipping
[EQ_HEADER][WARNING] Weak channel at SC-12 (idx=13): H_mag=0.0172, skipping
[EQ_HEADER][WARNING] Weak channel at SC-6 (idx=18): H_mag=0.0152, skipping
[EQ_HEADER][WARNING] Weak channel at SC-5 (idx=19): H_mag=0.0110, skipping
[EQ_HEADER][WARNING] Weak channel at SC-4 (idx=20): H_mag=0.0145, skipping
[EQ_HEADER][WARNING] Weak channel at SC-2 (idx=22): H_mag=0.0147, skipping
[EQ_HEADER][WARNING] Weak channel at SC-1 (idx=23): H_mag=0.0148, skipping
[EQ_HEADER][WARNING] Weak channel at SC1 (idx=24): H_mag=0.0146, skipping
[EQ_HEADER][WARNING] Weak channel at SC2 (idx=25): H_mag=0.0106, skipping
[EQ_HEADER][WARNING] Weak channel at SC3 (idx=26): H_mag=0.0106, skipping
[EQ_HEADER][WARNING] Weak channel at SC4 (idx=27): H_mag=0.0147, skipping
[EQ_HEADER][WARNING] Weak channel at SC5 (idx=28): H_mag=0.0149, skipping
[EQ_HEADER][WARNING] Weak channel at SC9 (idx=31): H_mag=0.0149, skipping
[EQ_HEADER][WARNING] Weak channel at SC12 (idx=34): H_mag=0.0146, skipping
[EQ_HEADER][WARNING] Weak channel at SC20 (idx=42): H_mag=0.0225, skipping
[EQ_HEADER][WARNING] Weak channel at SC23 (idx=44): H_mag=0.0326, skipping
[EQ_HEADER][WARNING] Weak channel at SC24 (idx=45): H_mag=0.0367, skipping
[EQ_HEADER][WARNING] Weak channel at SC25 (idx=46): H_mag=0.0428, skipping
[EQ_HEADER][WARNING] Weak channel at SC26 (idx=47): H_mag=0.0509, skipping
[EQ_HEADER] Zero-magnitude H subcarriers: 0/48
[EQ_HEADER] Average RX magnitude: 8.8702
[EQ_HEADER] Average EQ magnitude: 0.5002
[EQ_HEADER] First 10 bits: 0000011111
[EQ_HEADER][SC0] rx=-8.867+-0.053i, eq=-0.684+-0.739i, bit=0
[EQ_HEADER][SC1] rx=-8.881+-0.045i, eq=-0.683+-0.738i, bit=0
[EQ_HEADER][SC2] rx=-8.878+-0.041i, eq=-0.680+-0.729i, bit=0
[EQ_HEADER][SC3] rx=-8.879+-0.040i, eq=-0.680+-0.729i, bit=0
[EQ_HEADER][SC4] rx=-8.879+-0.038i, eq=-0.682+-0.736i, bit=0
[EQ_HEADER] CPE estimate: -0.819 rad, rot=0.683+0.731i
[EQ_HEADER][WARNING] Weak channel at SC-20 (idx=5): H_mag=0.0228, skipping
[EQ_HEADER][WARNING] Weak channel at SC-19 (idx=6): H_mag=0.0230, skipping
[EQ_HEADER][WARNING] Weak channel at SC-18 (idx=7): H_mag=0.0187, skipping
[EQ_HEADER][WARNING] Weak channel at SC-16 (idx=9): H_mag=0.0202, skipping
[EQ_HEADER][WARNING] Weak channel at SC-15 (idx=10): H_mag=0.0190, skipping
[EQ_HEADER][WARNING] Weak channel at SC-13 (idx=12): H_mag=0.0177, skipping
[EQ_HEADER][WARNING] Weak channel at SC-12 (idx=13): H_mag=0.0172, skipping
[EQ_HEADER][WARNING] Weak channel at SC-6 (idx=18): H_mag=0.0152, skipping
[EQ_HEADER][WARNING] Weak channel at SC-5 (idx=19): H_mag=0.0110, skipping
[EQ_HEADER][WARNING] Weak channel at SC-4 (idx=20): H_mag=0.0145, skipping
[EQ_HEADER][WARNING] Weak channel at SC-2 (idx=22): H_mag=0.0147, skipping
[EQ_HEADER][WARNING] Weak channel at SC-1 (idx=23): H_mag=0.0148, skipping
[EQ_HEADER][WARNING] Weak channel at SC1 (idx=24): H_mag=0.0146, skipping
[EQ_HEADER][WARNING] Weak channel at SC2 (idx=25): H_mag=0.0106, skipping
[EQ_HEADER][WARNING] Weak channel at SC3 (idx=26): H_mag=0.0106, skipping
[EQ_HEADER][WARNING] Weak channel at SC4 (idx=27): H_mag=0.0147, skipping
[EQ_HEADER][WARNING] Weak channel at SC5 (idx=28): H_mag=0.0149, skipping
[EQ_HEADER][WARNING] Weak channel at SC9 (idx=31): H_mag=0.0149, skipping
[EQ_HEADER][WARNING] Weak channel at SC12 (idx=34): H_mag=0.0146, skipping
[EQ_HEADER][WARNING] Weak channel at SC20 (idx=42): H_mag=0.0225, skipping
[EQ_HEADER][WARNING] Weak channel at SC23 (idx=44): H_mag=0.0326, skipping
[EQ_HEADER][WARNING] Weak channel at SC24 (idx=45): H_mag=0.0367, skipping
[EQ_HEADER][WARNING] Weak channel at SC25 (idx=46): H_mag=0.0428, skipping
[EQ_HEADER][WARNING] Weak channel at SC26 (idx=47): H_mag=0.0509, skipping
[EQ_HEADER] Zero-magnitude H subcarriers: 0/48
[EQ_HEADER] Average RX magnitude: 8.8702
[EQ_HEADER] Average EQ magnitude: 0.5002
[EQ_HEADER] First 10 bits: 0000011111
[EQ_HEADER][SC0] rx=-8.867+-0.053i, eq=-0.684+-0.739i, bit=0
[EQ_HEADER][SC1] rx=-8.881+-0.045i, eq=-0.683+-0.738i, bit=0
[EQ_HEADER][SC2] rx=-8.878+-0.041i, eq=-0.680+-0.729i, bit=0
[EQ_HEADER][SC3] rx=-8.879+-0.040i, eq=-0.680+-0.729i, bit=0
[EQ_HEADER][SC4] rx=-8.879+-0.038i, eq=-0.682+-0.736i, bit=0
[EQ_HEADER] CPE estimate: 1.603 rad, rot=-0.032+-0.999i
[EQ_HEADER][WARNING] Weak channel at SC-20 (idx=5): H_mag=0.0228, skipping
[EQ_HEADER][WARNING] Weak channel at SC-19 (idx=6): H_mag=0.0230, skipping
[EQ_HEADER][WARNING] Weak channel at SC-18 (idx=7): H_mag=0.0187, skipping
[EQ_HEADER][WARNING] Weak channel at SC-16 (idx=9): H_mag=0.0202, skipping
[EQ_HEADER][WARNING] Weak channel at SC-15 (idx=10): H_mag=0.0190, skipping
[EQ_HEADER][WARNING] Weak channel at SC-13 (idx=12): H_mag=0.0177, skipping
[EQ_HEADER][WARNING] Weak channel at SC-12 (idx=13): H_mag=0.0172, skipping
[EQ_HEADER][WARNING] Weak channel at SC-6 (idx=18): H_mag=0.0152, skipping
[EQ_HEADER][WARNING] Weak channel at SC-5 (idx=19): H_mag=0.0110, skipping
[EQ_HEADER][WARNING] Weak channel at SC-4 (idx=20): H_mag=0.0145, skipping
[EQ_HEADER][WARNING] Weak channel at SC-2 (idx=22): H_mag=0.0147, skipping
[EQ_HEADER][WARNING] Weak channel at SC-1 (idx=23): H_mag=0.0148, skipping
[EQ_HEADER][WARNING] Weak channel at SC1 (idx=24): H_mag=0.0146, skipping
[EQ_HEADER][WARNING] Weak channel at SC2 (idx=25): H_mag=0.0106, skipping
[EQ_HEADER][WARNING] Weak channel at SC3 (idx=26): H_mag=0.0106, skipping
[EQ_HEADER][WARNING] Weak channel at SC4 (idx=27): H_mag=0.0147, skipping
[EQ_HEADER][WARNING] Weak channel at SC5 (idx=28): H_mag=0.0149, skipping
[EQ_HEADER][WARNING] Weak channel at SC9 (idx=31): H_mag=0.0149, skipping
[EQ_HEADER][WARNING] Weak channel at SC12 (idx=34): H_mag=0.0146, skipping
[EQ_HEADER][WARNING] Weak channel at SC20 (idx=42): H_mag=0.0225, skipping
[EQ_HEADER][WARNING] Weak channel at SC23 (idx=44): H_mag=0.0326, skipping
[EQ_HEADER][WARNING] Weak channel at SC24 (idx=45): H_mag=0.0367, skipping
[EQ_HEADER][WARNING] Weak channel at SC25 (idx=46): H_mag=0.0428, skipping
[EQ_HEADER][WARNING] Weak channel at SC26 (idx=47): H_mag=0.0509, skipping
[EQ_HEADER] Zero-magnitude H subcarriers: 0/48
[EQ_HEADER] Average RX magnitude: 7.3086
[EQ_HEADER] Average EQ magnitude: 0.3850
[EQ_HEADER] First 10 bits: 1111111111
[EQ_HEADER][SC0] rx=-0.064+2.408i, eq=0.274+-0.002i, bit=1
[EQ_HEADER][SC1] rx=2.539+2.253i, eq=0.246+-0.296i, bit=1
[EQ_HEADER][SC2] rx=4.688+2.128i, eq=0.220+-0.534i, bit=1
[EQ_HEADER][SC3] rx=7.367+1.979i, eq=0.193+-0.835i, bit=1
[EQ_HEADER][SC4] rx=14.247+1.604i, eq=0.129+-1.614i, bit=1
[EQ_HEADER] CPE estimate: -1.098 rad, rot=0.455+0.890i
[EQ_HEADER][WARNING] Weak channel at SC-20 (idx=5): H_mag=0.0228, skipping
[EQ_HEADER][WARNING] Weak channel at SC-19 (idx=6): H_mag=0.0230, skipping
[EQ_HEADER][WARNING] Weak channel at SC-18 (idx=7): H_mag=0.0187, skipping
[EQ_HEADER][WARNING] Weak channel at SC-16 (idx=9): H_mag=0.0202, skipping
[EQ_HEADER][WARNING] Weak channel at SC-15 (idx=10): H_mag=0.0190, skipping
[EQ_HEADER][WARNING] Weak channel at SC-13 (idx=12): H_mag=0.0177, skipping
[EQ_HEADER][WARNING] Weak channel at SC-12 (idx=13): H_mag=0.0172, skipping
[EQ_HEADER][WARNING] Weak channel at SC-6 (idx=18): H_mag=0.0152, skipping
[EQ_HEADER][WARNING] Weak channel at SC-5 (idx=19): H_mag=0.0110, skipping
[EQ_HEADER][WARNING] Weak channel at SC-4 (idx=20): H_mag=0.0145, skipping
[EQ_HEADER][WARNING] Weak channel at SC-2 (idx=22): H_mag=0.0147, skipping
[EQ_HEADER][WARNING] Weak channel at SC-1 (idx=23): H_mag=0.0148, skipping
[EQ_HEADER][WARNING] Weak channel at SC1 (idx=24): H_mag=0.0146, skipping
[EQ_HEADER][WARNING] Weak channel at SC2 (idx=25): H_mag=0.0106, skipping
[EQ_HEADER][WARNING] Weak channel at SC3 (idx=26): H_mag=0.0106, skipping
[EQ_HEADER][WARNING] Weak channel at SC4 (idx=27): H_mag=0.0147, skipping
[EQ_HEADER][WARNING] Weak channel at SC5 (idx=28): H_mag=0.0149, skipping
[EQ_HEADER][WARNING] Weak channel at SC9 (idx=31): H_mag=0.0149, skipping
[EQ_HEADER][WARNING] Weak channel at SC12 (idx=34): H_mag=0.0146, skipping
[EQ_HEADER][WARNING] Weak channel at SC20 (idx=42): H_mag=0.0225, skipping
[EQ_HEADER][WARNING] Weak channel at SC23 (idx=44): H_mag=0.0326, skipping
[EQ_HEADER][WARNING] Weak channel at SC24 (idx=45): H_mag=0.0367, skipping
[EQ_HEADER][WARNING] Weak channel at SC25 (idx=46): H_mag=0.0428, skipping
[EQ_HEADER][WARNING] Weak channel at SC26 (idx=47): H_mag=0.0509, skipping
[EQ_HEADER] Zero-magnitude H subcarriers: 0/48
[EQ_HEADER] Average RX magnitude: 7.2559
[EQ_HEADER] Average EQ magnitude: 0.3816
[EQ_HEADER] First 10 bits: 0011011101
[EQ_HEADER][SC0] rx=-5.099+-0.142i, eq=-0.250+-0.523i, bit=0
[EQ_HEADER][SC1] rx=-14.398+-0.443i, eq=-0.698+-1.474i, bit=0
[EQ_HEADER][SC2] rx=0.372+0.033i, eq=0.016+0.039i, bit=1
[EQ_HEADER][SC3] rx=10.231+0.349i, eq=0.492+1.039i, bit=1
[EQ_HEADER][SC4] rx=-7.960+-0.240i, eq=-0.385+-0.813i, bit=0
[PARSE_HT_SIG] CRC: received=0xed, calculated=0x1d
[PARSE_HT_SIG] CRC mismatch
[EQ_HEADER] CPE estimate: 1.603 rad, rot=-0.032+-0.999i
[EQ_HEADER][WARNING] Weak channel at SC-20 (idx=5): H_mag=0.0228, skipping
[EQ_HEADER][WARNING] Weak channel at SC-19 (idx=6): H_mag=0.0230, skipping
[EQ_HEADER][WARNING] Weak channel at SC-18 (idx=7): H_mag=0.0187, skipping
[EQ_HEADER][WARNING] Weak channel at SC-16 (idx=9): H_mag=0.0202, skipping
[EQ_HEADER][WARNING] Weak channel at SC-15 (idx=10): H_mag=0.0190, skipping
[EQ_HEADER][WARNING] Weak channel at SC-13 (idx=12): H_mag=0.0177, skipping
[EQ_HEADER][WARNING] Weak channel at SC-12 (idx=13): H_mag=0.0172, skipping
[EQ_HEADER][WARNING] Weak channel at SC-6 (idx=18): H_mag=0.0152, skipping
[EQ_HEADER][WARNING] Weak channel at SC-5 (idx=19): H_mag=0.0110, skipping
[EQ_HEADER][WARNING] Weak channel at SC-4 (idx=20): H_mag=0.0145, skipping
[EQ_HEADER][WARNING] Weak channel at SC-2 (idx=22): H_mag=0.0147, skipping
[EQ_HEADER][WARNING] Weak channel at SC-1 (idx=23): H_mag=0.0148, skipping
[EQ_HEADER][WARNING] Weak channel at SC1 (idx=24): H_mag=0.0146, skipping
[EQ_HEADER][WARNING] Weak channel at SC2 (idx=25): H_mag=0.0106, skipping
[EQ_HEADER][WARNING] Weak channel at SC3 (idx=26): H_mag=0.0106, skipping
[EQ_HEADER][WARNING] Weak channel at SC4 (idx=27): H_mag=0.0147, skipping
[EQ_HEADER][WARNING] Weak channel at SC5 (idx=28): H_mag=0.0149, skipping
[EQ_HEADER][WARNING] Weak channel at SC9 (idx=31): H_mag=0.0149, skipping
[EQ_HEADER][WARNING] Weak channel at SC12 (idx=34): H_mag=0.0146, skipping
[EQ_HEADER][WARNING] Weak channel at SC20 (idx=42): H_mag=0.0225, skipping
[EQ_HEADER][WARNING] Weak channel at SC23 (idx=44): H_mag=0.0326, skipping
[EQ_HEADER][WARNING] Weak channel at SC24 (idx=45): H_mag=0.0367, skipping
[EQ_HEADER][WARNING] Weak channel at SC25 (idx=46): H_mag=0.0428, skipping
[EQ_HEADER][WARNING] Weak channel at SC26 (idx=47): H_mag=0.0509, skipping
[EQ_HEADER] Zero-magnitude H subcarriers: 0/48
[EQ_HEADER] Average RX magnitude: 7.3086
[EQ_HEADER] Average EQ magnitude: 0.3850
[EQ_HEADER] First 10 bits: 1111111111
[EQ_HEADER][SC0] rx=-0.064+2.408i, eq=0.274+-0.002i, bit=1
[EQ_HEADER][SC1] rx=2.539+2.253i, eq=0.246+-0.296i, bit=1
[EQ_HEADER][SC2] rx=4.688+2.128i, eq=0.220+-0.534i, bit=1
[EQ_HEADER][SC3] rx=7.367+1.979i, eq=0.193+-0.835i, bit=1
[EQ_HEADER][SC4] rx=14.247+1.604i, eq=0.129+-1.614i, bit=1
[EQ_HEADER] CPE estimate: -1.098 rad, rot=0.455+0.890i
[EQ_HEADER][WARNING] Weak channel at SC-20 (idx=5): H_mag=0.0228, skipping
[EQ_HEADER][WARNING] Weak channel at SC-19 (idx=6): H_mag=0.0230, skipping
[EQ_HEADER][WARNING] Weak channel at SC-18 (idx=7): H_mag=0.0187, skipping
[EQ_HEADER][WARNING] Weak channel at SC-16 (idx=9): H_mag=0.0202, skipping
[EQ_HEADER][WARNING] Weak channel at SC-15 (idx=10): H_mag=0.0190, skipping
[EQ_HEADER][WARNING] Weak channel at SC-13 (idx=12): H_mag=0.0177, skipping
[EQ_HEADER][WARNING] Weak channel at SC-12 (idx=13): H_mag=0.0172, skipping
[EQ_HEADER][WARNING] Weak channel at SC-6 (idx=18): H_mag=0.0152, skipping
[EQ_HEADER][WARNING] Weak channel at SC-5 (idx=19): H_mag=0.0110, skipping
[EQ_HEADER][WARNING] Weak channel at SC-4 (idx=20): H_mag=0.0145, skipping
[EQ_HEADER][WARNING] Weak channel at SC-2 (idx=22): H_mag=0.0147, skipping
[EQ_HEADER][WARNING] Weak channel at SC-1 (idx=23): H_mag=0.0148, skipping
[EQ_HEADER][WARNING] Weak channel at SC1 (idx=24): H_mag=0.0146, skipping
[EQ_HEADER][WARNING] Weak channel at SC2 (idx=25): H_mag=0.0106, skipping
[EQ_HEADER][WARNING] Weak channel at SC3 (idx=26): H_mag=0.0106, skipping
[EQ_HEADER][WARNING] Weak channel at SC4 (idx=27): H_mag=0.0147, skipping
[EQ_HEADER][WARNING] Weak channel at SC5 (idx=28): H_mag=0.0149, skipping
[EQ_HEADER][WARNING] Weak channel at SC9 (idx=31): H_mag=0.0149, skipping
[EQ_HEADER][WARNING] Weak channel at SC12 (idx=34): H_mag=0.0146, skipping
[EQ_HEADER][WARNING] Weak channel at SC20 (idx=42): H_mag=0.0225, skipping
[EQ_HEADER][WARNING] Weak channel at SC23 (idx=44): H_mag=0.0326, skipping
[EQ_HEADER][WARNING] Weak channel at SC24 (idx=45): H_mag=0.0367, skipping
[EQ_HEADER][WARNING] Weak channel at SC25 (idx=46): H_mag=0.0428, skipping
[EQ_HEADER][WARNING] Weak channel at SC26 (idx=47): H_mag=0.0509, skipping
[EQ_HEADER] Zero-magnitude H subcarriers: 0/48
[EQ_HEADER] Average RX magnitude: 7.2559
[EQ_HEADER] Average EQ magnitude: 0.3816
[EQ_HEADER] First 10 bits: 0011011101
[EQ_HEADER][SC0] rx=-5.099+-0.142i, eq=-0.250+-0.523i, bit=0
[EQ_HEADER][SC1] rx=-14.398+-0.443i, eq=-0.698+-1.474i, bit=0
[EQ_HEADER][SC2] rx=0.372+0.033i, eq=0.016+0.039i, bit=1
[EQ_HEADER][SC3] rx=10.231+0.349i, eq=0.492+1.039i, bit=1
[EQ_HEADER][SC4] rx=-7.960+-0.240i, eq=-0.385+-0.813i, bit=0
[PARSE_HT_SIG] CRC: received=0x00, calculated=0xa5
[PARSE_HT_SIG] CRC mismatch
[EQ_HEADER] CPE estimate: 1.603 rad, rot=-0.032+-0.999i
[EQ_HEADER][WARNING] Weak channel at SC-20 (idx=5): H_mag=0.0228, skipping
[EQ_HEADER][WARNING] Weak channel at SC-19 (idx=6): H_mag=0.0230, skipping
[EQ_HEADER][WARNING] Weak channel at SC-18 (idx=7): H_mag=0.0187, skipping
[EQ_HEADER][WARNING] Weak channel at SC-16 (idx=9): H_mag=0.0202, skipping
[EQ_HEADER][WARNING] Weak channel at SC-15 (idx=10): H_mag=0.0190, skipping
[EQ_HEADER][WARNING] Weak channel at SC-13 (idx=12): H_mag=0.0177, skipping
[EQ_HEADER][WARNING] Weak channel at SC-12 (idx=13): H_mag=0.0172, skipping
[EQ_HEADER][WARNING] Weak channel at SC-6 (idx=18): H_mag=0.0152, skipping
[EQ_HEADER][WARNING] Weak channel at SC-5 (idx=19): H_mag=0.0110, skipping
[EQ_HEADER][WARNING] Weak channel at SC-4 (idx=20): H_mag=0.0145, skipping
[EQ_HEADER][WARNING] Weak channel at SC-2 (idx=22): H_mag=0.0147, skipping
[EQ_HEADER][WARNING] Weak channel at SC-1 (idx=23): H_mag=0.0148, skipping
[EQ_HEADER][WARNING] Weak channel at SC1 (idx=24): H_mag=0.0146, skipping
[EQ_HEADER][WARNING] Weak channel at SC2 (idx=25): H_mag=0.0106, skipping
[EQ_HEADER][WARNING] Weak channel at SC3 (idx=26): H_mag=0.0106, skipping
[EQ_HEADER][WARNING] Weak channel at SC4 (idx=27): H_mag=0.0147, skipping
[EQ_HEADER][WARNING] Weak channel at SC5 (idx=28): H_mag=0.0149, skipping
[EQ_HEADER][WARNING] Weak channel at SC9 (idx=31): H_mag=0.0149, skipping
[EQ_HEADER][WARNING] Weak channel at SC12 (idx=34): H_mag=0.0146, skipping
[EQ_HEADER][WARNING] Weak channel at SC20 (idx=42): H_mag=0.0225, skipping
[EQ_HEADER][WARNING] Weak channel at SC23 (idx=44): H_mag=0.0326, skipping
[EQ_HEADER][WARNING] Weak channel at SC24 (idx=45): H_mag=0.0367, skipping
[EQ_HEADER][WARNING] Weak channel at SC25 (idx=46): H_mag=0.0428, skipping
[EQ_HEADER][WARNING] Weak channel at SC26 (idx=47): H_mag=0.0509, skipping
[EQ_HEADER] Zero-magnitude H subcarriers: 0/48
[EQ_HEADER] Average RX magnitude: 7.3086
[EQ_HEADER] Average EQ magnitude: 0.3850
[EQ_HEADER] First 10 bits: 1111111111
[EQ_HEADER][SC0] rx=-0.064+2.408i, eq=0.274+-0.002i, bit=1
[EQ_HEADER][SC1] rx=2.539+2.253i, eq=0.246+-0.296i, bit=1
[EQ_HEADER][SC2] rx=4.688+2.128i, eq=0.220+-0.534i, bit=1
[EQ_HEADER][SC3] rx=7.367+1.979i, eq=0.193+-0.835i, bit=1
[EQ_HEADER][SC4] rx=14.247+1.604i, eq=0.129+-1.614i, bit=1
[EQ_HEADER] CPE estimate: -1.098 rad, rot=0.455+0.890i
[EQ_HEADER][WARNING] Weak channel at SC-20 (idx=5): H_mag=0.0228, skipping
[EQ_HEADER][WARNING] Weak channel at SC-19 (idx=6): H_mag=0.0230, skipping
[EQ_HEADER][WARNING] Weak channel at SC-18 (idx=7): H_mag=0.0187, skipping
[EQ_HEADER][WARNING] Weak channel at SC-16 (idx=9): H_mag=0.0202, skipping
[EQ_HEADER][WARNING] Weak channel at SC-15 (idx=10): H_mag=0.0190, skipping
[EQ_HEADER][WARNING] Weak channel at SC-13 (idx=12): H_mag=0.0177, skipping
[EQ_HEADER][WARNING] Weak channel at SC-12 (idx=13): H_mag=0.0172, skipping
[EQ_HEADER][WARNING] Weak channel at SC-6 (idx=18): H_mag=0.0152, skipping
[EQ_HEADER][WARNING] Weak channel at SC-5 (idx=19): H_mag=0.0110, skipping
[EQ_HEADER][WARNING] Weak channel at SC-4 (idx=20): H_mag=0.0145, skipping
[EQ_HEADER][WARNING] Weak channel at SC-2 (idx=22): H_mag=0.0147, skipping
[EQ_HEADER][WARNING] Weak channel at SC-1 (idx=23): H_mag=0.0148, skipping
[EQ_HEADER][WARNING] Weak channel at SC1 (idx=24): H_mag=0.0146, skipping
[EQ_HEADER][WARNING] Weak channel at SC2 (idx=25): H_mag=0.0106, skipping
[EQ_HEADER][WARNING] Weak channel at SC3 (idx=26): H_mag=0.0106, skipping
[EQ_HEADER][WARNING] Weak channel at SC4 (idx=27): H_mag=0.0147, skipping
[EQ_HEADER][WARNING] Weak channel at SC5 (idx=28): H_mag=0.0149, skipping
[EQ_HEADER][WARNING] Weak channel at SC9 (idx=31): H_mag=0.0149, skipping
[EQ_HEADER][WARNING] Weak channel at SC12 (idx=34): H_mag=0.0146, skipping
[EQ_HEADER][WARNING] Weak channel at SC20 (idx=42): H_mag=0.0225, skipping
[EQ_HEADER][WARNING] Weak channel at SC23 (idx=44): H_mag=0.0326, skipping
[EQ_HEADER][WARNING] Weak channel at SC24 (idx=45): H_mag=0.0367, skipping
[EQ_HEADER][WARNING] Weak channel at SC25 (idx=46): H_mag=0.0428, skipping
[EQ_HEADER][WARNING] Weak channel at SC26 (idx=47): H_mag=0.0509, skipping
[EQ_HEADER] Zero-magnitude H subcarriers: 0/48
[EQ_HEADER] Average RX magnitude: 7.2559
[EQ_HEADER] Average EQ magnitude: 0.3816
[EQ_HEADER] First 10 bits: 0011011101
[EQ_HEADER][SC0] rx=-5.099+-0.142i, eq=-0.250+-0.523i, bit=0
[EQ_HEADER][SC1] rx=-14.398+-0.443i, eq=-0.698+-1.474i, bit=0
[EQ_HEADER][SC2] rx=0.372+0.033i, eq=0.016+0.039i, bit=1
[EQ_HEADER][SC3] rx=10.231+0.349i, eq=0.492+1.039i, bit=1
[EQ_HEADER][SC4] rx=-7.960+-0.240i, eq=-0.385+-0.813i, bit=0
[PARSE_HT_SIG] CRC: received=0xed, calculated=0xd1
[PARSE_HT_SIG] CRC mismatch
[EQ_HEADER] CPE estimate: 1.603 rad, rot=-0.032+-0.999i
[EQ_HEADER][WARNING] Weak channel at SC-20 (idx=5): H_mag=0.0228, skipping
[EQ_HEADER][WARNING] Weak channel at SC-19 (idx=6): H_mag=0.0230, skipping
[EQ_HEADER][WARNING] Weak channel at SC-18 (idx=7): H_mag=0.0187, skipping
[EQ_HEADER][WARNING] Weak channel at SC-16 (idx=9): H_mag=0.0202, skipping
[EQ_HEADER][WARNING] Weak channel at SC-15 (idx=10): H_mag=0.0190, skipping
[EQ_HEADER][WARNING] Weak channel at SC-13 (idx=12): H_mag=0.0177, skipping
[EQ_HEADER][WARNING] Weak channel at SC-12 (idx=13): H_mag=0.0172, skipping
[EQ_HEADER][WARNING] Weak channel at SC-6 (idx=18): H_mag=0.0152, skipping
[EQ_HEADER][WARNING] Weak channel at SC-5 (idx=19): H_mag=0.0110, skipping
[EQ_HEADER][WARNING] Weak channel at SC-4 (idx=20): H_mag=0.0145, skipping
[EQ_HEADER][WARNING] Weak channel at SC-2 (idx=22): H_mag=0.0147, skipping
[EQ_HEADER][WARNING] Weak channel at SC-1 (idx=23): H_mag=0.0148, skipping
[EQ_HEADER][WARNING] Weak channel at SC1 (idx=24): H_mag=0.0146, skipping
[EQ_HEADER][WARNING] Weak channel at SC2 (idx=25): H_mag=0.0106, skipping
[EQ_HEADER][WARNING] Weak channel at SC3 (idx=26): H_mag=0.0106, skipping
[EQ_HEADER][WARNING] Weak channel at SC4 (idx=27): H_mag=0.0147, skipping
[EQ_HEADER][WARNING] Weak channel at SC5 (idx=28): H_mag=0.0149, skipping
[EQ_HEADER][WARNING] Weak channel at SC9 (idx=31): H_mag=0.0149, skipping
[EQ_HEADER][WARNING] Weak channel at SC12 (idx=34): H_mag=0.0146, skipping
[EQ_HEADER][WARNING] Weak channel at SC20 (idx=42): H_mag=0.0225, skipping
[EQ_HEADER][WARNING] Weak channel at SC23 (idx=44): H_mag=0.0326, skipping
[EQ_HEADER][WARNING] Weak channel at SC24 (idx=45): H_mag=0.0367, skipping
[EQ_HEADER][WARNING] Weak channel at SC25 (idx=46): H_mag=0.0428, skipping
[EQ_HEADER][WARNING] Weak channel at SC26 (idx=47): H_mag=0.0509, skipping
[EQ_HEADER] Zero-magnitude H subcarriers: 0/48
[EQ_HEADER] Average RX magnitude: 7.3086
[EQ_HEADER] Average EQ magnitude: 0.3850
[EQ_HEADER] First 10 bits: 1111111111
[EQ_HEADER][SC0] rx=-0.064+2.408i, eq=0.274+-0.002i, bit=1
[EQ_HEADER][SC1] rx=2.539+2.253i, eq=0.246+-0.296i, bit=1
[EQ_HEADER][SC2] rx=4.688+2.128i, eq=0.220+-0.534i, bit=1
[EQ_HEADER][SC3] rx=7.367+1.979i, eq=0.193+-0.835i, bit=1
[EQ_HEADER][SC4] rx=14.247+1.604i, eq=0.129+-1.614i, bit=1
[EQ_HEADER] CPE estimate: -1.098 rad, rot=0.455+0.890i
[EQ_HEADER][WARNING] Weak channel at SC-20 (idx=5): H_mag=0.0228, skipping
[EQ_HEADER][WARNING] Weak channel at SC-19 (idx=6): H_mag=0.0230, skipping
[EQ_HEADER][WARNING] Weak channel at SC-18 (idx=7): H_mag=0.0187, skipping
[EQ_HEADER][WARNING] Weak channel at SC-16 (idx=9): H_mag=0.0202, skipping
[EQ_HEADER][WARNING] Weak channel at SC-15 (idx=10): H_mag=0.0190, skipping
[EQ_HEADER][WARNING] Weak channel at SC-13 (idx=12): H_mag=0.0177, skipping
[EQ_HEADER][WARNING] Weak channel at SC-12 (idx=13): H_mag=0.0172, skipping
[EQ_HEADER][WARNING] Weak channel at SC-6 (idx=18): H_mag=0.0152, skipping
[EQ_HEADER][WARNING] Weak channel at SC-5 (idx=19): H_mag=0.0110, skipping
[EQ_HEADER][WARNING] Weak channel at SC-4 (idx=20): H_mag=0.0145, skipping
[EQ_HEADER][WARNING] Weak channel at SC-2 (idx=22): H_mag=0.0147, skipping
[EQ_HEADER][WARNING] Weak channel at SC-1 (idx=23): H_mag=0.0148, skipping
[EQ_HEADER][WARNING] Weak channel at SC1 (idx=24): H_mag=0.0146, skipping
[EQ_HEADER][WARNING] Weak channel at SC2 (idx=25): H_mag=0.0106, skipping
[EQ_HEADER][WARNING] Weak channel at SC3 (idx=26): H_mag=0.0106, skipping
[EQ_HEADER][WARNING] Weak channel at SC4 (idx=27): H_mag=0.0147, skipping
[EQ_HEADER][WARNING] Weak channel at SC5 (idx=28): H_mag=0.0149, skipping
[EQ_HEADER][WARNING] Weak channel at SC9 (idx=31): H_mag=0.0149, skipping
[EQ_HEADER][WARNING] Weak channel at SC12 (idx=34): H_mag=0.0146, skipping
[EQ_HEADER][WARNING] Weak channel at SC20 (idx=42): H_mag=0.0225, skipping
[EQ_HEADER][WARNING] Weak channel at SC23 (idx=44): H_mag=0.0326, skipping
[EQ_HEADER][WARNING] Weak channel at SC24 (idx=45): H_mag=0.0367, skipping
[EQ_HEADER][WARNING] Weak channel at SC25 (idx=46): H_mag=0.0428, skipping
[EQ_HEADER][WARNING] Weak channel at SC26 (idx=47): H_mag=0.0509, skipping
[EQ_HEADER] Zero-magnitude H subcarriers: 0/48
[EQ_HEADER] Average RX magnitude: 7.2559
[EQ_HEADER] Average EQ magnitude: 0.3816
[EQ_HEADER] First 10 bits: 0011011101
[EQ_HEADER][SC0] rx=-5.099+-0.142i, eq=-0.250+-0.523i, bit=0
[EQ_HEADER][SC1] rx=-14.398+-0.443i, eq=-0.698+-1.474i, bit=0
[EQ_HEADER][SC2] rx=0.372+0.033i, eq=0.016+0.039i, bit=1
[EQ_HEADER][SC3] rx=10.231+0.349i, eq=0.492+1.039i, bit=1
[EQ_HEADER][SC4] rx=-7.960+-0.240i, eq=-0.385+-0.813i, bit=0
[PARSE_HT_SIG] CRC: received=0x31, calculated=0x8e
[PARSE_HT_SIG] CRC mismatch
[EQ][HT-SIG][DEBUG] L-SIG bits (48): 000000001111100100000000111001100000000000100110
[EQ][HT-SIG][DEBUG] HT-SIG0 bits (48): 000111111101000000110111100110110111111101100101
[EQ][HT-SIG][DEBUG] HT-SIG1 bits (48): 110011000001101110010001110010001101011111110010
[EQ][HT-SIG] parse failed: lsig=3 htsig=4/5
[EQ][WHILE_LOOP] iter consumed=6, d_sym_idx=6
[EQ][FLOW] abs=110 wifi_start=0 in_frame=1 sym_idx=6 consumed=6 produced=0
[EQ][PRE_EXTRACT] d_sym_idx=6, in_frame=1
[EXTRACT_CALL] sym_idx=6, type=OTHER
[EQ][IDX_CHECK] d_sym_idx=6, condition=1
[EQ][VALID_SET] d_sym_idx=6, valid=1
[EQ][SYM_IDX] sym_idx=6, type=UNKNOWN
[EQ][POST_EQUALIZE] d_sym_idx=6
[EQ][RAW_BITS] sym_idx=6 bits52=0010001111100000011110001101011000110001001101000111
[EQ][STDERR_DIRECT] Entering direct mixed-mode header detection
[EQ][DIRECT_PATH] Entering direct mixed-mode header detection
[EQ][STDERR_BEFORE_GATE] Reached before gate check
[EQ][BEFORE_GATE] Reached before gate check
[EQ][GATE] sym=6 want_htsig1=5 valid={lltf0=1 lltf1=1 lsig=1 htsig0=1 htsig1=1} have_ht=0
[EQ][TEST_INSERT] Added new debug output
[EQ][DEBUG_TEST] ======== DEBUG ENTRY ========
[EQ][DEBUG] Checking HT-SIG parse condition: d_sym_idx=6, kHtSig1Rel=5, d_have_ht_header=0
[EQ][DEBUG] valid flags: lltf0=1, lltf1=1, lsig=1, htsig0=1, htsig1=1
[EQ][WHILE_LOOP] iter consumed=7, d_sym_idx=7
[EQ][GATE_DETAIL] d_sym_idx=6, kHtSig1Rel=5, d_have_ht_header=0
[EQ][GATE_DETAIL] valid flags: lltf0=1 lltf1=1 lsig=1 htsig0=1 htsig1=1
[EQ][FLOW] abs=111 wifi_start=0 in_frame=1 sym_idx=7 consumed=7 produced=0
[EQ][PRE_EXTRACT] d_sym_idx=7, in_frame=1
[EXTRACT_CALL] sym_idx=7, type=OTHER
[EQ][IDX_CHECK] d_sym_idx=7, condition=1
[EQ][VALID_SET] d_sym_idx=7, valid=1
[EQ][SYM_IDX] sym_idx=7, type=UNKNOWN
[EQ][POST_EQUALIZE] d_sym_idx=7
[EQ][RAW_BITS] sym_idx=7 bits52=1101100011100010101011100010110001001001110110101011
[EQ][STDERR_DIRECT] Entering direct mixed-mode header detection
[EQ][DIRECT_PATH] Entering direct mixed-mode header detection
[EQ][STDERR_BEFORE_GATE] Reached before gate check
[EQ][BEFORE_GATE] Reached before gate check
[EQ][TEST_INSERT] Added new debug output
[EQ][DEBUG_TEST] ======== DEBUG ENTRY ========
[EQ][DEBUG] Checking HT-SIG parse condition: d_sym_idx=7, kHtSig1Rel=5, d_have_ht_header=0
[EQ][DEBUG] valid flags: lltf0=1, lltf1=1, lsig=1, htsig0=1, htsig1=1
[EQ][WHILE_LOOP] iter consumed=8, d_sym_idx=8
[EQ][GATE_DETAIL] d_sym_idx=7, kHtSig1Rel=5, d_have_ht_header=0
[EQ][GATE_DETAIL] valid flags: lltf0=1 lltf1=1 lsig=1 htsig0=1 htsig1=1
[EQ][FLOW] abs=112 wifi_start=0 in_frame=1 sym_idx=8 consumed=8 produced=0
[EQ][PRE_EXTRACT] d_sym_idx=8, in_frame=1
[EQ][POST_EQUALIZE] d_sym_idx=8
[EQ][STDERR_DIRECT] Entering direct mixed-mode header detection
[EQ][IDX_CHECK] d_sym_idx=8, condition=0
[EQ][DIRECT_PATH] Entering direct mixed-mode header detection
[EQ][STDERR_BEFORE_GATE] Reached before gate check
[EQ][BEFORE_GATE] Reached before gate check
[EQ][TEST_INSERT] Added new debug output
[EQ][DEBUG_TEST] ======== DEBUG ENTRY ========
[EQ][DEBUG] Checking HT-SIG parse condition: d_sym_idx=8, kHtSig1Rel=5, d_have_ht_header=0
[EQ][DEBUG] valid flags: lltf0=1, lltf1=1, lsig=1, htsig0=1, htsig1=1
[EQ][WHILE_LOOP] iter consumed=9, d_sym_idx=9
[EQ][GATE_DETAIL] d_sym_idx=8, kHtSig1Rel=5, d_have_ht_header=0
[EQ][GATE_DETAIL] valid flags: lltf0=1 lltf1=1 lsig=1 htsig0=1 htsig1=1
[EQ][FLOW] abs=113 wifi_start=0 in_frame=1 sym_idx=9 consumed=9 produced=0
[EQ][PRE_EXTRACT] d_sym_idx=9, in_frame=1
[EQ][POST_EQUALIZE] d_sym_idx=9
[EQ][STDERR_DIRECT] Entering direct mixed-mode header detection
[EQ][IDX_CHECK] d_sym_idx=9, condition=0
[EQ][DIRECT_PATH] Entering direct mixed-mode header detection
[EQ][STDERR_BEFORE_GATE] Reached before gate check
[EQ][BEFORE_GATE] Reached before gate check
[EQ][TEST_INSERT] Added new debug output
[EQ][DEBUG_TEST] ======== DEBUG ENTRY ========
[EQ][DEBUG] Checking HT-SIG parse condition: d_sym_idx=9, kHtSig1Rel=5, d_have_ht_header=0
[EQ][DEBUG] valid flags: lltf0=1, lltf1=1, lsig=1, htsig0=1, htsig1=1
[EQ][WHILE_LOOP] iter consumed=10, d_sym_idx=10
[EQ][GATE_DETAIL] d_sym_idx=9, kHtSig1Rel=5, d_have_ht_header=0
[EQ][GATE_DETAIL] valid flags: lltf0=1 lltf1=1 lsig=1 htsig0=1 htsig1=1
[EQ][FLOW] abs=114 wifi_start=0 in_frame=1 sym_idx=10 consumed=10 produced=0
[EQ][PRE_EXTRACT] d_sym_idx=10, in_frame=1
[EQ][POST_EQUALIZE] d_sym_idx=10
[EQ][STDERR_DIRECT] Entering direct mixed-mode header detection
[EQ][IDX_CHECK] d_sym_idx=10, condition=0
[EQ][DIRECT_PATH] Entering direct mixed-mode header detection
[EQ][STDERR_BEFORE_GATE] Reached before gate check
[EQ][BEFORE_GATE] Reached before gate check
[EQ][TEST_INSERT] Added new debug output
[EQ][DEBUG_TEST] ======== DEBUG ENTRY ========
[EQ][DEBUG] Checking HT-SIG parse condition: d_sym_idx=10, kHtSig1Rel=5, d_have_ht_header=0
[EQ][DEBUG] valid flags: lltf0=1, lltf1=1, lsig=1, htsig0=1, htsig1=1
[EQ][WHILE_LOOP] iter consumed=11, d_sym_idx=11
[EQ][GATE_DETAIL] d_sym_idx=10, kHtSig1Rel=5, d_have_ht_header=0
[EQ][GATE_DETAIL] valid flags: lltf0=1 lltf1=1 lsig=1 htsig0=1 htsig1=1
[EQ][FLOW] abs=115 wifi_start=0 in_frame=1 sym_idx=11 consumed=11 produced=0
[EQ][PRE_EXTRACT] d_sym_idx=11, in_frame=1
[EQ][POST_EQUALIZE] d_sym_idx=11
[EQ][STDERR_DIRECT] Entering direct mixed-mode header detection
[EQ][IDX_CHECK] d_sym_idx=11, condition=0
[EQ][DIRECT_PATH] Entering direct mixed-mode header detection
[EQ][STDERR_BEFORE_GATE] Reached before gate check
[EQ][BEFORE_GATE] Reached before gate check
[EQ][TEST_INSERT] Added new debug output
[EQ][DEBUG_TEST] ======== DEBUG ENTRY ========
[EQ][DEBUG] Checking HT-SIG parse condition: d_sym_idx=11, kHtSig1Rel=5, d_have_ht_header=0
[EQ][DEBUG] valid flags: lltf0=1, lltf1=1, lsig=1, htsig0=1, htsig1=1
[EQ][WHILE_LOOP] iter consumed=12, d_sym_idx=12
[EQ][PRE_EXTRACT] d_sym_idx=12, in_frame=1
[EQ][POST_EQUALIZE] d_sym_idx=12
[EQ][STDERR_DIRECT] Entering direct mixed-mode header detection
[EQ][GATE_DETAIL] d_sym_idx=11, kHtSig1Rel=5, d_have_ht_header=0
[EQ][GATE_DETAIL] valid flags: lltf0=1 lltf1=1 lsig=1 htsig0=1 htsig1=1
[EQ][IDX_CHECK] d_sym_idx=12, condition=0
[EQ][DIRECT_PATH] Entering direct mixed-mode header detection
[EQ][STDERR_BEFORE_GATE] Reached before gate check
[EQ][BEFORE_GATE] Reached before gate check
[EQ][TEST_INSERT] Added new debug output
[EQ][DEBUG_TEST] ======== DEBUG ENTRY ========
[EQ][DEBUG] Checking HT-SIG parse condition: d_sym_idx=12, kHtSig1Rel=5, d_have_ht_header=0
[EQ][DEBUG] valid flags: lltf0=1, lltf1=1, lsig=1, htsig0=1, htsig1=1
[EQ][WHILE_LOOP] iter consumed=13, d_sym_idx=13
[EQ][PRE_EXTRACT] d_sym_idx=13, in_frame=1
[EQ][POST_EQUALIZE] d_sym_idx=13
[EQ][STDERR_DIRECT] Entering direct mixed-mode header detection
[EQ][GATE_DETAIL] d_sym_idx=12, kHtSig1Rel=5, d_have_ht_header=0
[EQ][GATE_DETAIL] valid flags: lltf0=1 lltf1=1 lsig=1 htsig0=1 htsig1=1
[EQ][IDX_CHECK] d_sym_idx=13, condition=0
[EQ][DIRECT_PATH] Entering direct mixed-mode header detection
[EQ][STDERR_BEFORE_GATE] Reached before gate check
[EQ][BEFORE_GATE] Reached before gate check
[EQ][TEST_INSERT] Added new debug output
[EQ][DEBUG_TEST] ======== DEBUG ENTRY ========
[EQ][DEBUG] Checking HT-SIG parse condition: d_sym_idx=13, kHtSig1Rel=5, d_have_ht_header=0
[EQ][DEBUG] valid flags: lltf0=1, lltf1=1, lsig=1, htsig0=1, htsig1=1
[EQ][WHILE_LOOP] iter consumed=14, d_sym_idx=14
[EQ][PRE_EXTRACT] d_sym_idx=14, in_frame=1
[EQ][POST_EQUALIZE] d_sym_idx=14
[EQ][STDERR_DIRECT] Entering direct mixed-mode header detection
[EQ][GATE_DETAIL] d_sym_idx=13, kHtSig1Rel=5, d_have_ht_header=0
[EQ][GATE_DETAIL] valid flags: lltf0=1 lltf1=1 lsig=1 htsig0=1 htsig1=1
[EQ][IDX_CHECK] d_sym_idx=14, condition=0
[EQ][DIRECT_PATH] Entering direct mixed-mode header detection
[EQ][STDERR_BEFORE_GATE] Reached before gate check
[EQ][BEFORE_GATE] Reached before gate check
[EQ][TEST_INSERT] Added new debug output
[EQ][DEBUG_TEST] ======== DEBUG ENTRY ========
[EQ][DEBUG] Checking HT-SIG parse condition: d_sym_idx=14, kHtSig1Rel=5, d_have_ht_header=0
[EQ][DEBUG] valid flags: lltf0=1, lltf1=1, lsig=1, htsig0=1, htsig1=1
[EQ][GATE_DETAIL] d_sym_idx=14, kHtSig1Rel=5, d_have_ht_header=0
[EQ][GATE_DETAIL] valid flags: lltf0=1 lltf1=1 lsig=1 htsig0=1 htsig1=1
message_debug :info: The `print_pdu` port is deprecated and will be removed; forwarding to `print`.
***** VERBOSE PDU DEBUG PRINT ******
((encoding . 0) (crc_included . #t))
pdu length =         38 bytes
pdu vector contents = 
0000: 08 00 00 00 42 42 42 42 42 42 23 23 23 23 23 23 
0010: ff ff ff ff ff ff 50 00 78 78 78 78 78 78 78 78 
0020: 78 78 63 d8 0a f1 
************************************
[MAPPER] handle_msg called
[MAPPER] meta=((encoding . 0) (crc_included . #t))
[MAPPER] meta fields: mcs=0 len=-1 psdu_len=-1
[MAPPER] using MCS=0
[MAPPER] HT mode enabled, effective MCS: 0
[TX][HTDATA0][PUNCTURED] bits52=0011101011101011001001111000101100010110010001011101
[TX][HTDATA0][INTERLEAVED] bits52=0000010011111000101001101001000011011111110101101011
[TX][HTDATA0] bits52=0000010011111000101001101001000011011111110101101011
[TX][PUNCTURED-ALL] nbits=676 first64=0011101011101011001001111000101100010110010001011101110110001000 last64=0001111100011000010111111011111111100111111001100110010001101010
[TX][INTERLEAVED-ALL] nbits=676 first64=0000010011111000101001101001000011011111110101101011101111010111 last64=0100001010011010011001110110011011000101111111101101100010111110
[TX][HTDATA0][PUNCTURED] keep existing first-frame reference /tmp/wifi_tx_punctured0_bits52.txt
[TX][HTDATA0][INTERLEAVED] keep existing first-frame reference /tmp/wifi_tx_interleaved0_bits52.txt
[TX][HTDATA0] keep existing first-frame reference /tmp/wifi_tx_data0_bits52.txt
[TX][PUNCTURED-ALL] keep existing first-frame reference /tmp/wifi_tx_punctured_all_bits.txt
[TX][INTERLEAVED-ALL] keep existing first-frame reference /tmp/wifi_tx_interleaved_all_bits.txt
[TX][PUNCTURED-ALL] updated /tmp/wifi_tx_punctured_all_bits.last.txt
[TX][INTERLEAVED-ALL] updated /tmp/wifi_tx_interleaved_all_bits.last.txt
[MAPPER] frame: ht_mode=1 psdu=38 n_sym=13 n_data_bits=338 n_encoded_bits=676 data_carriers=52 out_symbols=676
[HT-HEADER] general_work called ninput=676 noutput=32688
[TX][LSIG] raw24=110100110010000000000000
[TX][LSIG] enc48=110110001010100111001100100011011100000000000000
[TX][LSIG] intl48=110011011001000011010100011000000010011001100000
[TX][HTSIG] fields: mcs=0 len=38 bw40=0 agg=0 sgi=0 stbc=0 adv=0 nltf=0 crc=0x0d
[TX][HTSIG] raw48=000000000110010000000000000000000010110000000000
[TX][HTSIG] enc96=000000000000000000110110111100100011011100000000000000000000000000001110111001101110101100000000
[TX][HTSIG] intl96=000000111110010000000011100110000000000010011000000000011011110000000001100100000000001011101000
[TX][HTHDR][OUTBUF] lsig48=110011011001000011010100011000000010011001100000
[TX][HTHDR][OUTBUF] htsig1_48=000000111110010000000011100110000000000010011000
[TX][HTHDR][OUTBUF] htsig2_48=000000011011110000000001100100000000001011101000
[SYNC-SHORT] general_work called: noutput=2048 ninput=2256 threshold=0.010 state=1
sync_short :info: frame start at in: 11305 out: 11832
SHORT Frame!
SHORT copied 536
[SYNC-SHORT] general_work called: noutput=1024 ninput=1720 threshold=0.010 state=1
[SYNC-LONG] general_work: ninput[0]=536 ninput[1]=320 noutput=256 state=1
LONG ninput[0] 536   ninput[1] 320  noutput 256   state 1
sync_short :info: frame start at in: 11786 out: 12313
SHORT Frame!
SHORT copied 481
[SYNC-SHORT] general_work called: noutput=1024 ninput=1239 threshold=0.010 state=1
produced : 256 consumed: 320
[SYNC-LONG] general_work: ninput[0]=697 ninput[1]=1017 noutput=512 state=1
LONG ninput[0] 697   ninput[1] 1017  noutput 512   state 1
produced : 168 consumed: 216
[SYNC-LONG] general_work: ninput[0]=481 ninput[1]=801 noutput=256 state=1
LONG ninput[0] 481   ninput[1] 801  noutput 256   state 1
[SYNC-LONG] Received wifi_start tag: freq_offset=-0.029 offset=11305 nread=11305
LONG: ignore retrigger tag during COPY nread=11305 d_count=1415 guard=3072 tag_offset=11305
sync_short :info: frame start at in: 12267 out: 12794
SHORT Frame!
SHORT copied 481
[SYNC-SHORT] general_work called: noutput=512 ninput=758 threshold=0.010 state=1
produced : 256 consumed: 320
sync_short :info: frame start at in: 12748 out: 13275
SHORT Frame!
SHORT copied 481
[SYNC-SHORT] general_work called: noutput=256 ninput=277 threshold=0.010 state=1
[SYNC-LONG] general_work: ninput[0]=1123 ninput[1]=962 noutput=512 state=1
LONG ninput[0] 1123   ninput[1] 962  noutput 512   state 1
produced : 129 consumed: 161
SHORT copied 256
[SYNC-LONG] general_work: ninput[0]=1218 ninput[1]=1282 noutput=1024 state=1
LONG ninput[0] 1218   ninput[1] 1282  noutput 1024   state 1
[EQ][ENTER] general_work called nin=11 nout=512
[EQ][CALL] nin=11 nout=512 in_frame=1 sym_idx=15 freq_offset=5890000000.000000
[EQ][WHILE_ENTER] consumed=0, n_in=11
[EQ][WHILE_LOOP] iter consumed=0, d_sym_idx=15
[EQ][FLOW] abs=119 wifi_start=0 in_frame=1 sym_idx=15 consumed=0 produced=0
[SYNC-LONG] Received wifi_start tag: freq_offset=0.009 offset=11786 nread=11786
[EQ][PRE_EXTRACT] d_sym_idx=15, in_frame=1
LONG: ignore retrigger tag during COPY nread=11786 d_count=1800[EQ][IDX_CHECK] d_sym_idx=15, condition=0
 guard=3072 tag_offset=11786
[EQ][POST_EQUALIZE] d_sym_idx=15
[EQ][STDERR_DIRECT] Entering direct mixed-mode header detection
[EQ][DIRECT_PATH] Entering direct mixed-mode header detection
[EQ][STDERR_BEFORE_GATE] Reached before gate check
[EQ][BEFORE_GATE] Reached before gate check
[EQ][TEST_INSERT] Added new debug output
[EQ][DEBUG_TEST] ======== DEBUG ENTRY ========
[EQ][DEBUG] Checking HT-SIG parse condition: d_sym_idx=15, kHtSig1Rel=5, d_have_ht_header=0
[EQ][DEBUG] valid flags: lltf0=1, lltf1=1, lsig=1, htsig0=1, htsig1=1
[EQ][WHILE_LOOP] iter consumed=1, d_sym_idx=16
[EQ][GATE_DETAIL] d_sym_idx=15, kHtSig1Rel=5, d_have_ht_header=0
[EQ][GATE_DETAIL] valid flags: lltf0=1 lltf1=1 lsig=1 htsig0=1 htsig1=1
[EQ][FLOW] abs=120 wifi_start=0 in_frame=1 sym_idx=16 consumed=1 produced=0
[EQ][PRE_EXTRACT] d_sym_idx=16, in_frame=1
[SYNC-SHORT] general_work called: noutput=4 ninput=21 threshold=0.010 state=1
[EQ][IDX_CHECK] d_sym_idx=16, condition=0
SHORT copied 4
[EQ][POST_EQUALIZE] d_sym_idx=16
[EQ][STDERR_DIRECT] Entering direct mixed-mode header detection
[EQ][DIRECT_PATH] Entering direct mixed-mode header detection
[SYNC-SHORT] general_work called: noutput=1 ninput=17 threshold=0.010 state=1
SHORT copied 1
[EQ][STDERR_BEFORE_GATE] Reached before gate check
[EQ][BEFORE_GATE] Reached before gate check
[EQ][TEST_INSERT] Added new debug output
[EQ][DEBUG_TEST] ======== DEBUG ENTRY ========
[EQ][DEBUG] Checking HT-SIG parse condition: d_sym_idx=16, kHtSig1Rel=5, d_have_ht_header=0
[EQ][DEBUG] valid flags: lltf0=1, lltf1=1, lsig=1, htsig0=1, htsig1=1
[EQ][WHILE_LOOP] iter consumed=2, d_sym_idx=17
[EQ][GATE_DETAIL] d_sym_idx=16, kHtSig1Rel=5, d_have_ht_header=0
[EQ][GATE_DETAIL] valid flags: lltf0=1 lltf1=1 lsig=1 htsig0=1 htsig1=1
[EQ][FLOW] abs=121 wifi_start=0 in_frame=1 sym_idx=17 consumed=2 produced=0
[EQ][PRE_EXTRACT] d_sym_idx=17, in_frame=1
[EQ][POST_EQUALIZE] d_sym_idx=17
[EQ][STDERR_DIRECT] Entering direct mixed-mode header detection
[EQ][IDX_CHECK] d_sym_idx=17, condition=0
produced : 978 consumed: 1218
[SYNC-LONG] general_work: ninput[0]=5 ninput[1]=325 noutput=4 state=1
[EQ][DIRECT_PATH] Entering direct mixed-mode header detection
[EQ][STDERR_BEFORE_GATE] Reached before gate check
LONG ninput[0] 5   ninput[1] 325  noutput 4   state 1
produced : 4 consumed: 4
[SYNC-LONG] general_work: ninput[0]=1 ninput[1]=321 noutput=1 state=1
LONG ninput[0] 1   ninput[1] 321  noutput 1   state 1
produced : 1 consumed: 1
[EQ][BEFORE_GATE] Reached before gate check
[EQ][TEST_INSERT] Added new debug output
[EQ][DEBUG_TEST] ======== DEBUG ENTRY ========
[EQ][DEBUG] Checking HT-SIG parse condition: d_sym_idx=17, kHtSig1Rel=5, d_have_ht_header=0
[EQ][DEBUG] valid flags: lltf0=1, lltf1=1, lsig=1, htsig0=1, htsig1=1
[EQ][WHILE_LOOP] iter consumed=3, d_sym_idx=18
[EQ][GATE_DETAIL] d_sym_idx=17, kHtSig1Rel=5, d_have_ht_header=0
[EQ][GATE_DETAIL] valid flags: lltf0=1 lltf1=1 lsig=1 htsig0=1 htsig1=1
[EQ][FLOW] abs=122 wifi_start=0 in_frame=1 sym_idx=18 consumed=3 produced=0
[EQ][PRE_EXTRACT] d_sym_idx=18, in_frame=1
[EQ][POST_EQUALIZE] d_sym_idx=18
[EQ][STDERR_DIRECT] Entering direct mixed-mode header detection
[EQ][IDX_CHECK] d_sym_idx=18, condition=0
[EQ][DIRECT_PATH] Entering direct mixed-mode header detection
[EQ][STDERR_BEFORE_GATE] Reached before gate check
[EQ][BEFORE_GATE] Reached before gate check
[EQ][TEST_INSERT] Added new debug output
[EQ][DEBUG_TEST] ======== DEBUG ENTRY ========
[EQ][DEBUG] Checking HT-SIG parse condition: d_sym_idx=18, kHtSig1Rel=5, d_have_ht_header=0
[EQ][DEBUG] valid flags: lltf0=1, lltf1=1, lsig=1, htsig0=1, htsig1=1
[EQ][WHILE_LOOP] iter consumed=4, d_sym_idx=19
[EQ][GATE_DETAIL] d_sym_idx=18, kHtSig1Rel=5, d_have_ht_header=0
[EQ][GATE_DETAIL] valid flags: lltf0=1 lltf1=1 lsig=1 htsig0=1 htsig1=1
[EQ][FLOW] abs=123 wifi_start=0 in_frame=1 sym_idx=19 consumed=4 produced=0
[EQ][PRE_EXTRACT] d_sym_idx=19, in_frame=1
[EQ][POST_EQUALIZE] d_sym_idx=19
[EQ][STDERR_DIRECT] Entering direct mixed-mode header detection
[EQ][IDX_CHECK] d_sym_idx=19, condition=0
[EQ][DIRECT_PATH] Entering direct mixed-mode header detection
[EQ][STDERR_BEFORE_GATE] Reached before gate check
[EQ][BEFORE_GATE] Reached before gate check
[EQ][TEST_INSERT] Added new debug output
[EQ][DEBUG_TEST] ======== DEBUG ENTRY ========
[EQ][DEBUG] Checking HT-SIG parse condition: d_sym_idx=19, kHtSig1Rel=5, d_have_ht_header=0
[EQ][DEBUG] valid flags: lltf0=1, lltf1=1, lsig=1, htsig0=1, htsig1=1
[EQ][WHILE_LOOP] iter consumed=5, d_sym_idx=20
[EQ][GATE_DETAIL] d_sym_idx=19, kHtSig1Rel=5, d_have_ht_header=0
[EQ][GATE_DETAIL] valid flags: lltf0=1 lltf1=1 lsig=1 htsig0=1 htsig1=1
[EQ][FLOW] abs=124 wifi_start=0 in_frame=1 sym_idx=20 consumed=5 produced=0
[EQ][PRE_EXTRACT] d_sym_idx=20, in_frame=1
[EQ][POST_EQUALIZE] d_sym_idx=20
[EQ][STDERR_DIRECT] Entering direct mixed-mode header detection
[EQ][IDX_CHECK] d_sym_idx=20, condition=0
[EQ][DIRECT_PATH] Entering direct mixed-mode header detection
[EQ][STDERR_BEFORE_GATE] Reached before gate check
[EQ][BEFORE_GATE] Reached before gate check
[EQ][TEST_INSERT] Added new debug output
[EQ][DEBUG_TEST] ======== DEBUG ENTRY ========
[EQ][DEBUG] Checking HT-SIG parse condition: d_sym_idx=20, kHtSig1Rel=5, d_have_ht_header=0
[EQ][DEBUG] valid flags: lltf0=1, lltf1=1, lsig=1, htsig0=1, htsig1=1
[EQ][WHILE_LOOP] iter consumed=6, d_sym_idx=21
[EQ][GATE_DETAIL] d_sym_idx=20, kHtSig1Rel=5, d_have_ht_header=0
[EQ][GATE_DETAIL] valid flags: lltf0=1 lltf1=1 lsig=1 htsig0=1 htsig1=1
[EQ][FLOW] abs=125 wifi_start=0 in_frame=1 sym_idx=21 consumed=6 produced=0
[EQ][PRE_EXTRACT] d_sym_idx=21, in_frame=1
[EQ][POST_EQUALIZE] d_sym_idx=21
[EQ][STDERR_DIRECT] Entering direct mixed-mode header detection
[EQ][IDX_CHECK] d_sym_idx=21, condition=0
[EQ][DIRECT_PATH] Entering direct mixed-mode header detection
[EQ][STDERR_BEFORE_GATE] Reached before gate check
[EQ][BEFORE_GATE] Reached before gate check
[EQ][TEST_INSERT] Added new debug output
[EQ][DEBUG_TEST] ======== DEBUG ENTRY ========
[EQ][DEBUG] Checking HT-SIG parse condition: d_sym_idx=21, kHtSig1Rel=5, d_have_ht_header=0
[EQ][DEBUG] valid flags: lltf0=1, lltf1=1, lsig=1, htsig0=1, htsig1=1
[EQ][WHILE_LOOP] iter consumed=7, d_sym_idx=22
[EQ][GATE_DETAIL] d_sym_idx=21, kHtSig1Rel=5, d_have_ht_header=0
[EQ][GATE_DETAIL] valid flags: lltf0=1 lltf1=1 lsig=1 htsig0=1 htsig1=1
[EQ][FLOW] abs=126 wifi_start=0 in_frame=1 sym_idx=22 consumed=7 produced=0
[EQ][PRE_EXTRACT] d_sym_idx=22, in_frame=1
[EQ][POST_EQUALIZE] d_sym_idx=22
[EQ][STDERR_DIRECT] Entering direct mixed-mode header detection
[EQ][IDX_CHECK] d_sym_idx=22, condition=0
[EQ][DIRECT_PATH] Entering direct mixed-mode header detection
[EQ][STDERR_BEFORE_GATE] Reached before gate check
[EQ][BEFORE_GATE] Reached before gate check
[EQ][TEST_INSERT] Added new debug output
[EQ][DEBUG_TEST] ======== DEBUG ENTRY ========
[EQ][DEBUG] Checking HT-SIG parse condition: d_sym_idx=22, kHtSig1Rel=5, d_have_ht_header=0
[EQ][DEBUG] valid flags: lltf0=1, lltf1=1, lsig=1, htsig0=1, htsig1=1
[EQ][WHILE_LOOP] iter consumed=8, d_sym_idx=23
[EQ][GATE_DETAIL] d_sym_idx=22, kHtSig1Rel=5, d_have_ht_header=0
[EQ][GATE_DETAIL] valid flags: lltf0=1 lltf1=1 lsig=1 htsig0=1 htsig1=1
[EQ][FLOW] abs=127 wifi_start=0 in_frame=1 sym_idx=23 consumed=8 produced=0
[EQ][PRE_EXTRACT] d_sym_idx=23, in_frame=1
[EQ][POST_EQUALIZE] d_sym_idx=23
[EQ][STDERR_DIRECT] Entering direct mixed-mode header detection
[EQ][IDX_CHECK] d_sym_idx=23, condition=0
[EQ][DIRECT_PATH] Entering direct mixed-mode header detection
[EQ][STDERR_BEFORE_GATE] Reached before gate check
[EQ][BEFORE_GATE] Reached before gate check
[EQ][TEST_INSERT] Added new debug output
[EQ][DEBUG_TEST] ======== DEBUG ENTRY ========
[EQ][DEBUG] Checking HT-SIG parse condition: d_sym_idx=23, kHtSig1Rel=5, d_have_ht_header=0
[EQ][DEBUG] valid flags: lltf0=1, lltf1=1, lsig=1, htsig0=1, htsig1=1
[EQ][WHILE_LOOP] iter consumed=9, d_sym_idx=24
[EQ][GATE_DETAIL] d_sym_idx=23, kHtSig1Rel=5, d_have_ht_header=0
[EQ][GATE_DETAIL] valid flags: lltf0=1 lltf1=1 lsig=1 htsig0=1 htsig1=1
[EQ][FLOW] abs=128 wifi_start=0 in_frame=1 sym_idx=24 consumed=9 produced=0
[EQ][PRE_EXTRACT] d_sym_idx=24, in_frame=1
[EQ][POST_EQUALIZE] d_sym_idx=24
[EQ][STDERR_DIRECT] Entering direct mixed-mode header detection
[EQ][IDX_CHECK] d_sym_idx=24, condition=0
[EQ][DIRECT_PATH] Entering direct mixed-mode header detection
[EQ][STDERR_BEFORE_GATE] Reached before gate check
[EQ][BEFORE_GATE] Reached before gate check
[EQ][TEST_INSERT] Added new debug output
[EQ][DEBUG_TEST] ======== DEBUG ENTRY ========
[EQ][DEBUG] Checking HT-SIG parse condition: d_sym_idx=24, kHtSig1Rel=5, d_have_ht_header=0
[EQ][DEBUG] valid flags: lltf0=1, lltf1=1, lsig=1, htsig0=1, htsig1=1
[EQ][WHILE_LOOP] iter consumed=10, d_sym_idx=25
[EQ][GATE_DETAIL] d_sym_idx=24, kHtSig1Rel=5, d_have_ht_header=0
[EQ][GATE_DETAIL] valid flags: lltf0=1 lltf1=1 lsig=1 htsig0=1 htsig1=1
[EQ][FLOW] abs=129 wifi_start=0 in_frame=1 sym_idx=25 consumed=10 produced=0
[EQ][PRE_EXTRACT] d_sym_idx=25, in_frame=1
[EQ][POST_EQUALIZE] d_sym_idx=25
[EQ][STDERR_DIRECT] Entering direct mixed-mode header detection
[EQ][IDX_CHECK] d_sym_idx=25, condition=0
[EQ][DIRECT_PATH] Entering direct mixed-mode header detection
[EQ][STDERR_BEFORE_GATE] Reached before gate check
[EQ][BEFORE_GATE] Reached before gate check
[EQ][TEST_INSERT] Added new debug output
[EQ][DEBUG_TEST] ======== DEBUG ENTRY ========
[EQ][DEBUG] Checking HT-SIG parse condition: d_sym_idx=25, kHtSig1Rel=5, d_have_ht_header=0
[EQ][DEBUG] valid flags: lltf0=1, lltf1=1, lsig=1, htsig0=1, htsig1=1
[EQ][ENTER] general_work called nin=17 nout=512
[EQ][CALL] nin=17 nout=512 in_frame=1 sym_idx=26 freq_offset=5890000000.000000
[EQ][GATE_DETAIL] d_sym_idx=25, kHtSig1Rel=5, d_have_ht_header=0
[EQ][GATE_DETAIL] valid flags: lltf0=1 lltf1=1 lsig=1 htsig0=1 htsig1=1
[EQ][WHILE_ENTER] consumed=0, n_in=17
[EQ][WHILE_LOOP] iter consumed=0, d_sym_idx=26
[EQ][FLOW] abs=130 wifi_start=0 in_frame=1 sym_idx=26 consumed=0 produced=0
[EQ][PRE_EXTRACT] d_sym_idx=26, in_frame=1
[EQ][POST_EQUALIZE] d_sym_idx=26
[EQ][STDERR_DIRECT] Entering direct mixed-mode header detection
[EQ][IDX_CHECK] d_sym_idx=26, condition=0
[EQ][DIRECT_PATH] Entering direct mixed-mode header detection
[EQ][STDERR_BEFORE_GATE] Reached before gate check
[EQ][BEFORE_GATE] Reached before gate check
[EQ][TEST_INSERT] Added new debug output
[EQ][DEBUG_TEST] ======== DEBUG ENTRY ========
[EQ][DEBUG] Checking HT-SIG parse condition: d_sym_idx=26, kHtSig1Rel=5, d_have_ht_header=0
[EQ][DEBUG] valid flags: lltf0=1, lltf1=1, lsig=1, htsig0=1, htsig1=1
[EQ][WHILE_LOOP] iter consumed=1, d_sym_idx=27
[EQ][GATE_DETAIL] d_sym_idx=26, kHtSig1Rel=5, d_have_ht_header=0
[EQ][GATE_DETAIL] valid flags: lltf0=1 lltf1=1 lsig=1 htsig0=1 htsig1=1
[EQ][FLOW] abs=131 wifi_start=0 in_frame=1 sym_idx=27 consumed=1 produced=0
[EQ][PRE_EXTRACT] d_sym_idx=27, in_frame=1
[EQ][POST_EQUALIZE] d_sym_idx=27
[EQ][STDERR_DIRECT] Entering direct mixed-mode header detection
[EQ][IDX_CHECK] d_sym_idx=27, condition=0
[EQ][DIRECT_PATH] Entering direct mixed-mode header detection
[EQ][STDERR_BEFORE_GATE] Reached before gate check
[EQ][BEFORE_GATE] Reached before gate check
[EQ][TEST_INSERT] Added new debug output
[EQ][DEBUG_TEST] ======== DEBUG ENTRY ========
[EQ][DEBUG] Checking HT-SIG parse condition: d_sym_idx=27, kHtSig1Rel=5, d_have_ht_header=0
[EQ][DEBUG] valid flags: lltf0=1, lltf1=1, lsig=1, htsig0=1, htsig1=1
[EQ][WHILE_LOOP] iter consumed=2, d_sym_idx=28
[EQ][GATE_DETAIL] d_sym_idx=27, kHtSig1Rel=5, d_have_ht_header=0
[EQ][GATE_DETAIL] valid flags: lltf0=1 lltf1=1 lsig=1 htsig0=1 htsig1=1
[EQ][FLOW] abs=132 wifi_start=0 in_frame=1 sym_idx=28 consumed=2 produced=0
[EQ][PRE_EXTRACT] d_sym_idx=28, in_frame=1
[EQ][POST_EQUALIZE] d_sym_idx=28
[EQ][STDERR_DIRECT] Entering direct mixed-mode header detection
[EQ][IDX_CHECK] d_sym_idx=28, condition=0
[EQ][DIRECT_PATH] Entering direct mixed-mode header detection
[EQ][STDERR_BEFORE_GATE] Reached before gate check
[EQ][BEFORE_GATE] Reached before gate check
[EQ][TEST_INSERT] Added new debug output
[EQ][DEBUG_TEST] ======== DEBUG ENTRY ========
[EQ][DEBUG] Checking HT-SIG parse condition: d_sym_idx=28, kHtSig1Rel=5, d_have_ht_header=0
[EQ][DEBUG] valid flags: lltf0=1, lltf1=1, lsig=1, htsig0=1, htsig1=1
[EQ][WHILE_LOOP] iter consumed=3, d_sym_idx=29
[EQ][GATE_DETAIL] d_sym_idx=28, kHtSig1Rel=5, d_have_ht_header=0
[EQ][GATE_DETAIL] valid flags: lltf0=1 lltf1=1 lsig=1 htsig0=1 htsig1=1
[EQ][FLOW] abs=133 wifi_start=0 in_frame=1 sym_idx=29 consumed=3 produced=0
[EQ][PRE_EXTRACT] d_sym_idx=29, in_frame=1
[EQ][POST_EQUALIZE] d_sym_idx=29
[EQ][STDERR_DIRECT] Entering direct mixed-mode header detection
[EQ][IDX_CHECK] d_sym_idx=29, condition=0
[EQ][DIRECT_PATH] Entering direct mixed-mode header detection
[EQ][STDERR_BEFORE_GATE] Reached before gate check
[EQ][BEFORE_GATE] Reached before gate check
[EQ][TEST_INSERT] Added new debug output
[EQ][DEBUG_TEST] ======== DEBUG ENTRY ========
[EQ][DEBUG] Checking HT-SIG parse condition: d_sym_idx=29, kHtSig1Rel=5, d_have_ht_header=0
[EQ][DEBUG] valid flags: lltf0=1, lltf1=1, lsig=1, htsig0=1, htsig1=1
[EQ][WHILE_LOOP] iter consumed=4, d_sym_idx=30
[EQ][GATE_DETAIL] d_sym_idx=29, kHtSig1Rel=5, d_have_ht_header=0
[EQ][GATE_DETAIL] valid flags: lltf0=1 lltf1=1 lsig=1 htsig0=1 htsig1=1
[EQ][FLOW] abs=134 wifi_start=0 in_frame=1 sym_idx=30 consumed=4 produced=0
[EQ][PRE_EXTRACT] d_sym_idx=30, in_frame=1
[EQ][POST_EQUALIZE] d_sym_idx=30
[EQ][STDERR_DIRECT] Entering direct mixed-mode header detection
[EQ][IDX_CHECK] d_sym_idx=30, condition=0
[EQ][DIRECT_PATH] Entering direct mixed-mode header detection
[EQ][STDERR_BEFORE_GATE] Reached before gate check
[EQ][BEFORE_GATE] Reached before gate check
[EQ][TEST_INSERT] Added new debug output
[EQ][DEBUG_TEST] ======== DEBUG ENTRY ========
[EQ][DEBUG] Checking HT-SIG parse condition: d_sym_idx=30, kHtSig1Rel=5, d_have_ht_header=0
[EQ][DEBUG] valid flags: lltf0=1, lltf1=1, lsig=1, htsig0=1, htsig1=1
[EQ][WHILE_LOOP] iter consumed=5, d_sym_idx=31
[EQ][GATE_DETAIL] d_sym_idx=30, kHtSig1Rel=5, d_have_ht_header=0
[EQ][GATE_DETAIL] valid flags: lltf0=1 lltf1=1 lsig=1 htsig0=1 htsig1=1
[EQ][FLOW] abs=135 wifi_start=0 in_frame=1 sym_idx=31 consumed=5 produced=0
[EQ][PRE_EXTRACT] d_sym_idx=31, in_frame=1
[EQ][POST_EQUALIZE] d_sym_idx=31
[EQ][STDERR_DIRECT] Entering direct mixed-mode header detection
[EQ][IDX_CHECK] d_sym_idx=31, condition=0
[EQ][DIRECT_PATH] Entering direct mixed-mode header detection
[EQ][STDERR_BEFORE_GATE] Reached before gate check
[EQ][BEFORE_GATE] Reached before gate check
[EQ][TEST_INSERT] Added new debug output
[EQ][DEBUG_TEST] ======== DEBUG ENTRY ========
[EQ][DEBUG] Checking HT-SIG parse condition: d_sym_idx=31, kHtSig1Rel=5, d_have_ht_header=0
[EQ][DEBUG] valid flags: lltf0=1, lltf1=1, lsig=1, htsig0=1, htsig1=1
[EQ][WHILE_LOOP] iter consumed=6, d_sym_idx=32
[EQ][GATE_DETAIL] d_sym_idx=31, kHtSig1Rel=5, d_have_ht_header=0
[EQ][GATE_DETAIL] valid flags: lltf0=1 lltf1=1 lsig=1 htsig0=1 htsig1=1
[EQ][FLOW] abs=136 wifi_start=0 in_frame=1 sym_idx=32 consumed=6 produced=0
[EQ][PRE_EXTRACT] d_sym_idx=32, in_frame=1
[EQ][POST_EQUALIZE] d_sym_idx=32
[EQ][STDERR_DIRECT] Entering direct mixed-mode header detection
[EQ][IDX_CHECK] d_sym_idx=32, condition=0
[EQ][DIRECT_PATH] Entering direct mixed-mode header detection
[EQ][STDERR_BEFORE_GATE] Reached before gate check
[EQ][BEFORE_GATE] Reached before gate check
[EQ][TEST_INSERT] Added new debug output
[EQ][DEBUG_TEST] ======== DEBUG ENTRY ========
[EQ][DEBUG] Checking HT-SIG parse condition: d_sym_idx=32, kHtSig1Rel=5, d_have_ht_header=0
[EQ][DEBUG] valid flags: lltf0=1, lltf1=1, lsig=1, htsig0=1, htsig1=1
[EQ][WHILE_LOOP] iter consumed=7, d_sym_idx=33
[EQ][GATE_DETAIL] d_sym_idx=32, kHtSig1Rel=5, d_have_ht_header=0
[EQ][GATE_DETAIL] valid flags: lltf0=1 lltf1=1 lsig=1 htsig0=1 htsig1=1
[EQ][FLOW] abs=137 wifi_start=0 in_frame=1 sym_idx=33 consumed=7 produced=0
[EQ][PRE_EXTRACT] d_sym_idx=33, in_frame=1
[EQ][POST_EQUALIZE] d_sym_idx=33
[EQ][STDERR_DIRECT] Entering direct mixed-mode header detection
[EQ][IDX_CHECK] d_sym_idx=33, condition=0
[EQ][DIRECT_PATH] Entering direct mixed-mode header detection
[EQ][STDERR_BEFORE_GATE] Reached before gate check
[EQ][BEFORE_GATE] Reached before gate check
[EQ][TEST_INSERT] Added new debug output
[EQ][DEBUG_TEST] ======== DEBUG ENTRY ========
[EQ][DEBUG] Checking HT-SIG parse condition: d_sym_idx=33, kHtSig1Rel=5, d_have_ht_header=0
[EQ][DEBUG] valid flags: lltf0=1, lltf1=1, lsig=1, htsig0=1, htsig1=1
[EQ][WHILE_LOOP] iter consumed=8, d_sym_idx=34
[EQ][GATE_DETAIL] d_sym_idx=33, kHtSig1Rel=5, d_have_ht_header=0
[EQ][GATE_DETAIL] valid flags: lltf0=1 lltf1=1 lsig=1 htsig0=1 htsig1=1
[EQ][FLOW] abs=138 wifi_start=0 in_frame=1 sym_idx=34 consumed=8 produced=0
[EQ][PRE_EXTRACT] d_sym_idx=34, in_frame=1
[EQ][POST_EQUALIZE] d_sym_idx=34
[EQ][STDERR_DIRECT] Entering direct mixed-mode header detection
[EQ][IDX_CHECK] d_sym_idx=34, condition=0
[EQ][DIRECT_PATH] Entering direct mixed-mode header detection
[EQ][STDERR_BEFORE_GATE] Reached before gate check
[EQ][BEFORE_GATE] Reached before gate check
[EQ][TEST_INSERT] Added new debug output
[EQ][DEBUG_TEST] ======== DEBUG ENTRY ========
[EQ][DEBUG] Checking HT-SIG parse condition: d_sym_idx=34, kHtSig1Rel=5, d_have_ht_header=0
[EQ][DEBUG] valid flags: lltf0=1, lltf1=1, lsig=1, htsig0=1, htsig1=1
[EQ][WHILE_LOOP] iter consumed=9, d_sym_idx=35
[EQ][GATE_DETAIL] d_sym_idx=34, kHtSig1Rel=5, d_have_ht_header=0
[EQ][GATE_DETAIL] valid flags: lltf0=1 lltf1=1 lsig=1 htsig0=1 htsig1=1
[EQ][FLOW] abs=139 wifi_start=0 in_frame=1 sym_idx=35 consumed=9 produced=0
[EQ][PRE_EXTRACT] d_sym_idx=35, in_frame=1
[EQ][POST_EQUALIZE] d_sym_idx=35
[EQ][STDERR_DIRECT] Entering direct mixed-mode header detection
[EQ][IDX_CHECK] d_sym_idx=35, condition=0
[EQ][DIRECT_PATH] Entering direct mixed-mode header detection
[EQ][STDERR_BEFORE_GATE] Reached before gate check
[EQ][BEFORE_GATE] Reached before gate check
[EQ][TEST_INSERT] Added new debug output
[EQ][DEBUG_TEST] ======== DEBUG ENTRY ========
[EQ][DEBUG] Checking HT-SIG parse condition: d_sym_idx=35, kHtSig1Rel=5, d_have_ht_header=0
[EQ][DEBUG] valid flags: lltf0=1, lltf1=1, lsig=1, htsig0=1, htsig1=1
[EQ][WHILE_LOOP] iter consumed=10, d_sym_idx=36
[EQ][GATE_DETAIL] d_sym_idx=35, kHtSig1Rel=5, d_have_ht_header=0
[EQ][GATE_DETAIL] valid flags: lltf0=1 lltf1=1 lsig=1 htsig0=1 htsig1=1
[EQ][FLOW] abs=140 wifi_start=0 in_frame=1 sym_idx=36 consumed=10 produced=0
[EQ][PRE_EXTRACT] d_sym_idx=36, in_frame=1
[EQ][POST_EQUALIZE] d_sym_idx=36
[EQ][STDERR_DIRECT] Entering direct mixed-mode header detection
[EQ][IDX_CHECK] d_sym_idx=36, condition=0
[EQ][DIRECT_PATH] Entering direct mixed-mode header detection
[EQ][STDERR_BEFORE_GATE] Reached before gate check
[EQ][BEFORE_GATE] Reached before gate check
[EQ][TEST_INSERT] Added new debug output
[EQ][DEBUG_TEST] ======== DEBUG ENTRY ========
[EQ][DEBUG] Checking HT-SIG parse condition: d_sym_idx=36, kHtSig1Rel=5, d_have_ht_header=0
[EQ][DEBUG] valid flags: lltf0=1, lltf1=1, lsig=1, htsig0=1, htsig1=1
[EQ][WHILE_LOOP] iter consumed=11, d_sym_idx=37
[EQ][GATE_DETAIL] d_sym_idx=36, kHtSig1Rel=5, d_have_ht_header=0
[EQ][GATE_DETAIL] valid flags: lltf0=1 lltf1=1 lsig=1 htsig0=1 htsig1=1
[EQ][FLOW] abs=141 wifi_start=0 in_frame=1 sym_idx=37 consumed=11 produced=0
[EQ][PRE_EXTRACT] d_sym_idx=37, in_frame=1
[EQ][POST_EQUALIZE] d_sym_idx=37
[EQ][STDERR_DIRECT] Entering direct mixed-mode header detection
[EQ][IDX_CHECK] d_sym_idx=37, condition=0
[EQ][DIRECT_PATH] Entering direct mixed-mode header detection
[EQ][STDERR_BEFORE_GATE] Reached before gate check
[EQ][BEFORE_GATE] Reached before gate check
[EQ][TEST_INSERT] Added new debug output
[EQ][DEBUG_TEST] ======== DEBUG ENTRY ========
[EQ][DEBUG] Checking HT-SIG parse condition: d_sym_idx=37, kHtSig1Rel=5, d_have_ht_header=0
[EQ][DEBUG] valid flags: lltf0=1, lltf1=1, lsig=1, htsig0=1, htsig1=1
[EQ][WHILE_LOOP] iter consumed=12, d_sym_idx=38
[EQ][PRE_EXTRACT] d_sym_idx=38, in_frame=1
[EQ][POST_EQUALIZE] d_sym_idx=38
[EQ][STDERR_DIRECT] Entering direct mixed-mode header detection
[EQ][GATE_DETAIL] d_sym_idx=37, kHtSig1Rel=5, d_have_ht_header=0
[EQ][GATE_DETAIL] valid flags: lltf0=1 lltf1=1 lsig=1 htsig0=1 htsig1=1
[EQ][IDX_CHECK] d_sym_idx=38, condition=0
[EQ][DIRECT_PATH] Entering direct mixed-mode header detection
[EQ][STDERR_BEFORE_GATE] Reached before gate check
[EQ][BEFORE_GATE] Reached before gate check
[EQ][TEST_INSERT] Added new debug output
[EQ][DEBUG_TEST] ======== DEBUG ENTRY ========
[EQ][DEBUG] Checking HT-SIG parse condition: d_sym_idx=38, kHtSig1Rel=5, d_have_ht_header=0
[EQ][DEBUG] valid flags: lltf0=1, lltf1=1, lsig=1, htsig0=1, htsig1=1
[EQ][WHILE_LOOP] iter consumed=13, d_sym_idx=39
[EQ][PRE_EXTRACT] d_sym_idx=39, in_frame=1
[EQ][POST_EQUALIZE] d_sym_idx=39
[EQ][STDERR_DIRECT] Entering direct mixed-mode header detection
[EQ][GATE_DETAIL] d_sym_idx=38, kHtSig1Rel=5, d_have_ht_header=0
[EQ][GATE_DETAIL] valid flags: lltf0=1 lltf1=1 lsig=1 htsig0=1 htsig1=1
[EQ][IDX_CHECK] d_sym_idx=39, condition=0
[EQ][DIRECT_PATH] Entering direct mixed-mode header detection
[EQ][STDERR_BEFORE_GATE] Reached before gate check
[EQ][BEFORE_GATE] Reached before gate check
[EQ][TEST_INSERT] Added new debug output
[EQ][DEBUG_TEST] ======== DEBUG ENTRY ========
[EQ][DEBUG] Checking HT-SIG parse condition: d_sym_idx=39, kHtSig1Rel=5, d_have_ht_header=0
[EQ][DEBUG] valid flags: lltf0=1, lltf1=1, lsig=1, htsig0=1, htsig1=1
[EQ][WHILE_LOOP] iter consumed=14, d_sym_idx=40
[EQ][PRE_EXTRACT] d_sym_idx=40, in_frame=1
[EQ][POST_EQUALIZE] d_sym_idx=40
[EQ][STDERR_DIRECT] Entering direct mixed-mode header detection
[EQ][GATE_DETAIL] d_sym_idx=39, kHtSig1Rel=5, d_have_ht_header=0
[EQ][GATE_DETAIL] valid flags: lltf0=1 lltf1=1 lsig=1 htsig0=1 htsig1=1
[EQ][IDX_CHECK] d_sym_idx=40, condition=0
[EQ][DIRECT_PATH] Entering direct mixed-mode header detection
[EQ][STDERR_BEFORE_GATE] Reached before gate check
[EQ][BEFORE_GATE] Reached before gate check
[EQ][TEST_INSERT] Added new debug output
[EQ][DEBUG_TEST] ======== DEBUG ENTRY ========
[EQ][DEBUG] Checking HT-SIG parse condition: d_sym_idx=40, kHtSig1Rel=5, d_have_ht_header=0
[EQ][DEBUG] valid flags: lltf0=1, lltf1=1, lsig=1, htsig0=1, htsig1=1
[EQ][WHILE_LOOP] iter consumed=15, d_sym_idx=41
[EQ][PRE_EXTRACT] d_sym_idx=41, in_frame=1
[EQ][POST_EQUALIZE] d_sym_idx=41
[EQ][STDERR_DIRECT] Entering direct mixed-mode header detection
[EQ][GATE_DETAIL] d_sym_idx=40, kHtSig1Rel=5, d_have_ht_header=0
[EQ][GATE_DETAIL] valid flags: lltf0=1 lltf1=1 lsig=1 htsig0=1 htsig1=1
[EQ][IDX_CHECK] d_sym_idx=41, condition=0
[EQ][DIRECT_PATH] Entering direct mixed-mode header detection
[EQ][STDERR_BEFORE_GATE] Reached before gate check
[EQ][BEFORE_GATE] Reached before gate check
[EQ][TEST_INSERT] Added new debug output
[EQ][DEBUG_TEST] ======== DEBUG ENTRY ========
[EQ][DEBUG] Checking HT-SIG parse condition: d_sym_idx=41, kHtSig1Rel=5, d_have_ht_header=0
[EQ][DEBUG] valid flags: lltf0=1, lltf1=1, lsig=1, htsig0=1, htsig1=1
[EQ][WHILE_LOOP] iter consumed=16, d_sym_idx=42
[EQ][PRE_EXTRACT] d_sym_idx=42, in_frame=1
[EQ][POST_EQUALIZE] d_sym_idx=42
[EQ][STDERR_DIRECT] Entering direct mixed-mode header detection
[EQ][GATE_DETAIL] d_sym_idx=41, kHtSig1Rel=5, d_have_ht_header=0
[EQ][GATE_DETAIL] valid flags: lltf0=1 lltf1=1 lsig=1 htsig0=1 htsig1=1
[EQ][IDX_CHECK] d_sym_idx=42, condition=0
[EQ][DIRECT_PATH] Entering direct mixed-mode header detection
[EQ][STDERR_BEFORE_GATE] Reached before gate check
[EQ][BEFORE_GATE] Reached before gate check
[EQ][TEST_INSERT] Added new debug output
[EQ][DEBUG_TEST] ======== DEBUG ENTRY ========
[EQ][DEBUG] Checking HT-SIG parse condition: d_sym_idx=42, kHtSig1Rel=5, d_have_ht_header=0
[EQ][DEBUG] valid flags: lltf0=1, lltf1=1, lsig=1, htsig0=1, htsig1=1
[EQ][GATE_DETAIL] d_sym_idx=42, kHtSig1Rel=5, d_have_ht_header=0
[EQ][GATE_DETAIL] valid flags: lltf0=1 lltf1=1 lsig=1 htsig0=1 htsig1=1
message_debug :info: The `print_pdu` port is deprecated and will be removed; forwarding to `print`.
[MAPPER] handle_msg called
***** VERBOSE PDU DEBUG PRINT ******
((encoding . 0) (crc_included . #t))
pdu length =         38 bytes
pdu vector contents = 
0000: 08 00 00 00 42 42 42 42 42 42 23 23 23 23 23 23 
0010: ff ff ff ff ff ff 60 [MAPPER] meta=00 78 78 78 78 78 78 78 78 
0020: 78 78 67 ee 23 e5 
************************************
((encoding . 0) (crc_included . #t))
[MAPPER] meta fields: mcs=0 len=-1 psdu_len=-1
[MAPPER] using MCS=0
[MAPPER] HT mode enabled, effective MCS: 0
[TX][HTDATA0][PUNCTURED] bits52=0011100110011001000110101011111011010111010100111100
[TX][HTDATA0][INTERLEAVED] bits52=0011001011111010101100000110111110010111000111101010
[TX][HTDATA0] bits52=0011001011111010101100000110111110010111000111101010
[TX][PUNCTURED-ALL] nbits=676 first64=0011100110011001000110101011111011010111010100111100111111000010 last64=1001000000000010101101010101000101011100111010110100100101101101
[TX][INTERLEAVED-ALL] nbits=676 first64=0011001011111010101100000110111110010111000111101010100111101111 last64=1110101010100100000111100010101100001111100101101011010111100101
[TX][HTDATA0][PUNCTURED] keep existing first-frame reference /tmp/wifi_tx_punctured0_bits52.txt
[TX][HTDATA0][INTERLEAVED] keep existing first-frame reference /tmp/wifi_tx_interleaved0_bits52.txt
[TX][HTDATA0] keep existing first-frame reference /tmp/wifi_tx_data0_bits52.txt
[TX][PUNCTURED-ALL] keep existing first-frame reference /tmp/wifi_tx_punctured_all_bits.txt
[TX][INTERLEAVED-ALL] keep existing first-frame reference /tmp/wifi_tx_interleaved_all_bits.txt
[TX][PUNCTURED-ALL] updated /tmp/wifi_tx_punctured_all_bits.last.txt
[TX][INTERLEAVED-ALL] updated /tmp/wifi_tx_interleaved_all_bits.last.txt
[MAPPER] frame: ht_mode=1 psdu=38 n_sym=13 n_data_bits=338 n_encoded_bits=676 data_carriers=52 out_symbols=676
[HT-HEADER] general_work called ninput=676 noutput=32688
[TX][LSIG] raw24=110100110010000000000000
[TX][LSIG] enc48=110110001010100111001100100011011100000000000000
[TX][LSIG] intl48=110011011001000011010100011000000010011001100000
[TX][HTSIG] fields: mcs=0 len=38 bw40=0 agg=0 sgi=0 stbc=0 adv=0 nltf=0 crc=0x0d
[TX][HTSIG] raw48=000000000110010000000000000000000010110000000000
[TX][HTSIG] enc96=000000000000000000110110111100100011011100000000000000000000000000001110111001101110101100000000
[TX][HTSIG] intl96=000000111110010000000011100110000000000010011000000000011011110000000001100100000000001011101000
[TX][HTHDR][OUTBUF] lsig48=110011011001000011010100011000000010011001100000
[TX][HTHDR][OUTBUF] htsig1_48=000000111110010000000011100110000000000010011000
[TX][HTHDR][OUTBUF] htsig2_48=000000011011110000000001100100000000001011101000
[SYNC-SHORT] general_work called: noutput=2048 ninput=2288 threshold=0.010 state=1
sync_short :info: frame start at in: 13566 out: 14093
SHORT Frame!
SHORT copied 557
[SYNC-LONG] general_work: ninput[0]=557 ninput[1]=320 noutput=256 state=1
LONG ninput[0] 557   ninput[1] 320  noutput 256   state 1
[SYNC-SHORT] general_work called: noutput=1024 ninput=1731 threshold=0.010 state=1
produced : 256 consumed: 320
[SYNC-LONG] general_work: ninput[0]=237 ninput[1]=557 noutput=128 state=1
sync_short :info: frame start at in: 14047 out: 14574
LONG ninput[0] 237   ninput[1] 557  noutput 128   state 1
produced : 128 consumed: 160
SHORT Frame!
SHORT copied 481
[SYNC-LONG] general_work: ninput[0]=558 ninput[1]=397 noutput=256 state=1
LONG ninput[0] 558   ninput[1] 397  noutput 256   state 1
[SYNC-SHORT] general_work called: noutput=1024 ninput=1250 threshold=0.010 state=1
produced : 61 consumed: 77
[SYNC-LONG] general_work: ninput[0]=481 ninput[1]=320 noutput=256 state=1
LONG ninput[0] 481   ninput[1] 320  noutput 256   state 1
[SYNC-LONG] Received wifi_start tag: freq_offset=-0.029 offset=13566 nread=13566
produced : 36 consumed: 0
sync_short :info: frame start at in: 14528 out: 15055
SHORT Frame!
SHORT copied 481
[SYNC-SHORT] general_work called: noutput=512 ninput=769 threshold=0.010 state=1
[EQ][ENTER] general_work called nin=6 nout=256
[EQ][CALL] nin=6 nout=256 in_frame=1 sym_idx=43 freq_offset=5890000000.000000
[EQ][WHILE_ENTER] consumed=0, n_in=6
[EQ][WHILE_LOOP] iter consumed=0, d_sym_idx=43
[EQ][FLOW] abs=147 wifi_start=0 in_frame=1 sym_idx=43 consumed=0 produced=0
[EQ][PRE_EXTRACT] d_sym_idx=43, in_frame=1
sync_short :info: frame start at in: 15009 out: 15536
SHORT Frame!
SHORT copied 481
[SYNC-LONG] general_work: ninput[0]=962 ninput[1]=801 noutput=4096 state=0
[EQ][IDX_CHECK] d_sym_idx=43, condition=0
LONG ninput[0] 962   ninput[1] 801  noutput 4096   state 0
[SYNC-SHORT] general_work called: noutput=256 ninput=288 threshold=0.010 state=1
[SYNC-LONG] Received wifi_start tag: freq_offset=-0.029 offset=13566 nread=13566
[EQ][POST_EQUALIZE] d_sym_idx=43
[EQ][STDERR_DIRECT] Entering direct mixed-mode header detection
[EQ][DIRECT_PATH] Entering direct mixed-mode header detection
[EQ][STDERR_BEFORE_GATE] Reached before gate check
[EQ][BEFORE_GATE] Reached before gate check
[EQ][TEST_INSERT] Added new debug output
[EQ][DEBUG_TEST] ======== DEBUG ENTRY ========
[EQ][DEBUG] Checking HT-SIG parse condition: d_sym_idx=43, kHtSig1Rel=5, d_have_ht_header=0
[EQ][DEBUG] valid flags: lltf0=1, lltf1=1, lsig=1, htsig0=1, htsig1=1
[EQ][WHILE_LOOP] iter consumed=1, d_sym_idx=44
[EQ][GATE_DETAIL] d_sym_idx=43, kHtSig1Rel=5, d_have_ht_header=0
[EQ][GATE_DETAIL] valid flags: lltf0=1 lltf1=1 lsig=1 htsig0=1 htsig1=1
[EQ][FLOW] abs=148 wifi_start=0 in_frame=1 sym_idx=44 consumed=1 produced=0
[EQ][PRE_EXTRACT] d_sym_idx=44, in_frame=1
[EQ][POST_EQUALIZE] d_sym_idx=44
[EQ][IDX_CHECK] d_sym_idx=44, condition=0
SHORT copied 256
[EQ][STDERR_DIRECT] Entering direct mixed-mode header detection
[EQ][DIRECT_PATH] Entering direct mixed-mode header detection
[EQ][STDERR_BEFORE_GATE] Reached before gate check
[EQ][BEFORE_GATE] Reached before gate check
[EQ][TEST_INSERT] Added new debug output
[EQ][DEBUG_TEST] ======== DEBUG ENTRY ========
[EQ][DEBUG] Checking HT-SIG parse condition: d_sym_idx=44, kHtSig1Rel=5, d_have_ht_header=0
[EQ][DEBUG] valid flags: lltf0=1, lltf1=1, lsig=1, htsig0=1, htsig1=1
[EQ][WHILE_LOOP] iter consumed=2, d_sym_idx=45
[EQ][GATE_DETAIL] d_sym_idx=44, kHtSig1Rel=5, d_have_ht_header=0
[EQ][GATE_DETAIL] valid flags: lltf0=1 lltf1=1 lsig=1 htsig0=1 htsig1=1
[EQ][FLOW] abs=149 wifi_start=0 in_frame=1 sym_idx=45 consumed=2 produced=0
[EQ][PRE_EXTRACT] d_sym_idx=45, in_frame=1
[EQ][POST_EQUALIZE] d_sym_idx=45
[EQ][STDERR_DIRECT] Entering direct mixed-mode header detection
[EQ][IDX_CHECK] d_sym_idx=45, condition=0
[EQ][DIRECT_PATH] Entering direct mixed-mode header detection
[EQ][STDERR_BEFORE_GATE] Reached before gate check
[EQ][BEFORE_GATE] Reached before gate check
[EQ][TEST_INSERT] Added new debug output
[EQ][DEBUG_TEST] ======== DEBUG ENTRY ========
[EQ][DEBUG] Checking HT-SIG parse condition: d_sym_idx=45, kHtSig1Rel=5, d_have_ht_header=0
[EQ][DEBUG] valid flags: lltf0=1, lltf1=1, lsig=1, htsig0=1, htsig1=1
[SYNC-SHORT] general_work called: noutput=16 ninput=32 threshold=0.010 state=1
[EQ][GATE_DETAIL] d_sym_idx=45, kHtSig1Rel=5, d_have_ht_header=0
[EQ][GATE_DETAIL] valid flags: lltf0=1 lltf1=1 lsig=1 htsig0=1 htsig1=1
SHORT copied 16
[EQ][WHILE_LOOP] iter consumed=3, d_sym_idx=46
[EQ][FLOW] abs=150 wifi_start=0 in_frame=1 sym_idx=46 consumed=3 produced=0
[EQ][PRE_EXTRACT] d_sym_idx=46, in_frame=1
[EQ][POST_EQUALIZE] d_sym_idx=46
[EQ][STDERR_DIRECT] Entering direct mixed-mode header detection
[EQ][IDX_CHECK] d_sym_idx=46, condition=0
[EQ][DIRECT_PATH] Entering direct mixed-mode header detection
[EQ][STDERR_BEFORE_GATE] Reached before gate check
[EQ][BEFORE_GATE] Reached before gate check
[EQ][TEST_INSERT] Added new debug output
[EQ][DEBUG_TEST] ======== DEBUG ENTRY ========
[EQ][DEBUG] Checking HT-SIG parse condition: d_sym_idx=46, kHtSig1Rel=5, d_have_ht_header=0
[EQ][DEBUG] valid flags: lltf0=1, lltf1=1, lsig=1, htsig0=1, htsig1=1
[EQ][WHILE_LOOP] iter consumed=4, d_sym_idx=47
[EQ][GATE_DETAIL] d_sym_idx=46, kHtSig1Rel=5, d_have_ht_header=0
[EQ][GATE_DETAIL] valid flags: lltf0=1 lltf1=1 lsig=1 htsig0=1 htsig1=1
[EQ][FLOW] abs=151 wifi_start=0 in_frame=1 sym_idx=47 consumed=4 produced=0
[EQ][PRE_EXTRACT] d_sym_idx=47, in_frame=1
[EQ][POST_EQUALIZE] d_sym_idx=47
[EQ][STDERR_DIRECT] Entering direct mixed-mode header detection
[EQ][IDX_CHECK] d_sym_idx=47, condition=0
[EQ][DIRECT_PATH] Entering direct mixed-mode header detection
[EQ][STDERR_BEFORE_GATE] Reached before gate check
[EQ][BEFORE_GATE] Reached before gate check
[EQ][TEST_INSERT] Added new debug output
[EQ][DEBUG_TEST] ======== DEBUG ENTRY ========
[EQ][DEBUG] Checking HT-SIG parse condition: d_sym_idx=47, kHtSig1Rel=5, d_have_ht_header=0
[EQ][DEBUG] valid flags: lltf0=1, lltf1=1, lsig=1, htsig0=1, htsig1=1
[EQ][WHILE_LOOP] iter consumed=5, d_sym_idx=48
[EQ][GATE_DETAIL] d_sym_idx=47, kHtSig1Rel=5, d_have_ht_header=0
[EQ][GATE_DETAIL] valid flags: lltf0=1 lltf1=1 lsig=1 htsig0=1 htsig1=1
[EQ][FLOW] abs=152 wifi_start=0 in_frame=1 sym_idx=48 consumed=5 produced=0
[EQ][PRE_EXTRACT] d_sym_idx=48, in_frame=1
[EQ][POST_EQUALIZE] d_sym_idx=48
[EQ][STDERR_DIRECT] Entering direct mixed-mode header detection
[EQ][IDX_CHECK] d_sym_idx=48, condition=0
[EQ][DIRECT_PATH] Entering direct mixed-mode header detection
[EQ][STDERR_BEFORE_GATE] Reached before gate check
[EQ][BEFORE_GATE] Reached before gate check
[EQ][TEST_INSERT] Added new debug output
[EQ][DEBUG_TEST] ======== DEBUG ENTRY ========
[EQ][DEBUG] Checking HT-SIG parse condition: d_sym_idx=48, kHtSig1Rel=5, d_have_ht_header=0
[EQ][DEBUG] valid flags: lltf0=1, lltf1=1, lsig=1, htsig0=1, htsig1=1
[EQ][ENTER] general_work called nin=2 nout=64
[EQ][CALL] nin=2 nout=64 in_frame=1 sym_idx=49 freq_offset=5890000000.000000
[EQ][GATE_DETAIL] d_sym_idx=48, kHtSig1Rel=5, d_have_ht_header=0
[EQ][GATE_DETAIL] valid flags: lltf0=1 lltf1=1 lsig=1 htsig0=1 htsig1=1
[EQ][WHILE_ENTER] consumed=0, n_in=2
[EQ][WHILE_LOOP] iter consumed=0, d_sym_idx=49
[EQ][FLOW] abs=153 wifi_start=0 in_frame=1 sym_idx=49 consumed=0 produced=0
[EQ][PRE_EXTRACT] d_sym_idx=49, in_frame=1
[EQ][POST_EQUALIZE] d_sym_idx=49
[EQ][IDX_CHECK] d_sym_idx=49, condition=0
sync_long :info: LONG: frame start at 190
[EQ][STDERR_DIRECT] Entering direct mixed-mode header detection
[EQ][DIRECT_PATH] Entering direct mixed-mode header detection
produced : [EQ][STDERR_BEFORE_GATE] Reached before gate check
[EQ][BEFORE_GATE] Reached before gate check
[EQ][TEST_INSERT] Added new debug output
[EQ][DEBUG_TEST] ======== DEBUG ENTRY ========
[EQ][DEBUG] Checking HT-SIG parse condition: d_sym_idx=49, kHtSig1Rel=5, d_have_ht_header=0
[EQ][DEBUG] valid flags: lltf0=1, lltf1=1, lsig=1, htsig0=1, htsig1=1
[EQ][WHILE_LOOP] iter consumed=1, d_sym_idx=50
[EQ][GATE_DETAIL] d_sym_idx=49, kHtSig1Rel=5, d_have_ht_header=0
[EQ][GATE_DETAIL] valid flags: lltf0=1 lltf1=1 lsig=1 htsig0=1 htsig1=1
[EQ][FLOW] abs=154 wifi_start=0 in_frame=1 sym_idx=50 consumed=1 produced=0
[EQ][PRE_EXTRACT] d_sym_idx=50, in_frame=1
[EQ][POST_EQUALIZE] d_sym_idx=50
[EQ][STDERR_DIRECT] Entering direct mixed-mode header detection
[EQ][IDX_CHECK] d_sym_idx=50, condition=0
[EQ][DIRECT_PATH] Entering direct mixed-mode header detection
[EQ][STDERR_BEFORE_GATE] Reached before gate check
0 consumed: 320
[SYNC-LONG] general_work: ninput[0]=1395 ninput[1]=1715 noutput=1024 state=1
LONG ninput[0] 1395   ninput[1] 1715  noutput 1024   state 1
produced : 0 consumed: 161
[SYNC-LONG] general_work: ninput[0]=1234 ninput[1]=1554 noutput=1024 state=1
LONG ninput[0] 1234   ninput[1] 1554  noutput 1024   state 1
[SYNC-LONG] Received wifi_start tag: freq_offset=0.009 offset=14047 nread=14047
[EQ][BEFORE_GATE] Reached before gate check
LONG: ignore retrigger tag during COPY nread=[EQ][TEST_INSERT] Added new debug output
[EQ][DEBUG_TEST] ======== DEBUG ENTRY ========
[EQ][DEBUG] Checking HT-SIG parse condition: d_sym_idx=50, kHtSig1Rel=5, d_have_ht_header=0
[EQ][DEBUG] valid flags: lltf0=1, lltf1=1, lsig=1, htsig0=1, htsig1=1
[EQ][GATE_DETAIL] d_sym_idx=50, kHtSig1Rel=5, d_have_ht_header=0
[EQ][GATE_DETAIL] valid flags: lltf0=1 lltf1=1 lsig=1 htsig0=1 htsig1=1
14047 d_count=0 guard=3072 tag_offset=14047
produced : 981 consumed: 1234
[EQ][ENTER] general_work called nin=15 nout=512
[EQ][CALL] nin=15 nout=512 in_frame=1 sym_idx=51 freq_offset=5890000000.000000

----------------------------------------------------------------------
Tag Debug: 
Input Stream: 00
  Offset: 9920  Source: sync_long     Key: wifi_start   Value: -5.47245e-06
----------------------------------------------------------------------
[EQ][TAG] wifi_start at offset=155 freq_offset=-0.000005
[EQ][WHILE_ENTER] consumed=0, n_in=15
[EQ][WHILE_LOOP] iter consumed=0, d_sym_idx=51
[EQ][FLOW] abs=155 wifi_start=1 in_frame=1 sym_idx=51 consumed=0 produced=0
[EQ][FLOW] frame-takeover abs=155 allow=1
[EQ][PRE_EXTRACT] d_sym_idx=0, in_frame=1
[EXTRACT_CALL] sym_idx=0, type=OTHER
[EQ][IDX_CHECK] d_sym_idx=0, condition=1

----------------------------------------------------------------------
Tag Debug: eq_in_tagdbg
Input Stream: 00
  Offset: 155  Source: sync_long     Key: wifi_start   Value: -5.47245e-06
----------------------------------------------------------------------
[EQ][VALID_SET] d_sym_idx=0, valid=1
[EQ][SYM_IDX] sym_idx=0, type=UNKNOWN
[EQ][POST_EQUALIZE] d_sym_idx=0
[EQ][RAW_BITS] sym_idx=0 bits52=0000000000000000000000000000000000000000000000000000
[EQ][STDERR_DIRECT] Entering direct mixed-mode header detection
[EQ][DIRECT_PATH] Entering direct mixed-mode header detection
[EQ][STDERR_BEFORE_GATE] Reached before gate check
[EQ][BEFORE_GATE] Reached before gate check
[EQ][TEST_INSERT] Added new debug output
[EQ][DEBUG_TEST] ======== DEBUG ENTRY ========
[EQ][DEBUG] Checking HT-SIG parse condition: d_sym_idx=0, kHtSig1Rel=5, d_have_ht_header=0
[EQ][DEBUG] valid flags: lltf0=0, lltf1=0, lsig=0, htsig0=0, htsig1=0
[EQ][WHILE_LOOP] iter consumed=1, d_sym_idx=1
[EQ][GATE_DETAIL] d_sym_idx=0, kHtSig1Rel=5, d_have_ht_header=0
[EQ][GATE_DETAIL] valid flags: lltf0=0 lltf1=0 lsig=0 htsig0=0 htsig1=0
[EQ][FLOW] abs=156 wifi_start=0 in_frame=1 sym_idx=1 consumed=1 produced=0
[EQ][PRE_EXTRACT] d_sym_idx=1, in_frame=1
[EXTRACT_CALL] sym_idx=1, type=L-LTF0
[EQ][IDX_CHECK] d_sym_idx=1, condition=1
[EQ][VALID_SET] d_sym_idx=1, valid=1
[EQ][SYM_IDX] sym_idx=1, type=L-LTF0
[EQ][POST_EQUALIZE] d_sym_idx=1
[EQ][RAW_BITS] sym_idx=1 bits52=0000000000000000000000000000000000000000000000000000
[EQ][STDERR_DIRECT] Entering direct mixed-mode header detection
[EQ][DIRECT_PATH] Entering direct mixed-mode header detection
[EQ][STDERR_BEFORE_GATE] Reached before gate check
[EQ][BEFORE_GATE] Reached before gate check
[EQ][TEST_INSERT] Added new debug output
[EQ][DEBUG_TEST] ======== DEBUG ENTRY ========
[EQ][DEBUG] Checking HT-SIG parse condition: d_sym_idx=1, kHtSig1Rel=5, d_have_ht_header=0
[EQ][DEBUG] valid flags: lltf0=1, lltf1=0, lsig=0, htsig0=0, htsig1=0
[EQ][WHILE_LOOP] iter consumed=2, d_sym_idx=2
[EQ][GATE_DETAIL] d_sym_idx=1, kHtSig1Rel=5, d_have_ht_header=0
[EQ][GATE_DETAIL] valid flags: lltf0=1 lltf1=0 lsig=0 htsig0=0 htsig1=0
[EQ][FLOW] abs=157 wifi_start=0 in_frame=1 sym_idx=2 consumed=2 produced=0
[EQ][PRE_EXTRACT] d_sym_idx=2, in_frame=1
[EXTRACT_CALL] sym_idx=2, type=L-LTF1
[EQ][IDX_CHECK] d_sym_idx=2, condition=1
[EQ][VALID_SET] d_sym_idx=2, valid=1
[EQ][SYM_IDX] sym_idx=2, type=L-LTF1
[EQ][POST_EQUALIZE] d_sym_idx=2
[EQ][RAW_BITS] sym_idx=2 bits52=0011001101100100001101010001100000001001100110000011
[EQ][STDERR_DIRECT] Entering direct mixed-mode header detection
[EQ][DIRECT_PATH] Entering direct mixed-mode header detection
[EQ][STDERR_BEFORE_GATE] Reached before gate check
[EQ][BEFORE_GATE] Reached before gate check
[EQ][TEST_INSERT] Added new debug output
[EQ][DEBUG_TEST] ======== DEBUG ENTRY ========
[EQ][DEBUG] Checking HT-SIG parse condition: d_sym_idx=2, kHtSig1Rel=5, d_have_ht_header=0
[EQ][DEBUG] valid flags: lltf0=1, lltf1=1, lsig=0, htsig0=0, htsig1=0
[EQ][WHILE_LOOP] iter consumed=3, d_sym_idx=3
[EQ][GATE_DETAIL] d_sym_idx=2, kHtSig1Rel=5, d_have_ht_header=0
[EQ][GATE_DETAIL] valid flags: lltf0=1 lltf1=1 lsig=0 htsig0=0 htsig1=0
[EQ][FLOW] abs=158 wifi_start=0 in_frame=1 sym_idx=3 consumed=3 produced=0
[EQ][PRE_EXTRACT] d_sym_idx=3, in_frame=1
[EXTRACT_CALL] sym_idx=3, type=L-SIG
[EQ][IDX_CHECK] d_sym_idx=3, condition=1
[EQ][VALID_SET] d_sym_idx=3, valid=1
[EQ][SYM_IDX] sym_idx=3, type=L-SIG
[EQ][POST_EQUALIZE] d_sym_idx=3
[EQ][RAW_BITS] sym_idx=3 bits52=0000000011111001000000001110011000000000001001100011
[EQ][STDERR_DIRECT] Entering direct mixed-mode header detection
[EQ][DIRECT_PATH] Entering direct mixed-mode header detection
[EQ][STDERR_BEFORE_GATE] Reached before gate check
[EQ][BEFORE_GATE] Reached before gate check
[EQ][GATE] sym=3 want_htsig1=5 valid={lltf0=1 lltf1=1 lsig=1 htsig0=0 htsig1=0} have_ht=0
[EQ][TEST_INSERT] Added new debug output
[EQ][DEBUG_TEST] ======== DEBUG ENTRY ========
[EQ][DEBUG] Checking HT-SIG parse condition: d_sym_idx=3, kHtSig1Rel=5, d_have_ht_header=0
[EQ][DEBUG] valid flags: lltf0=1, lltf1=1, lsig=1, htsig0=0, htsig1=0
[EQ][WHILE_LOOP] iter consumed=4, d_sym_idx=4
[EQ][GATE_DETAIL] d_sym_idx=3, kHtSig1Rel=5, d_have_ht_header=0
[EQ][GATE_DETAIL] valid flags: lltf0=1 lltf1=1 lsig=1 htsig0=0 htsig1=0
[EQ][FLOW] abs=159 wifi_start=0 in_frame=1 sym_idx=4 consumed=4 produced=0
[EQ][PRE_EXTRACT] d_sym_idx=4, in_frame=1
[EXTRACT_CALL] sym_idx=4, type=HT-SIG0
[EQ][IDX_CHECK] d_sym_idx=4, condition=1
[EQ][VALID_SET] d_sym_idx=4, valid=1
[EQ][SYM_IDX] sym_idx=4, type=HT-SIG0
[EQ][POST_EQUALIZE] d_sym_idx=4
[EQ][RAW_BITS] sym_idx=4 bits52=0001111111010000001101111001101101111111011001011111
[EQ][STDERR_DIRECT] Entering direct mixed-mode header detection
[EQ][DIRECT_PATH] Entering direct mixed-mode header detection
[EQ][STDERR_BEFORE_GATE] Reached before gate check
[EQ][BEFORE_GATE] Reached before gate check
[EQ][GATE] sym=4 want_htsig1=5 valid={lltf0=1 lltf1=1 lsig=1 htsig0=1 htsig1=0} have_ht=0
[EQ][TEST_INSERT] Added new debug output
[EQ][DEBUG_TEST] ======== DEBUG ENTRY ========
[EQ][DEBUG] Checking HT-SIG parse condition: d_sym_idx=4, kHtSig1Rel=5, d_have_ht_header=0
[EQ][DEBUG] valid flags: lltf0=1, lltf1=1, lsig=1, htsig0=1, htsig1=0
[EQ][WHILE_LOOP] iter consumed=5, d_sym_idx=5
[EQ][GATE_DETAIL] d_sym_idx=4, kHtSig1Rel=5, d_have_ht_header=0
[EQ][GATE_DETAIL] valid flags: lltf0=1 lltf1=1 lsig=1 htsig0=1 htsig1=0
[EQ][FLOW] abs=160 wifi_start=0 in_frame=1 sym_idx=5 consumed=5 produced=0
[EQ][PRE_EXTRACT] d_sym_idx=5, in_frame=1
[EXTRACT_CALL] sym_idx=5, type=HT-SIG1
[EQ][IDX_CHECK] d_sym_idx=5, condition=1
[EQ][VALID_SET] d_sym_idx=5, valid=1
[EQ][SYM_IDX] sym_idx=5, type=HT-SIG1
[EQ][POST_EQUALIZE] d_sym_idx=5
[EQ][RAW_BITS] sym_idx=5 bits52=1100010010011110101011100000100111110101111000111011
[EQ][STDERR_DIRECT] Entering direct mixed-mode header detection
[EQ][DIRECT_PATH] Entering direct mixed-mode header detection
[EQ][STDERR_BEFORE_GATE] Reached before gate check
[EQ][BEFORE_GATE] Reached before gate check
[EQ][GATE] sym=5 want_htsig1=5 valid={lltf0=1 lltf1=1 lsig=1 htsig0=1 htsig1=1} have_ht=0
[EQ][TEST_INSERT] Added new debug output
[EQ][DEBUG_TEST] ======== DEBUG ENTRY ========
[EQ][DEBUG] Checking HT-SIG parse condition: d_sym_idx=5, kHtSig1Rel=5, d_have_ht_header=0
[EQ][DEBUG] valid flags: lltf0=1, lltf1=1, lsig=1, htsig0=1, htsig1=1
[EQ][GATE_DETAIL] d_sym_idx=5, kHtSig1Rel=5, d_have_ht_header=0
[EQ][GATE_DETAIL] valid flags: lltf0=1 lltf1=1 lsig=1 htsig0=1 htsig1=1
[EQ][DEBUG_BLOCK] ENTERING HT-SIG PARSE BLOCK
[RX][LLTF-DBG] L-LTF0 valid=1, L-LTF1 valid=1
[RX][LLTF-DBG] L-LTF0 avg_mag=8.8729, L-LTF1 avg_mag=8.8685
[RX][LLTF-DBG] L-LTF0[0:3]: 8.789∠0.003 8.818∠0.002 8.921∠-3.140 8.914∠-3.139 
[RX][LLTF-DBG] L-LTF1[0:3]: 8.827∠-0.002 8.850∠-0.001 8.895∠-3.137 8.891∠-3.137 
[CHAN_EST][DEBUG] L-LTF0 average magnitude: 8.8729
[CHAN_EST][DEBUG] L-LTF1 average magnitude: 8.8685
[CHAN_EST][LLTF_COMPARE] First 20 data subcarriers:
  i=0 sc=-26: expected=1, avg=8.808+0.006i (mag=8.808, phase=0.001), received0=8.789+0.026i received1=8.827+-0.014i
  i=1 sc=-25: expected=1, avg=8.834+0.001i (mag=8.834, phase=0.000), received0=8.818+0.014i received1=8.850+-0.011i
  i=2 sc=-24: expected=-1, avg=-8.908+-0.031i (mag=8.908, phase=-3.138), received0=-8.921+-0.019i received1=-8.895+-0.043i
  i=3 sc=-23: expected=-1, avg=-8.902+-0.031i (mag=8.902, phase=-3.138), received0=-8.914+-0.020i received1=-8.891+-0.041i
  i=4 sc=-22: expected=1, avg=8.854+0.001i (mag=8.854, phase=0.000), received0=8.844+0.006i received1=8.864+-0.004i
  i=5 sc=-20: expected=-1, avg=-0.019+-0.013i (mag=0.023, phase=-2.552), received0=-8.900+-0.024i received1=8.862+-0.002i
  i=6 sc=-19: expected=1, avg=-0.016+-0.016i (mag=0.023, phase=-2.362), received0=8.850+0.004i received1=-8.883+-0.036i
  i=7 sc=-18: expected=-1, avg=-0.014+-0.012i (mag=0.019, phase=-2.448), received0=-8.899+-0.025i received1=8.870+0.001i
  i=8 sc=-17: expected=1, avg=8.864+0.002i (mag=8.864, phase=0.000), received0=8.858+0.002i received1=8.869+0.002i
  i=9 sc=-16: expected=1, avg=-0.012+-0.016i (mag=0.020, phase=-2.227), received0=8.857+0.002i received1=-8.881+-0.034i
  i=10 sc=-15: expected=1, avg=-0.010+-0.016i (mag=0.019, phase=-2.141), received0=8.857+0.002i received1=-8.877+-0.034i
  i=11 sc=-14: expected=1, avg=8.865+0.002i (mag=8.865, phase=0.000), received0=8.859+0.002i received1=8.871+0.002i
  i=12 sc=-13: expected=1, avg=-0.009+-0.015i (mag=0.018, phase=-2.099), received0=8.862+0.002i received1=-8.880+-0.033i
  i=13 sc=-12: expected=1, avg=-0.008+-0.015i (mag=0.017, phase=-2.069), received0=8.861+0.002i received1=-8.878+-0.032i
  i=14 sc=-11: expected=-1, avg=-8.881+-0.029i (mag=8.881, phase=-3.138), received0=-8.888+-0.027i received1=-8.874+-0.031i
  i=15 sc=-10: expected=-1, avg=-8.878+-0.029i (mag=8.878, phase=-3.138), received0=-8.884+-0.028i received1=-8.872+-0.031i
  i=16 sc=-9: expected=1, avg=8.871+0.002i (mag=8.871, phase=0.000), received0=8.866+0.000i received1=8.876+0.004i
  i=17 sc=-8: expected=1, avg=8.873+0.002i (mag=8.873, phase=0.000), received0=8.868+0.000i received1=8.878+0.004i
  i=18 sc=-6: expected=1, avg=-0.002+-0.015i (mag=0.015, phase=-1.730), received0=8.867+0.000i received1=-8.872+-0.031i
  i=19 sc=-5: expected=-1, avg=-0.002+-0.011i (mag=0.011, phase=-1.714), received0=-8.879+-0.027i received1=8.876+0.006i
[CHAN_EST] Average channel magnitude: 4.4445
[CHAN_EST] Channel magnitude range: [0.0106, 8.9078]
[CHAN_EST] Channel phase range: [-2.362, 2.813] rad
[CHAN_EST] Zero magnitude subcarriers: 0/52
[CHAN_EST][SC0] H=8.808+0.006i, mag=8.808, phase=0.001
[CHAN_EST][SC1] H=8.834+0.001i, mag=8.834, phase=0.000
[CHAN_EST][SC2] H=8.908+0.031i, mag=8.908, phase=0.003
[CHAN_EST][SC3] H=8.902+0.031i, mag=8.902, phase=0.003
[CHAN_EST][SC4] H=8.854+0.001i, mag=8.854, phase=0.000
[CHAN_EST][SC5] H=0.019+0.013i, mag=0.023, phase=0.590
[CHAN_EST][SC6] H=-0.016+-0.016i, mag=0.023, phase=-2.362
[CHAN_EST][SC7] H=0.014+0.012i, mag=0.019, phase=0.694
[CHAN_EST][SC8] H=8.864+0.002i, mag=8.864, phase=0.000
[CHAN_EST][SC9] H=-0.012+-0.016i, mag=0.020, phase=-2.227
[EQ_HEADER] CPE estimate: -0.819 rad, rot=0.683+0.731i
[EQ_HEADER][WARNING] Weak channel at SC-20 (idx=5): H_mag=0.0228, skipping
[EQ_HEADER][WARNING] Weak channel at SC-19 (idx=6): H_mag=0.0230, skipping
[EQ_HEADER][WARNING] Weak channel at SC-18 (idx=7): H_mag=0.0187, skipping
[EQ_HEADER][WARNING] Weak channel at SC-16 (idx=9): H_mag=0.0202, skipping
[EQ_HEADER][WARNING] Weak channel at SC-15 (idx=10): H_mag=0.0190, skipping
[EQ_HEADER][WARNING] Weak channel at SC-13 (idx=12): H_mag=0.0177, skipping
[EQ_HEADER][WARNING] Weak channel at SC-12 (idx=13): H_mag=0.0172, skipping
[EQ_HEADER][WARNING] Weak channel at SC-6 (idx=18): H_mag=0.0152, skipping
[EQ_HEADER][WARNING] Weak channel at SC-5 (idx=19): H_mag=0.0110, skipping
[EQ_HEADER][WARNING] Weak channel at SC-4 (idx=20): H_mag=0.0145, skipping
[EQ_HEADER][WARNING] Weak channel at SC-2 (idx=22): H_mag=0.0147, skipping
[EQ_HEADER][WARNING] Weak channel at SC-1 (idx=23): H_mag=0.0148, skipping
[EQ_HEADER][WARNING] Weak channel at SC1 (idx=24): H_mag=0.0146, skipping
[EQ_HEADER][WARNING] Weak channel at SC2 (idx=25): H_mag=0.0106, skipping
[EQ_HEADER][WARNING] Weak channel at SC3 (idx=26): H_mag=0.0106, skipping
[EQ_HEADER][WARNING] Weak channel at SC4 (idx=27): H_mag=0.0147, skipping
[EQ_HEADER][WARNING] Weak channel at SC5 (idx=28): H_mag=0.0149, skipping
[EQ_HEADER][WARNING] Weak channel at SC9 (idx=31): H_mag=0.0149, skipping
[EQ_HEADER][WARNING] Weak channel at SC12 (idx=34): H_mag=0.0146, skipping
[EQ_HEADER][WARNING] Weak channel at SC20 (idx=42): H_mag=0.0225, skipping
[EQ_HEADER][WARNING] Weak channel at SC23 (idx=44): H_mag=0.0326, skipping
[EQ_HEADER][WARNING] Weak channel at SC24 (idx=45): H_mag=0.0367, skipping
[EQ_HEADER][WARNING] Weak channel at SC25 (idx=46): H_mag=0.0428, skipping
[EQ_HEADER][WARNING] Weak channel at SC26 (idx=47): H_mag=0.0509, skipping
[EQ_HEADER] Zero-magnitude H subcarriers: 0/48
[EQ_HEADER] Average RX magnitude: 8.8702
[EQ_HEADER] Average EQ magnitude: 0.5002
[EQ_HEADER] First 10 bits: 0000011111
[EQ_HEADER][SC0] rx=-8.867+-0.053i, eq=-0.684+-0.739i, bit=0
[EQ_HEADER][SC1] rx=-8.881+-0.045i, eq=-0.683+-0.738i, bit=0
[EQ_HEADER][SC2] rx=-8.878+-0.041i, eq=-0.680+-0.729i, bit=0
[EQ_HEADER][SC3] rx=-8.879+-0.040i, eq=-0.680+-0.729i, bit=0
[EQ_HEADER][SC4] rx=-8.879+-0.038i, eq=-0.682+-0.736i, bit=0
[EQ_HEADER] CPE estimate: 1.603 rad, rot=-0.033+-0.999i
[EQ_HEADER][WARNING] Weak channel at SC-20 (idx=5): H_mag=0.0228, skipping
[EQ_HEADER][WARNING] Weak channel at SC-19 (idx=6): H_mag=0.0230, skipping
[EQ_HEADER][WARNING] Weak channel at SC-18 (idx=7): H_mag=0.0187, skipping
[EQ_HEADER][WARNING] Weak channel at SC-16 (idx=9): H_mag=0.0202, skipping
[EQ_HEADER][WARNING] Weak channel at SC-15 (idx=10): H_mag=0.0190, skipping
[EQ_HEADER][WARNING] Weak channel at SC-13 (idx=12): H_mag=0.0177, skipping
[EQ_HEADER][WARNING] Weak channel at SC-12 (idx=13): H_mag=0.0172, skipping
[EQ_HEADER][WARNING] Weak channel at SC-6 (idx=18): H_mag=0.0152, skipping
[EQ_HEADER][WARNING] Weak channel at SC-5 (idx=19): H_mag=0.0110, skipping
[EQ_HEADER][WARNING] Weak channel at SC-4 (idx=20): H_mag=0.0145, skipping
[EQ_HEADER][WARNING] Weak channel at SC-2 (idx=22): H_mag=0.0147, skipping
[EQ_HEADER][WARNING] Weak channel at SC-1 (idx=23): H_mag=0.0148, skipping
[EQ_HEADER][WARNING] Weak channel at SC1 (idx=24): H_mag=0.0146, skipping
[EQ_HEADER][WARNING] Weak channel at SC2 (idx=25): H_mag=0.0106, skipping
[EQ_HEADER][WARNING] Weak channel at SC3 (idx=26): H_mag=0.0106, skipping
[EQ_HEADER][WARNING] Weak channel at SC4 (idx=27): H_mag=0.0147, skipping
[EQ_HEADER][WARNING] Weak channel at SC5 (idx=28): H_mag=0.0149, skipping
[EQ_HEADER][WARNING] Weak channel at SC9 (idx=31): H_mag=0.0149, skipping
[EQ_HEADER][WARNING] Weak channel at SC12 (idx=34): H_mag=0.0146, skipping
[EQ_HEADER][WARNING] Weak channel at SC20 (idx=42): H_mag=0.0225, skipping
[EQ_HEADER][WARNING] Weak channel at SC23 (idx=44): H_mag=0.0326, skipping
[EQ_HEADER][WARNING] Weak channel at SC24 (idx=45): H_mag=0.0367, skipping
[EQ_HEADER][WARNING] Weak channel at SC25 (idx=46): H_mag=0.0428, skipping
[EQ_HEADER][WARNING] Weak channel at SC26 (idx=47): H_mag=0.0509, skipping
[EQ_HEADER] Zero-magnitude H subcarriers: 0/48
[EQ_HEADER] Average RX magnitude: 7.3092
[EQ_HEADER] Average EQ magnitude: 0.3850
[EQ_HEADER] First 10 bits: 1111111111
[EQ_HEADER][SC0] rx=-0.064+2.386i, eq=0.271+-0.002i, bit=1
[EQ_HEADER][SC1] rx=2.540+2.234i, eq=0.243+-0.296i, bit=1
[EQ_HEADER][SC2] rx=4.689+2.112i, eq=0.218+-0.535i, bit=1
[EQ_HEADER][SC3] rx=7.368+1.965i, eq=0.191+-0.835i, bit=1
[EQ_HEADER][SC4] rx=14.249+1.592i, eq=0.127+-1.614i, bit=1
[EQ_HEADER] CPE estimate: 0.065 rad, rot=0.998+-0.065i
[EQ_HEADER][WARNING] Weak channel at SC-20 (idx=5): H_mag=0.0228, skipping
[EQ_HEADER][WARNING] Weak channel at SC-19 (idx=6): H_mag=0.0230, skipping
[EQ_HEADER][WARNING] Weak channel at SC-18 (idx=7): H_mag=0.0187, skipping
[EQ_HEADER][WARNING] Weak channel at SC-16 (idx=9): H_mag=0.0202, skipping
[EQ_HEADER][WARNING] Weak channel at SC-15 (idx=10): H_mag=0.0190, skipping
[EQ_HEADER][WARNING] Weak channel at SC-13 (idx=12): H_mag=0.0177, skipping
[EQ_HEADER][WARNING] Weak channel at SC-12 (idx=13): H_mag=0.0172, skipping
[EQ_HEADER][WARNING] Weak channel at SC-6 (idx=18): H_mag=0.0152, skipping
[EQ_HEADER][WARNING] Weak channel at SC-5 (idx=19): H_mag=0.0110, skipping
[EQ_HEADER][WARNING] Weak channel at SC-4 (idx=20): H_mag=0.0145, skipping
[EQ_HEADER][WARNING] Weak channel at SC-2 (idx=22): H_mag=0.0147, skipping
[EQ_HEADER][WARNING] Weak channel at SC-1 (idx=23): H_mag=0.0148, skipping
[EQ_HEADER][WARNING] Weak channel at SC1 (idx=24): H_mag=0.0146, skipping
[EQ_HEADER][WARNING] Weak channel at SC2 (idx=25): H_mag=0.0106, skipping
[EQ_HEADER][WARNING] Weak channel at SC3 (idx=26): H_mag=0.0106, skipping
[EQ_HEADER][WARNING] Weak channel at SC4 (idx=27): H_mag=0.0147, skipping
[EQ_HEADER][WARNING] Weak channel at SC5 (idx=28): H_mag=0.0149, skipping
[EQ_HEADER][WARNING] Weak channel at SC9 (idx=31): H_mag=0.0149, skipping
[EQ_HEADER][WARNING] Weak channel at SC12 (idx=34): H_mag=0.0146, skipping
[EQ_HEADER][WARNING] Weak channel at SC20 (idx=42): H_mag=0.0225, skipping
[EQ_HEADER][WARNING] Weak channel at SC23 (idx=44): H_mag=0.0326, skipping
[EQ_HEADER][WARNING] Weak channel at SC24 (idx=45): H_mag=0.0367, skipping
[EQ_HEADER][WARNING] Weak channel at SC25 (idx=46): H_mag=0.0428, skipping
[EQ_HEADER][WARNING] Weak channel at SC26 (idx=47): H_mag=0.0509, skipping
[EQ_HEADER] Zero-magnitude H subcarriers: 0/48
[EQ_HEADER] Average RX magnitude: 7.4503
[EQ_HEADER] Average EQ magnitude: 0.3916
[EQ_HEADER] First 10 bits: 0001011101
[EQ_HEADER][SC0] rx=-5.474+0.867i, eq=-0.614+0.139i, bit=0
[EQ_HEADER][SC1] rx=-15.031+0.557i, eq=-1.694+0.174i, bit=0
[EQ_HEADER][SC2] rx=-0.583+1.024i, eq=-0.057+0.119i, bit=0
[EQ_HEADER][SC3] rx=8.835+1.328i, eq=1.000+0.081i, bit=1
[EQ_HEADER][SC4] rx=-10.053+0.717i, eq=-1.128+0.155i, bit=0
[RX][CHAN-EST] Hhdr52: avg_mag=4.4445 avg_phase=0.0011 rad phase_var=4.9251
[RX][CHAN-EST] Hhdr52[0:5]: 8.808∠0.001 8.834∠0.000 8.908∠0.003 8.902∠0.003 8.854∠0.000 0.023∠0.590 
[RX][HDRDBG] rel=3 raw48=000000111110010000000011100110000000000010011000
[RX][HDRDBG] rel=3 eq48 =000001111110110000111011111110010010000010111111
[RX][HDRDBG] rel=3 deintl48=000000011010010100110110111110111011111101001011
[RX][HDRDBG] rel=3 bit-errors: raw->eq=13 eq->deintl=20
[RX][HDRDBG] rel=4 raw48=011111110100000011011110011011011111110110010111
[RX][HDRDBG] rel=4 eq48 =111111111111111111111111111111111111111111111111
[RX][HDRDBG] rel=4 deintl48=111111111111111111111111111111111111111111111111
[RX][HDRDBG] rel=4 bit-errors: raw->eq=17 eq->deintl=0
[RX][HDRDBG] rel=5 raw48=000100100111101010111000001001111101011110001110
[RX][HDRDBG] rel=5 eq48 =000101110111111010111011111111111111011110101111
[RX][HDRDBG] rel=5 deintl48=011001011111010101111111011110111110111111111011
[RX][HDRDBG] rel=5 bit-errors: raw->eq=12 eq->deintl=18
[EQ_HEADER] CPE estimate: -0.819 rad, rot=0.683+0.731i
[EQ_HEADER][WARNING] Weak channel at SC-20 (idx=5): H_mag=0.0228, skipping
[EQ_HEADER][WARNING] Weak channel at SC-19 (idx=6): H_mag=0.0230, skipping
[EQ_HEADER][WARNING] Weak channel at SC-18 (idx=7): H_mag=0.0187, skipping
[EQ_HEADER][WARNING] Weak channel at SC-16 (idx=9): H_mag=0.0202, skipping
[EQ_HEADER][WARNING] Weak channel at SC-15 (idx=10): H_mag=0.0190, skipping
[EQ_HEADER][WARNING] Weak channel at SC-13 (idx=12): H_mag=0.0177, skipping
[EQ_HEADER][WARNING] Weak channel at SC-12 (idx=13): H_mag=0.0172, skipping
[EQ_HEADER][WARNING] Weak channel at SC-6 (idx=18): H_mag=0.0152, skipping
[EQ_HEADER][WARNING] Weak channel at SC-5 (idx=19): H_mag=0.0110, skipping
[EQ_HEADER][WARNING] Weak channel at SC-4 (idx=20): H_mag=0.0145, skipping
[EQ_HEADER][WARNING] Weak channel at SC-2 (idx=22): H_mag=0.0147, skipping
[EQ_HEADER][WARNING] Weak channel at SC-1 (idx=23): H_mag=0.0148, skipping
[EQ_HEADER][WARNING] Weak channel at SC1 (idx=24): H_mag=0.0146, skipping
[EQ_HEADER][WARNING] Weak channel at SC2 (idx=25): H_mag=0.0106, skipping
[EQ_HEADER][WARNING] Weak channel at SC3 (idx=26): H_mag=0.0106, skipping
[EQ_HEADER][WARNING] Weak channel at SC4 (idx=27): H_mag=0.0147, skipping
[EQ_HEADER][WARNING] Weak channel at SC5 (idx=28): H_mag=0.0149, skipping
[EQ_HEADER][WARNING] Weak channel at SC9 (idx=31): H_mag=0.0149, skipping
[EQ_HEADER][WARNING] Weak channel at SC12 (idx=34): H_mag=0.0146, skipping
[EQ_HEADER][WARNING] Weak channel at SC20 (idx=42): H_mag=0.0225, skipping
[EQ_HEADER][WARNING] Weak channel at SC23 (idx=44): H_mag=0.0326, skipping
[EQ_HEADER][WARNING] Weak channel at SC24 (idx=45): H_mag=0.0367, skipping
[EQ_HEADER][WARNING] Weak channel at SC25 (idx=46): H_mag=0.0428, skipping
[EQ_HEADER][WARNING] Weak channel at SC26 (idx=47): H_mag=0.0509, skipping
[EQ_HEADER] Zero-magnitude H subcarriers: 0/48
[EQ_HEADER] Average RX magnitude: 8.8702
[EQ_HEADER] Average EQ magnitude: 0.5002
[EQ_HEADER] First 10 bits: 0000011111
[EQ_HEADER][SC0] rx=-8.867+-0.053i, eq=-0.684+-0.739i, bit=0
[EQ_HEADER][SC1] rx=-8.881+-0.045i, eq=-0.683+-0.738i, bit=0
[EQ_HEADER][SC2] rx=-8.878+-0.041i, eq=-0.680+-0.729i, bit=0
[EQ_HEADER][SC3] rx=-8.879+-0.040i, eq=-0.680+-0.729i, bit=0
[EQ_HEADER][SC4] rx=-8.879+-0.038i, eq=-0.682+-0.736i, bit=0
[EQ_HEADER] CPE estimate: -0.819 rad, rot=0.683+0.731i
[EQ_HEADER][WARNING] Weak channel at SC-20 (idx=5): H_mag=0.0228, skipping
[EQ_HEADER][WARNING] Weak channel at SC-19 (idx=6): H_mag=0.0230, skipping
[EQ_HEADER][WARNING] Weak channel at SC-18 (idx=7): H_mag=0.0187, skipping
[EQ_HEADER][WARNING] Weak channel at SC-16 (idx=9): H_mag=0.0202, skipping
[EQ_HEADER][WARNING] Weak channel at SC-15 (idx=10): H_mag=0.0190, skipping
[EQ_HEADER][WARNING] Weak channel at SC-13 (idx=12): H_mag=0.0177, skipping
[EQ_HEADER][WARNING] Weak channel at SC-12 (idx=13): H_mag=0.0172, skipping
[EQ_HEADER][WARNING] Weak channel at SC-6 (idx=18): H_mag=0.0152, skipping
[EQ_HEADER][WARNING] Weak channel at SC-5 (idx=19): H_mag=0.0110, skipping
[EQ_HEADER][WARNING] Weak channel at SC-4 (idx=20): H_mag=0.0145, skipping
[EQ_HEADER][WARNING] Weak channel at SC-2 (idx=22): H_mag=0.0147, skipping
[EQ_HEADER][WARNING] Weak channel at SC-1 (idx=23): H_mag=0.0148, skipping
[EQ_HEADER][WARNING] Weak channel at SC1 (idx=24): H_mag=0.0146, skipping
[EQ_HEADER][WARNING] Weak channel at SC2 (idx=25): H_mag=0.0106, skipping
[EQ_HEADER][WARNING] Weak channel at SC3 (idx=26): H_mag=0.0106, skipping
[EQ_HEADER][WARNING] Weak channel at SC4 (idx=27): H_mag=0.0147, skipping
[EQ_HEADER][WARNING] Weak channel at SC5 (idx=28): H_mag=0.0149, skipping
[EQ_HEADER][WARNING] Weak channel at SC9 (idx=31): H_mag=0.0149, skipping
[EQ_HEADER][WARNING] Weak channel at SC12 (idx=34): H_mag=0.0146, skipping
[EQ_HEADER][WARNING] Weak channel at SC20 (idx=42): H_mag=0.0225, skipping
[EQ_HEADER][WARNING] Weak channel at SC23 (idx=44): H_mag=0.0326, skipping
[EQ_HEADER][WARNING] Weak channel at SC24 (idx=45): H_mag=0.0367, skipping
[EQ_HEADER][WARNING] Weak channel at SC25 (idx=46): H_mag=0.0428, skipping
[EQ_HEADER][WARNING] Weak channel at SC26 (idx=47): H_mag=0.0509, skipping
[EQ_HEADER] Zero-magnitude H subcarriers: 0/48
[EQ_HEADER] Average RX magnitude: 8.8702
[EQ_HEADER] Average EQ magnitude: 0.5002
[EQ_HEADER] First 10 bits: 0000011111
[EQ_HEADER][SC0] rx=-8.867+-0.053i, eq=-0.684+-0.739i, bit=0
[EQ_HEADER][SC1] rx=-8.881+-0.045i, eq=-0.683+-0.738i, bit=0
[EQ_HEADER][SC2] rx=-8.878+-0.041i, eq=-0.680+-0.729i, bit=0
[EQ_HEADER][SC3] rx=-8.879+-0.040i, eq=-0.680+-0.729i, bit=0
[EQ_HEADER][SC4] rx=-8.879+-0.038i, eq=-0.682+-0.736i, bit=0
[EQ_HEADER] CPE estimate: 1.603 rad, rot=-0.033+-0.999i
[EQ_HEADER][WARNING] Weak channel at SC-20 (idx=5): H_mag=0.0228, skipping
[EQ_HEADER][WARNING] Weak channel at SC-19 (idx=6): H_mag=0.0230, skipping
[EQ_HEADER][WARNING] Weak channel at SC-18 (idx=7): H_mag=0.0187, skipping
[EQ_HEADER][WARNING] Weak channel at SC-16 (idx=9): H_mag=0.0202, skipping
[EQ_HEADER][WARNING] Weak channel at SC-15 (idx=10): H_mag=0.0190, skipping
[EQ_HEADER][WARNING] Weak channel at SC-13 (idx=12): H_mag=0.0177, skipping
[EQ_HEADER][WARNING] Weak channel at SC-12 (idx=13): H_mag=0.0172, skipping
[EQ_HEADER][WARNING] Weak channel at SC-6 (idx=18): H_mag=0.0152, skipping
[EQ_HEADER][WARNING] Weak channel at SC-5 (idx=19): H_mag=0.0110, skipping
[EQ_HEADER][WARNING] Weak channel at SC-4 (idx=20): H_mag=0.0145, skipping
[EQ_HEADER][WARNING] Weak channel at SC-2 (idx=22): H_mag=0.0147, skipping
[EQ_HEADER][WARNING] Weak channel at SC-1 (idx=23): H_mag=0.0148, skipping
[EQ_HEADER][WARNING] Weak channel at SC1 (idx=24): H_mag=0.0146, skipping
[EQ_HEADER][WARNING] Weak channel at SC2 (idx=25): H_mag=0.0106, skipping
[EQ_HEADER][WARNING] Weak channel at SC3 (idx=26): H_mag=0.0106, skipping
[EQ_HEADER][WARNING] Weak channel at SC4 (idx=27): H_mag=0.0147, skipping
[EQ_HEADER][WARNING] Weak channel at SC5 (idx=28): H_mag=0.0149, skipping
[EQ_HEADER][WARNING] Weak channel at SC9 (idx=31): H_mag=0.0149, skipping
[EQ_HEADER][WARNING] Weak channel at SC12 (idx=34): H_mag=0.0146, skipping
[EQ_HEADER][WARNING] Weak channel at SC20 (idx=42): H_mag=0.0225, skipping
[EQ_HEADER][WARNING] Weak channel at SC23 (idx=44): H_mag=0.0326, skipping
[EQ_HEADER][WARNING] Weak channel at SC24 (idx=45): H_mag=0.0367, skipping
[EQ_HEADER][WARNING] Weak channel at SC25 (idx=46): H_mag=0.0428, skipping
[EQ_HEADER][WARNING] Weak channel at SC26 (idx=47): H_mag=0.0509, skipping
[EQ_HEADER] Zero-magnitude H subcarriers: 0/48
[EQ_HEADER] Average RX magnitude: 7.3092
[EQ_HEADER] Average EQ magnitude: 0.3850
[EQ_HEADER] First 10 bits: 1111111111
[EQ_HEADER][SC0] rx=-0.064+2.386i, eq=0.271+-0.002i, bit=1
[EQ_HEADER][SC1] rx=2.540+2.234i, eq=0.243+-0.296i, bit=1
[EQ_HEADER][SC2] rx=4.689+2.112i, eq=0.218+-0.535i, bit=1
[EQ_HEADER][SC3] rx=7.368+1.965i, eq=0.191+-0.835i, bit=1
[EQ_HEADER][SC4] rx=14.249+1.592i, eq=0.127+-1.614i, bit=1
[EQ_HEADER] CPE estimate: 0.065 rad, rot=0.998+-0.065i
[EQ_HEADER][WARNING] Weak channel at SC-20 (idx=5): H_mag=0.0228, skipping
[EQ_HEADER][WARNING] Weak channel at SC-19 (idx=6): H_mag=0.0230, skipping
[EQ_HEADER][WARNING] Weak channel at SC-18 (idx=7): H_mag=0.0187, skipping
[EQ_HEADER][WARNING] Weak channel at SC-16 (idx=9): H_mag=0.0202, skipping
[EQ_HEADER][WARNING] Weak channel at SC-15 (idx=10): H_mag=0.0190, skipping
[EQ_HEADER][WARNING] Weak channel at SC-13 (idx=12): H_mag=0.0177, skipping
[EQ_HEADER][WARNING] Weak channel at SC-12 (idx=13): H_mag=0.0172, skipping
[EQ_HEADER][WARNING] Weak channel at SC-6 (idx=18): H_mag=0.0152, skipping
[EQ_HEADER][WARNING] Weak channel at SC-5 (idx=19): H_mag=0.0110, skipping
[EQ_HEADER][WARNING] Weak channel at SC-4 (idx=20): H_mag=0.0145, skipping
[EQ_HEADER][WARNING] Weak channel at SC-2 (idx=22): H_mag=0.0147, skipping
[EQ_HEADER][WARNING] Weak channel at SC-1 (idx=23): H_mag=0.0148, skipping
[EQ_HEADER][WARNING] Weak channel at SC1 (idx=24): H_mag=0.0146, skipping
[EQ_HEADER][WARNING] Weak channel at SC2 (idx=25): H_mag=0.0106, skipping
[EQ_HEADER][WARNING] Weak channel at SC3 (idx=26): H_mag=0.0106, skipping
[EQ_HEADER][WARNING] Weak channel at SC4 (idx=27): H_mag=0.0147, skipping
[EQ_HEADER][WARNING] Weak channel at SC5 (idx=28): H_mag=0.0149, skipping
[EQ_HEADER][WARNING] Weak channel at SC9 (idx=31): H_mag=0.0149, skipping
[EQ_HEADER][WARNING] Weak channel at SC12 (idx=34): H_mag=0.0146, skipping
[EQ_HEADER][WARNING] Weak channel at SC20 (idx=42): H_mag=0.0225, skipping
[EQ_HEADER][WARNING] Weak channel at SC23 (idx=44): H_mag=0.0326, skipping
[EQ_HEADER][WARNING] Weak channel at SC24 (idx=45): H_mag=0.0367, skipping
[EQ_HEADER][WARNING] Weak channel at SC25 (idx=46): H_mag=0.0428, skipping
[EQ_HEADER][WARNING] Weak channel at SC26 (idx=47): H_mag=0.0509, skipping
[EQ_HEADER] Zero-magnitude H subcarriers: 0/48
[EQ_HEADER] Average RX magnitude: 7.4503
[EQ_HEADER] Average EQ magnitude: 0.3916
[EQ_HEADER] First 10 bits: 0001011101
[EQ_HEADER][SC0] rx=-5.474+0.867i, eq=-0.614+0.139i, bit=0
[EQ_HEADER][SC1] rx=-15.031+0.557i, eq=-1.694+0.174i, bit=0
[EQ_HEADER][SC2] rx=-0.583+1.024i, eq=-0.057+0.119i, bit=0
[EQ_HEADER][SC3] rx=8.835+1.328i, eq=1.000+0.081i, bit=1
[EQ_HEADER][SC4] rx=-10.053+0.717i, eq=-1.128+0.155i, bit=0
[PARSE_HT_SIG] CRC: received=0xd0, calculated=0x89
[PARSE_HT_SIG] CRC mismatch
[EQ_HEADER] CPE estimate: 1.603 rad, rot=-0.033+-0.999i
[EQ_HEADER][WARNING] Weak channel at SC-20 (idx=5): H_mag=0.0228, skipping
[EQ_HEADER][WARNING] Weak channel at SC-19 (idx=6): H_mag=0.0230, skipping
[EQ_HEADER][WARNING] Weak channel at SC-18 (idx=7): H_mag=0.0187, skipping
[EQ_HEADER][WARNING] Weak channel at SC-16 (idx=9): H_mag=0.0202, skipping
[EQ_HEADER][WARNING] Weak channel at SC-15 (idx=10): H_mag=0.0190, skipping
[EQ_HEADER][WARNING] Weak channel at SC-13 (idx=12): H_mag=0.0177, skipping
[EQ_HEADER][WARNING] Weak channel at SC-12 (idx=13): H_mag=0.0172, skipping
[EQ_HEADER][WARNING] Weak channel at SC-6 (idx=18): H_mag=0.0152, skipping
[EQ_HEADER][WARNING] Weak channel at SC-5 (idx=19): H_mag=0.0110, skipping
[EQ_HEADER][WARNING] Weak channel at SC-4 (idx=20): H_mag=0.0145, skipping
[EQ_HEADER][WARNING] Weak channel at SC-2 (idx=22): H_mag=0.0147, skipping
[EQ_HEADER][WARNING] Weak channel at SC-1 (idx=23): H_mag=0.0148, skipping
[EQ_HEADER][WARNING] Weak channel at SC1 (idx=24): H_mag=0.0146, skipping
[EQ_HEADER][WARNING] Weak channel at SC2 (idx=25): H_mag=0.0106, skipping
[EQ_HEADER][WARNING] Weak channel at SC3 (idx=26): H_mag=0.0106, skipping
[EQ_HEADER][WARNING] Weak channel at SC4 (idx=27): H_mag=0.0147, skipping
[EQ_HEADER][WARNING] Weak channel at SC5 (idx=28): H_mag=0.0149, skipping
[EQ_HEADER][WARNING] Weak channel at SC9 (idx=31): H_mag=0.0149, skipping
[EQ_HEADER][WARNING] Weak channel at SC12 (idx=34): H_mag=0.0146, skipping
[EQ_HEADER][WARNING] Weak channel at SC20 (idx=42): H_mag=0.0225, skipping
[EQ_HEADER][WARNING] Weak channel at SC23 (idx=44): H_mag=0.0326, skipping
[EQ_HEADER][WARNING] Weak channel at SC24 (idx=45): H_mag=0.0367, skipping
[EQ_HEADER][WARNING] Weak channel at SC25 (idx=46): H_mag=0.0428, skipping
[EQ_HEADER][WARNING] Weak channel at SC26 (idx=47): H_mag=0.0509, skipping
[EQ_HEADER] Zero-magnitude H subcarriers: 0/48
[EQ_HEADER] Average RX magnitude: 7.3092
[EQ_HEADER] Average EQ magnitude: 0.3850
[EQ_HEADER] First 10 bits: 1111111111
[EQ_HEADER][SC0] rx=-0.064+2.386i, eq=0.271+-0.002i, bit=1
[EQ_HEADER][SC1] rx=2.540+2.234i, eq=0.243+-0.296i, bit=1
[EQ_HEADER][SC2] rx=4.689+2.112i, eq=0.218+-0.535i, bit=1
[EQ_HEADER][SC3] rx=7.368+1.965i, eq=0.191+-0.835i, bit=1
[EQ_HEADER][SC4] rx=14.249+1.592i, eq=0.127+-1.614i, bit=1
[EQ_HEADER] CPE estimate: 0.065 rad, rot=0.998+-0.065i
[EQ_HEADER][WARNING] Weak channel at SC-20 (idx=5): H_mag=0.0228, skipping
[EQ_HEADER][WARNING] Weak channel at SC-19 (idx=6): H_mag=0.0230, skipping
[EQ_HEADER][WARNING] Weak channel at SC-18 (idx=7): H_mag=0.0187, skipping
[EQ_HEADER][WARNING] Weak channel at SC-16 (idx=9): H_mag=0.0202, skipping
[EQ_HEADER][WARNING] Weak channel at SC-15 (idx=10): H_mag=0.0190, skipping
[EQ_HEADER][WARNING] Weak channel at SC-13 (idx=12): H_mag=0.0177, skipping
[EQ_HEADER][WARNING] Weak channel at SC-12 (idx=13): H_mag=0.0172, skipping
[EQ_HEADER][WARNING] Weak channel at SC-6 (idx=18): H_mag=0.0152, skipping
[EQ_HEADER][WARNING] Weak channel at SC-5 (idx=19): H_mag=0.0110, skipping
[EQ_HEADER][WARNING] Weak channel at SC-4 (idx=20): H_mag=0.0145, skipping
[EQ_HEADER][WARNING] Weak channel at SC-2 (idx=22): H_mag=0.0147, skipping
[EQ_HEADER][WARNING] Weak channel at SC-1 (idx=23): H_mag=0.0148, skipping
[EQ_HEADER][WARNING] Weak channel at SC1 (idx=24): H_mag=0.0146, skipping
[EQ_HEADER][WARNING] Weak channel at SC2 (idx=25): H_mag=0.0106, skipping
[EQ_HEADER][WARNING] Weak channel at SC3 (idx=26): H_mag=0.0106, skipping
[EQ_HEADER][WARNING] Weak channel at SC4 (idx=27): H_mag=0.0147, skipping
[EQ_HEADER][WARNING] Weak channel at SC5 (idx=28): H_mag=0.0149, skipping
[EQ_HEADER][WARNING] Weak channel at SC9 (idx=31): H_mag=0.0149, skipping
[EQ_HEADER][WARNING] Weak channel at SC12 (idx=34): H_mag=0.0146, skipping
[EQ_HEADER][WARNING] Weak channel at SC20 (idx=42): H_mag=0.0225, skipping
[EQ_HEADER][WARNING] Weak channel at SC23 (idx=44): H_mag=0.0326, skipping
[EQ_HEADER][WARNING] Weak channel at SC24 (idx=45): H_mag=0.0367, skipping
[EQ_HEADER][WARNING] Weak channel at SC25 (idx=46): H_mag=0.0428, skipping
[EQ_HEADER][WARNING] Weak channel at SC26 (idx=47): H_mag=0.0509, skipping
[EQ_HEADER] Zero-magnitude H subcarriers: 0/48
[EQ_HEADER] Average RX magnitude: 7.4503
[EQ_HEADER] Average EQ magnitude: 0.3916
[EQ_HEADER] First 10 bits: 0001011101
[EQ_HEADER][SC0] rx=-5.474+0.867i, eq=-0.614+0.139i, bit=0
[EQ_HEADER][SC1] rx=-15.031+0.557i, eq=-1.694+0.174i, bit=0
[EQ_HEADER][SC2] rx=-0.583+1.024i, eq=-0.057+0.119i, bit=0
[EQ_HEADER][SC3] rx=8.835+1.328i, eq=1.000+0.081i, bit=1
[EQ_HEADER][SC4] rx=-10.053+0.717i, eq=-1.128+0.155i, bit=0
[PARSE_HT_SIG] CRC: received=0x00, calculated=0x64
[PARSE_HT_SIG] CRC mismatch
[EQ_HEADER] CPE estimate: 1.603 rad, rot=-0.033+-0.999i
[EQ_HEADER][WARNING] Weak channel at SC-20 (idx=5): H_mag=0.0228, skipping
[EQ_HEADER][WARNING] Weak channel at SC-19 (idx=6): H_mag=0.0230, skipping
[EQ_HEADER][WARNING] Weak channel at SC-18 (idx=7): H_mag=0.0187, skipping
[EQ_HEADER][WARNING] Weak channel at SC-16 (idx=9): H_mag=0.0202, skipping
[EQ_HEADER][WARNING] Weak channel at SC-15 (idx=10): H_mag=0.0190, skipping
[EQ_HEADER][WARNING] Weak channel at SC-13 (idx=12): H_mag=0.0177, skipping
[EQ_HEADER][WARNING] Weak channel at SC-12 (idx=13): H_mag=0.0172, skipping
[EQ_HEADER][WARNING] Weak channel at SC-6 (idx=18): H_mag=0.0152, skipping
[EQ_HEADER][WARNING] Weak channel at SC-5 (idx=19): H_mag=0.0110, skipping
[EQ_HEADER][WARNING] Weak channel at SC-4 (idx=20): H_mag=0.0145, skipping
[EQ_HEADER][WARNING] Weak channel at SC-2 (idx=22): H_mag=0.0147, skipping
[EQ_HEADER][WARNING] Weak channel at SC-1 (idx=23): H_mag=0.0148, skipping
[EQ_HEADER][WARNING] Weak channel at SC1 (idx=24): H_mag=0.0146, skipping
[EQ_HEADER][WARNING] Weak channel at SC2 (idx=25): H_mag=0.0106, skipping
[EQ_HEADER][WARNING] Weak channel at SC3 (idx=26): H_mag=0.0106, skipping
[EQ_HEADER][WARNING] Weak channel at SC4 (idx=27): H_mag=0.0147, skipping
[EQ_HEADER][WARNING] Weak channel at SC5 (idx=28): H_mag=0.0149, skipping
[EQ_HEADER][WARNING] Weak channel at SC9 (idx=31): H_mag=0.0149, skipping
[EQ_HEADER][WARNING] Weak channel at SC12 (idx=34): H_mag=0.0146, skipping
[EQ_HEADER][WARNING] Weak channel at SC20 (idx=42): H_mag=0.0225, skipping
[EQ_HEADER][WARNING] Weak channel at SC23 (idx=44): H_mag=0.0326, skipping
[EQ_HEADER][WARNING] Weak channel at SC24 (idx=45): H_mag=0.0367, skipping
[EQ_HEADER][WARNING] Weak channel at SC25 (idx=46): H_mag=0.0428, skipping
[EQ_HEADER][WARNING] Weak channel at SC26 (idx=47): H_mag=0.0509, skipping
[EQ_HEADER] Zero-magnitude H subcarriers: 0/48
[EQ_HEADER] Average RX magnitude: 7.3092
[EQ_HEADER] Average EQ magnitude: 0.3850
[EQ_HEADER] First 10 bits: 1111111111
[EQ_HEADER][SC0] rx=-0.064+2.386i, eq=0.271+-0.002i, bit=1
[EQ_HEADER][SC1] rx=2.540+2.234i, eq=0.243+-0.296i, bit=1
[EQ_HEADER][SC2] rx=4.689+2.112i, eq=0.218+-0.535i, bit=1
[EQ_HEADER][SC3] rx=7.368+1.965i, eq=0.191+-0.835i, bit=1
[EQ_HEADER][SC4] rx=14.249+1.592i, eq=0.127+-1.614i, bit=1
[EQ_HEADER] CPE estimate: 0.065 rad, rot=0.998+-0.065i
[EQ_HEADER][WARNING] Weak channel at SC-20 (idx=5): H_mag=0.0228, skipping
[EQ_HEADER][WARNING] Weak channel at SC-19 (idx=6): H_mag=0.0230, skipping
[EQ_HEADER][WARNING] Weak channel at SC-18 (idx=7): H_mag=0.0187, skipping
[EQ_HEADER][WARNING] Weak channel at SC-16 (idx=9): H_mag=0.0202, skipping
[EQ_HEADER][WARNING] Weak channel at SC-15 (idx=10): H_mag=0.0190, skipping
[EQ_HEADER][WARNING] Weak channel at SC-13 (idx=12): H_mag=0.0177, skipping
[EQ_HEADER][WARNING] Weak channel at SC-12 (idx=13): H_mag=0.0172, skipping
[EQ_HEADER][WARNING] Weak channel at SC-6 (idx=18): H_mag=0.0152, skipping
[EQ_HEADER][WARNING] Weak channel at SC-5 (idx=19): H_mag=0.0110, skipping
[EQ_HEADER][WARNING] Weak channel at SC-4 (idx=20): H_mag=0.0145, skipping
[EQ_HEADER][WARNING] Weak channel at SC-2 (idx=22): H_mag=0.0147, skipping
[EQ_HEADER][WARNING] Weak channel at SC-1 (idx=23): H_mag=0.0148, skipping
[EQ_HEADER][WARNING] Weak channel at SC1 (idx=24): H_mag=0.0146, skipping
[EQ_HEADER][WARNING] Weak channel at SC2 (idx=25): H_mag=0.0106, skipping
[EQ_HEADER][WARNING] Weak channel at SC3 (idx=26): H_mag=0.0106, skipping
[EQ_HEADER][WARNING] Weak channel at SC4 (idx=27): H_mag=0.0147, skipping
[EQ_HEADER][WARNING] Weak channel at SC5 (idx=28): H_mag=0.0149, skipping
[EQ_HEADER][WARNING] Weak channel at SC9 (idx=31): H_mag=0.0149, skipping
[EQ_HEADER][WARNING] Weak channel at SC12 (idx=34): H_mag=0.0146, skipping
[EQ_HEADER][WARNING] Weak channel at SC20 (idx=42): H_mag=0.0225, skipping
[EQ_HEADER][WARNING] Weak channel at SC23 (idx=44): H_mag=0.0326, skipping
[EQ_HEADER][WARNING] Weak channel at SC24 (idx=45): H_mag=0.0367, skipping
[EQ_HEADER][WARNING] Weak channel at SC25 (idx=46): H_mag=0.0428, skipping
[EQ_HEADER][WARNING] Weak channel at SC26 (idx=47): H_mag=0.0509, skipping
[EQ_HEADER] Zero-magnitude H subcarriers: 0/48
[EQ_HEADER] Average RX magnitude: 7.4503
[EQ_HEADER] Average EQ magnitude: 0.3916
[EQ_HEADER] First 10 bits: 0001011101
[EQ_HEADER][SC0] rx=-5.474+0.867i, eq=-0.614+0.139i, bit=0
[EQ_HEADER][SC1] rx=-15.031+0.557i, eq=-1.694+0.174i, bit=0
[EQ_HEADER][SC2] rx=-0.583+1.024i, eq=-0.057+0.119i, bit=0
[EQ_HEADER][SC3] rx=8.835+1.328i, eq=1.000+0.081i, bit=1
[EQ_HEADER][SC4] rx=-10.053+0.717i, eq=-1.128+0.155i, bit=0
[PARSE_HT_SIG] CRC: received=0xd0, calculated=0x9e
[PARSE_HT_SIG] CRC mismatch
[EQ_HEADER] CPE estimate: 1.603 rad, rot=-0.033+-0.999i
[EQ_HEADER][WARNING] Weak channel at SC-20 (idx=5): H_mag=0.0228, skipping
[EQ_HEADER][WARNING] Weak channel at SC-19 (idx=6): H_mag=0.0230, skipping
[EQ_HEADER][WARNING] Weak channel at SC-18 (idx=7): H_mag=0.0187, skipping
[EQ_HEADER][WARNING] Weak channel at SC-16 (idx=9): H_mag=0.0202, skipping
[EQ_HEADER][WARNING] Weak channel at SC-15 (idx=10): H_mag=0.0190, skipping
[EQ_HEADER][WARNING] Weak channel at SC-13 (idx=12): H_mag=0.0177, skipping
[EQ_HEADER][WARNING] Weak channel at SC-12 (idx=13): H_mag=0.0172, skipping
[EQ_HEADER][WARNING] Weak channel at SC-6 (idx=18): H_mag=0.0152, skipping
[EQ_HEADER][WARNING] Weak channel at SC-5 (idx=19): H_mag=0.0110, skipping
[EQ_HEADER][WARNING] Weak channel at SC-4 (idx=20): H_mag=0.0145, skipping
[EQ_HEADER][WARNING] Weak channel at SC-2 (idx=22): H_mag=0.0147, skipping
[EQ_HEADER][WARNING] Weak channel at SC-1 (idx=23): H_mag=0.0148, skipping
[EQ_HEADER][WARNING] Weak channel at SC1 (idx=24): H_mag=0.0146, skipping
[EQ_HEADER][WARNING] Weak channel at SC2 (idx=25): H_mag=0.0106, skipping
[EQ_HEADER][WARNING] Weak channel at SC3 (idx=26): H_mag=0.0106, skipping
[EQ_HEADER][WARNING] Weak channel at SC4 (idx=27): H_mag=0.0147, skipping
[EQ_HEADER][WARNING] Weak channel at SC5 (idx=28): H_mag=0.0149, skipping
[EQ_HEADER][WARNING] Weak channel at SC9 (idx=31): H_mag=0.0149, skipping
[EQ_HEADER][WARNING] Weak channel at SC12 (idx=34): H_mag=0.0146, skipping
[EQ_HEADER][WARNING] Weak channel at SC20 (idx=42): H_mag=0.0225, skipping
[EQ_HEADER][WARNING] Weak channel at SC23 (idx=44): H_mag=0.0326, skipping
[EQ_HEADER][WARNING] Weak channel at SC24 (idx=45): H_mag=0.0367, skipping
[EQ_HEADER][WARNING] Weak channel at SC25 (idx=46): H_mag=0.0428, skipping
[EQ_HEADER][WARNING] Weak channel at SC26 (idx=47): H_mag=0.0509, skipping
[EQ_HEADER] Zero-magnitude H subcarriers: 0/48
[EQ_HEADER] Average RX magnitude: 7.3092
[EQ_HEADER] Average EQ magnitude: 0.3850
[EQ_HEADER] First 10 bits: 1111111111
[EQ_HEADER][SC0] rx=-0.064+2.386i, eq=0.271+-0.002i, bit=1
[EQ_HEADER][SC1] rx=2.540+2.234i, eq=0.243+-0.296i, bit=1
[EQ_HEADER][SC2] rx=4.689+2.112i, eq=0.218+-0.535i, bit=1
[EQ_HEADER][SC3] rx=7.368+1.965i, eq=0.191+-0.835i, bit=1
[EQ_HEADER][SC4] rx=14.249+1.592i, eq=0.127+-1.614i, bit=1
[EQ_HEADER] CPE estimate: 0.065 rad, rot=0.998+-0.065i
[EQ_HEADER][WARNING] Weak channel at SC-20 (idx=5): H_mag=0.0228, skipping
[EQ_HEADER][WARNING] Weak channel at SC-19 (idx=6): H_mag=0.0230, skipping
[EQ_HEADER][WARNING] Weak channel at SC-18 (idx=7): H_mag=0.0187, skipping
[EQ_HEADER][WARNING] Weak channel at SC-16 (idx=9): H_mag=0.0202, skipping
[EQ_HEADER][WARNING] Weak channel at SC-15 (idx=10): H_mag=0.0190, skipping
[EQ_HEADER][WARNING] Weak channel at SC-13 (idx=12): H_mag=0.0177, skipping
[EQ_HEADER][WARNING] Weak channel at SC-12 (idx=13): H_mag=0.0172, skipping
[EQ_HEADER][WARNING] Weak channel at SC-6 (idx=18): H_mag=0.0152, skipping
[EQ_HEADER][WARNING] Weak channel at SC-5 (idx=19): H_mag=0.0110, skipping
[EQ_HEADER][WARNING] Weak channel at SC-4 (idx=20): H_mag=0.0145, skipping
[EQ_HEADER][WARNING] Weak channel at SC-2 (idx=22): H_mag=0.0147, skipping
[EQ_HEADER][WARNING] Weak channel at SC-1 (idx=23): H_mag=0.0148, skipping
[EQ_HEADER][WARNING] Weak channel at SC1 (idx=24): H_mag=0.0146, skipping
[EQ_HEADER][WARNING] Weak channel at SC2 (idx=25): H_mag=0.0106, skipping
[EQ_HEADER][WARNING] Weak channel at SC3 (idx=26): H_mag=0.0106, skipping
[EQ_HEADER][WARNING] Weak channel at SC4 (idx=27): H_mag=0.0147, skipping
[EQ_HEADER][WARNING] Weak channel at SC5 (idx=28): H_mag=0.0149, skipping
[EQ_HEADER][WARNING] Weak channel at SC9 (idx=31): H_mag=0.0149, skipping
[EQ_HEADER][WARNING] Weak channel at SC12 (idx=34): H_mag=0.0146, skipping
[EQ_HEADER][WARNING] Weak channel at SC20 (idx=42): H_mag=0.0225, skipping
[EQ_HEADER][WARNING] Weak channel at SC23 (idx=44): H_mag=0.0326, skipping
[EQ_HEADER][WARNING] Weak channel at SC24 (idx=45): H_mag=0.0367, skipping
[EQ_HEADER][WARNING] Weak channel at SC25 (idx=46): H_mag=0.0428, skipping
[EQ_HEADER][WARNING] Weak channel at SC26 (idx=47): H_mag=0.0509, skipping
[EQ_HEADER] Zero-magnitude H subcarriers: 0/48
[EQ_HEADER] Average RX magnitude: 7.4503
[EQ_HEADER] Average EQ magnitude: 0.3916
[EQ_HEADER] First 10 bits: 0001011101
[EQ_HEADER][SC0] rx=-5.474+0.867i, eq=-0.614+0.139i, bit=0
[EQ_HEADER][SC1] rx=-15.031+0.557i, eq=-1.694+0.174i, bit=0
[EQ_HEADER][SC2] rx=-0.583+1.024i, eq=-0.057+0.119i, bit=0
[EQ_HEADER][SC3] rx=8.835+1.328i, eq=1.000+0.081i, bit=1
[EQ_HEADER][SC4] rx=-10.053+0.717i, eq=-1.128+0.155i, bit=0
[PARSE_HT_SIG] CRC: received=0x00, calculated=0x8d
[PARSE_HT_SIG] CRC mismatch
[EQ][HT-SIG][DEBUG] L-SIG bits (48): 000000001111100100000000111001100000000000100110
[EQ][HT-SIG][DEBUG] HT-SIG0 bits (48): 000111111101000000110111100110110111111101100101
[EQ][HT-SIG][DEBUG] HT-SIG1 bits (48): 110001001001111010101110000010011111010111100011
[EQ][HT-SIG] parse failed: lsig=3 htsig=4/5
[EQ][WHILE_LOOP] iter consumed=6, d_sym_idx=6
[EQ][FLOW] abs=161 wifi_start=0 in_frame=1 sym_idx=6 consumed=6 produced=0
[EQ][PRE_EXTRACT] d_sym_idx=6, in_frame=1
[EXTRACT_CALL] sym_idx=6, type=OTHER
[EQ][IDX_CHECK] d_sym_idx=6, condition=1
[EQ][VALID_SET] d_sym_idx=6, valid=1
[EQ][SYM_IDX] sym_idx=6, type=UNKNOWN
[EQ][POST_EQUALIZE] d_sym_idx=6
[EQ][RAW_BITS] sym_idx=6 bits52=1101010111100110000000000100011011111011111111001000
[EQ][STDERR_DIRECT] Entering direct mixed-mode header detection
[EQ][DIRECT_PATH] Entering direct mixed-mode header detection
[EQ][STDERR_BEFORE_GATE] Reached before gate check
[EQ][BEFORE_GATE] Reached before gate check
[EQ][GATE] sym=6 want_htsig1=5 valid={lltf0=1 lltf1=1 lsig=1 htsig0=1 htsig1=1} have_ht=0
[EQ][TEST_INSERT] Added new debug output
[EQ][DEBUG_TEST] ======== DEBUG ENTRY ========
[EQ][DEBUG] Checking HT-SIG parse condition: d_sym_idx=6, kHtSig1Rel=5, d_have_ht_header=0
[EQ][DEBUG] valid flags: lltf0=1, lltf1=1, lsig=1, htsig0=1, htsig1=1
[EQ][WHILE_LOOP] iter consumed=7, d_sym_idx=7
[EQ][GATE_DETAIL] d_sym_idx=6, kHtSig1Rel=5, d_have_ht_header=0
[EQ][GATE_DETAIL] valid flags: lltf0=1 lltf1=1 lsig=1 htsig0=1 htsig1=1
[EQ][FLOW] abs=162 wifi_start=0 in_frame=1 sym_idx=7 consumed=7 produced=0
[EQ][PRE_EXTRACT] d_sym_idx=7, in_frame=1
[EXTRACT_CALL] sym_idx=7, type=OTHER
[EQ][IDX_CHECK] d_sym_idx=7, condition=1
[EQ][VALID_SET] d_sym_idx=7, valid=1
[EQ][SYM_IDX] sym_idx=7, type=UNKNOWN
[EQ][POST_EQUALIZE] d_sym_idx=7
[EQ][RAW_BITS] sym_idx=7 bits52=1110000100111101011001000010011110001001001100110000
[EQ][STDERR_DIRECT] Entering direct mixed-mode header detection
[EQ][DIRECT_PATH] Entering direct mixed-mode header detection
[EQ][STDERR_BEFORE_GATE] Reached before gate check
[EQ][BEFORE_GATE] Reached before gate check
[EQ][TEST_INSERT] Added new debug output
[EQ][DEBUG_TEST] ======== DEBUG ENTRY ========
[EQ][DEBUG] Checking HT-SIG parse condition: d_sym_idx=7, kHtSig1Rel=5, d_have_ht_header=0
[EQ][DEBUG] valid flags: lltf0=1, lltf1=1, lsig=1, htsig0=1, htsig1=1
[EQ][WHILE_LOOP] iter consumed=8, d_sym_idx=8
[EQ][GATE_DETAIL] d_sym_idx=7, kHtSig1Rel=5, d_have_ht_header=0
[EQ][GATE_DETAIL] valid flags: lltf0=1 lltf1=1 lsig=1 htsig0=1 htsig1=1
[EQ][FLOW] abs=163 wifi_start=0 in_frame=1 sym_idx=8 consumed=8 produced=0
[EQ][PRE_EXTRACT] d_sym_idx=8, in_frame=1
[EQ][POST_EQUALIZE] d_sym_idx=8
[EQ][STDERR_DIRECT] Entering direct mixed-mode header detection
[EQ][IDX_CHECK] d_sym_idx=8, condition=0
[EQ][DIRECT_PATH] Entering direct mixed-mode header detection
[EQ][STDERR_BEFORE_GATE] Reached before gate check
[EQ][BEFORE_GATE] Reached before gate check
[EQ][TEST_INSERT] Added new debug output
[EQ][DEBUG_TEST] ======== DEBUG ENTRY ========
[EQ][DEBUG] Checking HT-SIG parse condition: d_sym_idx=8, kHtSig1Rel=5, d_have_ht_header=0
[EQ][DEBUG] valid flags: lltf0=1, lltf1=1, lsig=1, htsig0=1, htsig1=1
[EQ][WHILE_LOOP] iter consumed=9, d_sym_idx=9
[EQ][GATE_DETAIL] d_sym_idx=8, kHtSig1Rel=5, d_have_ht_header=0
[EQ][GATE_DETAIL] valid flags: lltf0=1 lltf1=1 lsig=1 htsig0=1 htsig1=1
[EQ][FLOW] abs=164 wifi_start=0 in_frame=1 sym_idx=9 consumed=9 produced=0
[EQ][PRE_EXTRACT] d_sym_idx=9, in_frame=1
[EQ][POST_EQUALIZE] d_sym_idx=9
[EQ][STDERR_DIRECT] Entering direct mixed-mode header detection
[EQ][IDX_CHECK] d_sym_idx=9, condition=0
[EQ][DIRECT_PATH] Entering direct mixed-mode header detection
[EQ][STDERR_BEFORE_GATE] Reached before gate check
[EQ][BEFORE_GATE] Reached before gate check
[EQ][TEST_INSERT] Added new debug output
[EQ][DEBUG_TEST] ======== DEBUG ENTRY ========
[EQ][DEBUG] Checking HT-SIG parse condition: d_sym_idx=9, kHtSig1Rel=5, d_have_ht_header=0
[EQ][DEBUG] valid flags: lltf0=1, lltf1=1, lsig=1, htsig0=1, htsig1=1
[EQ][WHILE_LOOP] iter consumed=10, d_sym_idx=10
[EQ][GATE_DETAIL] d_sym_idx=9, kHtSig1Rel=5, d_have_ht_header=0
[EQ][GATE_DETAIL] valid flags: lltf0=1 lltf1=1 lsig=1 htsig0=1 htsig1=1
[EQ][FLOW] abs=165 wifi_start=0 in_frame=1 sym_idx=10 consumed=10 produced=0
[EQ][PRE_EXTRACT] d_sym_idx=10, in_frame=1
[EQ][POST_EQUALIZE] d_sym_idx=10
[EQ][STDERR_DIRECT] Entering direct mixed-mode header detection
[EQ][IDX_CHECK] d_sym_idx=10, condition=0
[EQ][DIRECT_PATH] Entering direct mixed-mode header detection
[EQ][STDERR_BEFORE_GATE] Reached before gate check
[EQ][BEFORE_GATE] Reached before gate check
[EQ][TEST_INSERT] Added new debug output
[EQ][DEBUG_TEST] ======== DEBUG ENTRY ========
[EQ][DEBUG] Checking HT-SIG parse condition: d_sym_idx=10, kHtSig1Rel=5, d_have_ht_header=0
[EQ][DEBUG] valid flags: lltf0=1, lltf1=1, lsig=1, htsig0=1, htsig1=1
[EQ][WHILE_LOOP] iter consumed=11, d_sym_idx=11
[EQ][GATE_DETAIL] d_sym_idx=10, kHtSig1Rel=5, d_have_ht_header=0
[EQ][GATE_DETAIL] valid flags: lltf0=1 lltf1=1 lsig=1 htsig0=1 htsig1=1
[EQ][FLOW] abs=166 wifi_start=0 in_frame=1 sym_idx=11 consumed=11 produced=0
[EQ][PRE_EXTRACT] d_sym_idx=11, in_frame=1
[EQ][POST_EQUALIZE] d_sym_idx=11
[EQ][STDERR_DIRECT] Entering direct mixed-mode header detection
[EQ][IDX_CHECK] d_sym_idx=11, condition=0
[EQ][DIRECT_PATH] Entering direct mixed-mode header detection
[EQ][STDERR_BEFORE_GATE] Reached before gate check
[EQ][BEFORE_GATE] Reached before gate check
[EQ][TEST_INSERT] Added new debug output
[EQ][DEBUG_TEST] ======== DEBUG ENTRY ========
[EQ][DEBUG] Checking HT-SIG parse condition: d_sym_idx=11, kHtSig1Rel=5, d_have_ht_header=0
[EQ][DEBUG] valid flags: lltf0=1, lltf1=1, lsig=1, htsig0=1, htsig1=1
[EQ][WHILE_LOOP] iter consumed=12, d_sym_idx=12
[EQ][PRE_EXTRACT] d_sym_idx=12, in_frame=1
[EQ][POST_EQUALIZE] d_sym_idx=12
[EQ][STDERR_DIRECT] Entering direct mixed-mode header detection
[EQ][GATE_DETAIL] d_sym_idx=11, kHtSig1Rel=5, d_have_ht_header=0
[EQ][GATE_DETAIL] valid flags: lltf0=1 lltf1=1 lsig=1 htsig0=1 htsig1=1
[EQ][IDX_CHECK] d_sym_idx=12, condition=0
[EQ][DIRECT_PATH] Entering direct mixed-mode header detection
[EQ][STDERR_BEFORE_GATE] Reached before gate check
[EQ][BEFORE_GATE] Reached before gate check
[EQ][TEST_INSERT] Added new debug output
[EQ][DEBUG_TEST] ======== DEBUG ENTRY ========
[EQ][DEBUG] Checking HT-SIG parse condition: d_sym_idx=12, kHtSig1Rel=5, d_have_ht_header=0
[EQ][DEBUG] valid flags: lltf0=1, lltf1=1, lsig=1, htsig0=1, htsig1=1
[EQ][WHILE_LOOP] iter consumed=13, d_sym_idx=13
[EQ][PRE_EXTRACT] d_sym_idx=13, in_frame=1
[EQ][POST_EQUALIZE] d_sym_idx=13
[EQ][STDERR_DIRECT] Entering direct mixed-mode header detection
[EQ][GATE_DETAIL] d_sym_idx=12, kHtSig1Rel=5, d_have_ht_header=0
[EQ][GATE_DETAIL] valid flags: lltf0=1 lltf1=1 lsig=1 htsig0=1 htsig1=1
[EQ][IDX_CHECK] d_sym_idx=13, condition=0
[EQ][DIRECT_PATH] Entering direct mixed-mode header detection
[EQ][STDERR_BEFORE_GATE] Reached before gate check
[EQ][BEFORE_GATE] Reached before gate check
[EQ][TEST_INSERT] Added new debug output
[EQ][DEBUG_TEST] ======== DEBUG ENTRY ========
[EQ][DEBUG] Checking HT-SIG parse condition: d_sym_idx=13, kHtSig1Rel=5, d_have_ht_header=0
[EQ][DEBUG] valid flags: lltf0=1, lltf1=1, lsig=1, htsig0=1, htsig1=1
[EQ][WHILE_LOOP] iter consumed=14, d_sym_idx=14
[EQ][PRE_EXTRACT] d_sym_idx=14, in_frame=1
[EQ][POST_EQUALIZE] d_sym_idx=14
[EQ][STDERR_DIRECT] Entering direct mixed-mode header detection
[EQ][GATE_DETAIL] d_sym_idx=13, kHtSig1Rel=5, d_have_ht_header=0
[EQ][GATE_DETAIL] valid flags: lltf0=1 lltf1=1 lsig=1 htsig0=1 htsig1=1
[EQ][IDX_CHECK] d_sym_idx=14, condition=0
[EQ][DIRECT_PATH] Entering direct mixed-mode header detection
[EQ][STDERR_BEFORE_GATE] Reached before gate check
[EQ][BEFORE_GATE] Reached before gate check
[EQ][TEST_INSERT] Added new debug output
[EQ][DEBUG_TEST] ======== DEBUG ENTRY ========
[EQ][DEBUG] Checking HT-SIG parse condition: d_sym_idx=14, kHtSig1Rel=5, d_have_ht_header=0
[EQ][DEBUG] valid flags: lltf0=1, lltf1=1, lsig=1, htsig0=1, htsig1=1
[EQ][GATE_DETAIL] d_sym_idx=14, kHtSig1Rel=5, d_have_ht_header=0
[EQ][GATE_DETAIL] valid flags: lltf0=1 lltf1=1 lsig=1 htsig0=1 htsig1=1
message_debug :info: The `print_pdu` port is deprecated and will be removed; forwarding to `print`.
[MAPPER] handle_msg called
[MAPPER] meta=***** VERBOSE PDU DEBUG PRINT ******
((encoding . 0) (crc_included . #t))
pdu length =         38 bytes
pdu vector contents = 
0000: 08 00 00 00 42 42 42 42 42 42 23 23 23 23 23 ((encoding . 0) (crc_included . #t))23 
0010: ff 
[MAPPER] meta fields: mcs=0 len=-1 psdu_len=-1
[MAPPER] using MCS=0
[MAPPER] HT mode enabled, effective MCS: 0
ff ff ff ff ff 70 00 78 78 78 78 78 78 78 78 
0020: 78 78 9b 03 3b e9 
************************************
[TX][HTDATA0][PUNCTURED] bits52=1101110010001111010011010111000001000110111110000010
[TX][HTDATA0][INTERLEAVED] bits52=1110111101011001110110010000011011000000010000111110
[TX][HTDATA0] bits52=1110111101011001110110010000011011000000010000111110
[TX][PUNCTURED-ALL] nbits=676 first64=1101110010001111010011010111000001000110111110000010001010000000 last64=1110110001011010101110010001010111000000001101111111000111011100
[TX][INTERLEAVED-ALL] nbits=676 first64=1110111101011001110110010000011011000000010000111110010000101011 last64=1001000001011001000011000000111100111101111011110011001110100010
[TX][HTDATA0][PUNCTURED] keep existing first-frame reference /tmp/wifi_tx_punctured0_bits52.txt
[TX][HTDATA0][INTERLEAVED] keep existing first-frame reference /tmp/wifi_tx_interleaved0_bits52.txt
[TX][HTDATA0] keep existing first-frame reference /tmp/wifi_tx_data0_bits52.txt
[TX][PUNCTURED-ALL] keep existing first-frame reference /tmp/wifi_tx_punctured_all_bits.txt
[TX][INTERLEAVED-ALL] keep existing first-frame reference /tmp/wifi_tx_interleaved_all_bits.txt
[TX][PUNCTURED-ALL] updated /tmp/wifi_tx_punctured_all_bits.last.txt
[TX][INTERLEAVED-ALL] updated /tmp/wifi_tx_interleaved_all_bits.last.txt
[MAPPER] frame: ht_mode=1 psdu=38 n_sym=13 n_data_bits=338 n_encoded_bits=676 data_carriers=52 out_symbols=676
[HT-HEADER] general_work called ninput=676 noutput=32688
[TX][LSIG] raw24=110100110010000000000000
[TX][LSIG] enc48=110110001010100111001100100011011100000000000000
[TX][LSIG] intl48=110011011001000011010100011000000010011001100000
[TX][HTSIG] fields: mcs=0 len=38 bw40=0 agg=0 sgi=0 stbc=0 adv=0 nltf=0 crc=0x0d
[TX][HTSIG] raw48=000000000110010000000000000000000010110000000000
[TX][HTSIG] enc96=000000000000000000110110111100100011011100000000000000000000000000001110111001101110101100000000
[TX][HTSIG] intl96=000000111110010000000011100110000000000010011000000000011011110000000001100100000000001011101000
[TX][HTHDR][OUTBUF] lsig48=110011011001000011010100011000000010011001100000
[TX][HTHDR][OUTBUF] htsig1_48=000000111110010000000011100110000000000010011000
[TX][HTHDR][OUTBUF] htsig2_48=000000011011110000000001100100000000001011101000
[SYNC-SHORT] general_work called: noutput=16 ninput=2288 threshold=0.010 state=1
SHORT copied 16
[SYNC-LONG] general_work: ninput[0]=16 ninput[1]=320 noutput=16 state=1
LONG ninput[0] 16   ninput[1] 320  noutput 16   state 1
produced : 16 consumed: 16
[SYNC-SHORT] general_work called: noutput=2048 ninput=2272 threshold=0.010 state=1
sync_short :info: frame start at in: 15827 out: 16354
SHORT Frame!
SHORT copied 530
[SYNC-SHORT] general_work called: noutput=1024 ninput=1742 threshold=0.010 state=1
[SYNC-LONG] general_work: ninput[0]=530 ninput[1]=320 noutput=256 state=1
LONG ninput[0] 530   ninput[1] 320  noutput 256   state 1
produced : 256 consumed: 320
sync_short :info: frame start at in: 16308 out: 16835
SHORT Frame!
SHORT copied 481
[SYNC-LONG] general_work: ninput[0]=210 ninput[1]=530 noutput=128 state=1
LONG ninput[0] 210   ninput[1] 530  noutput 128   state 1
[SYNC-SHORT] general_work called: noutput=1024 ninput=1261 threshold=0.010 state=1
produced : 128 consumed: 160
[SYNC-LONG] general_work: ninput[0]=531 ninput[1]=851 noutput=512 state=1
sync_short :info: frame start at in: 16789 out: 17316
SHORT Frame!
SHORT copied 481
LONG ninput[0] 531   ninput[1] 851  noutput 512   state 1
produced : 34 consumed: 50
[SYNC-LONG] general_work: ninput[0]=962 ninput[1]=801 noutput=512 state=1
LONG ninput[0] 962   ninput[1] 801  noutput 512   state 1
[EQ][ENTER] general_work called nin=6 nout=256
[SYNC-SHORT] general_work called: noutput=512 ninput=780 threshold=0.010 state=1
[SYNC-LONG] Received wifi_start tag: freq_offset=-0.029 offset=15827 nread=15827
LONG: ignore retrigger tag during COPY nread=15827 d_count=1415 guard=3072 tag_offset=15827
[EQ][CALL] nin=6 nout=256 in_frame=1 sym_idx=15 freq_offset=5890000000.000000
[EQ][WHILE_ENTER] consumed=0, n_in=6
[EQ][WHILE_LOOP] iter consumed=0, d_sym_idx=15
[EQ][FLOW] abs=170 wifi_start=0 in_frame=1 sym_idx=15 consumed=0 produced=0
[EQ][PRE_EXTRACT] d_sym_idx=15, in_frame=1
[EQ][POST_EQUALIZE] d_sym_idx=15
[EQ][STDERR_DIRECT] Entering direct mixed-mode header detection
[EQ][IDX_CHECK] d_sym_idx=15, condition=0
[EQ][DIRECT_PATH] Entering direct mixed-mode header detection
[EQ][STDERR_BEFORE_GATE] Reached before gate check
[EQ][BEFORE_GATE] Reached before gate check
[EQ][TEST_INSERT] Added new debug output
[EQ][DEBUG_TEST] ======== DEBUG ENTRY ========
[EQ][DEBUG] Checking HT-SIG parse condition: d_sym_idx=15, kHtSig1Rel=5, d_have_ht_header=0
[EQ][DEBUG] valid flags: lltf0=1, lltf1=1, lsig=1, htsig0=1, htsig1=1
[EQ][WHILE_LOOP] iter consumed=1, d_sym_idx=16
[EQ][GATE_DETAIL] d_sym_idx=15, kHtSig1Rel=5, d_have_ht_header=0
[EQ][GATE_DETAIL] valid flags: lltf0=1 lltf1=1 lsig=1 htsig0=1 htsig1=1
[EQ][FLOW] abs=171 wifi_start=0 in_frame=1 sym_idx=16 consumed=1 produced=0
[EQ][PRE_EXTRACT] d_sym_idx=16, in_frame=1
produced : 512 consumed: [EQ][IDX_CHECK] d_sym_idx=16, condition=0
sync_short :info: frame start at in: 17270 out: 17797
640[EQ][POST_EQUALIZE] d_sym_idx=16
[EQ][STDERR_DIRECT] Entering direct mixed-mode header detection
[EQ][DIRECT_PATH] Entering direct mixed-mode header detection
[EQ][STDERR_BEFORE_GATE] Reached before gate check
[EQ][BEFORE_GATE] Reached before gate check
[EQ][TEST_INSERT] Added new debug output
[EQ][DEBUG_TEST] ======== DEBUG ENTRY ========
[EQ][DEBUG] Checking HT-SIG parse condition: d_sym_idx=16, kHtSig1Rel=5, d_have_ht_header=0
SHORT Frame![EQ][DEBUG] valid flags: lltf0=1, lltf1=1, lsig=1, htsig0=1, htsig1=1
[EQ][WHILE_LOOP] iter consumed=2, d_sym_idx=17
[EQ][GATE_DETAIL] d_sym_idx=16, kHtSig1Rel=5, d_have_ht_header=0
[EQ][GATE_DETAIL] valid flags: lltf0=1 lltf1=1 lsig=1 htsig0=1 htsig1=1

[EQ][FLOW] abs=172 wifi_start=0 in_frame=1 sym_idx=17 consumed=2 produced=0

[EQ][PRE_EXTRACT] d_sym_idx=17, in_frame=1
[EQ][POST_EQUALIZE] d_sym_idx=17
[EQ][IDX_CHECK] d_sym_idx=17, condition=0
[EQ][STDERR_DIRECT] Entering direct mixed-mode header detection
[EQ][DIRECT_PATH] Entering direct mixed-mode header detection
[SYNC-LONG] general_work: ninput[0]=322 ninput[1]=642 noutput=256 state=1
LONG ninput[0] 322   ninput[1] 642  noutput 256   state 1
SHORT copied 481
[SYNC-SHORT] general_work called: noutput=256 ninput=299 threshold=0.010 state=1
[EQ][STDERR_BEFORE_GATE] Reached before gate check
produced : 256 consumed: 320
[EQ][BEFORE_GATE] Reached before gate check
[EQ][TEST_INSERT] Added new debug output
[EQ][DEBUG_TEST] ======== DEBUG ENTRY ========
[EQ][DEBUG] Checking HT-SIG parse condition: d_sym_idx=17, kHtSig1Rel=5, d_have_ht_header=0
[EQ][DEBUG] valid flags: lltf0=1, lltf1=1, lsig=1, htsig0=1, htsig1=1
[EQ][WHILE_LOOP] iter consumed=3, d_sym_idx=18
[EQ][GATE_DETAIL] d_sym_idx=17, kHtSig1Rel=5, d_have_ht_header=0
[EQ][GATE_DETAIL] valid flags: lltf0=1 lltf1=1 lsig=1 htsig0=1 htsig1=1
[EQ][FLOW] abs=173 wifi_start=0 in_frame=1 sym_idx=18 consumed=3 produced=0
[EQ][PRE_EXTRACT] d_sym_idx=18, in_frame=1
[EQ][IDX_CHECK] d_sym_idx=18, condition=0
SHORT copied 256
[EQ][POST_EQUALIZE] d_sym_idx=18
[EQ][STDERR_DIRECT] Entering direct mixed-mode header detection
[EQ][DIRECT_PATH] Entering direct mixed-mode header detection
[EQ][STDERR_BEFORE_GATE] Reached before gate check
[SYNC-LONG] general_work: ninput[0]=739 ninput[1]=834 noutput=512 state=1
LONG ninput[0] 739   ninput[1] 834  noutput 512   state [EQ][BEFORE_GATE] Reached before gate check
[EQ][TEST_INSERT] Added new debug output
[EQ][DEBUG_TEST] ======== DEBUG ENTRY ========
[EQ][DEBUG] Checking HT-SIG parse condition: d_sym_idx=18, kHtSig1Rel=5, d_have_ht_header=0
[EQ][DEBUG] valid flags: lltf0=1, lltf1=1, lsig=1, htsig0=1, htsig1=1
[SYNC-SHORT] general_work called: noutput=16 ninput=43 threshold=0.010 state=1
[EQ][GATE_DETAIL] d_sym_idx=18, kHtSig1Rel=5, d_have_ht_header=0
[EQ][GATE_DETAIL] valid flags: lltf0=1 lltf1=1 lsig=1 htsig0=1 htsig1=1
1SHORT copied 16
[EQ][WHILE_LOOP] iter consumed=4, d_sym_idx=19
[SYNC-SHORT] general_work called: noutput=8 ninput=27 threshold=0.010 state=1

SHORT copied 8
[EQ][FLOW] abs=174 wifi_start=0 in_frame=1 sym_idx=19 consumed=4 produced=0
[EQ][PRE_EXTRACT] d_sym_idx=19, in_frame=1
[EQ][POST_EQUALIZE] d_sym_idx=19
[EQ][IDX_CHECK] d_sym_idx=19, condition=0
[EQ][STDERR_DIRECT] Entering direct mixed-mode header detection
[EQ][DIRECT_PATH] Entering direct mixed-mode header detection
[EQ][STDERR_BEFORE_GATE] Reached before gate check
produced : 2 consumed: 2
[EQ][BEFORE_GATE] Reached before gate check
[EQ][TEST_INSERT] Added new debug output
[EQ][DEBUG_TEST] ======== DEBUG ENTRY ========
[EQ][DEBUG] Checking HT-SIG parse condition: d_sym_idx=19, kHtSig1Rel=5, d_have_ht_header=0
[EQ][DEBUG] valid flags: lltf0=1, lltf1=1, lsig=1, htsig0=1, htsig1=1
[EQ][WHILE_LOOP] iter consumed=5, d_sym_idx=20
[EQ][GATE_DETAIL] d_sym_idx=19, kHtSig1Rel=5, d_have_ht_header=0
[EQ][GATE_DETAIL] valid flags: lltf0=1 lltf1=1 lsig=1 htsig0=1 htsig1=1
[EQ][FLOW] abs=175 wifi_start=0 in_frame=1 sym_idx=20 consumed=5 produced=0
[SYNC-SHORT] general_work called: noutput=2 ninput=19 threshold=0.010 state=1
SHORT copied 2
[SYNC-LONG] general_work: ninput[0]=761 ninput[1]=1081 noutput=512 state=1
LONG ninput[0] 761   ninput[1] 1081  noutput 512   state 1
[SYNC-SHORT] general_work called: noutput=1 ninput=17 threshold=0.010 state=1
SHORT copied 1
[SYNC-LONG] Received wifi_start tag: freq_offset=0.133 offset=16789 nread=16789
LONG: ignore retrigger tag during COPY nread=16789 d_count=2185 guard=3072 tag_offset=16789
[EQ][PRE_EXTRACT] d_sym_idx=20, in_frame=1
[EQ][POST_EQUALIZE] d_sym_idx=20
[EQ][STDERR_DIRECT] Entering direct mixed-mode header detection
[EQ][IDX_CHECK] d_sym_idx=20, condition=0
[EQ][DIRECT_PATH] Entering direct mixed-mode header detection
[EQ][STDERR_BEFORE_GATE] Reached before gate check
[EQ][BEFORE_GATE] Reached before gate check
[EQ][TEST_INSERT] Added new debug output
[EQ][DEBUG_TEST] ======== DEBUG ENTRY ========
[EQ][DEBUG] Checking HT-SIG parse condition: d_sym_idx=20, kHtSig1Rel=5, d_have_ht_header=0
[EQ][DEBUG] valid flags: lltf0=1, lltf1=1, lsig=1, htsig0=1, htsig1=1
[EQ][ENTER] general_work called nin=13 nout=512
[EQ][GATE_DETAIL] d_sym_idx=20, kHtSig1Rel=5, d_have_ht_header=0
[EQ][GATE_DETAIL] valid flags: lltf0=1 lltf1=1 lsig=1 htsig0=1 htsig1=1
[EQ][WHILE_ENTER] consumed=0, n_in=13
[EQ][WHILE_LOOP] iter consumed=0, d_sym_idx=21
[EQ][FLOW] abs=176 wifi_start=0 in_frame=1 sym_idx=21 consumed=0 produced=0
[EQ][PRE_EXTRACT] d_sym_idx=21, in_frame=1
[EQ][POST_EQUALIZE] d_sym_idx=21
[EQ][STDERR_DIRECT] Entering direct mixed-mode header detection
[EQ][IDX_CHECK] d_sym_idx=21, condition=0
[EQ][DIRECT_PATH] Entering direct mixed-mode header detection
[EQ][STDERR_BEFORE_GATE] Reached before gate check
[EQ][BEFORE_GATE] Reached before gate check
[EQ][TEST_INSERT] Added new debug output
[EQ][DEBUG_TEST] ======== DEBUG ENTRY ========
[EQ][DEBUG] Checking HT-SIG parse condition: d_sym_idx=21, kHtSig1Rel=5, d_have_ht_header=0
[EQ][DEBUG] valid flags: lltf0=1, lltf1=1, lsig=1, htsig0=1, htsig1=1
[EQ][WHILE_LOOP] iter consumed=1, d_sym_idx=22
[EQ][GATE_DETAIL] d_sym_idx=21, kHtSig1Rel=5, d_have_ht_header=0
[EQ][GATE_DETAIL] valid flags: lltf0=1 lltf1=1 lsig=1 htsig0=1 htsig1=1
[EQ][FLOW] abs=177 wifi_start=0 in_frame=1 sym_idx=22 consumed=1 produced=0
[EQ][PRE_EXTRACT] d_sym_idx=22, in_frame=1
[EQ][POST_EQUALIZE] d_sym_idx=22
[EQ][IDX_CHECK] d_sym_idx=22, condition=0
produced : 512 consumed: 640
[EQ][STDERR_DIRECT] Entering direct mixed-mode header detection
[EQ][DIRECT_PATH] Entering direct mixed-mode header detection
[EQ][STDERR_BEFORE_GATE] Reached before gate check
[EQ][BEFORE_GATE] Reached before gate check
[EQ][TEST_INSERT] Added new debug output
[EQ][DEBUG_TEST] ======== DEBUG ENTRY ========
[EQ][DEBUG] Checking HT-SIG parse condition: d_sym_idx=22, kHtSig1Rel=5, d_have_ht_header=0
[EQ][DEBUG] valid flags: lltf0=1, lltf1=1, lsig=1, htsig0=1, htsig1=1
[SYNC-LONG] general_work: ninput[0]=124 ninput[1]=444 noutput=64 state=1
[EQ][GATE_DETAIL] d_sym_idx=22, kHtSig1Rel=5, d_have_ht_header=0
[EQ][GATE_DETAIL] valid flags: lltf0=1 lltf1=1 lsig=1 htsig0=1 htsig1=1
LONG ninput[0] 124   ninput[1] 444  noutput 64   state 1
produced : 64 consumed: 80
[EQ][WHILE_LOOP] iter consumed=2, d_sym_idx=23
[EQ][FLOW] abs=178 wifi_start=0 in_frame=1 sym_idx=23 consumed=2 produced=0
[EQ][PRE_EXTRACT] d_sym_idx=23, in_frame=1
[EQ][POST_EQUALIZE] d_sym_idx=23
[EQ][STDERR_DIRECT] Entering direct mixed-mode header detection
[EQ][IDX_CHECK] d_sym_idx=23, condition=0
[EQ][DIRECT_PATH] Entering direct mixed-mode header detection
[EQ][STDERR_BEFORE_GATE] Reached before gate check
[EQ][BEFORE_GATE] Reached before gate check
[EQ][TEST_INSERT] Added new debug output
[EQ][DEBUG_TEST] ======== DEBUG ENTRY ========
[EQ][DEBUG] Checking HT-SIG parse condition: d_sym_idx=23, kHtSig1Rel=5, d_have_ht_header=0
[EQ][DEBUG] valid flags: lltf0=1, lltf1=1, lsig=1, htsig0=1, htsig1=1
[EQ][WHILE_LOOP] iter consumed=3, d_sym_idx=24
[EQ][GATE_DETAIL] d_sym_idx=23, kHtSig1Rel=5, d_have_ht_header=0
[EQ][GATE_DETAIL] valid flags: lltf0=1 lltf1=1 lsig=1 htsig0=1 htsig1=1
[EQ][FLOW] abs=179 wifi_start=0 in_frame=1 sym_idx=24 consumed=3 produced=0
[EQ][PRE_EXTRACT] d_sym_idx=24, in_frame=1
[EQ][POST_EQUALIZE] d_sym_idx=24
[SYNC-LONG] general_work: ninput[0]=44 ninput[1]=364 noutput=32 state=1
[EQ][IDX_CHECK] d_sym_idx=24, condition=0
LONG ninput[0] 44   ninput[1] 364  noutput 32   state 1
produced : 32 consumed: 32
[EQ][STDERR_DIRECT] Entering direct mixed-mode header detection
[EQ][DIRECT_PATH] Entering direct mixed-mode header detection
[EQ][STDERR_BEFORE_GATE] Reached before gate check
[EQ][BEFORE_GATE] Reached before gate check
[EQ][TEST_INSERT] Added new debug output
[EQ][DEBUG_TEST] ======== DEBUG ENTRY ========
[EQ][DEBUG] Checking HT-SIG parse condition: d_sym_idx=24, kHtSig1Rel=5, d_have_ht_header=0
[EQ][DEBUG] valid flags: lltf0=1, lltf1=1, lsig=1, htsig0=1, htsig1=1
[EQ][WHILE_LOOP] iter consumed=4, d_sym_idx=25
[EQ][GATE_DETAIL] d_sym_idx=24, kHtSig1Rel=5, d_have_ht_header=0
[EQ][GATE_DETAIL] valid flags: lltf0=1 lltf1=1 lsig=1 htsig0=1 htsig1=1
[EQ][FLOW] abs=180 wifi_start=0 in_frame=1 sym_idx=25 consumed=4 produced=0
[EQ][PRE_EXTRACT] d_sym_idx=25, in_frame=1
[EQ][POST_EQUALIZE] d_sym_idx=25
[EQ][STDERR_DIRECT] Entering direct mixed-mode header detection
[EQ][IDX_CHECK] d_sym_idx=25, condition=0
[EQ][DIRECT_PATH] Entering direct mixed-mode header detection
[EQ][STDERR_BEFORE_GATE] Reached before gate check
[EQ][BEFORE_GATE] Reached before gate check
[EQ][TEST_INSERT] Added new debug output
[EQ][DEBUG_TEST] ======== DEBUG ENTRY ========
[EQ][DEBUG] Checking HT-SIG parse condition: d_sym_idx=25, kHtSig1Rel=5, d_have_ht_header=0
[EQ][DEBUG] valid flags: lltf0=1, lltf1=1, lsig=1, htsig0=1, htsig1=1
[EQ][WHILE_LOOP] iter consumed=5, d_sym_idx=26
[EQ][GATE_DETAIL] d_sym_idx=25, kHtSig1Rel=5, d_have_ht_header=0
[EQ][GATE_DETAIL] valid flags: lltf0=1 lltf1=1 lsig=1 htsig0=1 htsig1=1
[EQ][FLOW] abs=181 wifi_start=0 in_frame=1 sym_idx=26 consumed=5 produced=0
[EQ][PRE_EXTRACT] d_sym_idx=26, in_frame=1
[EQ][POST_EQUALIZE] d_sym_idx=26
[EQ][STDERR_DIRECT] Entering direct mixed-mode header detection
[EQ][IDX_CHECK] d_sym_idx=26, condition=0
[EQ][DIRECT_PATH] Entering direct mixed-mode header detection
[EQ][STDERR_BEFORE_GATE] Reached before gate check
[EQ][BEFORE_GATE] Reached before gate check
[EQ][TEST_INSERT] Added new debug output
[EQ][DEBUG_TEST] ======== DEBUG ENTRY ========
[EQ][DEBUG] Checking HT-SIG parse condition: d_sym_idx=26, kHtSig1Rel=5, d_have_ht_header=0
[EQ][DEBUG] valid flags: lltf0=1, lltf1=1, lsig=1, htsig0=1, htsig1=1
[SYNC-LONG] general_work: ninput[0]=12 ninput[1]=332 noutput=8 state=1
[EQ][WHILE_LOOP] iter consumed=6, d_sym_idx=27
[EQ][GATE_DETAIL] d_sym_idx=26, kHtSig1Rel=5, d_have_ht_header=0
[EQ][GATE_DETAIL] valid flags: lltf0=1 lltf1=1 lsig=1 htsig0=1 htsig1=1
LONG ninput[0] 12   ninput[1] 332  noutput 8   state 1
[EQ][FLOW] abs=182 wifi_start=0 in_frame=1 sym_idx=27 consumed=6 produced=0
[EQ][PRE_EXTRACT] d_sym_idx=27, in_frame=1
[EQ][POST_EQUALIZE] d_sym_idx=27
[EQ][STDERR_DIRECT] Entering direct mixed-mode header detection
[EQ][IDX_CHECK] d_sym_idx=27, condition=0
produced : 8 consumed: 8
[SYNC-LONG] general_work: ninput[0]=4 ninput[1]=324 noutput=4 state=1
LONG ninput[0] 4   ninput[1] 324  noutput 4   state 1
produced : 4 consumed: 4
[EQ][DIRECT_PATH] Entering direct mixed-mode header detection
[EQ][STDERR_BEFORE_GATE] Reached before gate check
[EQ][BEFORE_GATE] Reached before gate check
[EQ][TEST_INSERT] Added new debug output
[EQ][DEBUG_TEST] ======== DEBUG ENTRY ========
[EQ][DEBUG] Checking HT-SIG parse condition: d_sym_idx=27, kHtSig1Rel=5, d_have_ht_header=0
[EQ][DEBUG] valid flags: lltf0=1, lltf1=1, lsig=1, htsig0=1, htsig1=1
[EQ][WHILE_LOOP] iter consumed=7, d_sym_idx=28
[EQ][GATE_DETAIL] d_sym_idx=27, kHtSig1Rel=5, d_have_ht_header=0
[EQ][GATE_DETAIL] valid flags: lltf0=1 lltf1=1 lsig=1 htsig0=1 htsig1=1
[EQ][FLOW] abs=183 wifi_start=0 in_frame=1 sym_idx=28 consumed=7 produced=0
[EQ][PRE_EXTRACT] d_sym_idx=28, in_frame=1
[EQ][POST_EQUALIZE] d_sym_idx=28
[EQ][STDERR_DIRECT] Entering direct mixed-mode header detection
[EQ][IDX_CHECK] d_sym_idx=28, condition=0
[EQ][DIRECT_PATH] Entering direct mixed-mode header detection
[EQ][STDERR_BEFORE_GATE] Reached before gate check
[EQ][BEFORE_GATE] Reached before gate check
[EQ][TEST_INSERT] Added new debug output
[EQ][DEBUG_TEST] ======== DEBUG ENTRY ========
[EQ][DEBUG] Checking HT-SIG parse condition: d_sym_idx=28, kHtSig1Rel=5, d_have_ht_header=0
[EQ][DEBUG] valid flags: lltf0=1, lltf1=1, lsig=1, htsig0=1, htsig1=1
[EQ][WHILE_LOOP] iter consumed=8, d_sym_idx=29
[EQ][GATE_DETAIL] d_sym_idx=28, kHtSig1Rel=5, d_have_ht_header=0
[EQ][GATE_DETAIL] valid flags: lltf0=1 lltf1=1 lsig=1 htsig0=1 htsig1=1
[EQ][FLOW] abs=184 wifi_start=0 in_frame=1 sym_idx=29 consumed=8 produced=0
[EQ][PRE_EXTRACT] d_sym_idx=29, in_frame=1
[EQ][POST_EQUALIZE] d_sym_idx=29
[EQ][STDERR_DIRECT] Entering direct mixed-mode header detection
[EQ][IDX_CHECK] d_sym_idx=29, condition=0
[EQ][DIRECT_PATH] Entering direct mixed-mode header detection
[EQ][STDERR_BEFORE_GATE] Reached before gate check
[EQ][BEFORE_GATE] Reached before gate check
[EQ][TEST_INSERT] Added new debug output
[EQ][DEBUG_TEST] ======== DEBUG ENTRY ========
[EQ][DEBUG] Checking HT-SIG parse condition: d_sym_idx=29, kHtSig1Rel=5, d_have_ht_header=0
[EQ][DEBUG] valid flags: lltf0=1, lltf1=1, lsig=1, htsig0=1, htsig1=1
[EQ][WHILE_LOOP] iter consumed=9, d_sym_idx=30
[EQ][GATE_DETAIL] d_sym_idx=29, kHtSig1Rel=5, d_have_ht_header=0
[EQ][GATE_DETAIL] valid flags: lltf0=1 lltf1=1 lsig=1 htsig0=1 htsig1=1
[EQ][FLOW] abs=185 wifi_start=0 in_frame=1 sym_idx=30 consumed=9 produced=0
[EQ][PRE_EXTRACT] d_sym_idx=30, in_frame=1
[EQ][POST_EQUALIZE] d_sym_idx=30
[EQ][STDERR_DIRECT] Entering direct mixed-mode header detection
[EQ][IDX_CHECK] d_sym_idx=30, condition=0
[EQ][DIRECT_PATH] Entering direct mixed-mode header detection
[EQ][STDERR_BEFORE_GATE] Reached before gate check
[EQ][BEFORE_GATE] Reached before gate check
[EQ][TEST_INSERT] Added new debug output
[EQ][DEBUG_TEST] ======== DEBUG ENTRY ========
[EQ][DEBUG] Checking HT-SIG parse condition: d_sym_idx=30, kHtSig1Rel=5, d_have_ht_header=0
[EQ][DEBUG] valid flags: lltf0=1, lltf1=1, lsig=1, htsig0=1, htsig1=1
[EQ][WHILE_LOOP] iter consumed=10, d_sym_idx=31
[EQ][GATE_DETAIL] d_sym_idx=30, kHtSig1Rel=5, d_have_ht_header=0
[EQ][GATE_DETAIL] valid flags: lltf0=1 lltf1=1 lsig=1 htsig0=1 htsig1=1
[EQ][FLOW] abs=186 wifi_start=0 in_frame=1 sym_idx=31 consumed=10 produced=0
[EQ][PRE_EXTRACT] d_sym_idx=31, in_frame=1
[EQ][POST_EQUALIZE] d_sym_idx=31
[EQ][STDERR_DIRECT] Entering direct mixed-mode header detection
[EQ][IDX_CHECK] d_sym_idx=31, condition=0
[EQ][DIRECT_PATH] Entering direct mixed-mode header detection
[EQ][STDERR_BEFORE_GATE] Reached before gate check
[EQ][BEFORE_GATE] Reached before gate check
[EQ][TEST_INSERT] Added new debug output
[EQ][DEBUG_TEST] ======== DEBUG ENTRY ========
[EQ][DEBUG] Checking HT-SIG parse condition: d_sym_idx=31, kHtSig1Rel=5, d_have_ht_header=0
[EQ][DEBUG] valid flags: lltf0=1, lltf1=1, lsig=1, htsig0=1, htsig1=1
[EQ][WHILE_LOOP] iter consumed=11, d_sym_idx=32
[EQ][GATE_DETAIL] d_sym_idx=31, kHtSig1Rel=5, d_have_ht_header=0
[EQ][GATE_DETAIL] valid flags: lltf0=1 lltf1=1 lsig=1 htsig0=1 htsig1=1
[EQ][FLOW] abs=187 wifi_start=0 in_frame=1 sym_idx=32 consumed=11 produced=0
[EQ][PRE_EXTRACT] d_sym_idx=32, in_frame=1
[EQ][POST_EQUALIZE] d_sym_idx=32
[EQ][STDERR_DIRECT] Entering direct mixed-mode header detection
[EQ][IDX_CHECK] d_sym_idx=32, condition=0
[EQ][DIRECT_PATH] Entering direct mixed-mode header detection
[EQ][STDERR_BEFORE_GATE] Reached before gate check
[EQ][BEFORE_GATE] Reached before gate check
[EQ][TEST_INSERT] Added new debug output
[EQ][DEBUG_TEST] ======== DEBUG ENTRY ========
[EQ][DEBUG] Checking HT-SIG parse condition: d_sym_idx=32, kHtSig1Rel=5, d_have_ht_header=0
[EQ][DEBUG] valid flags: lltf0=1, lltf1=1, lsig=1, htsig0=1, htsig1=1
[EQ][WHILE_LOOP] iter consumed=12, d_sym_idx=33
[EQ][PRE_EXTRACT] d_sym_idx=33, in_frame=1
[EQ][POST_EQUALIZE] d_sym_idx=33
[EQ][STDERR_DIRECT] Entering direct mixed-mode header detection
[EQ][GATE_DETAIL] d_sym_idx=32, kHtSig1Rel=5, d_have_ht_header=0
[EQ][GATE_DETAIL] valid flags: lltf0=1 lltf1=1 lsig=1 htsig0=1 htsig1=1
[EQ][IDX_CHECK] d_sym_idx=33, condition=0
[EQ][DIRECT_PATH] Entering direct mixed-mode header detection
[EQ][STDERR_BEFORE_GATE] Reached before gate check
[EQ][BEFORE_GATE] Reached before gate check
[EQ][TEST_INSERT] Added new debug output
[EQ][DEBUG_TEST] ======== DEBUG ENTRY ========
[EQ][DEBUG] Checking HT-SIG parse condition: d_sym_idx=33, kHtSig1Rel=5, d_have_ht_header=0
[EQ][DEBUG] valid flags: lltf0=1, lltf1=1, lsig=1, htsig0=1, htsig1=1
[EQ][ENTER] general_work called nin=9 nout=256
[EQ][GATE_DETAIL] d_sym_idx=33, kHtSig1Rel=5, d_have_ht_header=0
[EQ][GATE_DETAIL] valid flags: lltf0=1 lltf1=1 lsig=1 htsig0=1 htsig1=1
[EQ][WHILE_ENTER] consumed=0, n_in=9
[EQ][WHILE_LOOP] iter consumed=0, d_sym_idx=34
[EQ][FLOW] abs=189 wifi_start=0 in_frame=1 sym_idx=34 consumed=0 produced=0
[EQ][PRE_EXTRACT] d_sym_idx=34, in_frame=1
[EQ][POST_EQUALIZE] d_sym_idx=34
[EQ][STDERR_DIRECT] Entering direct mixed-mode header detection
[EQ][IDX_CHECK] d_sym_idx=34, condition=0
[EQ][DIRECT_PATH] Entering direct mixed-mode header detection
[EQ][STDERR_BEFORE_GATE] Reached before gate check
[EQ][BEFORE_GATE] Reached before gate check
[EQ][TEST_INSERT] Added new debug output
[EQ][DEBUG_TEST] ======== DEBUG ENTRY ========
[EQ][DEBUG] Checking HT-SIG parse condition: d_sym_idx=34, kHtSig1Rel=5, d_have_ht_header=0
[EQ][DEBUG] valid flags: lltf0=1, lltf1=1, lsig=1, htsig0=1, htsig1=1
[EQ][WHILE_LOOP] iter consumed=1, d_sym_idx=35
[EQ][GATE_DETAIL] d_sym_idx=34, kHtSig1Rel=5, d_have_ht_header=0
[EQ][GATE_DETAIL] valid flags: lltf0=1 lltf1=1 lsig=1 htsig0=1 htsig1=1
[EQ][FLOW] abs=190 wifi_start=0 in_frame=1 sym_idx=35 consumed=1 produced=0
[EQ][PRE_EXTRACT] d_sym_idx=35, in_frame=1
[EQ][POST_EQUALIZE] d_sym_idx=35
[EQ][STDERR_DIRECT] Entering direct mixed-mode header detection
[EQ][IDX_CHECK] d_sym_idx=35, condition=0
[EQ][DIRECT_PATH] Entering direct mixed-mode header detection
[EQ][STDERR_BEFORE_GATE] Reached before gate check
[EQ][BEFORE_GATE] Reached before gate check
[EQ][TEST_INSERT] Added new debug output
[EQ][DEBUG_TEST] ======== DEBUG ENTRY ========
[EQ][DEBUG] Checking HT-SIG parse condition: d_sym_idx=35, kHtSig1Rel=5, d_have_ht_header=0
[EQ][DEBUG] valid flags: lltf0=1, lltf1=1, lsig=1, htsig0=1, htsig1=1
[EQ][WHILE_LOOP] iter consumed=2, d_sym_idx=36
[EQ][GATE_DETAIL] d_sym_idx=35, kHtSig1Rel=5, d_have_ht_header=0
[EQ][GATE_DETAIL] valid flags: lltf0=1 lltf1=1 lsig=1 htsig0=1 htsig1=1
[EQ][FLOW] abs=191 wifi_start=0 in_frame=1 sym_idx=36 consumed=2 produced=0
[EQ][PRE_EXTRACT] d_sym_idx=36, in_frame=1
[EQ][POST_EQUALIZE] d_sym_idx=36
[EQ][STDERR_DIRECT] Entering direct mixed-mode header detection
[EQ][IDX_CHECK] d_sym_idx=36, condition=0
[EQ][DIRECT_PATH] Entering direct mixed-mode header detection
[EQ][STDERR_BEFORE_GATE] Reached before gate check
[EQ][BEFORE_GATE] Reached before gate check
[EQ][TEST_INSERT] Added new debug output
[EQ][DEBUG_TEST] ======== DEBUG ENTRY ========
[EQ][DEBUG] Checking HT-SIG parse condition: d_sym_idx=36, kHtSig1Rel=5, d_have_ht_header=0
[EQ][DEBUG] valid flags: lltf0=1, lltf1=1, lsig=1, htsig0=1, htsig1=1
[EQ][WHILE_LOOP] iter consumed=3, d_sym_idx=37
[EQ][GATE_DETAIL] d_sym_idx=36, kHtSig1Rel=5, d_have_ht_header=0
[EQ][GATE_DETAIL] valid flags: lltf0=1 lltf1=1 lsig=1 htsig0=1 htsig1=1
[EQ][FLOW] abs=192 wifi_start=0 in_frame=1 sym_idx=37 consumed=3 produced=0
[EQ][PRE_EXTRACT] d_sym_idx=37, in_frame=1
[EQ][POST_EQUALIZE] d_sym_idx=37
[EQ][STDERR_DIRECT] Entering direct mixed-mode header detection
[EQ][IDX_CHECK] d_sym_idx=37, condition=0
[EQ][DIRECT_PATH] Entering direct mixed-mode header detection
[EQ][STDERR_BEFORE_GATE] Reached before gate check
[EQ][BEFORE_GATE] Reached before gate check
[EQ][TEST_INSERT] Added new debug output
[EQ][DEBUG_TEST] ======== DEBUG ENTRY ========
[EQ][DEBUG] Checking HT-SIG parse condition: d_sym_idx=37, kHtSig1Rel=5, d_have_ht_header=0
[EQ][DEBUG] valid flags: lltf0=1, lltf1=1, lsig=1, htsig0=1, htsig1=1
[EQ][WHILE_LOOP] iter consumed=4, d_sym_idx=38
[EQ][GATE_DETAIL] d_sym_idx=37, kHtSig1Rel=5, d_have_ht_header=0
[EQ][GATE_DETAIL] valid flags: lltf0=1 lltf1=1 lsig=1 htsig0=1 htsig1=1
[EQ][FLOW] abs=193 wifi_start=0 in_frame=1 sym_idx=38 consumed=4 produced=0
[EQ][PRE_EXTRACT] d_sym_idx=38, in_frame=1
[EQ][POST_EQUALIZE] d_sym_idx=38
[EQ][STDERR_DIRECT] Entering direct mixed-mode header detection
[EQ][IDX_CHECK] d_sym_idx=38, condition=0
[EQ][DIRECT_PATH] Entering direct mixed-mode header detection
[EQ][STDERR_BEFORE_GATE] Reached before gate check
[EQ][BEFORE_GATE] Reached before gate check
[EQ][TEST_INSERT] Added new debug output
[EQ][DEBUG_TEST] ======== DEBUG ENTRY ========
[EQ][DEBUG] Checking HT-SIG parse condition: d_sym_idx=38, kHtSig1Rel=5, d_have_ht_header=0
[EQ][DEBUG] valid flags: lltf0=1, lltf1=1, lsig=1, htsig0=1, htsig1=1
[EQ][WHILE_LOOP] iter consumed=5, d_sym_idx=39
[EQ][GATE_DETAIL] d_sym_idx=38, kHtSig1Rel=5, d_have_ht_header=0
[EQ][GATE_DETAIL] valid flags: lltf0=1 lltf1=1 lsig=1 htsig0=1 htsig1=1
[EQ][FLOW] abs=194 wifi_start=0 in_frame=1 sym_idx=39 consumed=5 produced=0
[EQ][PRE_EXTRACT] d_sym_idx=39, in_frame=1
[EQ][POST_EQUALIZE] d_sym_idx=39
[EQ][STDERR_DIRECT] Entering direct mixed-mode header detection
[EQ][IDX_CHECK] d_sym_idx=39, condition=0
[EQ][DIRECT_PATH] Entering direct mixed-mode header detection
[EQ][STDERR_BEFORE_GATE] Reached before gate check
[EQ][BEFORE_GATE] Reached before gate check
[EQ][TEST_INSERT] Added new debug output
[EQ][DEBUG_TEST] ======== DEBUG ENTRY ========
[EQ][DEBUG] Checking HT-SIG parse condition: d_sym_idx=39, kHtSig1Rel=5, d_have_ht_header=0
[EQ][DEBUG] valid flags: lltf0=1, lltf1=1, lsig=1, htsig0=1, htsig1=1
[EQ][WHILE_LOOP] iter consumed=6, d_sym_idx=40
[EQ][GATE_DETAIL] d_sym_idx=39, kHtSig1Rel=5, d_have_ht_header=0
[EQ][GATE_DETAIL] valid flags: lltf0=1 lltf1=1 lsig=1 htsig0=1 htsig1=1
[EQ][FLOW] abs=195 wifi_start=0 in_frame=1 sym_idx=40 consumed=6 produced=0
[EQ][PRE_EXTRACT] d_sym_idx=40, in_frame=1
[EQ][POST_EQUALIZE] d_sym_idx=40
[EQ][STDERR_DIRECT] Entering direct mixed-mode header detection
[EQ][IDX_CHECK] d_sym_idx=40, condition=0
[EQ][DIRECT_PATH] Entering direct mixed-mode header detection
[EQ][STDERR_BEFORE_GATE] Reached before gate check
[EQ][BEFORE_GATE] Reached before gate check
[EQ][TEST_INSERT] Added new debug output
[EQ][DEBUG_TEST] ======== DEBUG ENTRY ========
[EQ][DEBUG] Checking HT-SIG parse condition: d_sym_idx=40, kHtSig1Rel=5, d_have_ht_header=0
[EQ][DEBUG] valid flags: lltf0=1, lltf1=1, lsig=1, htsig0=1, htsig1=1
[EQ][WHILE_LOOP] iter consumed=7, d_sym_idx=41
[EQ][GATE_DETAIL] d_sym_idx=40, kHtSig1Rel=5, d_have_ht_header=0
[EQ][GATE_DETAIL] valid flags: lltf0=1 lltf1=1 lsig=1 htsig0=1 htsig1=1
[EQ][FLOW] abs=196 wifi_start=0 in_frame=1 sym_idx=41 consumed=7 produced=0
[EQ][PRE_EXTRACT] d_sym_idx=41, in_frame=1
[EQ][POST_EQUALIZE] d_sym_idx=41
[EQ][STDERR_DIRECT] Entering direct mixed-mode header detection
[EQ][IDX_CHECK] d_sym_idx=41, condition=0
[EQ][DIRECT_PATH] Entering direct mixed-mode header detection
[EQ][STDERR_BEFORE_GATE] Reached before gate check
[EQ][BEFORE_GATE] Reached before gate check
[EQ][TEST_INSERT] Added new debug output
[EQ][DEBUG_TEST] ======== DEBUG ENTRY ========
[EQ][DEBUG] Checking HT-SIG parse condition: d_sym_idx=41, kHtSig1Rel=5, d_have_ht_header=0
[EQ][DEBUG] valid flags: lltf0=1, lltf1=1, lsig=1, htsig0=1, htsig1=1
[EQ][WHILE_LOOP] iter consumed=8, d_sym_idx=42
[EQ][GATE_DETAIL] d_sym_idx=41, kHtSig1Rel=5, d_have_ht_header=0
[EQ][GATE_DETAIL] valid flags: lltf0=1 lltf1=1 lsig=1 htsig0=1 htsig1=1
[EQ][FLOW] abs=197 wifi_start=0 in_frame=1 sym_idx=42 consumed=8 produced=0
[EQ][PRE_EXTRACT] d_sym_idx=42, in_frame=1
[EQ][POST_EQUALIZE] d_sym_idx=42
[EQ][STDERR_DIRECT] Entering direct mixed-mode header detection
[EQ][IDX_CHECK] d_sym_idx=42, condition=0
[EQ][DIRECT_PATH] Entering direct mixed-mode header detection
[EQ][STDERR_BEFORE_GATE] Reached before gate check
[EQ][BEFORE_GATE] Reached before gate check
[EQ][TEST_INSERT] Added new debug output
[EQ][DEBUG_TEST] ======== DEBUG ENTRY ========
[EQ][DEBUG] Checking HT-SIG parse condition: d_sym_idx=42, kHtSig1Rel=5, d_have_ht_header=0
[EQ][DEBUG] valid flags: lltf0=1, lltf1=1, lsig=1, htsig0=1, htsig1=1
[EQ][GATE_DETAIL] d_sym_idx=42, kHtSig1Rel=5, d_have_ht_header=0
[EQ][GATE_DETAIL] valid flags: lltf0=1 lltf1=1 lsig=1 htsig0=1 htsig1=1
message_debug :info: The `print_pdu` port is deprecated and will be removed; forwarding to `print`.
***** VERBOSE PDU DEBUG PRINT ******
((encoding . 0) (crc_included . #t))
pdu length =         38 bytes
pdu vector contents = 
0000: 08 00 00 00 42 42 42 42 42 42 23 23 23 23 23 23 
0010: ff ff [MAPPER] handle_msg calledff 
ff ff ff [MAPPER] meta=80 00 78 78 78 78 78 78 78 78 
0020: 78 78 8f ed b6 ad 
************************************
((encoding . 0) (crc_included . #t))
[MAPPER] meta fields: mcs=0 len=-1 psdu_len=-1
[MAPPER] using MCS=0
[MAPPER] HT mode enabled, effective MCS: 0
[TX][HTDATA0][PUNCTURED] bits52=1101111111111101011100000100010110000111111011100011
[TX][HTDATA0][INTERLEAVED] bits52=1101100101011011110011111111100110001000100010111111
[TX][HTDATA0] bits52=1101100101011011110011111111100110001000100010111111
[TX][PUNCTURED-ALL] nbits=676 first64=1101111111111101011100000100010110000111111011100011000011001010 last64=1001100000100111001001011101011010010111001110101101110011011011
[TX][INTERLEAVED-ALL] nbits=676 first64=1101100101011011110011111111100110001000100010111111011000010011 last64=0010110110100111101111011000011001111011010000111001011010111101
[TX][HTDATA0][PUNCTURED] keep existing first-frame reference /tmp/wifi_tx_punctured0_bits52.txt
[TX][HTDATA0][INTERLEAVED] keep existing first-frame reference /tmp/wifi_tx_interleaved0_bits52.txt
[TX][HTDATA0] keep existing first-frame reference /tmp/wifi_tx_data0_bits52.txt
[TX][PUNCTURED-ALL] keep existing first-frame reference /tmp/wifi_tx_punctured_all_bits.txt
[TX][INTERLEAVED-ALL] keep existing first-frame reference /tmp/wifi_tx_interleaved_all_bits.txt
[TX][PUNCTURED-ALL] updated /tmp/wifi_tx_punctured_all_bits.last.txt
[TX][INTERLEAVED-ALL] updated /tmp/wifi_tx_interleaved_all_bits.last.txt
[MAPPER] frame: ht_mode=1 psdu=38 n_sym=13 n_data_bits=338 n_encoded_bits=676 data_carriers=52 out_symbols=676
[HT-HEADER] general_work called ninput=676 noutput=32688
[TX][LSIG] raw24=110100110010000000000000
[TX][LSIG] enc48=110110001010100111001100100011011100000000000000
[TX][LSIG] intl48=110011011001000011010100011000000010011001100000
[TX][HTSIG] fields: mcs=0 len=38 bw40=0 agg=0 sgi=0 stbc=0 adv=0 nltf=0 crc=0x0d
[TX][HTSIG] raw48=000000000110010000000000000000000010110000000000
[TX][HTSIG] enc96=000000000000000000110110111100100011011100000000000000000000000000001110111001101110101100000000
[TX][HTSIG] intl96=000000111110010000000011100110000000000010011000000000011011110000000001100100000000001011101000
[TX][HTHDR][OUTBUF] lsig48=110011011001000011010100011000000010011001100000
[TX][HTHDR][OUTBUF] htsig1_48=000000111110010000000011100110000000000010011000
[TX][HTHDR][OUTBUF] htsig2_48=000000011011110000000001100100000000001011101000
[SYNC-SHORT] general_work called: noutput=2048 ninput=2256 threshold=0.010 state=1
sync_short :info: frame start at in: 17751 out: 18278
SHORT Frame!
SHORT copied 198
[SYNC-SHORT] general_work called: noutput=1024 ninput=2058 threshold=0.010 state=1
[SYNC-LONG] general_work: ninput[0]=198 ninput[1]=320 noutput=128 state=1
LONG ninput[0] 198   ninput[1] 320  noutput 128   state 1
sync_short :info: frame start at in: 18232 out: 18759
SHORT Frame!
SHORT copied 481
[SYNC-SHORT] general_work called: noutput=1024 ninput=1577 threshold=0.010 state=1
produced : 128 consumed: 160
[SYNC-LONG] general_work: ninput[0]=519 ninput[1]=358 noutput=256 state=1
LONG ninput[0] 519   ninput[1] 358  noutput 256   state 1
produced : 22 consumed: 38
[SYNC-LONG] general_work: ninput[0]=481 ninput[1]=576 noutput=256 state=1
LONG ninput[0] 481   ninput[1] 576  noutput 256   state 1
[SYNC-LONG] Received wifi_start tag: freq_offset=0.033 offset=17751 nread=17751
LONG: ignore retrigger tag during COPY nread=17751 d_count=2955 guard=3072 tag_offset=17751
sync_short :info: frame start at in: 18713 out: 19240
SHORT Frame!
SHORT copied 481
[SYNC-SHORT] general_work called: noutput=1024 ninput=1096 threshold=0.010 state=1
produced : 256 consumed: 320
[SYNC-LONG] general_work: ninput[0]=642 ninput[1]=481 noutput=256 state=1
LONG ninput[0] 642   ninput[1] 481  noutput 256   state 1
produced : 129 consumed: 161
sync_short :info: frame start at in: 19194 out: 19721
SHORT Frame!
SHORT copied 481
[SYNC-LONG] general_work: ninput[0]=481 ninput[1]=801 noutput=256 state=1
LONG ninput[0] 481   ninput[1] 801  noutput 256   state 1
[SYNC-LONG] Received wifi_start tag: freq_offset=-0.184 offset=18232 nread=18232
produced : 52 consumed: 0
[SYNC-SHORT] general_work called: noutput=512 ninput=615 threshold=0.010 state=1
[EQ][ENTER] general_work called nin=3 nout=128
[EQ][WHILE_ENTER] consumed=0, n_in=3
[EQ][WHILE_LOOP] iter consumed=0, d_sym_idx=43
[EQ][FLOW] abs=198 wifi_start=0 in_frame=1 sym_idx=43 consumed=0 produced=0
[EQ][PRE_EXTRACT] d_sym_idx=43, in_frame=1
[EQ][POST_EQUALIZE] d_sym_idx=43
[EQ][STDERR_DIRECT] Entering direct mixed-mode header detection
[EQ][IDX_CHECK] d_sym_idx=43, condition=0
[EQ][DIRECT_PATH] Entering direct mixed-mode header detection
[EQ][STDERR_BEFORE_GATE] Reached before gate check
[EQ][BEFORE_GATE] Reached before gate check
[EQ][TEST_INSERT] Added new debug output
[EQ][DEBUG_TEST] ======== DEBUG ENTRY ========
[EQ][DEBUG] Checking HT-SIG parse condition: d_sym_idx=43, kHtSig1Rel=5, d_have_ht_header=0
[EQ][DEBUG] valid flags: lltf0=1, lltf1=1, lsig=1, htsig0=1, htsig1=1
[EQ][WHILE_LOOP] iter consumed=1, d_sym_idx=44
[SYNC-LONG] general_work: ninput[0]=962 ninput[1]=1282 noutput=4096 state=0
[EQ][GATE_DETAIL] d_sym_idx=43, kHtSig1Rel=5, d_have_ht_header=0
[EQ][GATE_DETAIL] valid flags: lltf0=1 lltf1=1 lsig=1 htsig0=1 htsig1=1
sync_short :info: frame start at in: 19675 out: 20202
[EQ][FLOW] abs=199 wifi_start=0 in_frame=1 sym_idx=44 consumed=1 produced=0
LONG ninput[0] 962   ninput[1] 1282  noutput 4096   state 0
[SYNC-LONG] Received wifi_start tag: freq_offset=-0.184 offset=18232 nread=18232
SHORT Frame!
SHORT copied 481
[SYNC-SHORT] general_work called: noutput=64 ninput=134 threshold=0.010 state=1
[EQ][PRE_EXTRACT] d_sym_idx=44, in_frame=1
[EQ][IDX_CHECK] d_sym_idx=44, condition=0
SHORT copied 64
[EQ][POST_EQUALIZE] d_sym_idx=44
[SYNC-SHORT] general_work called: noutput=32 ninput=70 threshold=0.010 state=1
SHORT copied 32
[SYNC-SHORT] general_work called: noutput=16 ninput=38 threshold=0.010 state=1
SHORT copied 16
[EQ][STDERR_DIRECT] Entering direct mixed-mode header detection
[EQ][DIRECT_PATH] Entering direct mixed-mode header detection
[EQ][STDERR_BEFORE_GATE] Reached before gate check
[EQ][BEFORE_GATE] Reached before gate check
[EQ][TEST_INSERT] Added new debug output
[EQ][DEBUG_TEST] ======== DEBUG ENTRY ========
[EQ][DEBUG] Checking HT-SIG parse condition: d_sym_idx=44, kHtSig1Rel=5, d_have_ht_header=0
[EQ][DEBUG] valid flags: lltf0=1, lltf1=1, lsig=1, htsig0=1, htsig1=1
[EQ][WHILE_LOOP] iter consumed=2, d_sym_idx=45
[EQ][GATE_DETAIL] d_sym_idx=44, kHtSig1Rel=5, d_have_ht_header=0
[EQ][GATE_DETAIL] valid flags: lltf0=1 lltf1=1 lsig=1 htsig0=1 htsig1=1
[EQ][FLOW] abs=200 wifi_start=0 in_frame=1 sym_idx=45 consumed=2 produced=0
[EQ][PRE_EXTRACT] d_sym_idx=45, in_frame=1
[EQ][POST_EQUALIZE] d_sym_idx=45
[EQ][STDERR_DIRECT] Entering direct mixed-mode header detection
[EQ][IDX_CHECK] d_sym_idx=45, condition=0
[EQ][DIRECT_PATH] Entering direct mixed-mode header detection
[EQ][STDERR_BEFORE_GATE] Reached before gate check
[EQ][BEFORE_GATE] Reached before gate check
[SYNC-SHORT] general_work called: noutput=4 ninput=22 threshold=0.010 state=1
[EQ][TEST_INSERT] Added new debug output
[EQ][DEBUG_TEST] ======== DEBUG ENTRY ========
[EQ][DEBUG] Checking HT-SIG parse condition: d_sym_idx=45, kHtSig1Rel=5, d_have_ht_header=0
[EQ][DEBUG] valid flags: lltf0=1, lltf1=1, lsig=1, htsig0=1, htsig1=1
[EQ][ENTER] general_work called nin=7 nout=256
[EQ][GATE_DETAIL] d_sym_idx=45, kHtSig1Rel=5, d_have_ht_header=0
[EQ][GATE_DETAIL] valid flags: lltf0=1 lltf1=1 lsig=1 htsig0=1 htsig1=1
[EQ][WHILE_ENTER] consumed=0, n_in=7
SHORT copied 4
[EQ][WHILE_LOOP] iter consumed=0, d_sym_idx=46
[EQ][FLOW] abs=201 wifi_start=0 in_frame=1 sym_idx=46 consumed=0 produced=0
[SYNC-SHORT] general_work called: noutput=2 ninput=18 threshold=0.010 state=1
[EQ][PRE_EXTRACT] d_sym_idx=46, in_frame=1
SHORT copied 2
[EQ][POST_EQUALIZE] d_sym_idx=46
[EQ][STDERR_DIRECT] Entering direct mixed-mode header detection
[EQ][IDX_CHECK] d_sym_idx=46, condition=0
[EQ][DIRECT_PATH] Entering direct mixed-mode header detection
[EQ][STDERR_BEFORE_GATE] Reached before gate check
[EQ][BEFORE_GATE] Reached before gate check
[EQ][TEST_INSERT] Added new debug output
[EQ][DEBUG_TEST] ======== DEBUG ENTRY ========
[EQ][DEBUG] Checking HT-SIG parse condition: d_sym_idx=46, kHtSig1Rel=5, d_have_ht_header=0
[EQ][DEBUG] valid flags: lltf0=1, lltf1=1, lsig=1, htsig0=1, htsig1=1
[EQ][WHILE_LOOP] iter consumed=1, d_sym_idx=47
[EQ][GATE_DETAIL] d_sym_idx=46, kHtSig1Rel=5, d_have_ht_header=0
[EQ][GATE_DETAIL] valid flags: lltf0=1 lltf1=1 lsig=1 htsig0=1 htsig1=1
[EQ][FLOW] abs=202 wifi_start=0 in_frame=1 sym_idx=47 consumed=1 produced=0
[EQ][PRE_EXTRACT] d_sym_idx=47, in_frame=1
[EQ][POST_EQUALIZE] d_sym_idx=47
[EQ][STDERR_DIRECT] Entering direct mixed-mode header detection
[EQ][IDX_CHECK] d_sym_idx=47, condition=0
[EQ][DIRECT_PATH] Entering direct mixed-mode header detection
[EQ][STDERR_BEFORE_GATE] Reached before gate check
[EQ][BEFORE_GATE] Reached before gate check
[EQ][TEST_INSERT] Added new debug output
[EQ][DEBUG_TEST] ======== DEBUG ENTRY ========
[EQ][DEBUG] Checking HT-SIG parse condition: d_sym_idx=47, kHtSig1Rel=5, d_have_ht_header=0
[EQ][DEBUG] valid flags: lltf0=1, lltf1=1, lsig=1, htsig0=1, htsig1=1
[EQ][WHILE_LOOP] iter consumed=2, d_sym_idx=48
[EQ][GATE_DETAIL] d_sym_idx=47, kHtSig1Rel=5, d_have_ht_header=0
[EQ][GATE_DETAIL] valid flags: lltf0=1 lltf1=1 lsig=1 htsig0=1 htsig1=1
[EQ][FLOW] abs=203 wifi_start=0 in_frame=1 sym_idx=48 consumed=2 produced=0
[EQ][PRE_EXTRACT] d_sym_idx=48, in_frame=1
[EQ][IDX_CHECK] d_sym_idx=48, condition=0
sync_long :info: LONG: frame start at 41
[EQ][POST_EQUALIZE] d_sym_idx=48
produced : 0 consumed: 320
[EQ][STDERR_DIRECT] Entering direct mixed-mode header detection
[EQ][DIRECT_PATH] Entering direct mixed-mode header detection
[EQ][STDERR_BEFORE_GATE] Reached before gate check
[EQ][BEFORE_GATE] Reached before gate check
[EQ][TEST_INSERT] Added new debug output
[EQ][DEBUG_TEST] ======== DEBUG ENTRY ========
[EQ][DEBUG] Checking HT-SIG parse condition: d_sym_idx=48, kHtSig1Rel=5, d_have_ht_header=0
[EQ][DEBUG] valid flags: lltf0=1, lltf1=1, lsig=1, htsig0=1, htsig1=1
[EQ][WHILE_LOOP] iter consumed=3, d_sym_idx=49
[EQ][GATE_DETAIL] d_sym_idx=48, kHtSig1Rel=5, d_have_ht_header=0
[EQ][GATE_DETAIL] valid flags: lltf0=1 lltf1=1 lsig=1 htsig0=1 htsig1=1
[EQ][FLOW] abs=204 wifi_start=0 in_frame=1 sym_idx=49 consumed=3 produced=0
[EQ][PRE_EXTRACT] d_sym_idx=49, in_frame=1
[SYNC-LONG] general_work: ninput[0]=1241 ninput[1]=1561 noutput=1024 state=1
[EQ][IDX_CHECK] d_sym_idx=49, condition=0
LONG ninput[0] 1241   ninput[1] 1561  noutput 1024   state 1
[EQ][POST_EQUALIZE] d_sym_idx=49
[EQ][STDERR_DIRECT] Entering direct mixed-mode header detection
[EQ][DIRECT_PATH] Entering direct mixed-mode header detection
[EQ][STDERR_BEFORE_GATE] Reached before gate check
[EQ][BEFORE_GATE] Reached before gate check
[EQ][TEST_INSERT] Added new debug output
[EQ][DEBUG_TEST] ======== DEBUG ENTRY ========
[EQ][DEBUG] Checking HT-SIG parse condition: d_sym_idx=49, kHtSig1Rel=5, d_have_ht_header=0
[EQ][DEBUG] valid flags: lltf0=1, lltf1=1, lsig=1, htsig0=1, htsig1=1
[EQ][WHILE_LOOP] iter consumed=4, d_sym_idx=50
[EQ][GATE_DETAIL] d_sym_idx=49, kHtSig1Rel=5, d_have_ht_header=0
[EQ][GATE_DETAIL] valid flags: lltf0=1 lltf1=1 lsig=1 htsig0=1 htsig1=1
produced : 120 consumed: 161
[SYNC-LONG] general_work: ninput[0]=1080 ninput[1]=1400 noutput=1024 state=1
LONG ninput[0] 1080   ninput[1] 1400  noutput 1024   state 1
[EQ][FLOW] abs=205 wifi_start=0 in_frame=1 sym_idx=50 consumed=4 produced=0
[SYNC-LONG] Received wifi_start tag: freq_offset=-0.188 offset=18713 nread=18713
[EQ][PRE_EXTRACT] d_sym_idx=50, in_frame=1
LONG: ignore retrigger tag during COPY nread=18713 d_count=120 guard=3072 tag_offset=18713
[EQ][POST_EQUALIZE] d_sym_idx=50
[EQ][STDERR_DIRECT] Entering direct mixed-mode header detection
[EQ][IDX_CHECK] d_sym_idx=50, condition=0
[EQ][DIRECT_PATH] Entering direct mixed-mode header detection
[EQ][STDERR_BEFORE_GATE] Reached before gate check
[EQ][BEFORE_GATE] Reached before gate check
[EQ][TEST_INSERT] Added new debug output
[EQ][DEBUG_TEST] ======== DEBUG ENTRY ========
[EQ][DEBUG] Checking HT-SIG parse condition: d_sym_idx=50, kHtSig1Rel=5, d_have_ht_header=0
[EQ][DEBUG] valid flags: lltf0=1, lltf1=1, lsig=1, htsig0=1, htsig1=1
[EQ][WHILE_LOOP] iter consumed=5, d_sym_idx=51
[EQ][GATE_DETAIL] d_sym_idx=50, kHtSig1Rel=5, d_have_ht_header=0
[EQ][GATE_DETAIL] valid flags: lltf0=1 lltf1=1 lsig=1 htsig0=1 htsig1=1
[EQ][FLOW] abs=206 wifi_start=0 in_frame=1 sym_idx=51 consumed=5 produced=0
[EQ][PRE_EXTRACT] d_sym_idx=51, in_frame=1
[EQ][POST_EQUALIZE] d_sym_idx=51
[EQ][STDERR_DIRECT] Entering direct mixed-mode header detection
[EQ][IDX_CHECK] d_sym_idx=51, condition=0

----------------------------------------------------------------------
Tag Debug: 
Input Stream: 00
  Offset: 13312  Source: sync_long     Key: wifi_start   Value: -0.19635
----------------------------------------------------------------------
[EQ][DIRECT_PATH] Entering direct mixed-mode header detection
[EQ][STDERR_BEFORE_GATE] Reached before gate check
[EQ][BEFORE_GATE] Reached before gate check
[EQ][TEST_INSERT] Added new debug output
[EQ][DEBUG_TEST] ======== DEBUG ENTRY ========
[EQ][DEBUG] Checking HT-SIG parse condition: d_sym_idx=51, kHtSig1Rel=5, d_have_ht_header=0
[EQ][DEBUG] valid flags: lltf0=1, lltf1=1, lsig=1, htsig0=1, htsig1=1
[EQ][WHILE_LOOP] iter consumed=6, d_sym_idx=52
[EQ][GATE_DETAIL] d_sym_idx=51, kHtSig1Rel=5, d_have_ht_header=0
[EQ][GATE_DETAIL] valid flags: lltf0=1 lltf1=1 lsig=1 htsig0=1 htsig1=1
[EQ][FLOW] abs=207 wifi_start=0 in_frame=1 sym_idx=52 consumed=6 produced=0
[EQ][PRE_EXTRACT] d_sym_idx=52, in_frame=1
[EQ][POST_EQUALIZE] d_sym_idx=52
[EQ][STDERR_DIRECT] Entering direct mixed-mode header detection
[EQ][IDX_CHECK] d_sym_idx=52, condition=0
[EQ][DIRECT_PATH] Entering direct mixed-mode header detection
[EQ][STDERR_BEFORE_GATE] Reached before gate check
[EQ][BEFORE_GATE] Reached before gate check
[EQ][TEST_INSERT] Added new debug output
[EQ][DEBUG_TEST] ======== DEBUG ENTRY ========
[EQ][DEBUG] Checking HT-SIG parse condition: d_sym_idx=52, kHtSig1Rel=5, d_have_ht_header=0
[EQ][DEBUG] valid flags: lltf0=1, lltf1=1, lsig=1, htsig0=1, htsig1=1
[EQ][ENTER] general_work called nin=1 nout=32
[EQ][GATE_DETAIL] d_sym_idx=52, kHtSig1Rel=5, d_have_ht_header=0
[EQ][GATE_DETAIL] valid flags: lltf0=1 lltf1=1 lsig=1 htsig0=1 htsig1=1
[EQ][TAG] wifi_start at offset=208 freq_offset=-0.196350
[EQ][WHILE_ENTER] consumed=0, n_in=1
[EQ][WHILE_LOOP] iter consumed=0, d_sym_idx=53
[EQ][FLOW] abs=208 wifi_start=1 in_frame=1 sym_idx=53 consumed=0 produced=0
[EQ][FLOW] frame-takeover abs=208 allow=1
[EQ][PRE_EXTRACT] d_sym_idx=0, in_frame=1
[EXTRACT_CALL] sym_idx=0, type=OTHER
[EQ][IDX_CHECK] d_sym_idx=0, condition=1
[EQ][VALID_SET] d_sym_idx=0, valid=1
[EQ][SYM_IDX] sym_idx=0, type=UNKNOWN
[EQ][POST_EQUALIZE] d_sym_idx=0
[EQ][RAW_BITS] sym_idx=0 bits52=000
----------------------------------------------------------------------
Tag Debug: eq_in_tagdbg
Input Stream: 00
  Offset: 208  Source: sync_long     Key: wifi_start   Value: -0.19635
----------------------------------------------------------------------
produced : 856 consumed: 1080
0000000000000000000000000000000000000000000000000
[EQ][STDERR_DIRECT] Entering direct mixed-mode header detection
[EQ][DIRECT_PATH] Entering direct mixed-mode header detection
[EQ][STDERR_BEFORE_GATE] Reached before gate check
[EQ][BEFORE_GATE] Reached before gate check
[EQ][TEST_INSERT] Added new debug output
[EQ][DEBUG_TEST] ======== DEBUG ENTRY ========
[EQ][DEBUG] Checking HT-SIG parse condition: d_sym_idx=0, kHtSig1Rel=5, d_have_ht_header=0
[EQ][DEBUG] valid flags: lltf0=0, lltf1=0, lsig=0, htsig0=0, htsig1=0
[EQ][ENTER] general_work called nin=14 nout=512
[EQ][GATE_DETAIL] d_sym_idx=0, kHtSig1Rel=5, d_have_ht_header=0
[EQ][GATE_DETAIL] valid flags: lltf0=0 lltf1=0 lsig=0 htsig0=0 htsig1=0
[EQ][WHILE_ENTER] consumed=0, n_in=14
[EQ][WHILE_LOOP] iter consumed=0, d_sym_idx=1
[EQ][FLOW] abs=209 wifi_start=0 in_frame=1 sym_idx=1 consumed=0 produced=0
[EQ][PRE_EXTRACT] d_sym_idx=1, in_frame=1
[EXTRACT_CALL] sym_idx=1, type=L-LTF0
[EQ][IDX_CHECK] d_sym_idx=1, condition=1
[EQ][VALID_SET] d_sym_idx=1, valid=1
[EQ][SYM_IDX] sym_idx=1, type=L-LTF0
[EQ][POST_EQUALIZE] d_sym_idx=1
[EQ][RAW_BITS] sym_idx=1 bits52=0000000000000000000000000000000000000000000000000000
[EQ][STDERR_DIRECT] Entering direct mixed-mode header detection
[EQ][DIRECT_PATH] Entering direct mixed-mode header detection
[EQ][STDERR_BEFORE_GATE] Reached before gate check
[EQ][BEFORE_GATE] Reached before gate check
[EQ][TEST_INSERT] Added new debug output
[EQ][DEBUG_TEST] ======== DEBUG ENTRY ========
[EQ][DEBUG] Checking HT-SIG parse condition: d_sym_idx=1, kHtSig1Rel=5, d_have_ht_header=0
[EQ][DEBUG] valid flags: lltf0=1, lltf1=0, lsig=0, htsig0=0, htsig1=0
[EQ][WHILE_LOOP] iter consumed=1, d_sym_idx=2
[EQ][GATE_DETAIL] d_sym_idx=1, kHtSig1Rel=5, d_have_ht_header=0
[EQ][GATE_DETAIL] valid flags: lltf0=1 lltf1=0 lsig=0 htsig0=0 htsig1=0
[EQ][FLOW] abs=210 wifi_start=0 in_frame=1 sym_idx=2 consumed=1 produced=0
[EQ][PRE_EXTRACT] d_sym_idx=2, in_frame=1
[EXTRACT_CALL] sym_idx=2, type=L-LTF1
[EQ][IDX_CHECK] d_sym_idx=2, condition=1
[EQ][VALID_SET] d_sym_idx=2, valid=1
[EQ][SYM_IDX] sym_idx=2, type=L-LTF1
[EQ][POST_EQUALIZE] d_sym_idx=2
[EQ][RAW_BITS] sym_idx=2 bits52=0111110100110110000000111010011010101100011010101111
[EQ][STDERR_DIRECT] Entering direct mixed-mode header detection
[EQ][DIRECT_PATH] Entering direct mixed-mode header detection
[EQ][STDERR_BEFORE_GATE] Reached before gate check
[EQ][BEFORE_GATE] Reached before gate check
[EQ][TEST_INSERT] Added new debug output
[EQ][DEBUG_TEST] ======== DEBUG ENTRY ========
[EQ][DEBUG] Checking HT-SIG parse condition: d_sym_idx=2, kHtSig1Rel=5, d_have_ht_header=0
[EQ][DEBUG] valid flags: lltf0=1, lltf1=1, lsig=0, htsig0=0, htsig1=0
[EQ][WHILE_LOOP] iter consumed=2, d_sym_idx=3
[EQ][GATE_DETAIL] d_sym_idx=2, kHtSig1Rel=5, d_have_ht_header=0
[EQ][GATE_DETAIL] valid flags: lltf0=1 lltf1=1 lsig=0 htsig0=0 htsig1=0
[EQ][FLOW] abs=211 wifi_start=0 in_frame=1 sym_idx=3 consumed=2 produced=0
[EQ][PRE_EXTRACT] d_sym_idx=3, in_frame=1
[EXTRACT_CALL] sym_idx=3, type=L-SIG
[EQ][IDX_CHECK] d_sym_idx=3, condition=1
[EQ][VALID_SET] d_sym_idx=3, valid=1
[EQ][SYM_IDX] sym_idx=3, type=L-SIG
[EQ][POST_EQUALIZE] d_sym_idx=3
[EQ][RAW_BITS] sym_idx=3 bits52=0000111110101110101101010011011001010001111110001000
[EQ][STDERR_DIRECT] Entering direct mixed-mode header detection
[EQ][DIRECT_PATH] Entering direct mixed-mode header detection
[EQ][STDERR_BEFORE_GATE] Reached before gate check
[EQ][BEFORE_GATE] Reached before gate check
[EQ][GATE] sym=3 want_htsig1=5 valid={lltf0=1 lltf1=1 lsig=1 htsig0=0 htsig1=0} have_ht=0
[EQ][TEST_INSERT] Added new debug output
[EQ][DEBUG_TEST] ======== DEBUG ENTRY ========
[EQ][DEBUG] Checking HT-SIG parse condition: d_sym_idx=3, kHtSig1Rel=5, d_have_ht_header=0
[EQ][DEBUG] valid flags: lltf0=1, lltf1=1, lsig=1, htsig0=0, htsig1=0
[EQ][WHILE_LOOP] iter consumed=3, d_sym_idx=4
[EQ][GATE_DETAIL] d_sym_idx=3, kHtSig1Rel=5, d_have_ht_header=0
[EQ][GATE_DETAIL] valid flags: lltf0=1 lltf1=1 lsig=1 htsig0=0 htsig1=0
[EQ][FLOW] abs=212 wifi_start=0 in_frame=1 sym_idx=4 consumed=3 produced=0
[EQ][PRE_EXTRACT] d_sym_idx=4, in_frame=1
[EXTRACT_CALL] sym_idx=4, type=HT-SIG0
[EQ][IDX_CHECK] d_sym_idx=4, condition=1
[EQ][VALID_SET] d_sym_idx=4, valid=1
[EQ][SYM_IDX] sym_idx=4, type=HT-SIG0
[EQ][POST_EQUALIZE] d_sym_idx=4
[EQ][RAW_BITS] sym_idx=4 bits52=1111000001110100110010101100100110101110001000100111
[EQ][STDERR_DIRECT] Entering direct mixed-mode header detection
[EQ][DIRECT_PATH] Entering direct mixed-mode header detection
[EQ][STDERR_BEFORE_GATE] Reached before gate check
[EQ][BEFORE_GATE] Reached before gate check
[EQ][GATE] sym=4 want_htsig1=5 valid={lltf0=1 lltf1=1 lsig=1 htsig0=1 htsig1=0} have_ht=0
[EQ][TEST_INSERT] Added new debug output
[EQ][DEBUG_TEST] ======== DEBUG ENTRY ========
[EQ][DEBUG] Checking HT-SIG parse condition: d_sym_idx=4, kHtSig1Rel=5, d_have_ht_header=0
[EQ][DEBUG] valid flags: lltf0=1, lltf1=1, lsig=1, htsig0=1, htsig1=0
[EQ][WHILE_LOOP] iter consumed=4, d_sym_idx=5
[EQ][GATE_DETAIL] d_sym_idx=4, kHtSig1Rel=5, d_have_ht_header=0
[EQ][GATE_DETAIL] valid flags: lltf0=1 lltf1=1 lsig=1 htsig0=1 htsig1=0
[EQ][FLOW] abs=213 wifi_start=0 in_frame=1 sym_idx=5 consumed=4 produced=0
[EQ][PRE_EXTRACT] d_sym_idx=5, in_frame=1
[EXTRACT_CALL] sym_idx=5, type=HT-SIG1
[EQ][IDX_CHECK] d_sym_idx=5, condition=1
[EQ][VALID_SET] d_sym_idx=5, valid=1
[EQ][SYM_IDX] sym_idx=5, type=HT-SIG1
[EQ][POST_EQUALIZE] d_sym_idx=5
[EQ][RAW_BITS] sym_idx=5 bits52=0011001010000101010011011110000001001001011110011011
[EQ][STDERR_DIRECT] Entering direct mixed-mode header detection
[EQ][DIRECT_PATH] Entering direct mixed-mode header detection
[EQ][STDERR_BEFORE_GATE] Reached before gate check
[EQ][BEFORE_GATE] Reached before gate check
[EQ][GATE] sym=5 want_htsig1=5 valid={lltf0=1 lltf1=1 lsig=1 htsig0=1 htsig1=1} have_ht=0
[EQ][TEST_INSERT] Added new debug output
[EQ][DEBUG_TEST] ======== DEBUG ENTRY ========
[EQ][DEBUG] Checking HT-SIG parse condition: d_sym_idx=5, kHtSig1Rel=5, d_have_ht_header=0
[EQ][DEBUG] valid flags: lltf0=1, lltf1=1, lsig=1, htsig0=1, htsig1=1
[EQ][GATE_DETAIL] d_sym_idx=5, kHtSig1Rel=5, d_have_ht_header=0
[EQ][GATE_DETAIL] valid flags: lltf0=1 lltf1=1 lsig=1 htsig0=1 htsig1=1
[EQ][DEBUG_BLOCK] ENTERING HT-SIG PARSE BLOCK
[RX][LLTF-DBG] L-LTF0 valid=1, L-LTF1 valid=1
[RX][LLTF-DBG] L-LTF0 avg_mag=8.3641, L-LTF1 avg_mag=8.3649
[RX][LLTF-DBG] L-LTF0[0:3]: 0.027∠0.105 0.026∠0.326 8.865∠1.961 8.893∠1.471 
[RX][LLTF-DBG] L-LTF1[0:3]: 0.020∠-1.229 0.018∠-1.072 8.877∠-1.178 8.886∠-1.668 
[CHAN_EST][DEBUG] L-LTF0 average magnitude: 8.3641
[CHAN_EST][DEBUG] L-LTF1 average magnitude: 8.3649
[CHAN_EST][LLTF_COMPARE] First 20 data subcarriers:
  i=0 sc=-26: expected=1, avg=0.017+-0.008i (mag=0.019, phase=-0.452), received0=0.027+0.003i received1=0.007+-0.019i
  i=1 sc=-25: expected=1, avg=0.017+-0.004i (mag=0.017, phase=-0.234), received0=0.024+0.008i received1=0.009+-0.016i
  i=2 sc=-24: expected=-1, avg=0.015+-0.000i (mag=0.015, phase=-0.028), received0=-3.371+8.199i received1=3.401+-8.200i
  i=3 sc=-23: expected=-1, avg=0.013+0.002i (mag=0.013, phase=0.155), received0=0.886+8.848i received1=-0.860+-8.844i
  i=4 sc=-22: expected=1, avg=0.011+0.004i (mag=0.011, phase=0.323), received0=-4.918+-7.363i received1=4.939+7.370i
  i=5 sc=-20: expected=-1, avg=0.007+0.005i (mag=0.009, phase=0.558), received0=8.883+0.014i received1=-8.868+-0.005i
  i=6 sc=-19: expected=1, avg=0.006+0.005i (mag=0.008, phase=0.654), received0=7.832+-4.171i received1=-7.819+4.180i
  i=7 sc=-18: expected=-1, avg=-4.925+7.382i (mag=8.874, phase=2.159), received0=-4.927+7.389i received1=-4.922+7.375i
  i=8 sc=-17: expected=1, avg=0.875+-8.826i (mag=8.870, phase=-1.472), received0=0.872+-8.820i received1=0.877+-8.833i
  i=9 sc=-16: expected=1, avg=3.400+8.206i (mag=8.883, phase=1.178), received0=3.398+8.212i received1=3.403+8.201i
  i=10 sc=-15: expected=1, avg=0.003+0.005i (mag=0.006, phase=1.057), received0=-6.862+-5.622i received1=6.868+5.632i
  i=11 sc=-14: expected=1, avg=-8.702+-1.727i (mag=8.871, phase=-2.946), received0=-8.705+-1.722i received1=-8.699+-1.732i
  i=12 sc=-13: expected=1, avg=-8.489+2.580i (mag=8.873, phase=2.847), received0=-8.493+2.584i received1=-8.486+2.576i
  i=13 sc=-12: expected=1, avg=0.001+0.004i (mag=0.005, phase=1.271), received0=-6.278+6.283i received1=6.281+-6.275i
  i=14 sc=-11: expected=-1, avg=-2.576+8.499i (mag=8.881, phase=1.865), received0=-2.580+8.502i received1=-2.572+8.495i
  i=15 sc=-10: expected=-1, avg=1.733+8.710i (mag=8.881, phase=1.374), received0=1.729+8.713i received1=1.736+8.707i
  i=16 sc=-9: expected=1, avg=0.001+0.004i (mag=0.004, phase=1.315), received0=-5.632+-6.854i received1=5.634+6.862i
  i=17 sc=-8: expected=1, avg=0.001+0.004i (mag=0.004, phase=1.331), received0=-8.200+-3.390i received1=8.202+3.398i
  i=18 sc=-6: expected=1, avg=0.001+0.004i (mag=0.004, phase=1.447), received0=7.378+-4.926i received1=-7.377+4.935i
  i=19 sc=-5: expected=-1, avg=-4.185+7.833i (mag=8.880, phase=2.061), received0=-4.188+7.834i received1=-4.181+7.832i
[CHAN_EST] Average channel magnitude: 3.9302
[CHAN_EST] Channel magnitude range: [0.0039, 8.8870]
[CHAN_EST] Channel phase range: [-2.987, 3.129] rad
[CHAN_EST] Zero magnitude subcarriers: 0/52
[CHAN_EST][SC0] H=0.017+-0.008i, mag=0.019, phase=-0.452
[CHAN_EST][SC1] H=0.017+-0.004i, mag=0.017, phase=-0.234
[CHAN_EST][SC2] H=-0.015+0.000i, mag=0.015, phase=3.114
[CHAN_EST][SC3] H=-0.013+-0.002i, mag=0.013, phase=-2.987
[CHAN_EST][SC4] H=0.011+0.004i, mag=0.011, phase=0.323
[CHAN_EST][SC5] H=-0.007+-0.005i, mag=0.009, phase=-2.583
[CHAN_EST][SC6] H=0.006+0.005i, mag=0.008, phase=0.654
[CHAN_EST][SC7] H=4.925+-7.382i, mag=8.874, phase=-0.983
[CHAN_EST][SC8] H=0.875+-8.826i, mag=8.870, phase=-1.472
[CHAN_EST][SC9] H=3.400+8.206i, mag=8.883, phase=1.178
[EQ_HEADER] CPE estimate: -2.375 rad, rot=-0.720+0.694i
[EQ_HEADER][WARNING] Weak channel at SC-26 (idx=0): H_mag=0.0188, skipping
[EQ_HEADER][WARNING] Weak channel at SC-25 (idx=1): H_mag=0.0170, skipping
[EQ_HEADER][WARNING] Weak channel at SC-24 (idx=2): H_mag=0.0151, skipping
[EQ_HEADER][WARNING] Weak channel at SC-23 (idx=3): H_mag=0.0132, skipping
[EQ_HEADER][WARNING] Weak channel at SC-22 (idx=4): H_mag=0.0114, skipping
[EQ_HEADER][WARNING] Weak channel at SC-20 (idx=5): H_mag=0.0087, skipping
[EQ_HEADER][WARNING] Weak channel at SC-19 (idx=6): H_mag=0.0077, skipping
[EQ_HEADER][WARNING] Weak channel at SC-15 (idx=10): H_mag=0.0058, skipping
[EQ_HEADER][WARNING] Weak channel at SC-12 (idx=13): H_mag=0.0045, skipping
[EQ_HEADER][WARNING] Weak channel at SC-9 (idx=16): H_mag=0.0039, skipping
[EQ_HEADER][WARNING] Weak channel at SC-8 (idx=17): H_mag=0.0041, skipping
[EQ_HEADER][WARNING] Weak channel at SC-6 (idx=18): H_mag=0.0042, skipping
[EQ_HEADER][WARNING] Weak channel at SC-1 (idx=23): H_mag=0.0044, skipping
[EQ_HEADER][WARNING] Weak channel at SC2 (idx=25): H_mag=0.0046, skipping
[EQ_HEADER][WARNING] Weak channel at SC8 (idx=30): H_mag=0.0041, skipping
[EQ_HEADER][WARNING] Weak channel at SC9 (idx=31): H_mag=0.0042, skipping
[EQ_HEADER][WARNING] Weak channel at SC10 (idx=32): H_mag=0.0043, skipping
[EQ_HEADER][WARNING] Weak channel at SC12 (idx=34): H_mag=0.0050, skipping
[EQ_HEADER][WARNING] Weak channel at SC13 (idx=35): H_mag=0.0054, skipping
[EQ_HEADER][WARNING] Weak channel at SC15 (idx=37): H_mag=0.0059, skipping
[EQ_HEADER][WARNING] Weak channel at SC16 (idx=38): H_mag=0.0060, skipping
[EQ_HEADER][WARNING] Weak channel at SC17 (idx=39): H_mag=0.0060, skipping
[EQ_HEADER][WARNING] Weak channel at SC18 (idx=40): H_mag=0.0062, skipping
[EQ_HEADER][WARNING] Weak channel at SC19 (idx=41): H_mag=0.0065, skipping
[EQ_HEADER][WARNING] Weak channel at SC20 (idx=42): H_mag=0.0069, skipping
[EQ_HEADER][WARNING] Weak channel at SC24 (idx=45): H_mag=0.0108, skipping
[EQ_HEADER] Zero-magnitude H subcarriers: 0/48
[EQ_HEADER] Average RX magnitude: 8.3226
[EQ_HEADER] Average EQ magnitude: 0.4583
[EQ_HEADER] First 10 bits: 1111111101
[EQ_HEADER][SC0] rx=-0.025+0.020i, eq=0.000+0.000i, bit=1
[EQ_HEADER][SC1] rx=-0.026+0.013i, eq=0.000+0.000i, bit=1
[EQ_HEADER][SC2] rx=3.366+-8.179i, eq=0.000+0.000i, bit=1
[EQ_HEADER][SC3] rx=-0.893+-8.831i, eq=0.000+0.000i, bit=1
[EQ_HEADER][SC4] rx=-4.950+-7.378i, eq=0.000+0.000i, bit=1
[EQ_HEADER] CPE estimate: 1.532 rad, rot=0.039+-0.999i
[EQ_HEADER][WARNING] Weak channel at SC-26 (idx=0): H_mag=0.0188, skipping
[EQ_HEADER][WARNING] Weak channel at SC-25 (idx=1): H_mag=0.0170, skipping
[EQ_HEADER][WARNING] Weak channel at SC-24 (idx=2): H_mag=0.0151, skipping
[EQ_HEADER][WARNING] Weak channel at SC-23 (idx=3): H_mag=0.0132, skipping
[EQ_HEADER][WARNING] Weak channel at SC-22 (idx=4): H_mag=0.0114, skipping
[EQ_HEADER][WARNING] Weak channel at SC-20 (idx=5): H_mag=0.0087, skipping
[EQ_HEADER][WARNING] Weak channel at SC-19 (idx=6): H_mag=0.0077, skipping
[EQ_HEADER][WARNING] Weak channel at SC-15 (idx=10): H_mag=0.0058, skipping
[EQ_HEADER][WARNING] Weak channel at SC-12 (idx=13): H_mag=0.0045, skipping
[EQ_HEADER][WARNING] Weak channel at SC-9 (idx=16): H_mag=0.0039, skipping
[EQ_HEADER][WARNING] Weak channel at SC-8 (idx=17): H_mag=0.0041, skipping
[EQ_HEADER][WARNING] Weak channel at SC-6 (idx=18): H_mag=0.0042, skipping
[EQ_HEADER][WARNING] Weak channel at SC-1 (idx=23): H_mag=0.0044, skipping
[EQ_HEADER][WARNING] Weak channel at SC2 (idx=25): H_mag=0.0046, skipping
[EQ_HEADER][WARNING] Weak channel at SC8 (idx=30): H_mag=0.0041, skipping
[EQ_HEADER][WARNING] Weak channel at SC9 (idx=31): H_mag=0.0042, skipping
[EQ_HEADER][WARNING] Weak channel at SC10 (idx=32): H_mag=0.0043, skipping
[EQ_HEADER][WARNING] Weak channel at SC12 (idx=34): H_mag=0.0050, skipping
[EQ_HEADER][WARNING] Weak channel at SC13 (idx=35): H_mag=0.0054, skipping
[EQ_HEADER][WARNING] Weak channel at SC15 (idx=37): H_mag=0.0059, skipping
[EQ_HEADER][WARNING] Weak channel at SC16 (idx=38): H_mag=0.0060, skipping
[EQ_HEADER][WARNING] Weak channel at SC17 (idx=39): H_mag=0.0060, skipping
[EQ_HEADER][WARNING] Weak channel at SC18 (idx=40): H_mag=0.0062, skipping
[EQ_HEADER][WARNING] Weak channel at SC19 (idx=41): H_mag=0.0065, skipping
[EQ_HEADER][WARNING] Weak channel at SC20 (idx=42): H_mag=0.0069, skipping
[EQ_HEADER][WARNING] Weak channel at SC24 (idx=45): H_mag=0.0108, skipping
[EQ_HEADER] Zero-magnitude H subcarriers: 0/48
[EQ_HEADER] Average RX magnitude: 8.3206
[EQ_HEADER] Average EQ magnitude: 0.4583
[EQ_HEADER] First 10 bits: 1111111111
[EQ_HEADER][SC0] rx=-0.000+0.003i, eq=0.000+0.000i, bit=1
[EQ_HEADER][SC1] rx=-0.001+0.003i, eq=0.000+0.000i, bit=1
[EQ_HEADER][SC2] rx=-3.393+8.190i, eq=0.000+0.000i, bit=1
[EQ_HEADER][SC3] rx=0.868+8.837i, eq=0.000+0.000i, bit=1
[EQ_HEADER][SC4] rx=4.928+7.381i, eq=0.000+0.000i, bit=1
[EQ_HEADER] CPE estimate: 1.475 rad, rot=0.096+-0.995i
[EQ_HEADER][WARNING] Weak channel at SC-26 (idx=0): H_mag=0.0188, skipping
[EQ_HEADER][WARNING] Weak channel at SC-25 (idx=1): H_mag=0.0170, skipping
[EQ_HEADER][WARNING] Weak channel at SC-24 (idx=2): H_mag=0.0151, skipping
[EQ_HEADER][WARNING] Weak channel at SC-23 (idx=3): H_mag=0.0132, skipping
[EQ_HEADER][WARNING] Weak channel at SC-22 (idx=4): H_mag=0.0114, skipping
[EQ_HEADER][WARNING] Weak channel at SC-20 (idx=5): H_mag=0.0087, skipping
[EQ_HEADER][WARNING] Weak channel at SC-19 (idx=6): H_mag=0.0077, skipping
[EQ_HEADER][WARNING] Weak channel at SC-15 (idx=10): H_mag=0.0058, skipping
[EQ_HEADER][WARNING] Weak channel at SC-12 (idx=13): H_mag=0.0045, skipping
[EQ_HEADER][WARNING] Weak channel at SC-9 (idx=16): H_mag=0.0039, skipping
[EQ_HEADER][WARNING] Weak channel at SC-8 (idx=17): H_mag=0.0041, skipping
[EQ_HEADER][WARNING] Weak channel at SC-6 (idx=18): H_mag=0.0042, skipping
[EQ_HEADER][WARNING] Weak channel at SC-1 (idx=23): H_mag=0.0044, skipping
[EQ_HEADER][WARNING] Weak channel at SC2 (idx=25): H_mag=0.0046, skipping
[EQ_HEADER][WARNING] Weak channel at SC8 (idx=30): H_mag=0.0041, skipping
[EQ_HEADER][WARNING] Weak channel at SC9 (idx=31): H_mag=0.0042, skipping
[EQ_HEADER][WARNING] Weak channel at SC10 (idx=32): H_mag=0.0043, skipping
[EQ_HEADER][WARNING] Weak channel at SC12 (idx=34): H_mag=0.0050, skipping
[EQ_HEADER][WARNING] Weak channel at SC13 (idx=35): H_mag=0.0054, skipping
[EQ_HEADER][WARNING] Weak channel at SC15 (idx=37): H_mag=0.0059, skipping
[EQ_HEADER][WARNING] Weak channel at SC16 (idx=38): H_mag=0.0060, skipping
[EQ_HEADER][WARNING] Weak channel at SC17 (idx=39): H_mag=0.0060, skipping
[EQ_HEADER][WARNING] Weak channel at SC18 (idx=40): H_mag=0.0062, skipping
[EQ_HEADER][WARNING] Weak channel at SC19 (idx=41): H_mag=0.0065, skipping
[EQ_HEADER][WARNING] Weak channel at SC20 (idx=42): H_mag=0.0069, skipping
[EQ_HEADER][WARNING] Weak channel at SC24 (idx=45): H_mag=0.0108, skipping
[EQ_HEADER] Zero-magnitude H subcarriers: 0/48
[EQ_HEADER] Average RX magnitude: 8.3154
[EQ_HEADER] Average EQ magnitude: 0.4507
[EQ_HEADER] First 10 bits: 1111111000
[EQ_HEADER][SC0] rx=0.115+-0.019i, eq=0.000+0.000i, bit=1
[EQ_HEADER][SC1] rx=0.067+0.181i, eq=0.000+0.000i, bit=1
[EQ_HEADER][SC2] rx=-3.521+8.480i, eq=0.000+0.000i, bit=1
[EQ_HEADER][SC3] rx=0.490+9.066i, eq=0.000+0.000i, bit=1
[EQ_HEADER][SC4] rx=-5.478+-7.385i, eq=0.000+0.000i, bit=1
[RX][CHAN-EST] Hhdr52: avg_mag=3.9302 avg_phase=-2.3652 rad phase_var=2.0910
[RX][CHAN-EST] Hhdr52[0:5]: 0.019∠-0.452 0.017∠-0.234 0.015∠3.114 0.013∠-2.987 0.011∠0.323 0.009∠-2.583 
[RX][HDRDBG] rel=3 raw48=001000101000011100010111001001001111110000111001
[RX][HDRDBG] rel=3 eq48 =111111110110010111101011011001111011111111111101
[RX][HDRDBG] rel=3 deintl48=111110111101111101111111001111111001001111010111
[RX][HDRDBG] rel=3 bit-errors: raw->eq=25 eq->deintl=18
[RX][HDRDBG] rel=4 raw48=000111011110111011100000100110110000001101010010
[RX][HDRDBG] rel=4 eq48 =111111111111011111101011011001111011111111101101
[RX][HDRDBG] rel=4 deintl48=111110111101111101111111101111111100001111110111
[RX][HDRDBG] rel=4 bit-errors: raw->eq=28 eq->deintl=18
[RX][HDRDBG] rel=5 raw48=110101100010100011111100001111001001111000111101
[RX][HDRDBG] rel=5 eq48 =111111100011010111111011110010111111011111100110
[RX][HDRDBG] rel=5 deintl48=111111111111110101111011011011101100010101011110
[RX][HDRDBG] rel=5 bit-errors: raw->eq=26 eq->deintl=16
[EQ_HEADER] CPE estimate: -2.375 rad, rot=-0.720+0.694i
[EQ_HEADER][WARNING] Weak channel at SC-26 (idx=0): H_mag=0.0188, skipping
[EQ_HEADER][WARNING] Weak channel at SC-25 (idx=1): H_mag=0.0170, skipping
[EQ_HEADER][WARNING] Weak channel at SC-24 (idx=2): H_mag=0.0151, skipping
[EQ_HEADER][WARNING] Weak channel at SC-23 (idx=3): H_mag=0.0132, skipping
[EQ_HEADER][WARNING] Weak channel at SC-22 (idx=4): H_mag=0.0114, skipping
[EQ_HEADER][WARNING] Weak channel at SC-20 (idx=5): H_mag=0.0087, skipping
[EQ_HEADER][WARNING] Weak channel at SC-19 (idx=6): H_mag=0.0077, skipping
[EQ_HEADER][WARNING] Weak channel at SC-15 (idx=10): H_mag=0.0058, skipping
[EQ_HEADER][WARNING] Weak channel at SC-12 (idx=13): H_mag=0.0045, skipping
[EQ_HEADER][WARNING] Weak channel at SC-9 (idx=16): H_mag=0.0039, skipping
[EQ_HEADER][WARNING] Weak channel at SC-8 (idx=17): H_mag=0.0041, skipping
[EQ_HEADER][WARNING] Weak channel at SC-6 (idx=18): H_mag=0.0042, skipping
[EQ_HEADER][WARNING] Weak channel at SC-1 (idx=23): H_mag=0.0044, skipping
[EQ_HEADER][WARNING] Weak channel at SC2 (idx=25): H_mag=0.0046, skipping
[EQ_HEADER][WARNING] Weak channel at SC8 (idx=30): H_mag=0.0041, skipping
[EQ_HEADER][WARNING] Weak channel at SC9 (idx=31): H_mag=0.0042, skipping
[EQ_HEADER][WARNING] Weak channel at SC10 (idx=32): H_mag=0.0043, skipping
[EQ_HEADER][WARNING] Weak channel at SC12 (idx=34): H_mag=0.0050, skipping
[EQ_HEADER][WARNING] Weak channel at SC13 (idx=35): H_mag=0.0054, skipping
[EQ_HEADER][WARNING] Weak channel at SC15 (idx=37): H_mag=0.0059, skipping
[EQ_HEADER][WARNING] Weak channel at SC16 (idx=38): H_mag=0.0060, skipping
[EQ_HEADER][WARNING] Weak channel at SC17 (idx=39): H_mag=0.0060, skipping
[EQ_HEADER][WARNING] Weak channel at SC18 (idx=40): H_mag=0.0062, skipping
[EQ_HEADER][WARNING] Weak channel at SC19 (idx=41): H_mag=0.0065, skipping
[EQ_HEADER][WARNING] Weak channel at SC20 (idx=42): H_mag=0.0069, skipping
[EQ_HEADER][WARNING] Weak channel at SC24 (idx=45): H_mag=0.0108, skipping
[EQ_HEADER] Zero-magnitude H subcarriers: 0/48
[EQ_HEADER] Average RX magnitude: 8.3226
[EQ_HEADER] Average EQ magnitude: 0.4583
[EQ_HEADER] First 10 bits: 1111111101
[EQ_HEADER][SC0] rx=-0.025+0.020i, eq=0.000+0.000i, bit=1
[EQ_HEADER][SC1] rx=-0.026+0.013i, eq=0.000+0.000i, bit=1
[EQ_HEADER][SC2] rx=3.366+-8.179i, eq=0.000+0.000i, bit=1
[EQ_HEADER][SC3] rx=-0.893+-8.831i, eq=0.000+0.000i, bit=1
[EQ_HEADER][SC4] rx=-4.950+-7.378i, eq=0.000+0.000i, bit=1
[EQ_HEADER] CPE estimate: -2.375 rad, rot=-0.720+0.694i
[EQ_HEADER][WARNING] Weak channel at SC-26 (idx=0): H_mag=0.0188, skipping
[EQ_HEADER][WARNING] Weak channel at SC-25 (idx=1): H_mag=0.0170, skipping
[EQ_HEADER][WARNING] Weak channel at SC-24 (idx=2): H_mag=0.0151, skipping
[EQ_HEADER][WARNING] Weak channel at SC-23 (idx=3): H_mag=0.0132, skipping
[EQ_HEADER][WARNING] Weak channel at SC-22 (idx=4): H_mag=0.0114, skipping
[EQ_HEADER][WARNING] Weak channel at SC-20 (idx=5): H_mag=0.0087, skipping
[EQ_HEADER][WARNING] Weak channel at SC-19 (idx=6): H_mag=0.0077, skipping
[EQ_HEADER][WARNING] Weak channel at SC-15 (idx=10): H_mag=0.0058, skipping
[EQ_HEADER][WARNING] Weak channel at SC-12 (idx=13): H_mag=0.0045, skipping
[EQ_HEADER][WARNING] Weak channel at SC-9 (idx=16): H_mag=0.0039, skipping
[EQ_HEADER][WARNING] Weak channel at SC-8 (idx=17): H_mag=0.0041, skipping
[EQ_HEADER][WARNING] Weak channel at SC-6 (idx=18): H_mag=0.0042, skipping
[EQ_HEADER][WARNING] Weak channel at SC-1 (idx=23): H_mag=0.0044, skipping
[EQ_HEADER][WARNING] Weak channel at SC2 (idx=25): H_mag=0.0046, skipping
[EQ_HEADER][WARNING] Weak channel at SC8 (idx=30): H_mag=0.0041, skipping
[EQ_HEADER][WARNING] Weak channel at SC9 (idx=31): H_mag=0.0042, skipping
[EQ_HEADER][WARNING] Weak channel at SC10 (idx=32): H_mag=0.0043, skipping
[EQ_HEADER][WARNING] Weak channel at SC12 (idx=34): H_mag=0.0050, skipping
[EQ_HEADER][WARNING] Weak channel at SC13 (idx=35): H_mag=0.0054, skipping
[EQ_HEADER][WARNING] Weak channel at SC15 (idx=37): H_mag=0.0059, skipping
[EQ_HEADER][WARNING] Weak channel at SC16 (idx=38): H_mag=0.0060, skipping
[EQ_HEADER][WARNING] Weak channel at SC17 (idx=39): H_mag=0.0060, skipping
[EQ_HEADER][WARNING] Weak channel at SC18 (idx=40): H_mag=0.0062, skipping
[EQ_HEADER][WARNING] Weak channel at SC19 (idx=41): H_mag=0.0065, skipping
[EQ_HEADER][WARNING] Weak channel at SC20 (idx=42): H_mag=0.0069, skipping
[EQ_HEADER][WARNING] Weak channel at SC24 (idx=45): H_mag=0.0108, skipping
[EQ_HEADER] Zero-magnitude H subcarriers: 0/48
[EQ_HEADER] Average RX magnitude: 8.3226
[EQ_HEADER] Average EQ magnitude: 0.4583
[EQ_HEADER] First 10 bits: 1111111101
[EQ_HEADER][SC0] rx=-0.025+0.020i, eq=0.000+0.000i, bit=1
[EQ_HEADER][SC1] rx=-0.026+0.013i, eq=0.000+0.000i, bit=1
[EQ_HEADER][SC2] rx=3.366+-8.179i, eq=0.000+0.000i, bit=1
[EQ_HEADER][SC3] rx=-0.893+-8.831i, eq=0.000+0.000i, bit=1
[EQ_HEADER][SC4] rx=-4.950+-7.378i, eq=0.000+0.000i, bit=1
[EQ][HT-SIG][DEBUG] L-SIG bits (48): 000011111010111010110101001101100101000111111000
[EQ][HT-SIG][DEBUG] HT-SIG0 bits (48): 111100000111010011001010110010011010111000100010
[EQ][HT-SIG][DEBUG] HT-SIG1 bits (48): 001100101000010101001101111000000100100101111001
[EQ][HT-SIG] parse failed: lsig=3 htsig=4/5
[EQ][WHILE_LOOP] iter consumed=5, d_sym_idx=6
[EQ][FLOW] abs=214 wifi_start=0 in_frame=1 sym_idx=6 consumed=5 produced=0
[EQ][PRE_EXTRACT] d_sym_idx=6, in_frame=1
[EXTRACT_CALL] sym_idx=6, type=OTHER
[EQ][IDX_CHECK] d_sym_idx=6, condition=1
[EQ][VALID_SET] d_sym_idx=6, valid=1
[EQ][SYM_IDX] sym_idx=6, type=UNKNOWN
[EQ][POST_EQUALIZE] d_sym_idx=6
[EQ][RAW_BITS] sym_idx=6 bits52=0000111010001110001101010111100001111001110010010110
[EQ][STDERR_DIRECT] Entering direct mixed-mode header detection
[EQ][DIRECT_PATH] Entering direct mixed-mode header detection
[EQ][STDERR_BEFORE_GATE] Reached before gate check
[EQ][BEFORE_GATE] Reached before gate check
[EQ][GATE] sym=6 want_htsig1=5 valid={lltf0=1 lltf1=1 lsig=1 htsig0=1 htsig1=1} have_ht=0
[EQ][TEST_INSERT] Added new debug output
[EQ][DEBUG_TEST] ======== DEBUG ENTRY ========
[EQ][DEBUG] Checking HT-SIG parse condition: d_sym_idx=6, kHtSig1Rel=5, d_have_ht_header=0
[EQ][DEBUG] valid flags: lltf0=1, lltf1=1, lsig=1, htsig0=1, htsig1=1
[EQ][WHILE_LOOP] iter consumed=6, d_sym_idx=7
[EQ][GATE_DETAIL] d_sym_idx=6, kHtSig1Rel=5, d_have_ht_header=0
[EQ][GATE_DETAIL] valid flags: lltf0=1 lltf1=1 lsig=1 htsig0=1 htsig1=1
[EQ][FLOW] abs=215 wifi_start=0 in_frame=1 sym_idx=7 consumed=6 produced=0
[EQ][PRE_EXTRACT] d_sym_idx=7, in_frame=1
[EXTRACT_CALL] sym_idx=7, type=OTHER
[EQ][IDX_CHECK] d_sym_idx=7, condition=1
[EQ][VALID_SET] d_sym_idx=7, valid=1
[EQ][SYM_IDX] sym_idx=7, type=UNKNOWN
[EQ][POST_EQUALIZE] d_sym_idx=7
[EQ][RAW_BITS] sym_idx=7 bits52=1111110000011011100000110100111100010010111111111001
[EQ][STDERR_DIRECT] Entering direct mixed-mode header detection
[EQ][DIRECT_PATH] Entering direct mixed-mode header detection
[EQ][STDERR_BEFORE_GATE] Reached before gate check
[EQ][BEFORE_GATE] Reached before gate check
[EQ][TEST_INSERT] Added new debug output
[EQ][DEBUG_TEST] ======== DEBUG ENTRY ========
[EQ][DEBUG] Checking HT-SIG parse condition: d_sym_idx=7, kHtSig1Rel=5, d_have_ht_header=0
[EQ][DEBUG] valid flags: lltf0=1, lltf1=1, lsig=1, htsig0=1, htsig1=1
[EQ][WHILE_LOOP] iter consumed=7, d_sym_idx=8
[EQ][GATE_DETAIL] d_sym_idx=7, kHtSig1Rel=5, d_have_ht_header=0
[EQ][GATE_DETAIL] valid flags: lltf0=1 lltf1=1 lsig=1 htsig0=1 htsig1=1
[EQ][FLOW] abs=216 wifi_start=0 in_frame=1 sym_idx=8 consumed=7 produced=0
[EQ][PRE_EXTRACT] d_sym_idx=8, in_frame=1
[EQ][POST_EQUALIZE] d_sym_idx=8
[EQ][STDERR_DIRECT] Entering direct mixed-mode header detection
[EQ][IDX_CHECK] d_sym_idx=8, condition=0
[EQ][DIRECT_PATH] Entering direct mixed-mode header detection
[EQ][STDERR_BEFORE_GATE] Reached before gate check
[EQ][BEFORE_GATE] Reached before gate check
[EQ][TEST_INSERT] Added new debug output
[EQ][DEBUG_TEST] ======== DEBUG ENTRY ========
[EQ][DEBUG] Checking HT-SIG parse condition: d_sym_idx=8, kHtSig1Rel=5, d_have_ht_header=0
[EQ][DEBUG] valid flags: lltf0=1, lltf1=1, lsig=1, htsig0=1, htsig1=1
[EQ][WHILE_LOOP] iter consumed=8, d_sym_idx=9
[EQ][GATE_DETAIL] d_sym_idx=8, kHtSig1Rel=5, d_have_ht_header=0
[EQ][GATE_DETAIL] valid flags: lltf0=1 lltf1=1 lsig=1 htsig0=1 htsig1=1
[EQ][FLOW] abs=217 wifi_start=0 in_frame=1 sym_idx=9 consumed=8 produced=0
[EQ][PRE_EXTRACT] d_sym_idx=9, in_frame=1
[EQ][POST_EQUALIZE] d_sym_idx=9
[EQ][STDERR_DIRECT] Entering direct mixed-mode header detection
[EQ][IDX_CHECK] d_sym_idx=9, condition=0
[EQ][DIRECT_PATH] Entering direct mixed-mode header detection
[EQ][STDERR_BEFORE_GATE] Reached before gate check
[EQ][BEFORE_GATE] Reached before gate check
[EQ][TEST_INSERT] Added new debug output
[EQ][DEBUG_TEST] ======== DEBUG ENTRY ========
[EQ][DEBUG] Checking HT-SIG parse condition: d_sym_idx=9, kHtSig1Rel=5, d_have_ht_header=0
[EQ][DEBUG] valid flags: lltf0=1, lltf1=1, lsig=1, htsig0=1, htsig1=1
[EQ][WHILE_LOOP] iter consumed=9, d_sym_idx=10
[EQ][GATE_DETAIL] d_sym_idx=9, kHtSig1Rel=5, d_have_ht_header=0
[EQ][GATE_DETAIL] valid flags: lltf0=1 lltf1=1 lsig=1 htsig0=1 htsig1=1
[EQ][FLOW] abs=218 wifi_start=0 in_frame=1 sym_idx=10 consumed=9 produced=0
[EQ][PRE_EXTRACT] d_sym_idx=10, in_frame=1
[EQ][POST_EQUALIZE] d_sym_idx=10
[EQ][STDERR_DIRECT] Entering direct mixed-mode header detection
[EQ][IDX_CHECK] d_sym_idx=10, condition=0
[EQ][DIRECT_PATH] Entering direct mixed-mode header detection
[EQ][STDERR_BEFORE_GATE] Reached before gate check
[EQ][BEFORE_GATE] Reached before gate check
[EQ][TEST_INSERT] Added new debug output
[EQ][DEBUG_TEST] ======== DEBUG ENTRY ========
[EQ][DEBUG] Checking HT-SIG parse condition: d_sym_idx=10, kHtSig1Rel=5, d_have_ht_header=0
[EQ][DEBUG] valid flags: lltf0=1, lltf1=1, lsig=1, htsig0=1, htsig1=1
[EQ][WHILE_LOOP] iter consumed=10, d_sym_idx=11
[EQ][GATE_DETAIL] d_sym_idx=10, kHtSig1Rel=5, d_have_ht_header=0
[EQ][GATE_DETAIL] valid flags: lltf0=1 lltf1=1 lsig=1 htsig0=1 htsig1=1
[EQ][FLOW] abs=219 wifi_start=0 in_frame=1 sym_idx=11 consumed=10 produced=0
[EQ][PRE_EXTRACT] d_sym_idx=11, in_frame=1
[EQ][POST_EQUALIZE] d_sym_idx=11
[EQ][STDERR_DIRECT] Entering direct mixed-mode header detection
[EQ][IDX_CHECK] d_sym_idx=11, condition=0
[EQ][DIRECT_PATH] Entering direct mixed-mode header detection
[EQ][STDERR_BEFORE_GATE] Reached before gate check
[EQ][BEFORE_GATE] Reached before gate check
[EQ][TEST_INSERT] Added new debug output
[EQ][DEBUG_TEST] ======== DEBUG ENTRY ========
[EQ][DEBUG] Checking HT-SIG parse condition: d_sym_idx=11, kHtSig1Rel=5, d_have_ht_header=0
[EQ][DEBUG] valid flags: lltf0=1, lltf1=1, lsig=1, htsig0=1, htsig1=1
[EQ][WHILE_LOOP] iter consumed=11, d_sym_idx=12
[EQ][GATE_DETAIL] d_sym_idx=11, kHtSig1Rel=5, d_have_ht_header=0
[EQ][GATE_DETAIL] valid flags: lltf0=1 lltf1=1 lsig=1 htsig0=1 htsig1=1
[EQ][FLOW] abs=220 wifi_start=0 in_frame=1 sym_idx=12 consumed=11 produced=0
[EQ][PRE_EXTRACT] d_sym_idx=12, in_frame=1
[EQ][POST_EQUALIZE] d_sym_idx=12
[EQ][STDERR_DIRECT] Entering direct mixed-mode header detection
[EQ][IDX_CHECK] d_sym_idx=12, condition=0
[EQ][DIRECT_PATH] Entering direct mixed-mode header detection
[EQ][STDERR_BEFORE_GATE] Reached before gate check
[EQ][BEFORE_GATE] Reached before gate check
[EQ][TEST_INSERT] Added new debug output
[EQ][DEBUG_TEST] ======== DEBUG ENTRY ========
[EQ][DEBUG] Checking HT-SIG parse condition: d_sym_idx=12, kHtSig1Rel=5, d_have_ht_header=0
[EQ][DEBUG] valid flags: lltf0=1, lltf1=1, lsig=1, htsig0=1, htsig1=1
[EQ][WHILE_LOOP] iter consumed=12, d_sym_idx=13
[EQ][PRE_EXTRACT] d_sym_idx=13, in_frame=1
[EQ][POST_EQUALIZE] d_sym_idx=13
[EQ][STDERR_DIRECT] Entering direct mixed-mode header detection
[EQ][GATE_DETAIL] d_sym_idx=12, kHtSig1Rel=5, d_have_ht_header=0
[EQ][GATE_DETAIL] valid flags: lltf0=1 lltf1=1 lsig=1 htsig0=1 htsig1=1
[EQ][IDX_CHECK] d_sym_idx=13, condition=0
[EQ][DIRECT_PATH] Entering direct mixed-mode header detection
[EQ][STDERR_BEFORE_GATE] Reached before gate check
[EQ][BEFORE_GATE] Reached before gate check
[EQ][TEST_INSERT] Added new debug output
[EQ][DEBUG_TEST] ======== DEBUG ENTRY ========
[EQ][DEBUG] Checking HT-SIG parse condition: d_sym_idx=13, kHtSig1Rel=5, d_have_ht_header=0
[EQ][DEBUG] valid flags: lltf0=1, lltf1=1, lsig=1, htsig0=1, htsig1=1
[EQ][WHILE_LOOP] iter consumed=13, d_sym_idx=14
[EQ][PRE_EXTRACT] d_sym_idx=14, in_frame=1
[EQ][POST_EQUALIZE] d_sym_idx=14
[EQ][STDERR_DIRECT] Entering direct mixed-mode header detection
[EQ][GATE_DETAIL] d_sym_idx=13, kHtSig1Rel=5, d_have_ht_header=0
[EQ][GATE_DETAIL] valid flags: lltf0=1 lltf1=1 lsig=1 htsig0=1 htsig1=1
[EQ][IDX_CHECK] d_sym_idx=14, condition=0
[EQ][DIRECT_PATH] Entering direct mixed-mode header detection
[EQ][STDERR_BEFORE_GATE] Reached before gate check
[EQ][BEFORE_GATE] Reached before gate check
[EQ][TEST_INSERT] Added new debug output
[EQ][DEBUG_TEST] ======== DEBUG ENTRY ========
[EQ][DEBUG] Checking HT-SIG parse condition: d_sym_idx=14, kHtSig1Rel=5, d_have_ht_header=0
[EQ][DEBUG] valid flags: lltf0=1, lltf1=1, lsig=1, htsig0=1, htsig1=1
[EQ][GATE_DETAIL] d_sym_idx=14, kHtSig1Rel=5, d_have_ht_header=0
[EQ][GATE_DETAIL] valid flags: lltf0=1 lltf1=1 lsig=1 htsig0=1 htsig1=1
message_debug :info: The `print_pdu` port is deprecated and will be removed; forwarding to `print`.
[MAPPER] handle_msg called
***** VERBOSE PDU DEBUG PRINT ******
((encoding . 0) (crc_included . #t))
pdu length =         38 bytes
pdu vector contents = 
0000: 08 00 00 00 42 42 42 42 42 42 23 23 23 23 23 23 
0010: ff ff ff ff ff ff 90 00 [MAPPER] meta=78 78 78 78 78 78 78 78 
0020: 78 78 73 00 ae a1 
************************************
((encoding . 0) (crc_included . #t))
[MAPPER] meta fields: mcs=0 len=-1 psdu_len=-1
[MAPPER] using MCS=0
[MAPPER] HT mode enabled, effective MCS: 0
[TX][HTDATA0][PUNCTURED] bits52=1101000101000111101110011010011101000010101000000110
[TX][HTDATA0][INTERLEAVED] bits52=1110110101001111001001100100111000001000010101010010
[TX][HTDATA0] bits52=1110110101001111001001100100111000001000010101010010
[TX][PUNCTURED-ALL] nbits=676 first64=1101000101000111101110011010011101000010101000000110101110101000 last64=0010100111000101101001011111011111001011000000110100010111000001
[TX][INTERLEAVED-ALL] nbits=676 first64=1110110101001111001001100100111000001000010101010010110000111000 last64=1111110010000110111001011000110101011101010001101010000011101001
[TX][HTDATA0][PUNCTURED] keep existing first-frame reference /tmp/wifi_tx_punctured0_bits52.txt
[TX][HTDATA0][INTERLEAVED] keep existing first-frame reference /tmp/wifi_tx_interleaved0_bits52.txt
[TX][HTDATA0] keep existing first-frame reference /tmp/wifi_tx_data0_bits52.txt
[TX][PUNCTURED-ALL] keep existing first-frame reference /tmp/wifi_tx_punctured_all_bits.txt
[TX][INTERLEAVED-ALL] keep existing first-frame reference /tmp/wifi_tx_interleaved_all_bits.txt
[TX][PUNCTURED-ALL] updated /tmp/wifi_tx_punctured_all_bits.last.txt
[TX][INTERLEAVED-ALL] updated /tmp/wifi_tx_interleaved_all_bits.last.txt
[MAPPER] frame: ht_mode=1 psdu=38 n_sym=13 n_data_bits=338 n_encoded_bits=676 data_carriers=52 out_symbols=676
[HT-HEADER] general_work called ninput=676 noutput=32688
[TX][LSIG] raw24=110100110010000000000000
[TX][LSIG] enc48=110110001010100111001100100011011100000000000000
[TX][LSIG] intl48=110011011001000011010100011000000010011001100000
[TX][HTSIG] fields: mcs=0 len=38 bw40=0 agg=0 sgi=0 stbc=0 adv=0 nltf=0 crc=0x0d
[TX][HTSIG] raw48=000000000110010000000000000000000010110000000000
[TX][HTSIG] enc96=000000000000000000110110111100100011011100000000000000000000000000001110111001101110101100000000
[TX][HTSIG] intl96=000000111110010000000011100110000000000010011000000000011011110000000001100100000000001011101000
[TX][HTHDR][OUTBUF] lsig48=110011011001000011010100011000000010011001100000
[TX][HTHDR][OUTBUF] htsig1_48=000000111110010000000011100110000000000010011000
[TX][HTHDR][OUTBUF] htsig2_48=000000011011110000000001100100000000001011101000
[SYNC-SHORT] general_work called: noutput=16 ninput=2288 threshold=0.010 state=1
SHORT copied 16
[SYNC-LONG] general_work: ninput[0]=16 ninput[1]=320 noutput=16 state=1
LONG ninput[0] 16   ninput[1] 320  noutput 16   state 1
produced : 16 consumed: 16
[SYNC-SHORT] general_work called: noutput=2048 ninput=2272 threshold=0.010 state=1
sync_short :info: frame start at in: 20322 out: 20849
SHORT Frame!
SHORT copied 513
[SYNC-SHORT] general_work called: noutput=1024 ninput=1759 threshold=0.010 state=1
[SYNC-LONG] general_work: ninput[0]=513 ninput[1]=320 noutput=256 state=1
LONG ninput[0] 513   ninput[1] 320  noutput 256   state 1
sync_short :info: frame start at in: 20803 out: 21330
SHORT Frame!
SHORT copied 481
produced : 256 consumed: 320
[SYNC-SHORT] general_work called: noutput=1024 ninput=1278 threshold=0.010 state=1
[SYNC-LONG] general_work: ninput[0]=674 ninput[1]=513 noutput=512 state=1
LONG ninput[0] 674   ninput[1] 513  noutput 512   state 1
produced : 160 consumed: 193
sync_short :info: frame start at in: 21284 out: 21811
SHORT Frame!
SHORT copied 481
[SYNC-SHORT] general_work called: noutput=512 ninput=797 threshold=0.010 state=1
[SYNC-LONG] general_work: ninput[0]=962 ninput[1]=801 noutput=512 state=1
LONG ninput[0] 962   ninput[1] 801  noutput 512   state 1
[SYNC-LONG] Received wifi_start tag: freq_offset=0.013 offset=20322 nread=20322
LONG: ignore retrigger tag during COPY nread=20322 d_count=1408 guard=3072 tag_offset=20322
sync_short :info: frame start at in: 21765 out: 22292
SHORT Frame!
SHORT copied 481
[SYNC-SHORT] general_work called: noutput=256 ninput=316 threshold=0.010 state=1
produced : 512 consumed: 639
SHORT copied 256
[EQ][ENTER] general_work called nin=7 nout=256
[EQ][WHILE_ENTER] consumed=0, n_in=7
[EQ][WHILE_LOOP] iter consumed=0, d_sym_idx=15
[EQ][FLOW] abs=223 wifi_start=0 in_frame=1 sym_idx=15 consumed=0 produced=0
[EQ][PRE_EXTRACT] d_sym_idx=15, in_frame=1
[EQ][POST_EQUALIZE] d_sym_idx=15
[EQ][STDERR_DIRECT] Entering direct mixed-mode header detection
[EQ][IDX_CHECK] d_sym_idx=15, condition=0
[EQ][DIRECT_PATH] Entering direct mixed-mode header detection
[EQ][STDERR_BEFORE_GATE] Reached before gate check
[EQ][BEFORE_GATE] Reached before gate check
[EQ][TEST_INSERT] Added new debug output
[EQ][DEBUG_TEST] ======== DEBUG ENTRY ========
[EQ][DEBUG] Checking HT-SIG parse condition: d_sym_idx=15, kHtSig1Rel=5, d_have_ht_header=0
[EQ][DEBUG] valid flags: lltf0=1, lltf1=1, lsig=1, htsig0=1, htsig1=1
[SYNC-LONG] general_work: ninput[0]=1060 ninput[1]=1124 noutput=1024 state=1
[SYNC-SHORT] general_work called: noutput=32 ninput=60 threshold=0.010 state=1
[EQ][GATE_DETAIL] d_sym_idx=15, kHtSig1Rel=5, d_have_ht_header=0
[EQ][GATE_DETAIL] valid flags: lltf0=1 lltf1=1 lsig=1 htsig0=1 htsig1=1
SHORT copied 32
[SYNC-SHORT] general_work called: noutput=8 ninput=28 threshold=0.010 state=1
SHORT copied 8
[EQ][WHILE_LOOP] iter consumed=1, d_sym_idx=16
LONG ninput[0] 1060   ninput[1] 1124  noutput 1024   state 1
[EQ][FLOW] abs=224 wifi_start=0 in_frame=1 sym_idx=16 consumed=1 produced=0
[EQ][PRE_EXTRACT] d_sym_idx=16, in_frame=1
[EQ][POST_EQUALIZE] d_sym_idx=16
[EQ][STDERR_DIRECT] Entering direct mixed-mode header detection
[EQ][IDX_CHECK] d_sym_idx=16, condition=0
[EQ][DIRECT_PATH] Entering direct mixed-mode header detection
[EQ][STDERR_BEFORE_GATE] Reached before gate check
[EQ][BEFORE_GATE] Reached before gate check
[SYNC-SHORT] general_work called: noutput=4 ninput=20 threshold=0.010 state=1
[EQ][TEST_INSERT] Added new debug output
[EQ][DEBUG_TEST] ======== DEBUG ENTRY ========
[EQ][DEBUG] Checking HT-SIG parse condition: d_sym_idx=16, kHtSig1Rel=5, d_have_ht_header=0
[EQ][DEBUG] valid flags: lltf0=1, lltf1=1, lsig=1, htsig0=1, htsig1=1
[EQ][WHILE_LOOP] iter consumed=2, d_sym_idx=17
[EQ][GATE_DETAIL] d_sym_idx=16, kHtSig1Rel=5, d_have_ht_header=0
[EQ][GATE_DETAIL] valid flags: lltf0=1 lltf1=1 lsig=1 htsig0=1 htsig1=1
produced : [EQ][FLOW] abs=225 wifi_start=0 in_frame=1 sym_idx=17 consumed=2 produced=0
SHORT copied [EQ][PRE_EXTRACT] d_sym_idx=17, in_frame=1
[EQ][POST_EQUALIZE] d_sym_idx=17
[EQ][STDERR_DIRECT] Entering direct mixed-mode header detection
[EQ][IDX_CHECK] d_sym_idx=17, condition=0
256 consumed: 323
[EQ][DIRECT_PATH] Entering direct mixed-mode header detection
4[EQ][STDERR_BEFORE_GATE] Reached before gate check
[EQ][BEFORE_GATE] Reached before gate check
[EQ][TEST_INSERT] Added new debug output
[EQ][DEBUG_TEST] ======== DEBUG ENTRY ========
[EQ][DEBUG] Checking HT-SIG parse condition: d_sym_idx=17, kHtSig1Rel=5, d_have_ht_header=0
[EQ][DEBUG] valid flags: lltf0=1, lltf1=1, lsig=1, htsig0=1, htsig1=1
[EQ][WHILE_LOOP] iter consumed=3, d_sym_idx=18
[EQ][GATE_DETAIL] d_sym_idx=17, kHtSig1Rel=5, d_have_ht_header=0
[EQ][GATE_DETAIL] valid flags: lltf0=1 lltf1=1 lsig=1 htsig0=1 htsig1=1
[SYNC-LONG] general_work: ninput[0]=777 ninput[1]=1097 noutput=512 state=1
LONG ninput[0] 777   ninput[1] 1097  noutput 512   state 1
[SYNC-LONG] Received wifi_start tag: freq_offset=0.144 offset=21284 nread=21284

LONG: ignore retrigger tag during COPY nread=21284 d_count=2176 guard=3072 tag_offset=21284
[EQ][FLOW] abs=226 wifi_start=0 in_frame=1 sym_idx=18 consumed=3 produced=0
[EQ][PRE_EXTRACT] d_sym_idx=18, in_frame=1
[EQ][POST_EQUALIZE] d_sym_idx=18
[EQ][STDERR_DIRECT] Entering direct mixed-mode header detection
[EQ][IDX_CHECK] d_sym_idx=18, condition=0
[EQ][DIRECT_PATH] Entering direct mixed-mode header detection
[EQ][STDERR_BEFORE_GATE] Reached before gate check
[EQ][BEFORE_GATE] Reached before gate check
[EQ][TEST_INSERT] Added new debug output
[EQ][DEBUG_TEST] ======== DEBUG ENTRY ========
[EQ][DEBUG] Checking HT-SIG parse condition: d_sym_idx=18, kHtSig1Rel=5, d_have_ht_header=0
[EQ][DEBUG] valid flags: lltf0=1, lltf1=1, lsig=1, htsig0=1, htsig1=1
[EQ][WHILE_LOOP] iter consumed=4, d_sym_idx=19
[EQ][GATE_DETAIL] d_sym_idx=18, kHtSig1Rel=5, d_have_ht_header=0
[EQ][GATE_DETAIL] valid flags: lltf0=1 lltf1=1 lsig=1 htsig0=1 htsig1=1
[EQ][FLOW] abs=227 wifi_start=0 in_frame=1 sym_idx=19 consumed=4 produced=0
[EQ][PRE_EXTRACT] d_sym_idx=19, in_frame=1
[EQ][POST_EQUALIZE] d_sym_idx=19
[EQ][STDERR_DIRECT] Entering direct mixed-mode header detection
[EQ][IDX_CHECK] d_sym_idx=19, condition=0
[EQ][DIRECT_PATH] Entering direct mixed-mode header detection
[EQ][STDERR_BEFORE_GATE] Reached before gate check
[EQ][BEFORE_GATE] Reached before gate check
[EQ][TEST_INSERT] Added new debug output
[EQ][DEBUG_TEST] ======== DEBUG ENTRY ========
[EQ][DEBUG] Checking HT-SIG parse condition: d_sym_idx=19, kHtSig1Rel=5, d_have_ht_header=0
[EQ][DEBUG] valid flags: lltf0=1, lltf1=1, lsig=1, htsig0=1, htsig1=1
[EQ][WHILE_LOOP] iter consumed=5, d_sym_idx=20
[EQ][GATE_DETAIL] d_sym_idx=19, kHtSig1Rel=5, d_have_ht_header=0
[EQ][GATE_DETAIL] valid flags: lltf0=1 lltf1=1 lsig=1 htsig0=1 htsig1=1
[EQ][FLOW] abs=228 wifi_start=0 in_frame=1 sym_idx=20 consumed=5 produced=0
[EQ][PRE_EXTRACT] d_sym_idx=20, in_frame=1
produced : 512 consumed: 637
[EQ][POST_EQUALIZE] d_sym_idx=20
[EQ][STDERR_DIRECT] Entering direct mixed-mode header detection
[SYNC-LONG] general_work: ninput[0]=144 ninput[1]=464 noutput=128 state=1
[EQ][IDX_CHECK] d_sym_idx=20, condition=0
LONG ninput[0] 144   ninput[1] 464  noutput 128   state 1
produced : 112 consumed: 144
[EQ][DIRECT_PATH] Entering direct mixed-mode header detection
[EQ][STDERR_BEFORE_GATE] Reached before gate check
[EQ][BEFORE_GATE] Reached before gate check
[EQ][TEST_INSERT] Added new debug output
[EQ][DEBUG_TEST] ======== DEBUG ENTRY ========
[EQ][DEBUG] Checking HT-SIG parse condition: d_sym_idx=20, kHtSig1Rel=5, d_have_ht_header=0
[EQ][DEBUG] valid flags: lltf0=1, lltf1=1, lsig=1, htsig0=1, htsig1=1
[EQ][WHILE_LOOP] iter consumed=6, d_sym_idx=21
[EQ][GATE_DETAIL] d_sym_idx=20, kHtSig1Rel=5, d_have_ht_header=0
[EQ][GATE_DETAIL] valid flags: lltf0=1 lltf1=1 lsig=1 htsig0=1 htsig1=1
[EQ][FLOW] abs=229 wifi_start=0 in_frame=1 sym_idx=21 consumed=6 produced=0
[EQ][PRE_EXTRACT] d_sym_idx=21, in_frame=1
[EQ][POST_EQUALIZE] d_sym_idx=21
[EQ][STDERR_DIRECT] Entering direct mixed-mode header detection
[EQ][IDX_CHECK] d_sym_idx=21, condition=0
[EQ][DIRECT_PATH] Entering direct mixed-mode header detection
[EQ][STDERR_BEFORE_GATE] Reached before gate check
[EQ][BEFORE_GATE] Reached before gate check
[EQ][TEST_INSERT] Added new debug output
[EQ][DEBUG_TEST] ======== DEBUG ENTRY ========
[EQ][DEBUG] Checking HT-SIG parse condition: d_sym_idx=21, kHtSig1Rel=5, d_have_ht_header=0
[EQ][DEBUG] valid flags: lltf0=1, lltf1=1, lsig=1, htsig0=1, htsig1=1
[EQ][ENTER] general_work called nin=20 nout=1024
[EQ][GATE_DETAIL] d_sym_idx=21, kHtSig1Rel=5, d_have_ht_header=0
[EQ][GATE_DETAIL] valid flags: lltf0=1 lltf1=1 lsig=1 htsig0=1 htsig1=1
[EQ][WHILE_ENTER] consumed=0, n_in=20
[EQ][WHILE_LOOP] iter consumed=0, d_sym_idx=22
[EQ][FLOW] abs=230 wifi_start=0 in_frame=1 sym_idx=22 consumed=0 produced=0
[EQ][PRE_EXTRACT] d_sym_idx=22, in_frame=1
[EQ][POST_EQUALIZE] d_sym_idx=22
[EQ][STDERR_DIRECT] Entering direct mixed-mode header detection
[EQ][IDX_CHECK] d_sym_idx=22, condition=0
[EQ][DIRECT_PATH] Entering direct mixed-mode header detection
[EQ][STDERR_BEFORE_GATE] Reached before gate check
[EQ][BEFORE_GATE] Reached before gate check
[EQ][TEST_INSERT] Added new debug output
[EQ][DEBUG_TEST] ======== DEBUG ENTRY ========
[EQ][DEBUG] Checking HT-SIG parse condition: d_sym_idx=22, kHtSig1Rel=5, d_have_ht_header=0
[EQ][DEBUG] valid flags: lltf0=1, lltf1=1, lsig=1, htsig0=1, htsig1=1
[EQ][WHILE_LOOP] iter consumed=1, d_sym_idx=23
[EQ][GATE_DETAIL] d_sym_idx=22, kHtSig1Rel=5, d_have_ht_header=0
[EQ][GATE_DETAIL] valid flags: lltf0=1 lltf1=1 lsig=1 htsig0=1 htsig1=1
[EQ][FLOW] abs=231 wifi_start=0 in_frame=1 sym_idx=23 consumed=1 produced=0
[EQ][PRE_EXTRACT] d_sym_idx=23, in_frame=1
[EQ][POST_EQUALIZE] d_sym_idx=23
[EQ][STDERR_DIRECT] Entering direct mixed-mode header detection
[EQ][IDX_CHECK] d_sym_idx=23, condition=0
[EQ][DIRECT_PATH] Entering direct mixed-mode header detection
[EQ][STDERR_BEFORE_GATE] Reached before gate check
[EQ][BEFORE_GATE] Reached before gate check
[EQ][TEST_INSERT] Added new debug output
[EQ][DEBUG_TEST] ======== DEBUG ENTRY ========
[EQ][DEBUG] Checking HT-SIG parse condition: d_sym_idx=23, kHtSig1Rel=5, d_have_ht_header=0
[EQ][DEBUG] valid flags: lltf0=1, lltf1=1, lsig=1, htsig0=1, htsig1=1
[EQ][WHILE_LOOP] iter consumed=2, d_sym_idx=24
[EQ][GATE_DETAIL] d_sym_idx=23, kHtSig1Rel=5, d_have_ht_header=0
[EQ][GATE_DETAIL] valid flags: lltf0=1 lltf1=1 lsig=1 htsig0=1 htsig1=1
[EQ][FLOW] abs=232 wifi_start=0 in_frame=1 sym_idx=24 consumed=2 produced=0
[EQ][PRE_EXTRACT] d_sym_idx=24, in_frame=1
[EQ][POST_EQUALIZE] d_sym_idx=24
[EQ][STDERR_DIRECT] Entering direct mixed-mode header detection
[EQ][IDX_CHECK] d_sym_idx=24, condition=0
[EQ][DIRECT_PATH] Entering direct mixed-mode header detection
[EQ][STDERR_BEFORE_GATE] Reached before gate check
[EQ][BEFORE_GATE] Reached before gate check
[EQ][TEST_INSERT] Added new debug output
[EQ][DEBUG_TEST] ======== DEBUG ENTRY ========
[EQ][DEBUG] Checking HT-SIG parse condition: d_sym_idx=24, kHtSig1Rel=5, d_have_ht_header=0
[EQ][DEBUG] valid flags: lltf0=1, lltf1=1, lsig=1, htsig0=1, htsig1=1
[EQ][WHILE_LOOP] iter consumed=3, d_sym_idx=25
[EQ][GATE_DETAIL] d_sym_idx=24, kHtSig1Rel=5, d_have_ht_header=0
[EQ][GATE_DETAIL] valid flags: lltf0=1 lltf1=1 lsig=1 htsig0=1 htsig1=1
[EQ][FLOW] abs=233 wifi_start=0 in_frame=1 sym_idx=25 consumed=3 produced=0
[EQ][PRE_EXTRACT] d_sym_idx=25, in_frame=1
[EQ][POST_EQUALIZE] d_sym_idx=25
[EQ][STDERR_DIRECT] Entering direct mixed-mode header detection
[EQ][IDX_CHECK] d_sym_idx=25, condition=0
[EQ][DIRECT_PATH] Entering direct mixed-mode header detection
[EQ][STDERR_BEFORE_GATE] Reached before gate check
[EQ][BEFORE_GATE] Reached before gate check
[EQ][TEST_INSERT] Added new debug output
[EQ][DEBUG_TEST] ======== DEBUG ENTRY ========
[EQ][DEBUG] Checking HT-SIG parse condition: d_sym_idx=25, kHtSig1Rel=5, d_have_ht_header=0
[EQ][DEBUG] valid flags: lltf0=1, lltf1=1, lsig=1, htsig0=1, htsig1=1
[EQ][WHILE_LOOP] iter consumed=4, d_sym_idx=26
[EQ][GATE_DETAIL] d_sym_idx=25, kHtSig1Rel=5, d_have_ht_header=0
[EQ][GATE_DETAIL] valid flags: lltf0=1 lltf1=1 lsig=1 htsig0=1 htsig1=1
[EQ][FLOW] abs=234 wifi_start=0 in_frame=1 sym_idx=26 consumed=4 produced=0
[EQ][PRE_EXTRACT] d_sym_idx=26, in_frame=1
[EQ][POST_EQUALIZE] d_sym_idx=26
[EQ][STDERR_DIRECT] Entering direct mixed-mode header detection
[EQ][IDX_CHECK] d_sym_idx=26, condition=0
[EQ][DIRECT_PATH] Entering direct mixed-mode header detection
[EQ][STDERR_BEFORE_GATE] Reached before gate check
[EQ][BEFORE_GATE] Reached before gate check
[EQ][TEST_INSERT] Added new debug output
[EQ][DEBUG_TEST] ======== DEBUG ENTRY ========
[EQ][DEBUG] Checking HT-SIG parse condition: d_sym_idx=26, kHtSig1Rel=5, d_have_ht_header=0
[EQ][DEBUG] valid flags: lltf0=1, lltf1=1, lsig=1, htsig0=1, htsig1=1
[EQ][WHILE_LOOP] iter consumed=5, d_sym_idx=27
[EQ][GATE_DETAIL] d_sym_idx=26, kHtSig1Rel=5, d_have_ht_header=0
[EQ][GATE_DETAIL] valid flags: lltf0=1 lltf1=1 lsig=1 htsig0=1 htsig1=1
[EQ][FLOW] abs=235 wifi_start=0 in_frame=1 sym_idx=27 consumed=5 produced=0
[EQ][PRE_EXTRACT] d_sym_idx=27, in_frame=1
[EQ][POST_EQUALIZE] d_sym_idx=27
[EQ][STDERR_DIRECT] Entering direct mixed-mode header detection
[EQ][IDX_CHECK] d_sym_idx=27, condition=0
[EQ][DIRECT_PATH] Entering direct mixed-mode header detection
[EQ][STDERR_BEFORE_GATE] Reached before gate check
[EQ][BEFORE_GATE] Reached before gate check
[EQ][TEST_INSERT] Added new debug output
[EQ][DEBUG_TEST] ======== DEBUG ENTRY ========
[EQ][DEBUG] Checking HT-SIG parse condition: d_sym_idx=27, kHtSig1Rel=5, d_have_ht_header=0
[EQ][DEBUG] valid flags: lltf0=1, lltf1=1, lsig=1, htsig0=1, htsig1=1
[EQ][WHILE_LOOP] iter consumed=6, d_sym_idx=28
[EQ][GATE_DETAIL] d_sym_idx=27, kHtSig1Rel=5, d_have_ht_header=0
[EQ][GATE_DETAIL] valid flags: lltf0=1 lltf1=1 lsig=1 htsig0=1 htsig1=1
[EQ][FLOW] abs=236 wifi_start=0 in_frame=1 sym_idx=28 consumed=6 produced=0
[EQ][PRE_EXTRACT] d_sym_idx=28, in_frame=1
[EQ][POST_EQUALIZE] d_sym_idx=28
[EQ][STDERR_DIRECT] Entering direct mixed-mode header detection
[EQ][IDX_CHECK] d_sym_idx=28, condition=0
[EQ][DIRECT_PATH] Entering direct mixed-mode header detection
[EQ][STDERR_BEFORE_GATE] Reached before gate check
[EQ][BEFORE_GATE] Reached before gate check
[EQ][TEST_INSERT] Added new debug output
[EQ][DEBUG_TEST] ======== DEBUG ENTRY ========
[EQ][DEBUG] Checking HT-SIG parse condition: d_sym_idx=28, kHtSig1Rel=5, d_have_ht_header=0
[EQ][DEBUG] valid flags: lltf0=1, lltf1=1, lsig=1, htsig0=1, htsig1=1
[EQ][WHILE_LOOP] iter consumed=7, d_sym_idx=29
[EQ][GATE_DETAIL] d_sym_idx=28, kHtSig1Rel=5, d_have_ht_header=0
[EQ][GATE_DETAIL] valid flags: lltf0=1 lltf1=1 lsig=1 htsig0=1 htsig1=1
[EQ][FLOW] abs=237 wifi_start=0 in_frame=1 sym_idx=29 consumed=7 produced=0
[EQ][PRE_EXTRACT] d_sym_idx=29, in_frame=1
[EQ][POST_EQUALIZE] d_sym_idx=29
[EQ][STDERR_DIRECT] Entering direct mixed-mode header detection
[EQ][IDX_CHECK] d_sym_idx=29, condition=0
[EQ][DIRECT_PATH] Entering direct mixed-mode header detection
[EQ][STDERR_BEFORE_GATE] Reached before gate check
[EQ][BEFORE_GATE] Reached before gate check
[EQ][TEST_INSERT] Added new debug output
[EQ][DEBUG_TEST] ======== DEBUG ENTRY ========
[EQ][DEBUG] Checking HT-SIG parse condition: d_sym_idx=29, kHtSig1Rel=5, d_have_ht_header=0
[EQ][DEBUG] valid flags: lltf0=1, lltf1=1, lsig=1, htsig0=1, htsig1=1
[EQ][WHILE_LOOP] iter consumed=8, d_sym_idx=30
[EQ][GATE_DETAIL] d_sym_idx=29, kHtSig1Rel=5, d_have_ht_header=0
[EQ][GATE_DETAIL] valid flags: lltf0=1 lltf1=1 lsig=1 htsig0=1 htsig1=1
[EQ][FLOW] abs=238 wifi_start=0 in_frame=1 sym_idx=30 consumed=8 produced=0
[EQ][PRE_EXTRACT] d_sym_idx=30, in_frame=1
[EQ][POST_EQUALIZE] d_sym_idx=30
[EQ][STDERR_DIRECT] Entering direct mixed-mode header detection
[EQ][IDX_CHECK] d_sym_idx=30, condition=0
[EQ][DIRECT_PATH] Entering direct mixed-mode header detection
[EQ][STDERR_BEFORE_GATE] Reached before gate check
[EQ][BEFORE_GATE] Reached before gate check
[EQ][TEST_INSERT] Added new debug output
[EQ][DEBUG_TEST] ======== DEBUG ENTRY ========
[EQ][DEBUG] Checking HT-SIG parse condition: d_sym_idx=30, kHtSig1Rel=5, d_have_ht_header=0
[EQ][DEBUG] valid flags: lltf0=1, lltf1=1, lsig=1, htsig0=1, htsig1=1
[EQ][WHILE_LOOP] iter consumed=9, d_sym_idx=31
[EQ][GATE_DETAIL] d_sym_idx=30, kHtSig1Rel=5, d_have_ht_header=0
[EQ][GATE_DETAIL] valid flags: lltf0=1 lltf1=1 lsig=1 htsig0=1 htsig1=1
[EQ][FLOW] abs=239 wifi_start=0 in_frame=1 sym_idx=31 consumed=9 produced=0
[EQ][PRE_EXTRACT] d_sym_idx=31, in_frame=1
[EQ][POST_EQUALIZE] d_sym_idx=31
[EQ][STDERR_DIRECT] Entering direct mixed-mode header detection
[EQ][IDX_CHECK] d_sym_idx=31, condition=0
[EQ][DIRECT_PATH] Entering direct mixed-mode header detection
[EQ][STDERR_BEFORE_GATE] Reached before gate check
[EQ][BEFORE_GATE] Reached before gate check
[EQ][TEST_INSERT] Added new debug output
[EQ][DEBUG_TEST] ======== DEBUG ENTRY ========
[EQ][DEBUG] Checking HT-SIG parse condition: d_sym_idx=31, kHtSig1Rel=5, d_have_ht_header=0
[EQ][DEBUG] valid flags: lltf0=1, lltf1=1, lsig=1, htsig0=1, htsig1=1
[EQ][WHILE_LOOP] iter consumed=10, d_sym_idx=32
[EQ][GATE_DETAIL] d_sym_idx=31, kHtSig1Rel=5, d_have_ht_header=0
[EQ][GATE_DETAIL] valid flags: lltf0=1 lltf1=1 lsig=1 htsig0=1 htsig1=1
[EQ][FLOW] abs=240 wifi_start=0 in_frame=1 sym_idx=32 consumed=10 produced=0
[EQ][PRE_EXTRACT] d_sym_idx=32, in_frame=1
[EQ][POST_EQUALIZE] d_sym_idx=32
[EQ][STDERR_DIRECT] Entering direct mixed-mode header detection
[EQ][IDX_CHECK] d_sym_idx=32, condition=0
[EQ][DIRECT_PATH] Entering direct mixed-mode header detection
[EQ][STDERR_BEFORE_GATE] Reached before gate check
[EQ][BEFORE_GATE] Reached before gate check
[EQ][TEST_INSERT] Added new debug output
[EQ][DEBUG_TEST] ======== DEBUG ENTRY ========
[EQ][DEBUG] Checking HT-SIG parse condition: d_sym_idx=32, kHtSig1Rel=5, d_have_ht_header=0
[EQ][DEBUG] valid flags: lltf0=1, lltf1=1, lsig=1, htsig0=1, htsig1=1
[EQ][WHILE_LOOP] iter consumed=11, d_sym_idx=33
[EQ][GATE_DETAIL] d_sym_idx=32, kHtSig1Rel=5, d_have_ht_header=0
[EQ][GATE_DETAIL] valid flags: lltf0=1 lltf1=1 lsig=1 htsig0=1 htsig1=1
[EQ][FLOW] abs=241 wifi_start=0 in_frame=1 sym_idx=33 consumed=11 produced=0
[EQ][PRE_EXTRACT] d_sym_idx=33, in_frame=1
[EQ][POST_EQUALIZE] d_sym_idx=33
[EQ][STDERR_DIRECT] Entering direct mixed-mode header detection
[EQ][IDX_CHECK] d_sym_idx=33, condition=0
[EQ][DIRECT_PATH] Entering direct mixed-mode header detection
[EQ][STDERR_BEFORE_GATE] Reached before gate check
[EQ][BEFORE_GATE] Reached before gate check
[EQ][TEST_INSERT] Added new debug output
[EQ][DEBUG_TEST] ======== DEBUG ENTRY ========
[EQ][DEBUG] Checking HT-SIG parse condition: d_sym_idx=33, kHtSig1Rel=5, d_have_ht_header=0
[EQ][DEBUG] valid flags: lltf0=1, lltf1=1, lsig=1, htsig0=1, htsig1=1
[EQ][WHILE_LOOP] iter consumed=12, d_sym_idx=34
[EQ][PRE_EXTRACT] d_sym_idx=34, in_frame=1
[EQ][POST_EQUALIZE] d_sym_idx=34
[EQ][STDERR_DIRECT] Entering direct mixed-mode header detection
[EQ][GATE_DETAIL] d_sym_idx=33, kHtSig1Rel=5, d_have_ht_header=0
[EQ][GATE_DETAIL] valid flags: lltf0=1 lltf1=1 lsig=1 htsig0=1 htsig1=1
[EQ][IDX_CHECK] d_sym_idx=34, condition=0
[EQ][DIRECT_PATH] Entering direct mixed-mode header detection
[EQ][STDERR_BEFORE_GATE] Reached before gate check
[EQ][BEFORE_GATE] Reached before gate check
[EQ][TEST_INSERT] Added new debug output
[EQ][DEBUG_TEST] ======== DEBUG ENTRY ========
[EQ][DEBUG] Checking HT-SIG parse condition: d_sym_idx=34, kHtSig1Rel=5, d_have_ht_header=0
[EQ][DEBUG] valid flags: lltf0=1, lltf1=1, lsig=1, htsig0=1, htsig1=1
[EQ][WHILE_LOOP] iter consumed=13, d_sym_idx=35
[EQ][PRE_EXTRACT] d_sym_idx=35, in_frame=1
[EQ][POST_EQUALIZE] d_sym_idx=35
[EQ][STDERR_DIRECT] Entering direct mixed-mode header detection
[EQ][GATE_DETAIL] d_sym_idx=34, kHtSig1Rel=5, d_have_ht_header=0
[EQ][GATE_DETAIL] valid flags: lltf0=1 lltf1=1 lsig=1 htsig0=1 htsig1=1
[EQ][IDX_CHECK] d_sym_idx=35, condition=0
[EQ][DIRECT_PATH] Entering direct mixed-mode header detection
[EQ][STDERR_BEFORE_GATE] Reached before gate check
[EQ][BEFORE_GATE] Reached before gate check
[EQ][TEST_INSERT] Added new debug output
[EQ][DEBUG_TEST] ======== DEBUG ENTRY ========
[EQ][DEBUG] Checking HT-SIG parse condition: d_sym_idx=35, kHtSig1Rel=5, d_have_ht_header=0
[EQ][DEBUG] valid flags: lltf0=1, lltf1=1, lsig=1, htsig0=1, htsig1=1
[EQ][WHILE_LOOP] iter consumed=14, d_sym_idx=36
[EQ][PRE_EXTRACT] d_sym_idx=36, in_frame=1
[EQ][POST_EQUALIZE] d_sym_idx=36
[EQ][STDERR_DIRECT] Entering direct mixed-mode header detection
[EQ][GATE_DETAIL] d_sym_idx=35, kHtSig1Rel=5, d_have_ht_header=0
[EQ][GATE_DETAIL] valid flags: lltf0=1 lltf1=1 lsig=1 htsig0=1 htsig1=1
[EQ][IDX_CHECK] d_sym_idx=36, condition=0
[EQ][DIRECT_PATH] Entering direct mixed-mode header detection
[EQ][STDERR_BEFORE_GATE] Reached before gate check
[EQ][BEFORE_GATE] Reached before gate check
[EQ][TEST_INSERT] Added new debug output
[EQ][DEBUG_TEST] ======== DEBUG ENTRY ========
[EQ][DEBUG] Checking HT-SIG parse condition: d_sym_idx=36, kHtSig1Rel=5, d_have_ht_header=0
[EQ][DEBUG] valid flags: lltf0=1, lltf1=1, lsig=1, htsig0=1, htsig1=1
[EQ][WHILE_LOOP] iter consumed=15, d_sym_idx=37
[EQ][PRE_EXTRACT] d_sym_idx=37, in_frame=1
[EQ][POST_EQUALIZE] d_sym_idx=37
[EQ][STDERR_DIRECT] Entering direct mixed-mode header detection
[EQ][GATE_DETAIL] d_sym_idx=36, kHtSig1Rel=5, d_have_ht_header=0
[EQ][GATE_DETAIL] valid flags: lltf0=1 lltf1=1 lsig=1 htsig0=1 htsig1=1
[EQ][IDX_CHECK] d_sym_idx=37, condition=0
[EQ][DIRECT_PATH] Entering direct mixed-mode header detection
[EQ][STDERR_BEFORE_GATE] Reached before gate check
[EQ][BEFORE_GATE] Reached before gate check
[EQ][TEST_INSERT] Added new debug output
[EQ][DEBUG_TEST] ======== DEBUG ENTRY ========
[EQ][DEBUG] Checking HT-SIG parse condition: d_sym_idx=37, kHtSig1Rel=5, d_have_ht_header=0
[EQ][DEBUG] valid flags: lltf0=1, lltf1=1, lsig=1, htsig0=1, htsig1=1
[EQ][WHILE_LOOP] iter consumed=16, d_sym_idx=38
[EQ][PRE_EXTRACT] d_sym_idx=38, in_frame=1
[EQ][POST_EQUALIZE] d_sym_idx=38
[EQ][STDERR_DIRECT] Entering direct mixed-mode header detection
[EQ][GATE_DETAIL] d_sym_idx=37, kHtSig1Rel=5, d_have_ht_header=0
[EQ][GATE_DETAIL] valid flags: lltf0=1 lltf1=1 lsig=1 htsig0=1 htsig1=1
[EQ][IDX_CHECK] d_sym_idx=38, condition=0
[EQ][DIRECT_PATH] Entering direct mixed-mode header detection
[EQ][STDERR_BEFORE_GATE] Reached before gate check
[EQ][BEFORE_GATE] Reached before gate check
[EQ][TEST_INSERT] Added new debug output
[EQ][DEBUG_TEST] ======== DEBUG ENTRY ========
[EQ][DEBUG] Checking HT-SIG parse condition: d_sym_idx=38, kHtSig1Rel=5, d_have_ht_header=0
[EQ][DEBUG] valid flags: lltf0=1, lltf1=1, lsig=1, htsig0=1, htsig1=1
[EQ][WHILE_LOOP] iter consumed=17, d_sym_idx=39
[EQ][PRE_EXTRACT] d_sym_idx=39, in_frame=1
[EQ][POST_EQUALIZE] d_sym_idx=39
[EQ][STDERR_DIRECT] Entering direct mixed-mode header detection
[EQ][GATE_DETAIL] d_sym_idx=38, kHtSig1Rel=5, d_have_ht_header=0
[EQ][GATE_DETAIL] valid flags: lltf0=1 lltf1=1 lsig=1 htsig0=1 htsig1=1
[EQ][IDX_CHECK] d_sym_idx=39, condition=0
[EQ][DIRECT_PATH] Entering direct mixed-mode header detection
[EQ][STDERR_BEFORE_GATE] Reached before gate check
[EQ][BEFORE_GATE] Reached before gate check
[EQ][TEST_INSERT] Added new debug output
[EQ][DEBUG_TEST] ======== DEBUG ENTRY ========
[EQ][DEBUG] Checking HT-SIG parse condition: d_sym_idx=39, kHtSig1Rel=5, d_have_ht_header=0
[EQ][DEBUG] valid flags: lltf0=1, lltf1=1, lsig=1, htsig0=1, htsig1=1
[EQ][WHILE_LOOP] iter consumed=18, d_sym_idx=40
[EQ][PRE_EXTRACT] d_sym_idx=40, in_frame=1
[EQ][POST_EQUALIZE] d_sym_idx=40
[EQ][STDERR_DIRECT] Entering direct mixed-mode header detection
[EQ][GATE_DETAIL] d_sym_idx=39, kHtSig1Rel=5, d_have_ht_header=0
[EQ][GATE_DETAIL] valid flags: lltf0=1 lltf1=1 lsig=1 htsig0=1 htsig1=1
[EQ][IDX_CHECK] d_sym_idx=40, condition=0
[EQ][DIRECT_PATH] Entering direct mixed-mode header detection
[EQ][STDERR_BEFORE_GATE] Reached before gate check
[EQ][BEFORE_GATE] Reached before gate check
[EQ][TEST_INSERT] Added new debug output
[EQ][DEBUG_TEST] ======== DEBUG ENTRY ========
[EQ][DEBUG] Checking HT-SIG parse condition: d_sym_idx=40, kHtSig1Rel=5, d_have_ht_header=0
[EQ][DEBUG] valid flags: lltf0=1, lltf1=1, lsig=1, htsig0=1, htsig1=1
[EQ][WHILE_LOOP] iter consumed=19, d_sym_idx=41
[EQ][PRE_EXTRACT] d_sym_idx=41, in_frame=1
[EQ][POST_EQUALIZE] d_sym_idx=41
[EQ][STDERR_DIRECT] Entering direct mixed-mode header detection
[EQ][GATE_DETAIL] d_sym_idx=40, kHtSig1Rel=5, d_have_ht_header=0
[EQ][GATE_DETAIL] valid flags: lltf0=1 lltf1=1 lsig=1 htsig0=1 htsig1=1
[EQ][IDX_CHECK] d_sym_idx=41, condition=0
[EQ][DIRECT_PATH] Entering direct mixed-mode header detection
[EQ][STDERR_BEFORE_GATE] Reached before gate check
[EQ][BEFORE_GATE] Reached before gate check
[EQ][TEST_INSERT] Added new debug output
[EQ][DEBUG_TEST] ======== DEBUG ENTRY ========
[EQ][DEBUG] Checking HT-SIG parse condition: d_sym_idx=41, kHtSig1Rel=5, d_have_ht_header=0
[EQ][DEBUG] valid flags: lltf0=1, lltf1=1, lsig=1, htsig0=1, htsig1=1
[EQ][ENTER] general_work called nin=1 nout=32
[EQ][GATE_DETAIL] d_sym_idx=41, kHtSig1Rel=5, d_have_ht_header=0
[EQ][GATE_DETAIL] valid flags: lltf0=1 lltf1=1 lsig=1 htsig0=1 htsig1=1
[EQ][WHILE_ENTER] consumed=0, n_in=1
[EQ][WHILE_LOOP] iter consumed=0, d_sym_idx=42
[EQ][FLOW] abs=250 wifi_start=0 in_frame=1 sym_idx=42 consumed=0 produced=0
[EQ][PRE_EXTRACT] d_sym_idx=42, in_frame=1
[EQ][POST_EQUALIZE] d_sym_idx=42
[EQ][STDERR_DIRECT] Entering direct mixed-mode header detection
[EQ][IDX_CHECK] d_sym_idx=42, condition=0
[EQ][DIRECT_PATH] Entering direct mixed-mode header detection
[EQ][STDERR_BEFORE_GATE] Reached before gate check
[EQ][BEFORE_GATE] Reached before gate check
[EQ][TEST_INSERT] Added new debug output
[EQ][DEBUG_TEST] ======== DEBUG ENTRY ========
[EQ][DEBUG] Checking HT-SIG parse condition: d_sym_idx=42, kHtSig1Rel=5, d_have_ht_header=0
[EQ][DEBUG] valid flags: lltf0=1, lltf1=1, lsig=1, htsig0=1, htsig1=1
[EQ][GATE_DETAIL] d_sym_idx=42, kHtSig1Rel=5, d_have_ht_header=0
[EQ][GATE_DETAIL] valid flags: lltf0=1 lltf1=1 lsig=1 htsig0=1 htsig1=1
message_debug :info: The `print_pdu` port is deprecated and will be removed; forwarding to `print`.
[MAPPER] handle_msg called***** VERBOSE PDU DEBUG PRINT ******
((encoding . 0) (crc_included . #t))

[MAPPER] meta=pdu length =         38 bytes
pdu vector contents = 
0000: 08 00 00 00 42 42 42 42 42 42 23 23 23 23 23 23 
0010: ff ((encoding . 0) (crc_included . #t))ff 
[MAPPER] meta fields: mcs=0 len=-1 psdu_len=-1
[MAPPER] using MCS=0
[MAPPER] HT mode enabled, effective MCS: 0
ff ff ff ff a0 00 78 78 78 78 78 78 78 78 
0020: 78 78 77 36 87 b5 
************************************
[TX][HTDATA0][PUNCTURED] bits52=1101001000110101100001001001001010000011101101100111
[TX][HTDATA0][INTERLEAVED] bits52=1101101101001101001100001011000101000000100111010011
[TX][HTDATA0] bits52=1101101101001101001100001011000101000000100111010011
[TX][PUNCTURED-ALL] nbits=676 first64=1101001000110101100001001001001010000011101101100111100111100010 last64=1010011011011111010011110001100101110000000011100110100011000110
[TX][INTERLEAVED-ALL] nbits=676 first64=1101101101001101001100001011000101000000100111010011111000000000 last64=0101010010111000100111001100000010010111001011101100110110110010
[TX][HTDATA0][PUNCTURED] keep existing first-frame reference /tmp/wifi_tx_punctured0_bits52.txt
[TX][HTDATA0][INTERLEAVED] keep existing first-frame reference /tmp/wifi_tx_interleaved0_bits52.txt
[TX][HTDATA0] keep existing first-frame reference /tmp/wifi_tx_data0_bits52.txt
[TX][PUNCTURED-ALL] keep existing first-frame reference /tmp/wifi_tx_punctured_all_bits.txt
[TX][INTERLEAVED-ALL] keep existing first-frame reference /tmp/wifi_tx_interleaved_all_bits.txt
[TX][PUNCTURED-ALL] updated /tmp/wifi_tx_punctured_all_bits.last.txt
[TX][INTERLEAVED-ALL] updated /tmp/wifi_tx_interleaved_all_bits.last.txt
[MAPPER] frame: ht_mode=1 psdu=38 n_sym=13 n_data_bits=338 n_encoded_bits=676 data_carriers=52 out_symbols=676
[HT-HEADER] general_work called ninput=676 noutput=32688
[TX][LSIG] raw24=110100110010000000000000
[TX][LSIG] enc48=110110001010100111001100100011011100000000000000
[TX][LSIG] intl48=110011011001000011010100011000000010011001100000
[TX][HTSIG] fields: mcs=0 len=38 bw40=0 agg=0 sgi=0 stbc=0 adv=0 nltf=0 crc=0x0d
[TX][HTSIG] raw48=000000000110010000000000000000000010110000000000
[TX][HTSIG] enc96=000000000000000000110110111100100011011100000000000000000000000000001110111001101110101100000000
[TX][HTSIG] intl96=000000111110010000000011100110000000000010011000000000011011110000000001100100000000001011101000
[TX][HTHDR][OUTBUF] lsig48=110011011001000011010100011000000010011001100000
[TX][HTHDR][OUTBUF] htsig1_48=000000111110010000000011100110000000000010011000
[TX][HTHDR][OUTBUF] htsig2_48=000000011011110000000001100100000000001011101000
[SYNC-SHORT] general_work called: noutput=2048 ninput=2256 threshold=0.010 state=1
sync_short :info: frame start at in: 22246 out: 22773
SHORT Frame!
SHORT copied 181
[SYNC-SHORT] general_work called: noutput=2048 ninput=2075 threshold=0.010 state=1
[SYNC-LONG] general_work: ninput[0]=181 ninput[1]=320 noutput=128 state=1
LONG ninput[0] 181   ninput[1] 320  noutput 128   state 1
produced : 128 consumed: 160
sync_short :info: frame start at in: 22727 out: 23254
SHORT Frame!
SHORT copied 481
[SYNC-SHORT] general_work called: noutput=1024 ninput=1594 threshold=0.010 state=1
[SYNC-LONG] general_work: ninput[0]=502 ninput[1]=341 noutput=256 state=1
LONG ninput[0] 502   ninput[1] 341  noutput 256   state 1
produced : 16 consumed: 21
[SYNC-LONG] general_work: ninput[0]=481 ninput[1]=704 noutput=256 state=1
LONG ninput[0] 481   ninput[1] 704  noutput 256   state 1
sync_short :info: frame start at in: 23208 out: 23735
[SYNC-LONG] Received wifi_start tag: freq_offset=-0.189 offset=22246 nread=22246
SHORT Frame!
LONG: ignore retrigger tag during COPY nread=SHORT copied 22246 d_count=2944481 guard=
3072 tag_offset=[EQ][ENTER] general_work called nin=2 nout=64
[EQ][WHILE_ENTER] consumed=0, n_in=2
[EQ][WHILE_LOOP] iter consumed=0, d_sym_idx=43
22246
[EQ][FLOW] abs=251 wifi_start=0 in_frame=1 sym_idx=43 consumed=0 produced=0
[EQ][PRE_EXTRACT] d_sym_idx=43, in_frame=1
[EQ][POST_EQUALIZE] d_sym_idx=43
[SYNC-SHORT] general_work called: noutput=1024 ninput=1113 threshold=0.010 state=1
[EQ][IDX_CHECK] d_sym_idx=43, condition=0
produced : 256 consumed: 315
[SYNC-LONG] general_work: ninput[0]=647 ninput[1]=967 noutput=512 state=1
LONG ninput[0] 647   ninput[1] 967  noutput 512   state 1
[EQ][STDERR_DIRECT] Entering direct mixed-mode header detection
[EQ][DIRECT_PATH] Entering direct mixed-mode header detection
[EQ][STDERR_BEFORE_GATE] Reached before gate check
produced : 128[EQ][BEFORE_GATE] Reached before gate check
 consumed: [EQ][TEST_INSERT] Added new debug output
[EQ][DEBUG_TEST] ======== DEBUG ENTRY ========
[EQ][DEBUG] Checking HT-SIG parse condition: d_sym_idx=43, kHtSig1Rel=5, d_have_ht_header=0
[EQ][DEBUG] valid flags: lltf0=1, lltf1=1, lsig=1, htsig0=1, htsig1=1
[EQ][WHILE_LOOP] iter consumed=1, d_sym_idx=44
[EQ][GATE_DETAIL] d_sym_idx=43, kHtSig1Rel=5, d_have_ht_header=0
[EQ][GATE_DETAIL] valid flags: lltf0=1 lltf1=1 lsig=1 htsig0=1 htsig1=1
166[EQ][FLOW] abs=252 wifi_start=0 in_frame=1 sym_idx=44 consumed=1 produced=0
sync_short :info: frame start at in: 23689 out: 24216
SHORT Frame!
[EQ][PRE_EXTRACT] d_sym_idx=44, in_frame=1
SHORT copied 481

[SYNC-SHORT] general_work called: noutput=512 ninput=632 threshold=0.010 state=1
[SYNC-LONG] general_work: ninput[0]=962 ninput[1]=801 noutput=512 state=1
[EQ][IDX_CHECK] d_sym_idx=44, condition=0
LONG ninput[0] 962   ninput[1] 801  noutput 512   state 1
[EQ][POST_EQUALIZE] d_sym_idx=44
[EQ][STDERR_DIRECT] Entering direct mixed-mode header detection
[EQ][DIRECT_PATH] Entering direct mixed-mode header detection
[EQ][STDERR_BEFORE_GATE] Reached before gate check
[EQ][BEFORE_GATE] Reached before gate check
[EQ][TEST_INSERT] Added new debug output
[EQ][DEBUG_TEST] ======== DEBUG ENTRY ========
[EQ][DEBUG] Checking HT-SIG parse condition: d_sym_idx=44, kHtSig1Rel=5, d_have_ht_header=0
[EQ][DEBUG] valid flags: lltf0=1, lltf1=1, lsig=1, htsig0=1, htsig1=1
[SYNC-LONG] Received wifi_start tag: freq_offset=0.006 offset=22727 nread=22727
[EQ][ENTER] general_work called nin=5 nout=256
[EQ][GATE_DETAIL] d_sym_idx=44, kHtSig1Rel=5, d_have_ht_header=0
[EQ][GATE_DETAIL] valid flags: lltf0=1 lltf1=1 lsig=1 htsig0=1 htsig1=1
produced : 0 consumed: 0
[EQ][WHILE_ENTER] consumed=0, n_in=5
[EQ][WHILE_LOOP] iter consumed=0, d_sym_idx=45
[EQ][FLOW] abs=253 wifi_start=0 in_frame=1 sym_idx=45 consumed=0 produced=0
[EQ][PRE_EXTRACT] d_sym_idx=45, in_frame=1
[EQ][IDX_CHECK] d_sym_idx=45, condition=0
sync_short :info: frame start at in: 24170 out: 24697
[EQ][POST_EQUALIZE] d_sym_idx=45
SHORT Frame!
[EQ][STDERR_DIRECT] Entering direct mixed-mode header detection
SHORT copied 481
[EQ][DIRECT_PATH] Entering direct mixed-mode header detection
[EQ][STDERR_BEFORE_GATE] Reached before gate check
[SYNC-SHORT] general_work called: noutput=128 ninput=151 threshold=0.010 state=1
SHORT copied 128
[EQ][BEFORE_GATE] Reached before gate check
[SYNC-SHORT] general_work called: noutput=4 ninput=23 threshold=0.010 state=1
[EQ][TEST_INSERT] Added new debug output
[EQ][DEBUG_TEST] ======== DEBUG ENTRY ========
[EQ][DEBUG] Checking HT-SIG parse condition: d_sym_idx=45, kHtSig1Rel=5, d_have_ht_header=0
[EQ][DEBUG] valid flags: lltf0=1, lltf1=1, lsig=1, htsig0=1, htsig1=1
[SYNC-LONG] general_work: ninput[0]=1443 ninput[1]=1282 noutput=4096 state=0
[EQ][GATE_DETAIL] d_sym_idx=45, kHtSig1Rel=5, d_have_ht_header=0
[EQ][GATE_DETAIL] valid flags: lltf0=1 lltf1=1 lsig=1 htsig0=1 htsig1=1
LONG ninput[0] 1443   ninput[1] 1282  noutput 4096   state 0
SHORT copied 4
[SYNC-LONG] Received wifi_start tag: freq_offset=0.006 offset=22727 nread=22727
[SYNC-SHORT] general_work called: noutput=2 ninput=19 threshold=0.010 state=1
SHORT copied 2
[SYNC-SHORT] general_work called: noutput=1 ninput=17 threshold=0.010 state=1
SHORT copied 1
[EQ][WHILE_LOOP] iter consumed=1, d_sym_idx=46
[EQ][FLOW] abs=254 wifi_start=0 in_frame=1 sym_idx=46 consumed=1 produced=0
[EQ][PRE_EXTRACT] d_sym_idx=46, in_frame=1
[EQ][POST_EQUALIZE] d_sym_idx=46
[EQ][STDERR_DIRECT] Entering direct mixed-mode header detection
[EQ][IDX_CHECK] d_sym_idx=46, condition=0
[EQ][DIRECT_PATH] Entering direct mixed-mode header detection
[EQ][STDERR_BEFORE_GATE] Reached before gate check
[EQ][BEFORE_GATE] Reached before gate check
[EQ][TEST_INSERT] Added new debug output
[EQ][DEBUG_TEST] ======== DEBUG ENTRY ========
[EQ][DEBUG] Checking HT-SIG parse condition: d_sym_idx=46, kHtSig1Rel=5, d_have_ht_header=0
[EQ][DEBUG] valid flags: lltf0=1, lltf1=1, lsig=1, htsig0=1, htsig1=1
[EQ][WHILE_LOOP] iter consumed=2, d_sym_idx=47
[EQ][GATE_DETAIL] d_sym_idx=46, kHtSig1Rel=5, d_have_ht_header=0
[EQ][GATE_DETAIL] valid flags: lltf0=1 lltf1=1 lsig=1 htsig0=1 htsig1=1
[EQ][FLOW] abs=255 wifi_start=0 in_frame=1 sym_idx=47 consumed=2 produced=0
[EQ][PRE_EXTRACT] d_sym_idx=47, in_frame=1
[EQ][POST_EQUALIZE] d_sym_idx=47
[EQ][STDERR_DIRECT] Entering direct mixed-mode header detection
[EQ][IDX_CHECK] d_sym_idx=47, condition=0
[EQ][DIRECT_PATH] Entering direct mixed-mode header detection
[EQ][STDERR_BEFORE_GATE] Reached before gate check
[EQ][BEFORE_GATE] Reached before gate check
[EQ][TEST_INSERT] Added new debug output
[EQ][DEBUG_TEST] ======== DEBUG ENTRY ========
[EQ][DEBUG] Checking HT-SIG parse condition: d_sym_idx=47, kHtSig1Rel=5, d_have_ht_header=0
[EQ][DEBUG] valid flags: lltf0=1, lltf1=1, lsig=1, htsig0=1, htsig1=1
[EQ][WHILE_LOOP] iter consumed=3, d_sym_idx=48
[EQ][GATE_DETAIL] d_sym_idx=47, kHtSig1Rel=5, d_have_ht_header=0
[EQ][GATE_DETAIL] valid flags: lltf0=1 lltf1=1 lsig=1 htsig0=1 htsig1=1
[EQ][FLOW] abs=256 wifi_start=0 in_frame=1 sym_idx=48 consumed=3 produced=0
[EQ][PRE_EXTRACT] d_sym_idx=48, in_frame=1
[EQ][POST_EQUALIZE] d_sym_idx=48
[EQ][STDERR_DIRECT] Entering direct mixed-mode header detection
[EQ][IDX_CHECK] d_sym_idx=48, condition=0
[EQ][DIRECT_PATH] Entering direct mixed-mode header detection
[EQ][STDERR_BEFORE_GATE] Reached before gate check
[EQ][BEFORE_GATE] Reached before gate check
[EQ][TEST_INSERT] Added new debug output
[EQ][DEBUG_TEST] ======== DEBUG ENTRY ========
[EQ][DEBUG] Checking HT-SIG parse condition: d_sym_idx=48, kHtSig1Rel=5, d_have_ht_header=0
[EQ][DEBUG] valid flags: lltf0=1, lltf1=1, lsig=1, htsig0=1, htsig1=1
[EQ][WHILE_LOOP] iter consumed=4, d_sym_idx=49
[EQ][GATE_DETAIL] d_sym_idx=48, kHtSig1Rel=5, d_have_ht_header=0
[EQ][GATE_DETAIL] valid flags: lltf0=1 lltf1=1 lsig=1 htsig0=1 htsig1=1
[EQ][FLOW] abs=257 wifi_start=0 in_frame=1 sym_idx=49 consumed=4 produced=0
[EQ][PRE_EXTRACT] d_sym_idx=49, in_frame=1
[EQ][POST_EQUALIZE] d_sym_idx=49
[EQ][STDERR_DIRECT] Entering direct mixed-mode header detection
[EQ][IDX_CHECK] d_sym_idx=49, condition=0
[EQ][DIRECT_PATH] Entering direct mixed-mode header detection
[EQ][STDERR_BEFORE_GATE] Reached before gate check
[EQ][BEFORE_GATE] Reached before gate check
[EQ][TEST_INSERT] Added new debug output
[EQ][DEBUG_TEST] ======== DEBUG ENTRY ========
[EQ][DEBUG] Checking HT-SIG parse condition: d_sym_idx=49, kHtSig1Rel=5, d_have_ht_header=0
[EQ][DEBUG] valid flags: lltf0=1, lltf1=1, lsig=1, htsig0=1, htsig1=1
[EQ][ENTER] general_work called nin=2 nout=64
[EQ][GATE_DETAIL] d_sym_idx=49, kHtSig1Rel=5, d_have_ht_header=0
[EQ][GATE_DETAIL] valid flags: lltf0=1 lltf1=1 lsig=1 htsig0=1 htsig1=1
[EQ][WHILE_ENTER] consumed=0, n_in=2
[EQ][WHILE_LOOP] iter consumed=0, d_sym_idx=50
[EQ][FLOW] abs=258 wifi_start=0 in_frame=1 sym_idx=50 consumed=0 produced=0
[EQ][PRE_EXTRACT] d_sym_idx=50, in_frame=1
[EQ][POST_EQUALIZE] d_sym_idx=50
[EQ][STDERR_DIRECT] Entering direct mixed-mode header detection
[EQ][IDX_CHECK] d_sym_idx=50, condition=0
[EQ][DIRECT_PATH] Entering direct mixed-mode header detection
[EQ][STDERR_BEFORE_GATE] Reached before gate check
[EQ][BEFORE_GATE] Reached before gate check
[EQ][TEST_INSERT] Added new debug output
[EQ][DEBUG_TEST] ======== DEBUG ENTRY ========
[EQ][DEBUG] Checking HT-SIG parse condition: d_sym_idx=50, kHtSig1Rel=5, d_have_ht_header=0
[EQ][DEBUG] valid flags: lltf0=1, lltf1=1, lsig=1, htsig0=1, htsig1=1
[EQ][WHILE_LOOP] iter consumed=1, d_sym_idx=51
[EQ][GATE_DETAIL] d_sym_idx=50, kHtSig1Rel=5, d_have_ht_header=0
[EQ][GATE_DETAIL] valid flags: lltf0=1 lltf1=1 lsig=1 htsig0=1 htsig1=1
[EQ][FLOW] abs=259 wifi_start=0 in_frame=1 sym_idx=51 consumed=1 produced=0
[EQ][PRE_EXTRACT] d_sym_idx=51, in_frame=1
[EQ][POST_EQUALIZE] d_sym_idx=51
[EQ][STDERR_DIRECT] Entering direct mixed-mode header detection
[EQ][IDX_CHECK] d_sym_idx=51, condition=0
[EQ][DIRECT_PATH] Entering direct mixed-mode header detection
[EQ][STDERR_BEFORE_GATE] Reached before gate check
[EQ][BEFORE_GATE] Reached before gate check
[EQ][TEST_INSERT] Added new debug output
[EQ][DEBUG_TEST] ======== DEBUG ENTRY ========
[EQ][DEBUG] Checking HT-SIG parse condition: d_sym_idx=51, kHtSig1Rel=5, d_have_ht_header=0
[EQ][DEBUG] valid flags: lltf0=1, lltf1=1, lsig=1, htsig0=1, htsig1=1
[EQ][GATE_DETAIL] d_sym_idx=51, kHtSig1Rel=5, d_have_ht_header=0
sync_long :info: LONG: frame start at 73
[EQ][GATE_DETAIL] valid flags: lltf0=1 lltf1=1 lsig=1 htsig0=1 htsig1=1
produced : 0 consumed: 320
[SYNC-LONG] general_work: ninput[0]=1258 ninput[1]=1578 noutput=1024 state=1
LONG ninput[0] 1258   ninput[1] 1578  noutput 1024   state 1
produced : 88 consumed: 161
[SYNC-LONG] general_work: ninput[0]=1097 ninput[1]=1417 noutput=1024 state=1
LONG ninput[0] 1097   ninput[1] 1417  noutput 1024   state 1
[SYNC-LONG] Received wifi_start tag: freq_offset=-0.153 offset=23208 nread=23208
LONG: ignore retrigger tag during COPY nread=23208 d_count=88 guard=3072 tag_offset=23208

----------------------------------------------------------------------
Tag Debug: 
Input Stream: 00
  Offset: 16640  Source: sync_long     Key: wifi_start   Value: -2.59746e-06
----------------------------------------------------------------------
produced : 873 consumed: 1097
[EQ][ENTER] general_work called nin=1 nout=32
[EQ][TAG] wifi_start at offset=260 freq_offset=-0.000003
[EQ][WHILE_ENTER] consumed=0, n_in=1
[EQ][WHILE_LOOP] iter consumed=0, d_sym_idx=52
[EQ][FLOW] abs=260 wifi_start=1 in_frame=1 sym_idx=52 consumed=0 produced=0
[EQ][FLOW] frame-takeover abs=260 allow=1
[EQ][PRE_EXTRACT] d_sym_idx=0, in_frame=1
[EXTRACT_CALL] sym_idx=0, type=OTHER
[EQ][IDX_CHECK] d_sym_idx=0, condition=1

----------------------------------------------------------------------
Tag Debug: eq_in_tagdbg
Input Stream: 00
  Offset: 260  Source: sync_long     Key: wifi_start   Value: -2.59746e-06
----------------------------------------------------------------------
[EQ][VALID_SET] d_sym_idx=0, valid=1
[EQ][SYM_IDX] sym_idx=0, type=UNKNOWN
[EQ][POST_EQUALIZE] d_sym_idx=0
[EQ][RAW_BITS] sym_idx=0 bits52=0000000000000000000000000000000000000000000000000000
[EQ][STDERR_DIRECT] Entering direct mixed-mode header detection
[EQ][DIRECT_PATH] Entering direct mixed-mode header detection
[EQ][STDERR_BEFORE_GATE] Reached before gate check
[EQ][BEFORE_GATE] Reached before gate check
[EQ][TEST_INSERT] Added new debug output
[EQ][DEBUG_TEST] ======== DEBUG ENTRY ========
[EQ][DEBUG] Checking HT-SIG parse condition: d_sym_idx=0, kHtSig1Rel=5, d_have_ht_header=0
[EQ][DEBUG] valid flags: lltf0=0, lltf1=0, lsig=0, htsig0=0, htsig1=0
[EQ][ENTER] general_work called nin=14 nout=512
[EQ][GATE_DETAIL] d_sym_idx=0, kHtSig1Rel=5, d_have_ht_header=0
[EQ][GATE_DETAIL] valid flags: lltf0=0 lltf1=0 lsig=0 htsig0=0 htsig1=0
[EQ][WHILE_ENTER] consumed=0, n_in=14
[EQ][WHILE_LOOP] iter consumed=0, d_sym_idx=1
[EQ][FLOW] abs=261 wifi_start=0 in_frame=1 sym_idx=1 consumed=0 produced=0
[EQ][PRE_EXTRACT] d_sym_idx=1, in_frame=1
[EXTRACT_CALL] sym_idx=1, type=L-LTF0
[EQ][IDX_CHECK] d_sym_idx=1, condition=1
[EQ][VALID_SET] d_sym_idx=1, valid=1
[EQ][SYM_IDX] sym_idx=1, type=L-LTF0
[EQ][POST_EQUALIZE] d_sym_idx=1
[EQ][RAW_BITS] sym_idx=1 bits52=0000000000000000000000000000000000000000000000000000
[EQ][STDERR_DIRECT] Entering direct mixed-mode header detection
[EQ][DIRECT_PATH] Entering direct mixed-mode header detection
[EQ][STDERR_BEFORE_GATE] Reached before gate check
[EQ][BEFORE_GATE] Reached before gate check
[EQ][TEST_INSERT] Added new debug output
[EQ][DEBUG_TEST] ======== DEBUG ENTRY ========
[EQ][DEBUG] Checking HT-SIG parse condition: d_sym_idx=1, kHtSig1Rel=5, d_have_ht_header=0
[EQ][DEBUG] valid flags: lltf0=1, lltf1=0, lsig=0, htsig0=0, htsig1=0
[EQ][WHILE_LOOP] iter consumed=1, d_sym_idx=2
[EQ][GATE_DETAIL] d_sym_idx=1, kHtSig1Rel=5, d_have_ht_header=0
[EQ][GATE_DETAIL] valid flags: lltf0=1 lltf1=0 lsig=0 htsig0=0 htsig1=0
[EQ][FLOW] abs=262 wifi_start=0 in_frame=1 sym_idx=2 consumed=1 produced=0
[EQ][PRE_EXTRACT] d_sym_idx=2, in_frame=1
[EXTRACT_CALL] sym_idx=2, type=L-LTF1
[EQ][IDX_CHECK] d_sym_idx=2, condition=1
[EQ][VALID_SET] d_sym_idx=2, valid=1
[EQ][SYM_IDX] sym_idx=2, type=L-LTF1
[EQ][POST_EQUALIZE] d_sym_idx=2
[EQ][RAW_BITS] sym_idx=2 bits52=0011001101100100001101010001100000001001100110000011
[EQ][STDERR_DIRECT] Entering direct mixed-mode header detection
[EQ][DIRECT_PATH] Entering direct mixed-mode header detection
[EQ][STDERR_BEFORE_GATE] Reached before gate check
[EQ][BEFORE_GATE] Reached before gate check
[EQ][TEST_INSERT] Added new debug output
[EQ][DEBUG_TEST] ======== DEBUG ENTRY ========
[EQ][DEBUG] Checking HT-SIG parse condition: d_sym_idx=2, kHtSig1Rel=5, d_have_ht_header=0
[EQ][DEBUG] valid flags: lltf0=1, lltf1=1, lsig=0, htsig0=0, htsig1=0
[EQ][WHILE_LOOP] iter consumed=2, d_sym_idx=3
[EQ][GATE_DETAIL] d_sym_idx=2, kHtSig1Rel=5, d_have_ht_header=0
[EQ][GATE_DETAIL] valid flags: lltf0=1 lltf1=1 lsig=0 htsig0=0 htsig1=0
[EQ][FLOW] abs=263 wifi_start=0 in_frame=1 sym_idx=3 consumed=2 produced=0
[EQ][PRE_EXTRACT] d_sym_idx=3, in_frame=1
[EXTRACT_CALL] sym_idx=3, type=L-SIG
[EQ][IDX_CHECK] d_sym_idx=3, condition=1
[EQ][VALID_SET] d_sym_idx=3, valid=1
[EQ][SYM_IDX] sym_idx=3, type=L-SIG
[EQ][POST_EQUALIZE] d_sym_idx=3
[EQ][RAW_BITS] sym_idx=3 bits52=0000000011111001000000001110011000000000001001100011
[EQ][STDERR_DIRECT] Entering direct mixed-mode header detection
[EQ][DIRECT_PATH] Entering direct mixed-mode header detection
[EQ][STDERR_BEFORE_GATE] Reached before gate check
[EQ][BEFORE_GATE] Reached before gate check
[EQ][GATE] sym=3 want_htsig1=5 valid={lltf0=1 lltf1=1 lsig=1 htsig0=0 htsig1=0} have_ht=0
[EQ][TEST_INSERT] Added new debug output
[EQ][DEBUG_TEST] ======== DEBUG ENTRY ========
[EQ][DEBUG] Checking HT-SIG parse condition: d_sym_idx=3, kHtSig1Rel=5, d_have_ht_header=0
[EQ][DEBUG] valid flags: lltf0=1, lltf1=1, lsig=1, htsig0=0, htsig1=0
[EQ][WHILE_LOOP] iter consumed=3, d_sym_idx=4
[EQ][GATE_DETAIL] d_sym_idx=3, kHtSig1Rel=5, d_have_ht_header=0
[EQ][GATE_DETAIL] valid flags: lltf0=1 lltf1=1 lsig=1 htsig0=0 htsig1=0
[EQ][FLOW] abs=264 wifi_start=0 in_frame=1 sym_idx=4 consumed=3 produced=0
[EQ][PRE_EXTRACT] d_sym_idx=4, in_frame=1
[EXTRACT_CALL] sym_idx=4, type=HT-SIG0
[EQ][IDX_CHECK] d_sym_idx=4, condition=1
[EQ][VALID_SET] d_sym_idx=4, valid=1
[EQ][SYM_IDX] sym_idx=4, type=HT-SIG0
[EQ][POST_EQUALIZE] d_sym_idx=4
[EQ][RAW_BITS] sym_idx=4 bits52=0100000001101111000000000110010000000000101110100011
[EQ][STDERR_DIRECT] Entering direct mixed-mode header detection
[EQ][DIRECT_PATH] Entering direct mixed-mode header detection
[EQ][STDERR_BEFORE_GATE] Reached before gate check
[EQ][BEFORE_GATE] Reached before gate check
[EQ][GATE] sym=4 want_htsig1=5 valid={lltf0=1 lltf1=1 lsig=1 htsig0=1 htsig1=0} have_ht=0
[EQ][TEST_INSERT] Added new debug output
[EQ][DEBUG_TEST] ======== DEBUG ENTRY ========
[EQ][DEBUG] Checking HT-SIG parse condition: d_sym_idx=4, kHtSig1Rel=5, d_have_ht_header=0
[EQ][DEBUG] valid flags: lltf0=1, lltf1=1, lsig=1, htsig0=1, htsig1=0
[EQ][WHILE_LOOP] iter consumed=4, d_sym_idx=5
[EQ][GATE_DETAIL] d_sym_idx=4, kHtSig1Rel=5, d_have_ht_header=0
[EQ][GATE_DETAIL] valid flags: lltf0=1 lltf1=1 lsig=1 htsig0=1 htsig1=0
[EQ][FLOW] abs=265 wifi_start=0 in_frame=1 sym_idx=5 consumed=4 produced=0
[EQ][PRE_EXTRACT] d_sym_idx=5, in_frame=1
[EXTRACT_CALL] sym_idx=5, type=HT-SIG1
[EQ][IDX_CHECK] d_sym_idx=5, condition=1
[EQ][VALID_SET] d_sym_idx=5, valid=1
[EQ][SYM_IDX] sym_idx=5, type=HT-SIG1
[EQ][POST_EQUALIZE] d_sym_idx=5
[EQ][RAW_BITS] sym_idx=5 bits52=0111001011010011010010001010110010101001011001100110
[EQ][STDERR_DIRECT] Entering direct mixed-mode header detection
[EQ][DIRECT_PATH] Entering direct mixed-mode header detection
[EQ][STDERR_BEFORE_GATE] Reached before gate check
[EQ][BEFORE_GATE] Reached before gate check
[EQ][GATE] sym=5 want_htsig1=5 valid={lltf0=1 lltf1=1 lsig=1 htsig0=1 htsig1=1} have_ht=0
[EQ][TEST_INSERT] Added new debug output
[EQ][DEBUG_TEST] ======== DEBUG ENTRY ========
[EQ][DEBUG] Checking HT-SIG parse condition: d_sym_idx=5, kHtSig1Rel=5, d_have_ht_header=0
[EQ][DEBUG] valid flags: lltf0=1, lltf1=1, lsig=1, htsig0=1, htsig1=1
[EQ][GATE_DETAIL] d_sym_idx=5, kHtSig1Rel=5, d_have_ht_header=0
[EQ][GATE_DETAIL] valid flags: lltf0=1 lltf1=1 lsig=1 htsig0=1 htsig1=1
[EQ][DEBUG_BLOCK] ENTERING HT-SIG PARSE BLOCK
[RX][LLTF-DBG] L-LTF0 valid=1, L-LTF1 valid=1
[RX][LLTF-DBG] L-LTF0 avg_mag=8.8729, L-LTF1 avg_mag=8.8685
[RX][LLTF-DBG] L-LTF0[0:3]: 8.789∠0.002 8.818∠0.000 8.921∠-3.141 8.914∠-3.140 
[RX][LLTF-DBG] L-LTF1[0:3]: 8.826∠-0.003 8.850∠-0.003 8.894∠-3.138 8.891∠-3.138 
[CHAN_EST][DEBUG] L-LTF0 average magnitude: 8.8729
[CHAN_EST][DEBUG] L-LTF1 average magnitude: 8.8685
[CHAN_EST][LLTF_COMPARE] First 20 data subcarriers:
  i=0 sc=-26: expected=1, avg=8.808+-0.005i (mag=8.808, phase=-0.001), received0=8.789+0.017i received1=8.826+-0.026i
  i=1 sc=-25: expected=1, avg=8.834+-0.010i (mag=8.834, phase=-0.001), received0=8.818+0.004i received1=8.850+-0.023i
  i=2 sc=-24: expected=-1, avg=-8.907+-0.020i (mag=8.907, phase=-3.139), received0=-8.921+-0.008i received1=-8.894+-0.032i
  i=3 sc=-23: expected=-1, avg=-8.903+-0.020i (mag=8.903, phase=-3.139), received0=-8.914+-0.010i received1=-8.891+-0.029i
  i=4 sc=-22: expected=1, avg=8.853+-0.010i (mag=8.853, phase=-0.001), received0=8.843+-0.004i received1=8.864+-0.016i
  i=5 sc=-20: expected=-1, avg=-0.019+-0.014i (mag=0.023, phase=-2.512), received0=-8.900+-0.014i received1=8.863+-0.014i
  i=6 sc=-19: expected=1, avg=-0.016+-0.015i (mag=0.022, phase=-2.396), received0=8.850+-0.006i received1=-8.882+-0.024i
  i=7 sc=-18: expected=-1, avg=-0.015+-0.013i (mag=0.019, phase=-2.415), received0=-8.899+-0.015i received1=8.870+-0.011i
  i=8 sc=-17: expected=1, avg=8.864+-0.009i (mag=8.864, phase=-0.001), received0=8.857+-0.008i received1=8.870+-0.011i
  i=9 sc=-16: expected=1, avg=-0.012+-0.015i (mag=0.019, phase=-2.251), received0=8.856+-0.008i received1=-8.881+-0.022i
  i=10 sc=-15: expected=1, avg=-0.010+-0.015i (mag=0.018, phase=-2.174), received0=8.857+-0.008i received1=-8.877+-0.022i
  i=11 sc=-14: expected=1, avg=8.866+-0.009i (mag=8.866, phase=-0.001), received0=8.859+-0.007i received1=8.872+-0.010i
  i=12 sc=-13: expected=1, avg=-0.008+-0.014i (mag=0.017, phase=-2.106), received0=8.862+-0.007i received1=-8.879+-0.021i
  i=13 sc=-12: expected=1, avg=-0.008+-0.014i (mag=0.016, phase=-2.076), received0=8.862+-0.008i received1=-8.878+-0.020i
  i=14 sc=-11: expected=-1, avg=-8.881+-0.018i (mag=8.881, phase=-3.140), received0=-8.888+-0.017i received1=-8.875+-0.019i
  i=15 sc=-10: expected=-1, avg=-8.878+-0.018i (mag=8.878, phase=-3.140), received0=-8.884+-0.018i received1=-8.873+-0.019i
  i=16 sc=-9: expected=1, avg=8.870+-0.009i (mag=8.870, phase=-0.001), received0=8.865+-0.010i received1=8.876+-0.008i
  i=17 sc=-8: expected=1, avg=8.873+-0.009i (mag=8.873, phase=-0.001), received0=8.868+-0.009i received1=8.878+-0.008i
  i=18 sc=-6: expected=1, avg=-0.002+-0.014i (mag=0.014, phase=-1.732), received0=8.867+-0.009i received1=-8.872+-0.019i
  i=19 sc=-5: expected=-1, avg=-0.002+-0.012i (mag=0.012, phase=-1.699), received0=-8.880+-0.017i received1=8.876+-0.006i
[CHAN_EST] Average channel magnitude: 4.4444
[CHAN_EST] Channel magnitude range: [0.0116, 8.9074]
[CHAN_EST] Channel phase range: [-2.396, 2.771] rad
[CHAN_EST] Zero magnitude subcarriers: 0/52
[CHAN_EST][SC0] H=8.808+-0.005i, mag=8.808, phase=-0.001
[CHAN_EST][SC1] H=8.834+-0.010i, mag=8.834, phase=-0.001
[CHAN_EST][SC2] H=8.907+0.020i, mag=8.907, phase=0.002
[CHAN_EST][SC3] H=8.903+0.020i, mag=8.903, phase=0.002
[CHAN_EST][SC4] H=8.853+-0.010i, mag=8.853, phase=-0.001
[CHAN_EST][SC5] H=0.019+0.014i, mag=0.023, phase=0.630
[CHAN_EST][SC6] H=-0.016+-0.015i, mag=0.022, phase=-2.396
[CHAN_EST][SC7] H=0.015+0.013i, mag=0.019, phase=0.727
[CHAN_EST][SC8] H=8.864+-0.009i, mag=8.864, phase=-0.001
[CHAN_EST][SC9] H=-0.012+-0.015i, mag=0.019, phase=-2.251
[EQ_HEADER] CPE estimate: -0.830 rad, rot=0.675+0.738i
[EQ_HEADER][WARNING] Weak channel at SC-20 (idx=5): H_mag=0.0232, skipping
[EQ_HEADER][WARNING] Weak channel at SC-19 (idx=6): H_mag=0.0223, skipping
[EQ_HEADER][WARNING] Weak channel at SC-18 (idx=7): H_mag=0.0195, skipping
[EQ_HEADER][WARNING] Weak channel at SC-16 (idx=9): H_mag=0.0193, skipping
[EQ_HEADER][WARNING] Weak channel at SC-15 (idx=10): H_mag=0.0182, skipping
[EQ_HEADER][WARNING] Weak channel at SC-13 (idx=12): H_mag=0.0166, skipping
[EQ_HEADER][WARNING] Weak channel at SC-12 (idx=13): H_mag=0.0161, skipping
[EQ_HEADER][WARNING] Weak channel at SC-6 (idx=18): H_mag=0.0142, skipping
[EQ_HEADER][WARNING] Weak channel at SC-5 (idx=19): H_mag=0.0120, skipping
[EQ_HEADER][WARNING] Weak channel at SC-4 (idx=20): H_mag=0.0135, skipping
[EQ_HEADER][WARNING] Weak channel at SC-2 (idx=22): H_mag=0.0136, skipping
[EQ_HEADER][WARNING] Weak channel at SC-1 (idx=23): H_mag=0.0138, skipping
[EQ_HEADER][WARNING] Weak channel at SC1 (idx=24): H_mag=0.0136, skipping
[EQ_HEADER][WARNING] Weak channel at SC2 (idx=25): H_mag=0.0116, skipping
[EQ_HEADER][WARNING] Weak channel at SC3 (idx=26): H_mag=0.0116, skipping
[EQ_HEADER][WARNING] Weak channel at SC4 (idx=27): H_mag=0.0137, skipping
[EQ_HEADER][WARNING] Weak channel at SC5 (idx=28): H_mag=0.0141, skipping
[EQ_HEADER][WARNING] Weak channel at SC9 (idx=31): H_mag=0.0142, skipping
[EQ_HEADER][WARNING] Weak channel at SC12 (idx=34): H_mag=0.0152, skipping
[EQ_HEADER][WARNING] Weak channel at SC20 (idx=42): H_mag=0.0230, skipping
[EQ_HEADER][WARNING] Weak channel at SC23 (idx=44): H_mag=0.0320, skipping
[EQ_HEADER][WARNING] Weak channel at SC24 (idx=45): H_mag=0.0363, skipping
[EQ_HEADER][WARNING] Weak channel at SC25 (idx=46): H_mag=0.0425, skipping
[EQ_HEADER][WARNING] Weak channel at SC26 (idx=47): H_mag=0.0508, skipping
[EQ_HEADER] Zero-magnitude H subcarriers: 0/48
[EQ_HEADER] Average RX magnitude: 8.8702
[EQ_HEADER] Average EQ magnitude: 0.5002
[EQ_HEADER] First 10 bits: 0000011111
[EQ_HEADER][SC0] rx=-8.867+-0.039i, eq=-0.676+-0.746i, bit=0
[EQ_HEADER][SC1] rx=-8.881+-0.031i, eq=-0.675+-0.745i, bit=0
[EQ_HEADER][SC2] rx=-8.878+-0.027i, eq=-0.672+-0.736i, bit=0
[EQ_HEADER][SC3] rx=-8.879+-0.026i, eq=-0.672+-0.737i, bit=0
[EQ_HEADER][SC4] rx=-8.880+-0.024i, eq=-0.674+-0.743i, bit=0
[EQ_HEADER] CPE estimate: -0.829 rad, rot=0.676+0.737i
[EQ_HEADER][WARNING] Weak channel at SC-20 (idx=5): H_mag=0.0232, skipping
[EQ_HEADER][WARNING] Weak channel at SC-19 (idx=6): H_mag=0.0223, skipping
[EQ_HEADER][WARNING] Weak channel at SC-18 (idx=7): H_mag=0.0195, skipping
[EQ_HEADER][WARNING] Weak channel at SC-16 (idx=9): H_mag=0.0193, skipping
[EQ_HEADER][WARNING] Weak channel at SC-15 (idx=10): H_mag=0.0182, skipping
[EQ_HEADER][WARNING] Weak channel at SC-13 (idx=12): H_mag=0.0166, skipping
[EQ_HEADER][WARNING] Weak channel at SC-12 (idx=13): H_mag=0.0161, skipping
[EQ_HEADER][WARNING] Weak channel at SC-6 (idx=18): H_mag=0.0142, skipping
[EQ_HEADER][WARNING] Weak channel at SC-5 (idx=19): H_mag=0.0120, skipping
[EQ_HEADER][WARNING] Weak channel at SC-4 (idx=20): H_mag=0.0135, skipping
[EQ_HEADER][WARNING] Weak channel at SC-2 (idx=22): H_mag=0.0136, skipping
[EQ_HEADER][WARNING] Weak channel at SC-1 (idx=23): H_mag=0.0138, skipping
[EQ_HEADER][WARNING] Weak channel at SC1 (idx=24): H_mag=0.0136, skipping
[EQ_HEADER][WARNING] Weak channel at SC2 (idx=25): H_mag=0.0116, skipping
[EQ_HEADER][WARNING] Weak channel at SC3 (idx=26): H_mag=0.0116, skipping
[EQ_HEADER][WARNING] Weak channel at SC4 (idx=27): H_mag=0.0137, skipping
[EQ_HEADER][WARNING] Weak channel at SC5 (idx=28): H_mag=0.0141, skipping
[EQ_HEADER][WARNING] Weak channel at SC9 (idx=31): H_mag=0.0142, skipping
[EQ_HEADER][WARNING] Weak channel at SC12 (idx=34): H_mag=0.0152, skipping
[EQ_HEADER][WARNING] Weak channel at SC20 (idx=42): H_mag=0.0230, skipping
[EQ_HEADER][WARNING] Weak channel at SC23 (idx=44): H_mag=0.0320, skipping
[EQ_HEADER][WARNING] Weak channel at SC24 (idx=45): H_mag=0.0363, skipping
[EQ_HEADER][WARNING] Weak channel at SC25 (idx=46): H_mag=0.0425, skipping
[EQ_HEADER][WARNING] Weak channel at SC26 (idx=47): H_mag=0.0508, skipping
[EQ_HEADER] Zero-magnitude H subcarriers: 0/48
[EQ_HEADER] Average RX magnitude: 8.8724
[EQ_HEADER] Average EQ magnitude: 0.5002
[EQ_HEADER] First 10 bits: 0000011111
[EQ_HEADER][SC0] rx=-8.860+-0.024i, eq=-0.677+-0.744i, bit=0
[EQ_HEADER][SC1] rx=-8.876+-0.021i, eq=-0.676+-0.743i, bit=0
[EQ_HEADER][SC2] rx=-8.873+-0.020i, eq=-0.673+-0.734i, bit=0
[EQ_HEADER][SC3] rx=-8.874+-0.019i, eq=-0.674+-0.735i, bit=0
[EQ_HEADER][SC4] rx=-8.876+-0.019i, eq=-0.675+-0.741i, bit=0
[EQ_HEADER] CPE estimate: -1.076 rad, rot=0.475+0.880i
[EQ_HEADER][WARNING] Weak channel at SC-20 (idx=5): H_mag=0.0232, skipping
[EQ_HEADER][WARNING] Weak channel at SC-19 (idx=6): H_mag=0.0223, skipping
[EQ_HEADER][WARNING] Weak channel at SC-18 (idx=7): H_mag=0.0195, skipping
[EQ_HEADER][WARNING] Weak channel at SC-16 (idx=9): H_mag=0.0193, skipping
[EQ_HEADER][WARNING] Weak channel at SC-15 (idx=10): H_mag=0.0182, skipping
[EQ_HEADER][WARNING] Weak channel at SC-13 (idx=12): H_mag=0.0166, skipping
[EQ_HEADER][WARNING] Weak channel at SC-12 (idx=13): H_mag=0.0161, skipping
[EQ_HEADER][WARNING] Weak channel at SC-6 (idx=18): H_mag=0.0142, skipping
[EQ_HEADER][WARNING] Weak channel at SC-5 (idx=19): H_mag=0.0120, skipping
[EQ_HEADER][WARNING] Weak channel at SC-4 (idx=20): H_mag=0.0135, skipping
[EQ_HEADER][WARNING] Weak channel at SC-2 (idx=22): H_mag=0.0136, skipping
[EQ_HEADER][WARNING] Weak channel at SC-1 (idx=23): H_mag=0.0138, skipping
[EQ_HEADER][WARNING] Weak channel at SC1 (idx=24): H_mag=0.0136, skipping
[EQ_HEADER][WARNING] Weak channel at SC2 (idx=25): H_mag=0.0116, skipping
[EQ_HEADER][WARNING] Weak channel at SC3 (idx=26): H_mag=0.0116, skipping
[EQ_HEADER][WARNING] Weak channel at SC4 (idx=27): H_mag=0.0137, skipping
[EQ_HEADER][WARNING] Weak channel at SC5 (idx=28): H_mag=0.0141, skipping
[EQ_HEADER][WARNING] Weak channel at SC9 (idx=31): H_mag=0.0142, skipping
[EQ_HEADER][WARNING] Weak channel at SC12 (idx=34): H_mag=0.0152, skipping
[EQ_HEADER][WARNING] Weak channel at SC20 (idx=42): H_mag=0.0230, skipping
[EQ_HEADER][WARNING] Weak channel at SC23 (idx=44): H_mag=0.0320, skipping
[EQ_HEADER][WARNING] Weak channel at SC24 (idx=45): H_mag=0.0363, skipping
[EQ_HEADER][WARNING] Weak channel at SC25 (idx=46): H_mag=0.0425, skipping
[EQ_HEADER][WARNING] Weak channel at SC26 (idx=47): H_mag=0.0508, skipping
[EQ_HEADER] Zero-magnitude H subcarriers: 0/48
[EQ_HEADER] Average RX magnitude: 7.5111
[EQ_HEADER] Average EQ magnitude: 0.4363
[EQ_HEADER] First 10 bits: 0000011101
[EQ_HEADER][SC0] rx=3.804+2.734i, eq=-0.068+0.527i, bit=0
[EQ_HEADER][SC1] rx=1.497+3.379i, eq=-0.257+0.330i, bit=0
[EQ_HEADER][SC2] rx=-6.216+0.012i, eq=-0.334+-0.613i, bit=0
[EQ_HEADER][SC3] rx=-2.720+-0.729i, eq=-0.074+-0.308i, bit=0
[EQ_HEADER][SC4] rx=13.046+7.732i, eq=-0.071+1.711i, bit=0
[RX][CHAN-EST] Hhdr52: avg_mag=4.4444 avg_phase=0.0000 rad phase_var=4.9265
[RX][CHAN-EST] Hhdr52[0:5]: 8.808∠-0.001 8.834∠-0.001 8.907∠0.002 8.903∠0.002 8.853∠-0.001 0.023∠0.630 
[RX][HDRDBG] rel=3 raw48=000000111110010000000011100110000000000010011000
[RX][HDRDBG] rel=3 eq48 =000001111110110000111011111110010010000010111111
[RX][HDRDBG] rel=3 deintl48=000000011010010100110110111110111011111101001011
[RX][HDRDBG] rel=3 bit-errors: raw->eq=13 eq->deintl=20
[RX][HDRDBG] rel=4 raw48=000000011011110000000001100100000000001011101000
[RX][HDRDBG] rel=4 eq48 =000001111111110000111011111110010010001011101111
[RX][HDRDBG] rel=4 deintl48=000000011010010100111110111111111110111101001011
[RX][HDRDBG] rel=4 bit-errors: raw->eq=15 eq->deintl=18
[RX][HDRDBG] rel=5 raw48=110010110100110100100010101100101010010110011001
[RX][HDRDBG] rel=5 eq48 =000001110110110100111111111110010111010010101111
[RX][HDRDBG] rel=5 deintl48=000001011011010111110110011110111010111101001111
[RX][HDRDBG] rel=5 bit-errors: raw->eq=21 eq->deintl=20
[EQ_HEADER] CPE estimate: -0.830 rad, rot=0.675+0.738i
[EQ_HEADER][WARNING] Weak channel at SC-20 (idx=5): H_mag=0.0232, skipping
[EQ_HEADER][WARNING] Weak channel at SC-19 (idx=6): H_mag=0.0223, skipping
[EQ_HEADER][WARNING] Weak channel at SC-18 (idx=7): H_mag=0.0195, skipping
[EQ_HEADER][WARNING] Weak channel at SC-16 (idx=9): H_mag=0.0193, skipping
[EQ_HEADER][WARNING] Weak channel at SC-15 (idx=10): H_mag=0.0182, skipping
[EQ_HEADER][WARNING] Weak channel at SC-13 (idx=12): H_mag=0.0166, skipping
[EQ_HEADER][WARNING] Weak channel at SC-12 (idx=13): H_mag=0.0161, skipping
[EQ_HEADER][WARNING] Weak channel at SC-6 (idx=18): H_mag=0.0142, skipping
[EQ_HEADER][WARNING] Weak channel at SC-5 (idx=19): H_mag=0.0120, skipping
[EQ_HEADER][WARNING] Weak channel at SC-4 (idx=20): H_mag=0.0135, skipping
[EQ_HEADER][WARNING] Weak channel at SC-2 (idx=22): H_mag=0.0136, skipping
[EQ_HEADER][WARNING] Weak channel at SC-1 (idx=23): H_mag=0.0138, skipping
[EQ_HEADER][WARNING] Weak channel at SC1 (idx=24): H_mag=0.0136, skipping
[EQ_HEADER][WARNING] Weak channel at SC2 (idx=25): H_mag=0.0116, skipping
[EQ_HEADER][WARNING] Weak channel at SC3 (idx=26): H_mag=0.0116, skipping
[EQ_HEADER][WARNING] Weak channel at SC4 (idx=27): H_mag=0.0137, skipping
[EQ_HEADER][WARNING] Weak channel at SC5 (idx=28): H_mag=0.0141, skipping
[EQ_HEADER][WARNING] Weak channel at SC9 (idx=31): H_mag=0.0142, skipping
[EQ_HEADER][WARNING] Weak channel at SC12 (idx=34): H_mag=0.0152, skipping
[EQ_HEADER][WARNING] Weak channel at SC20 (idx=42): H_mag=0.0230, skipping
[EQ_HEADER][WARNING] Weak channel at SC23 (idx=44): H_mag=0.0320, skipping
[EQ_HEADER][WARNING] Weak channel at SC24 (idx=45): H_mag=0.0363, skipping
[EQ_HEADER][WARNING] Weak channel at SC25 (idx=46): H_mag=0.0425, skipping
[EQ_HEADER][WARNING] Weak channel at SC26 (idx=47): H_mag=0.0508, skipping
[EQ_HEADER] Zero-magnitude H subcarriers: 0/48
[EQ_HEADER] Average RX magnitude: 8.8702
[EQ_HEADER] Average EQ magnitude: 0.5002
[EQ_HEADER] First 10 bits: 0000011111
[EQ_HEADER][SC0] rx=-8.867+-0.039i, eq=-0.676+-0.746i, bit=0
[EQ_HEADER][SC1] rx=-8.881+-0.031i, eq=-0.675+-0.745i, bit=0
[EQ_HEADER][SC2] rx=-8.878+-0.027i, eq=-0.672+-0.736i, bit=0
[EQ_HEADER][SC3] rx=-8.879+-0.026i, eq=-0.672+-0.737i, bit=0
[EQ_HEADER][SC4] rx=-8.880+-0.024i, eq=-0.674+-0.743i, bit=0
[EQ_HEADER] CPE estimate: -0.830 rad, rot=0.675+0.738i
[EQ_HEADER][WARNING] Weak channel at SC-20 (idx=5): H_mag=0.0232, skipping
[EQ_HEADER][WARNING] Weak channel at SC-19 (idx=6): H_mag=0.0223, skipping
[EQ_HEADER][WARNING] Weak channel at SC-18 (idx=7): H_mag=0.0195, skipping
[EQ_HEADER][WARNING] Weak channel at SC-16 (idx=9): H_mag=0.0193, skipping
[EQ_HEADER][WARNING] Weak channel at SC-15 (idx=10): H_mag=0.0182, skipping
[EQ_HEADER][WARNING] Weak channel at SC-13 (idx=12): H_mag=0.0166, skipping
[EQ_HEADER][WARNING] Weak channel at SC-12 (idx=13): H_mag=0.0161, skipping
[EQ_HEADER][WARNING] Weak channel at SC-6 (idx=18): H_mag=0.0142, skipping
[EQ_HEADER][WARNING] Weak channel at SC-5 (idx=19): H_mag=0.0120, skipping
[EQ_HEADER][WARNING] Weak channel at SC-4 (idx=20): H_mag=0.0135, skipping
[EQ_HEADER][WARNING] Weak channel at SC-2 (idx=22): H_mag=0.0136, skipping
[EQ_HEADER][WARNING] Weak channel at SC-1 (idx=23): H_mag=0.0138, skipping
[EQ_HEADER][WARNING] Weak channel at SC1 (idx=24): H_mag=0.0136, skipping
[EQ_HEADER][WARNING] Weak channel at SC2 (idx=25): H_mag=0.0116, skipping
[EQ_HEADER][WARNING] Weak channel at SC3 (idx=26): H_mag=0.0116, skipping
[EQ_HEADER][WARNING] Weak channel at SC4 (idx=27): H_mag=0.0137, skipping
[EQ_HEADER][WARNING] Weak channel at SC5 (idx=28): H_mag=0.0141, skipping
[EQ_HEADER][WARNING] Weak channel at SC9 (idx=31): H_mag=0.0142, skipping
[EQ_HEADER][WARNING] Weak channel at SC12 (idx=34): H_mag=0.0152, skipping
[EQ_HEADER][WARNING] Weak channel at SC20 (idx=42): H_mag=0.0230, skipping
[EQ_HEADER][WARNING] Weak channel at SC23 (idx=44): H_mag=0.0320, skipping
[EQ_HEADER][WARNING] Weak channel at SC24 (idx=45): H_mag=0.0363, skipping
[EQ_HEADER][WARNING] Weak channel at SC25 (idx=46): H_mag=0.0425, skipping
[EQ_HEADER][WARNING] Weak channel at SC26 (idx=47): H_mag=0.0508, skipping
[EQ_HEADER] Zero-magnitude H subcarriers: 0/48
[EQ_HEADER] Average RX magnitude: 8.8702
[EQ_HEADER] Average EQ magnitude: 0.5002
[EQ_HEADER] First 10 bits: 0000011111
[EQ_HEADER][SC0] rx=-8.867+-0.039i, eq=-0.676+-0.746i, bit=0
[EQ_HEADER][SC1] rx=-8.881+-0.031i, eq=-0.675+-0.745i, bit=0
[EQ_HEADER][SC2] rx=-8.878+-0.027i, eq=-0.672+-0.736i, bit=0
[EQ_HEADER][SC3] rx=-8.879+-0.026i, eq=-0.672+-0.737i, bit=0
[EQ_HEADER][SC4] rx=-8.880+-0.024i, eq=-0.674+-0.743i, bit=0
[EQ_HEADER] CPE estimate: -0.829 rad, rot=0.676+0.737i
[EQ_HEADER][WARNING] Weak channel at SC-20 (idx=5): H_mag=0.0232, skipping
[EQ_HEADER][WARNING] Weak channel at SC-19 (idx=6): H_mag=0.0223, skipping
[EQ_HEADER][WARNING] Weak channel at SC-18 (idx=7): H_mag=0.0195, skipping
[EQ_HEADER][WARNING] Weak channel at SC-16 (idx=9): H_mag=0.0193, skipping
[EQ_HEADER][WARNING] Weak channel at SC-15 (idx=10): H_mag=0.0182, skipping
[EQ_HEADER][WARNING] Weak channel at SC-13 (idx=12): H_mag=0.0166, skipping
[EQ_HEADER][WARNING] Weak channel at SC-12 (idx=13): H_mag=0.0161, skipping
[EQ_HEADER][WARNING] Weak channel at SC-6 (idx=18): H_mag=0.0142, skipping
[EQ_HEADER][WARNING] Weak channel at SC-5 (idx=19): H_mag=0.0120, skipping
[EQ_HEADER][WARNING] Weak channel at SC-4 (idx=20): H_mag=0.0135, skipping
[EQ_HEADER][WARNING] Weak channel at SC-2 (idx=22): H_mag=0.0136, skipping
[EQ_HEADER][WARNING] Weak channel at SC-1 (idx=23): H_mag=0.0138, skipping
[EQ_HEADER][WARNING] Weak channel at SC1 (idx=24): H_mag=0.0136, skipping
[EQ_HEADER][WARNING] Weak channel at SC2 (idx=25): H_mag=0.0116, skipping
[EQ_HEADER][WARNING] Weak channel at SC3 (idx=26): H_mag=0.0116, skipping
[EQ_HEADER][WARNING] Weak channel at SC4 (idx=27): H_mag=0.0137, skipping
[EQ_HEADER][WARNING] Weak channel at SC5 (idx=28): H_mag=0.0141, skipping
[EQ_HEADER][WARNING] Weak channel at SC9 (idx=31): H_mag=0.0142, skipping
[EQ_HEADER][WARNING] Weak channel at SC12 (idx=34): H_mag=0.0152, skipping
[EQ_HEADER][WARNING] Weak channel at SC20 (idx=42): H_mag=0.0230, skipping
[EQ_HEADER][WARNING] Weak channel at SC23 (idx=44): H_mag=0.0320, skipping
[EQ_HEADER][WARNING] Weak channel at SC24 (idx=45): H_mag=0.0363, skipping
[EQ_HEADER][WARNING] Weak channel at SC25 (idx=46): H_mag=0.0425, skipping
[EQ_HEADER][WARNING] Weak channel at SC26 (idx=47): H_mag=0.0508, skipping
[EQ_HEADER] Zero-magnitude H subcarriers: 0/48
[EQ_HEADER] Average RX magnitude: 8.8724
[EQ_HEADER] Average EQ magnitude: 0.5002
[EQ_HEADER] First 10 bits: 0000011111
[EQ_HEADER][SC0] rx=-8.860+-0.024i, eq=-0.677+-0.744i, bit=0
[EQ_HEADER][SC1] rx=-8.876+-0.021i, eq=-0.676+-0.743i, bit=0
[EQ_HEADER][SC2] rx=-8.873+-0.020i, eq=-0.673+-0.734i, bit=0
[EQ_HEADER][SC3] rx=-8.874+-0.019i, eq=-0.674+-0.735i, bit=0
[EQ_HEADER][SC4] rx=-8.876+-0.019i, eq=-0.675+-0.741i, bit=0
[EQ_HEADER] CPE estimate: -1.076 rad, rot=0.475+0.880i
[EQ_HEADER][WARNING] Weak channel at SC-20 (idx=5): H_mag=0.0232, skipping
[EQ_HEADER][WARNING] Weak channel at SC-19 (idx=6): H_mag=0.0223, skipping
[EQ_HEADER][WARNING] Weak channel at SC-18 (idx=7): H_mag=0.0195, skipping
[EQ_HEADER][WARNING] Weak channel at SC-16 (idx=9): H_mag=0.0193, skipping
[EQ_HEADER][WARNING] Weak channel at SC-15 (idx=10): H_mag=0.0182, skipping
[EQ_HEADER][WARNING] Weak channel at SC-13 (idx=12): H_mag=0.0166, skipping
[EQ_HEADER][WARNING] Weak channel at SC-12 (idx=13): H_mag=0.0161, skipping
[EQ_HEADER][WARNING] Weak channel at SC-6 (idx=18): H_mag=0.0142, skipping
[EQ_HEADER][WARNING] Weak channel at SC-5 (idx=19): H_mag=0.0120, skipping
[EQ_HEADER][WARNING] Weak channel at SC-4 (idx=20): H_mag=0.0135, skipping
[EQ_HEADER][WARNING] Weak channel at SC-2 (idx=22): H_mag=0.0136, skipping
[EQ_HEADER][WARNING] Weak channel at SC-1 (idx=23): H_mag=0.0138, skipping
[EQ_HEADER][WARNING] Weak channel at SC1 (idx=24): H_mag=0.0136, skipping
[EQ_HEADER][WARNING] Weak channel at SC2 (idx=25): H_mag=0.0116, skipping
[EQ_HEADER][WARNING] Weak channel at SC3 (idx=26): H_mag=0.0116, skipping
[EQ_HEADER][WARNING] Weak channel at SC4 (idx=27): H_mag=0.0137, skipping
[EQ_HEADER][WARNING] Weak channel at SC5 (idx=28): H_mag=0.0141, skipping
[EQ_HEADER][WARNING] Weak channel at SC9 (idx=31): H_mag=0.0142, skipping
[EQ_HEADER][WARNING] Weak channel at SC12 (idx=34): H_mag=0.0152, skipping
[EQ_HEADER][WARNING] Weak channel at SC20 (idx=42): H_mag=0.0230, skipping
[EQ_HEADER][WARNING] Weak channel at SC23 (idx=44): H_mag=0.0320, skipping
[EQ_HEADER][WARNING] Weak channel at SC24 (idx=45): H_mag=0.0363, skipping
[EQ_HEADER][WARNING] Weak channel at SC25 (idx=46): H_mag=0.0425, skipping
[EQ_HEADER][WARNING] Weak channel at SC26 (idx=47): H_mag=0.0508, skipping
[EQ_HEADER] Zero-magnitude H subcarriers: 0/48
[EQ_HEADER] Average RX magnitude: 7.5111
[EQ_HEADER] Average EQ magnitude: 0.4363
[EQ_HEADER] First 10 bits: 0000011101
[EQ_HEADER][SC0] rx=3.804+2.734i, eq=-0.068+0.527i, bit=0
[EQ_HEADER][SC1] rx=1.497+3.379i, eq=-0.257+0.330i, bit=0
[EQ_HEADER][SC2] rx=-6.216+0.012i, eq=-0.334+-0.613i, bit=0
[EQ_HEADER][SC3] rx=-2.720+-0.729i, eq=-0.074+-0.308i, bit=0
[EQ_HEADER][SC4] rx=13.046+7.732i, eq=-0.071+1.711i, bit=0
[PARSE_HT_SIG] CRC: received=0xc2, calculated=0xdf
[PARSE_HT_SIG] CRC mismatch
[EQ_HEADER] CPE estimate: -0.829 rad, rot=0.676+0.737i
[EQ_HEADER][WARNING] Weak channel at SC-20 (idx=5): H_mag=0.0232, skipping
[EQ_HEADER][WARNING] Weak channel at SC-19 (idx=6): H_mag=0.0223, skipping
[EQ_HEADER][WARNING] Weak channel at SC-18 (idx=7): H_mag=0.0195, skipping
[EQ_HEADER][WARNING] Weak channel at SC-16 (idx=9): H_mag=0.0193, skipping
[EQ_HEADER][WARNING] Weak channel at SC-15 (idx=10): H_mag=0.0182, skipping
[EQ_HEADER][WARNING] Weak channel at SC-13 (idx=12): H_mag=0.0166, skipping
[EQ_HEADER][WARNING] Weak channel at SC-12 (idx=13): H_mag=0.0161, skipping
[EQ_HEADER][WARNING] Weak channel at SC-6 (idx=18): H_mag=0.0142, skipping
[EQ_HEADER][WARNING] Weak channel at SC-5 (idx=19): H_mag=0.0120, skipping
[EQ_HEADER][WARNING] Weak channel at SC-4 (idx=20): H_mag=0.0135, skipping
[EQ_HEADER][WARNING] Weak channel at SC-2 (idx=22): H_mag=0.0136, skipping
[EQ_HEADER][WARNING] Weak channel at SC-1 (idx=23): H_mag=0.0138, skipping
[EQ_HEADER][WARNING] Weak channel at SC1 (idx=24): H_mag=0.0136, skipping
[EQ_HEADER][WARNING] Weak channel at SC2 (idx=25): H_mag=0.0116, skipping
[EQ_HEADER][WARNING] Weak channel at SC3 (idx=26): H_mag=0.0116, skipping
[EQ_HEADER][WARNING] Weak channel at SC4 (idx=27): H_mag=0.0137, skipping
[EQ_HEADER][WARNING] Weak channel at SC5 (idx=28): H_mag=0.0141, skipping
[EQ_HEADER][WARNING] Weak channel at SC9 (idx=31): H_mag=0.0142, skipping
[EQ_HEADER][WARNING] Weak channel at SC12 (idx=34): H_mag=0.0152, skipping
[EQ_HEADER][WARNING] Weak channel at SC20 (idx=42): H_mag=0.0230, skipping
[EQ_HEADER][WARNING] Weak channel at SC23 (idx=44): H_mag=0.0320, skipping
[EQ_HEADER][WARNING] Weak channel at SC24 (idx=45): H_mag=0.0363, skipping
[EQ_HEADER][WARNING] Weak channel at SC25 (idx=46): H_mag=0.0425, skipping
[EQ_HEADER][WARNING] Weak channel at SC26 (idx=47): H_mag=0.0508, skipping
[EQ_HEADER] Zero-magnitude H subcarriers: 0/48
[EQ_HEADER] Average RX magnitude: 8.8724
[EQ_HEADER] Average EQ magnitude: 0.5002
[EQ_HEADER] First 10 bits: 0000011111
[EQ_HEADER][SC0] rx=-8.860+-0.024i, eq=-0.677+-0.744i, bit=0
[EQ_HEADER][SC1] rx=-8.876+-0.021i, eq=-0.676+-0.743i, bit=0
[EQ_HEADER][SC2] rx=-8.873+-0.020i, eq=-0.673+-0.734i, bit=0
[EQ_HEADER][SC3] rx=-8.874+-0.019i, eq=-0.674+-0.735i, bit=0
[EQ_HEADER][SC4] rx=-8.876+-0.019i, eq=-0.675+-0.741i, bit=0
[EQ_HEADER] CPE estimate: -1.076 rad, rot=0.475+0.880i
[EQ_HEADER][WARNING] Weak channel at SC-20 (idx=5): H_mag=0.0232, skipping
[EQ_HEADER][WARNING] Weak channel at SC-19 (idx=6): H_mag=0.0223, skipping
[EQ_HEADER][WARNING] Weak channel at SC-18 (idx=7): H_mag=0.0195, skipping
[EQ_HEADER][WARNING] Weak channel at SC-16 (idx=9): H_mag=0.0193, skipping
[EQ_HEADER][WARNING] Weak channel at SC-15 (idx=10): H_mag=0.0182, skipping
[EQ_HEADER][WARNING] Weak channel at SC-13 (idx=12): H_mag=0.0166, skipping
[EQ_HEADER][WARNING] Weak channel at SC-12 (idx=13): H_mag=0.0161, skipping
[EQ_HEADER][WARNING] Weak channel at SC-6 (idx=18): H_mag=0.0142, skipping
[EQ_HEADER][WARNING] Weak channel at SC-5 (idx=19): H_mag=0.0120, skipping
[EQ_HEADER][WARNING] Weak channel at SC-4 (idx=20): H_mag=0.0135, skipping
[EQ_HEADER][WARNING] Weak channel at SC-2 (idx=22): H_mag=0.0136, skipping
[EQ_HEADER][WARNING] Weak channel at SC-1 (idx=23): H_mag=0.0138, skipping
[EQ_HEADER][WARNING] Weak channel at SC1 (idx=24): H_mag=0.0136, skipping
[EQ_HEADER][WARNING] Weak channel at SC2 (idx=25): H_mag=0.0116, skipping
[EQ_HEADER][WARNING] Weak channel at SC3 (idx=26): H_mag=0.0116, skipping
[EQ_HEADER][WARNING] Weak channel at SC4 (idx=27): H_mag=0.0137, skipping
[EQ_HEADER][WARNING] Weak channel at SC5 (idx=28): H_mag=0.0141, skipping
[EQ_HEADER][WARNING] Weak channel at SC9 (idx=31): H_mag=0.0142, skipping
[EQ_HEADER][WARNING] Weak channel at SC12 (idx=34): H_mag=0.0152, skipping
[EQ_HEADER][WARNING] Weak channel at SC20 (idx=42): H_mag=0.0230, skipping
[EQ_HEADER][WARNING] Weak channel at SC23 (idx=44): H_mag=0.0320, skipping
[EQ_HEADER][WARNING] Weak channel at SC24 (idx=45): H_mag=0.0363, skipping
[EQ_HEADER][WARNING] Weak channel at SC25 (idx=46): H_mag=0.0425, skipping
[EQ_HEADER][WARNING] Weak channel at SC26 (idx=47): H_mag=0.0508, skipping
[EQ_HEADER] Zero-magnitude H subcarriers: 0/48
[EQ_HEADER] Average RX magnitude: 7.5111
[EQ_HEADER] Average EQ magnitude: 0.4363
[EQ_HEADER] First 10 bits: 0000011101
[EQ_HEADER][SC0] rx=3.804+2.734i, eq=-0.068+0.527i, bit=0
[EQ_HEADER][SC1] rx=1.497+3.379i, eq=-0.257+0.330i, bit=0
[EQ_HEADER][SC2] rx=-6.216+0.012i, eq=-0.334+-0.613i, bit=0
[EQ_HEADER][SC3] rx=-2.720+-0.729i, eq=-0.074+-0.308i, bit=0
[EQ_HEADER][SC4] rx=13.046+7.732i, eq=-0.071+1.711i, bit=0
[PARSE_HT_SIG] CRC: received=0x3d, calculated=0x2a
[PARSE_HT_SIG] CRC mismatch
[EQ_HEADER] CPE estimate: -0.829 rad, rot=0.676+0.737i
[EQ_HEADER][WARNING] Weak channel at SC-20 (idx=5): H_mag=0.0232, skipping
[EQ_HEADER][WARNING] Weak channel at SC-19 (idx=6): H_mag=0.0223, skipping
[EQ_HEADER][WARNING] Weak channel at SC-18 (idx=7): H_mag=0.0195, skipping
[EQ_HEADER][WARNING] Weak channel at SC-16 (idx=9): H_mag=0.0193, skipping
[EQ_HEADER][WARNING] Weak channel at SC-15 (idx=10): H_mag=0.0182, skipping
[EQ_HEADER][WARNING] Weak channel at SC-13 (idx=12): H_mag=0.0166, skipping
[EQ_HEADER][WARNING] Weak channel at SC-12 (idx=13): H_mag=0.0161, skipping
[EQ_HEADER][WARNING] Weak channel at SC-6 (idx=18): H_mag=0.0142, skipping
[EQ_HEADER][WARNING] Weak channel at SC-5 (idx=19): H_mag=0.0120, skipping
[EQ_HEADER][WARNING] Weak channel at SC-4 (idx=20): H_mag=0.0135, skipping
[EQ_HEADER][WARNING] Weak channel at SC-2 (idx=22): H_mag=0.0136, skipping
[EQ_HEADER][WARNING] Weak channel at SC-1 (idx=23): H_mag=0.0138, skipping
[EQ_HEADER][WARNING] Weak channel at SC1 (idx=24): H_mag=0.0136, skipping
[EQ_HEADER][WARNING] Weak channel at SC2 (idx=25): H_mag=0.0116, skipping
[EQ_HEADER][WARNING] Weak channel at SC3 (idx=26): H_mag=0.0116, skipping
[EQ_HEADER][WARNING] Weak channel at SC4 (idx=27): H_mag=0.0137, skipping
[EQ_HEADER][WARNING] Weak channel at SC5 (idx=28): H_mag=0.0141, skipping
[EQ_HEADER][WARNING] Weak channel at SC9 (idx=31): H_mag=0.0142, skipping
[EQ_HEADER][WARNING] Weak channel at SC12 (idx=34): H_mag=0.0152, skipping
[EQ_HEADER][WARNING] Weak channel at SC20 (idx=42): H_mag=0.0230, skipping
[EQ_HEADER][WARNING] Weak channel at SC23 (idx=44): H_mag=0.0320, skipping
[EQ_HEADER][WARNING] Weak channel at SC24 (idx=45): H_mag=0.0363, skipping
[EQ_HEADER][WARNING] Weak channel at SC25 (idx=46): H_mag=0.0425, skipping
[EQ_HEADER][WARNING] Weak channel at SC26 (idx=47): H_mag=0.0508, skipping
[EQ_HEADER] Zero-magnitude H subcarriers: 0/48
[EQ_HEADER] Average RX magnitude: 8.8724
[EQ_HEADER] Average EQ magnitude: 0.5002
[EQ_HEADER] First 10 bits: 0000011111
[EQ_HEADER][SC0] rx=-8.860+-0.024i, eq=-0.677+-0.744i, bit=0
[EQ_HEADER][SC1] rx=-8.876+-0.021i, eq=-0.676+-0.743i, bit=0
[EQ_HEADER][SC2] rx=-8.873+-0.020i, eq=-0.673+-0.734i, bit=0
[EQ_HEADER][SC3] rx=-8.874+-0.019i, eq=-0.674+-0.735i, bit=0
[EQ_HEADER][SC4] rx=-8.876+-0.019i, eq=-0.675+-0.741i, bit=0
[EQ_HEADER] CPE estimate: -1.076 rad, rot=0.475+0.880i
[EQ_HEADER][WARNING] Weak channel at SC-20 (idx=5): H_mag=0.0232, skipping
[EQ_HEADER][WARNING] Weak channel at SC-19 (idx=6): H_mag=0.0223, skipping
[EQ_HEADER][WARNING] Weak channel at SC-18 (idx=7): H_mag=0.0195, skipping
[EQ_HEADER][WARNING] Weak channel at SC-16 (idx=9): H_mag=0.0193, skipping
[EQ_HEADER][WARNING] Weak channel at SC-15 (idx=10): H_mag=0.0182, skipping
[EQ_HEADER][WARNING] Weak channel at SC-13 (idx=12): H_mag=0.0166, skipping
[EQ_HEADER][WARNING] Weak channel at SC-12 (idx=13): H_mag=0.0161, skipping
[EQ_HEADER][WARNING] Weak channel at SC-6 (idx=18): H_mag=0.0142, skipping
[EQ_HEADER][WARNING] Weak channel at SC-5 (idx=19): H_mag=0.0120, skipping
[EQ_HEADER][WARNING] Weak channel at SC-4 (idx=20): H_mag=0.0135, skipping
[EQ_HEADER][WARNING] Weak channel at SC-2 (idx=22): H_mag=0.0136, skipping
[EQ_HEADER][WARNING] Weak channel at SC-1 (idx=23): H_mag=0.0138, skipping
[EQ_HEADER][WARNING] Weak channel at SC1 (idx=24): H_mag=0.0136, skipping
[EQ_HEADER][WARNING] Weak channel at SC2 (idx=25): H_mag=0.0116, skipping
[EQ_HEADER][WARNING] Weak channel at SC3 (idx=26): H_mag=0.0116, skipping
[EQ_HEADER][WARNING] Weak channel at SC4 (idx=27): H_mag=0.0137, skipping
[EQ_HEADER][WARNING] Weak channel at SC5 (idx=28): H_mag=0.0141, skipping
[EQ_HEADER][WARNING] Weak channel at SC9 (idx=31): H_mag=0.0142, skipping
[EQ_HEADER][WARNING] Weak channel at SC12 (idx=34): H_mag=0.0152, skipping
[EQ_HEADER][WARNING] Weak channel at SC20 (idx=42): H_mag=0.0230, skipping
[EQ_HEADER][WARNING] Weak channel at SC23 (idx=44): H_mag=0.0320, skipping
[EQ_HEADER][WARNING] Weak channel at SC24 (idx=45): H_mag=0.0363, skipping
[EQ_HEADER][WARNING] Weak channel at SC25 (idx=46): H_mag=0.0425, skipping
[EQ_HEADER][WARNING] Weak channel at SC26 (idx=47): H_mag=0.0508, skipping
[EQ_HEADER] Zero-magnitude H subcarriers: 0/48
[EQ_HEADER] Average RX magnitude: 7.5111
[EQ_HEADER] Average EQ magnitude: 0.4363
[EQ_HEADER] First 10 bits: 0000011101
[EQ_HEADER][SC0] rx=3.804+2.734i, eq=-0.068+0.527i, bit=0
[EQ_HEADER][SC1] rx=1.497+3.379i, eq=-0.257+0.330i, bit=0
[EQ_HEADER][SC2] rx=-6.216+0.012i, eq=-0.334+-0.613i, bit=0
[EQ_HEADER][SC3] rx=-2.720+-0.729i, eq=-0.074+-0.308i, bit=0
[EQ_HEADER][SC4] rx=13.046+7.732i, eq=-0.071+1.711i, bit=0
[PARSE_HT_SIG] CRC: received=0xb9, calculated=0xd4
[PARSE_HT_SIG] CRC mismatch
[EQ_HEADER] CPE estimate: -0.829 rad, rot=0.676+0.737i
[EQ_HEADER][WARNING] Weak channel at SC-20 (idx=5): H_mag=0.0232, skipping
[EQ_HEADER][WARNING] Weak channel at SC-19 (idx=6): H_mag=0.0223, skipping
[EQ_HEADER][WARNING] Weak channel at SC-18 (idx=7): H_mag=0.0195, skipping
[EQ_HEADER][WARNING] Weak channel at SC-16 (idx=9): H_mag=0.0193, skipping
[EQ_HEADER][WARNING] Weak channel at SC-15 (idx=10): H_mag=0.0182, skipping
[EQ_HEADER][WARNING] Weak channel at SC-13 (idx=12): H_mag=0.0166, skipping
[EQ_HEADER][WARNING] Weak channel at SC-12 (idx=13): H_mag=0.0161, skipping
[EQ_HEADER][WARNING] Weak channel at SC-6 (idx=18): H_mag=0.0142, skipping
[EQ_HEADER][WARNING] Weak channel at SC-5 (idx=19): H_mag=0.0120, skipping
[EQ_HEADER][WARNING] Weak channel at SC-4 (idx=20): H_mag=0.0135, skipping
[EQ_HEADER][WARNING] Weak channel at SC-2 (idx=22): H_mag=0.0136, skipping
[EQ_HEADER][WARNING] Weak channel at SC-1 (idx=23): H_mag=0.0138, skipping
[EQ_HEADER][WARNING] Weak channel at SC1 (idx=24): H_mag=0.0136, skipping
[EQ_HEADER][WARNING] Weak channel at SC2 (idx=25): H_mag=0.0116, skipping
[EQ_HEADER][WARNING] Weak channel at SC3 (idx=26): H_mag=0.0116, skipping
[EQ_HEADER][WARNING] Weak channel at SC4 (idx=27): H_mag=0.0137, skipping
[EQ_HEADER][WARNING] Weak channel at SC5 (idx=28): H_mag=0.0141, skipping
[EQ_HEADER][WARNING] Weak channel at SC9 (idx=31): H_mag=0.0142, skipping
[EQ_HEADER][WARNING] Weak channel at SC12 (idx=34): H_mag=0.0152, skipping
[EQ_HEADER][WARNING] Weak channel at SC20 (idx=42): H_mag=0.0230, skipping
[EQ_HEADER][WARNING] Weak channel at SC23 (idx=44): H_mag=0.0320, skipping
[EQ_HEADER][WARNING] Weak channel at SC24 (idx=45): H_mag=0.0363, skipping
[EQ_HEADER][WARNING] Weak channel at SC25 (idx=46): H_mag=0.0425, skipping
[EQ_HEADER][WARNING] Weak channel at SC26 (idx=47): H_mag=0.0508, skipping
[EQ_HEADER] Zero-magnitude H subcarriers: 0/48
[EQ_HEADER] Average RX magnitude: 8.8724
[EQ_HEADER] Average EQ magnitude: 0.5002
[EQ_HEADER] First 10 bits: 0000011111
[EQ_HEADER][SC0] rx=-8.860+-0.024i, eq=-0.677+-0.744i, bit=0
[EQ_HEADER][SC1] rx=-8.876+-0.021i, eq=-0.676+-0.743i, bit=0
[EQ_HEADER][SC2] rx=-8.873+-0.020i, eq=-0.673+-0.734i, bit=0
[EQ_HEADER][SC3] rx=-8.874+-0.019i, eq=-0.674+-0.735i, bit=0
[EQ_HEADER][SC4] rx=-8.876+-0.019i, eq=-0.675+-0.741i, bit=0
[EQ_HEADER] CPE estimate: -1.076 rad, rot=0.475+0.880i
[EQ_HEADER][WARNING] Weak channel at SC-20 (idx=5): H_mag=0.0232, skipping
[EQ_HEADER][WARNING] Weak channel at SC-19 (idx=6): H_mag=0.0223, skipping
[EQ_HEADER][WARNING] Weak channel at SC-18 (idx=7): H_mag=0.0195, skipping
[EQ_HEADER][WARNING] Weak channel at SC-16 (idx=9): H_mag=0.0193, skipping
[EQ_HEADER][WARNING] Weak channel at SC-15 (idx=10): H_mag=0.0182, skipping
[EQ_HEADER][WARNING] Weak channel at SC-13 (idx=12): H_mag=0.0166, skipping
[EQ_HEADER][WARNING] Weak channel at SC-12 (idx=13): H_mag=0.0161, skipping
[EQ_HEADER][WARNING] Weak channel at SC-6 (idx=18): H_mag=0.0142, skipping
[EQ_HEADER][WARNING] Weak channel at SC-5 (idx=19): H_mag=0.0120, skipping
[EQ_HEADER][WARNING] Weak channel at SC-4 (idx=20): H_mag=0.0135, skipping
[EQ_HEADER][WARNING] Weak channel at SC-2 (idx=22): H_mag=0.0136, skipping
[EQ_HEADER][WARNING] Weak channel at SC-1 (idx=23): H_mag=0.0138, skipping
[EQ_HEADER][WARNING] Weak channel at SC1 (idx=24): H_mag=0.0136, skipping
[EQ_HEADER][WARNING] Weak channel at SC2 (idx=25): H_mag=0.0116, skipping
[EQ_HEADER][WARNING] Weak channel at SC3 (idx=26): H_mag=0.0116, skipping
[EQ_HEADER][WARNING] Weak channel at SC4 (idx=27): H_mag=0.0137, skipping
[EQ_HEADER][WARNING] Weak channel at SC5 (idx=28): H_mag=0.0141, skipping
[EQ_HEADER][WARNING] Weak channel at SC9 (idx=31): H_mag=0.0142, skipping
[EQ_HEADER][WARNING] Weak channel at SC12 (idx=34): H_mag=0.0152, skipping
[EQ_HEADER][WARNING] Weak channel at SC20 (idx=42): H_mag=0.0230, skipping
[EQ_HEADER][WARNING] Weak channel at SC23 (idx=44): H_mag=0.0320, skipping
[EQ_HEADER][WARNING] Weak channel at SC24 (idx=45): H_mag=0.0363, skipping
[EQ_HEADER][WARNING] Weak channel at SC25 (idx=46): H_mag=0.0425, skipping
[EQ_HEADER][WARNING] Weak channel at SC26 (idx=47): H_mag=0.0508, skipping
[EQ_HEADER] Zero-magnitude H subcarriers: 0/48
[EQ_HEADER] Average RX magnitude: 7.5111
[EQ_HEADER] Average EQ magnitude: 0.4363
[EQ_HEADER] First 10 bits: 0000011101
[EQ_HEADER][SC0] rx=3.804+2.734i, eq=-0.068+0.527i, bit=0
[EQ_HEADER][SC1] rx=1.497+3.379i, eq=-0.257+0.330i, bit=0
[EQ_HEADER][SC2] rx=-6.216+0.012i, eq=-0.334+-0.613i, bit=0
[EQ_HEADER][SC3] rx=-2.720+-0.729i, eq=-0.074+-0.308i, bit=0
[EQ_HEADER][SC4] rx=13.046+7.732i, eq=-0.071+1.711i, bit=0
[PARSE_HT_SIG] CRC: received=0x3d, calculated=0x20
[PARSE_HT_SIG] CRC mismatch
[EQ][HT-SIG][DEBUG] L-SIG bits (48): 000000001111100100000000111001100000000000100110
[EQ][HT-SIG][DEBUG] HT-SIG0 bits (48): 010000000110111100000000011001000000000010111010
[EQ][HT-SIG][DEBUG] HT-SIG1 bits (48): 011100101101001101001000101011001010100101100110
[EQ][HT-SIG] parse failed: lsig=3 htsig=4/5
[EQ][WHILE_LOOP] iter consumed=5, d_sym_idx=6
[EQ][FLOW] abs=266 wifi_start=0 in_frame=1 sym_idx=6 consumed=5 produced=0
[EQ][PRE_EXTRACT] d_sym_idx=6, in_frame=1
[EXTRACT_CALL] sym_idx=6, type=OTHER
[EQ][IDX_CHECK] d_sym_idx=6, condition=1
[EQ][VALID_SET] d_sym_idx=6, valid=1
[EQ][SYM_IDX] sym_idx=6, type=UNKNOWN
[EQ][POST_EQUALIZE] d_sym_idx=6
[EQ][RAW_BITS] sym_idx=6 bits52=0000110010000001111111100011010101001110100000000001
[EQ][STDERR_DIRECT] Entering direct mixed-mode header detection
[EQ][DIRECT_PATH] Entering direct mixed-mode header detection
[EQ][STDERR_BEFORE_GATE] Reached before gate check
[EQ][BEFORE_GATE] Reached before gate check
[EQ][GATE] sym=6 want_htsig1=5 valid={lltf0=1 lltf1=1 lsig=1 htsig0=1 htsig1=1} have_ht=0
[EQ][TEST_INSERT] Added new debug output
[EQ][DEBUG_TEST] ======== DEBUG ENTRY ========
[EQ][DEBUG] Checking HT-SIG parse condition: d_sym_idx=6, kHtSig1Rel=5, d_have_ht_header=0
[EQ][DEBUG] valid flags: lltf0=1, lltf1=1, lsig=1, htsig0=1, htsig1=1
[EQ][WHILE_LOOP] iter consumed=6, d_sym_idx=7
[EQ][GATE_DETAIL] d_sym_idx=6, kHtSig1Rel=5, d_have_ht_header=0
[EQ][GATE_DETAIL] valid flags: lltf0=1 lltf1=1 lsig=1 htsig0=1 htsig1=1
[EQ][FLOW] abs=267 wifi_start=0 in_frame=1 sym_idx=7 consumed=6 produced=0
[EQ][PRE_EXTRACT] d_sym_idx=7, in_frame=1
[EXTRACT_CALL] sym_idx=7, type=OTHER
[EQ][IDX_CHECK] d_sym_idx=7, condition=1
[EQ][VALID_SET] d_sym_idx=7, valid=1
[EQ][SYM_IDX] sym_idx=7, type=UNKNOWN
[EQ][POST_EQUALIZE] d_sym_idx=7
[EQ][RAW_BITS] sym_idx=7 bits52=0000000000000000000000001000001000100100000000000000
[EQ][STDERR_DIRECT] Entering direct mixed-mode header detection
[EQ][DIRECT_PATH] Entering direct mixed-mode header detection
[EQ][STDERR_BEFORE_GATE] Reached before gate check
[EQ][BEFORE_GATE] Reached before gate check
[EQ][TEST_INSERT] Added new debug output
[EQ][DEBUG_TEST] ======== DEBUG ENTRY ========
[EQ][DEBUG] Checking HT-SIG parse condition: d_sym_idx=7, kHtSig1Rel=5, d_have_ht_header=0
[EQ][DEBUG] valid flags: lltf0=1, lltf1=1, lsig=1, htsig0=1, htsig1=1
[EQ][WHILE_LOOP] iter consumed=7, d_sym_idx=8
[EQ][GATE_DETAIL] d_sym_idx=7, kHtSig1Rel=5, d_have_ht_header=0
[EQ][GATE_DETAIL] valid flags: lltf0=1 lltf1=1 lsig=1 htsig0=1 htsig1=1
[EQ][FLOW] abs=268 wifi_start=0 in_frame=1 sym_idx=8 consumed=7 produced=0
[EQ][PRE_EXTRACT] d_sym_idx=8, in_frame=1
[EQ][POST_EQUALIZE] d_sym_idx=8
[EQ][STDERR_DIRECT] Entering direct mixed-mode header detection
[EQ][IDX_CHECK] d_sym_idx=8, condition=0
[EQ][DIRECT_PATH] Entering direct mixed-mode header detection
[EQ][STDERR_BEFORE_GATE] Reached before gate check
[EQ][BEFORE_GATE] Reached before gate check
[EQ][TEST_INSERT] Added new debug output
[EQ][DEBUG_TEST] ======== DEBUG ENTRY ========
[EQ][DEBUG] Checking HT-SIG parse condition: d_sym_idx=8, kHtSig1Rel=5, d_have_ht_header=0
[EQ][DEBUG] valid flags: lltf0=1, lltf1=1, lsig=1, htsig0=1, htsig1=1
[EQ][WHILE_LOOP] iter consumed=8, d_sym_idx=9
[EQ][GATE_DETAIL] d_sym_idx=8, kHtSig1Rel=5, d_have_ht_header=0
[EQ][GATE_DETAIL] valid flags: lltf0=1 lltf1=1 lsig=1 htsig0=1 htsig1=1
[EQ][FLOW] abs=269 wifi_start=0 in_frame=1 sym_idx=9 consumed=8 produced=0
[EQ][PRE_EXTRACT] d_sym_idx=9, in_frame=1
[EQ][POST_EQUALIZE] d_sym_idx=9
[EQ][STDERR_DIRECT] Entering direct mixed-mode header detection
[EQ][IDX_CHECK] d_sym_idx=9, condition=0
[EQ][DIRECT_PATH] Entering direct mixed-mode header detection
[EQ][STDERR_BEFORE_GATE] Reached before gate check
[EQ][BEFORE_GATE] Reached before gate check
[EQ][TEST_INSERT] Added new debug output
[EQ][DEBUG_TEST] ======== DEBUG ENTRY ========
[EQ][DEBUG] Checking HT-SIG parse condition: d_sym_idx=9, kHtSig1Rel=5, d_have_ht_header=0
[EQ][DEBUG] valid flags: lltf0=1, lltf1=1, lsig=1, htsig0=1, htsig1=1
[EQ][WHILE_LOOP] iter consumed=9, d_sym_idx=10
[EQ][GATE_DETAIL] d_sym_idx=9, kHtSig1Rel=5, d_have_ht_header=0
[EQ][GATE_DETAIL] valid flags: lltf0=1 lltf1=1 lsig=1 htsig0=1 htsig1=1
[EQ][FLOW] abs=270 wifi_start=0 in_frame=1 sym_idx=10 consumed=9 produced=0
[EQ][PRE_EXTRACT] d_sym_idx=10, in_frame=1
[EQ][POST_EQUALIZE] d_sym_idx=10
[EQ][STDERR_DIRECT] Entering direct mixed-mode header detection
[EQ][IDX_CHECK] d_sym_idx=10, condition=0
[EQ][DIRECT_PATH] Entering direct mixed-mode header detection
[EQ][STDERR_BEFORE_GATE] Reached before gate check
[EQ][BEFORE_GATE] Reached before gate check
[EQ][TEST_INSERT] Added new debug output
[EQ][DEBUG_TEST] ======== DEBUG ENTRY ========
[EQ][DEBUG] Checking HT-SIG parse condition: d_sym_idx=10, kHtSig1Rel=5, d_have_ht_header=0
[EQ][DEBUG] valid flags: lltf0=1, lltf1=1, lsig=1, htsig0=1, htsig1=1
[EQ][WHILE_LOOP] iter consumed=10, d_sym_idx=11
[EQ][GATE_DETAIL] d_sym_idx=10, kHtSig1Rel=5, d_have_ht_header=0
[EQ][GATE_DETAIL] valid flags: lltf0=1 lltf1=1 lsig=1 htsig0=1 htsig1=1
[EQ][FLOW] abs=271 wifi_start=0 in_frame=1 sym_idx=11 consumed=10 produced=0
[EQ][PRE_EXTRACT] d_sym_idx=11, in_frame=1
[EQ][POST_EQUALIZE] d_sym_idx=11
[EQ][STDERR_DIRECT] Entering direct mixed-mode header detection
[EQ][IDX_CHECK] d_sym_idx=11, condition=0
[EQ][DIRECT_PATH] Entering direct mixed-mode header detection
[EQ][STDERR_BEFORE_GATE] Reached before gate check
[EQ][BEFORE_GATE] Reached before gate check
[EQ][TEST_INSERT] Added new debug output
[EQ][DEBUG_TEST] ======== DEBUG ENTRY ========
[EQ][DEBUG] Checking HT-SIG parse condition: d_sym_idx=11, kHtSig1Rel=5, d_have_ht_header=0
[EQ][DEBUG] valid flags: lltf0=1, lltf1=1, lsig=1, htsig0=1, htsig1=1
[EQ][WHILE_LOOP] iter consumed=11, d_sym_idx=12
[EQ][GATE_DETAIL] d_sym_idx=11, kHtSig1Rel=5, d_have_ht_header=0
[EQ][GATE_DETAIL] valid flags: lltf0=1 lltf1=1 lsig=1 htsig0=1 htsig1=1
[EQ][FLOW] abs=272 wifi_start=0 in_frame=1 sym_idx=12 consumed=11 produced=0
[EQ][PRE_EXTRACT] d_sym_idx=12, in_frame=1
[EQ][POST_EQUALIZE] d_sym_idx=12
[EQ][STDERR_DIRECT] Entering direct mixed-mode header detection
[EQ][IDX_CHECK] d_sym_idx=12, condition=0
[EQ][DIRECT_PATH] Entering direct mixed-mode header detection
[EQ][STDERR_BEFORE_GATE] Reached before gate check
[EQ][BEFORE_GATE] Reached before gate check
[EQ][TEST_INSERT] Added new debug output
[EQ][DEBUG_TEST] ======== DEBUG ENTRY ========
[EQ][DEBUG] Checking HT-SIG parse condition: d_sym_idx=12, kHtSig1Rel=5, d_have_ht_header=0
[EQ][DEBUG] valid flags: lltf0=1, lltf1=1, lsig=1, htsig0=1, htsig1=1
[EQ][WHILE_LOOP] iter consumed=12, d_sym_idx=13
[EQ][PRE_EXTRACT] d_sym_idx=13, in_frame=1
[EQ][POST_EQUALIZE] d_sym_idx=13
[EQ][STDERR_DIRECT] Entering direct mixed-mode header detection
[EQ][GATE_DETAIL] d_sym_idx=12, kHtSig1Rel=5, d_have_ht_header=0
[EQ][GATE_DETAIL] valid flags: lltf0=1 lltf1=1 lsig=1 htsig0=1 htsig1=1
[EQ][IDX_CHECK] d_sym_idx=13, condition=0
[EQ][DIRECT_PATH] Entering direct mixed-mode header detection
[EQ][STDERR_BEFORE_GATE] Reached before gate check
[EQ][BEFORE_GATE] Reached before gate check
[EQ][TEST_INSERT] Added new debug output
[EQ][DEBUG_TEST] ======== DEBUG ENTRY ========
[EQ][DEBUG] Checking HT-SIG parse condition: d_sym_idx=13, kHtSig1Rel=5, d_have_ht_header=0
[EQ][DEBUG] valid flags: lltf0=1, lltf1=1, lsig=1, htsig0=1, htsig1=1
[EQ][WHILE_LOOP] iter consumed=13, d_sym_idx=14
[EQ][PRE_EXTRACT] d_sym_idx=14, in_frame=1
[EQ][POST_EQUALIZE] d_sym_idx=14
[EQ][STDERR_DIRECT] Entering direct mixed-mode header detection
[EQ][GATE_DETAIL] d_sym_idx=13, kHtSig1Rel=5, d_have_ht_header=0
[EQ][GATE_DETAIL] valid flags: lltf0=1 lltf1=1 lsig=1 htsig0=1 htsig1=1
[EQ][IDX_CHECK] d_sym_idx=14, condition=0
[EQ][DIRECT_PATH] Entering direct mixed-mode header detection
[EQ][STDERR_BEFORE_GATE] Reached before gate check
[EQ][BEFORE_GATE] Reached before gate check
[EQ][TEST_INSERT] Added new debug output
[EQ][DEBUG_TEST] ======== DEBUG ENTRY ========
[EQ][DEBUG] Checking HT-SIG parse condition: d_sym_idx=14, kHtSig1Rel=5, d_have_ht_header=0
[EQ][DEBUG] valid flags: lltf0=1, lltf1=1, lsig=1, htsig0=1, htsig1=1
[EQ][GATE_DETAIL] d_sym_idx=14, kHtSig1Rel=5, d_have_ht_header=0
[EQ][GATE_DETAIL] valid flags: lltf0=1 lltf1=1 lsig=1 htsig0=1 htsig1=1
message_debug :info: The `print_pdu` port is deprecated and will be removed; forwarding to `print`.
[MAPPER] handle_msg called
***** VERBOSE PDU DEBUG PRINT ******
((encoding . 0) (crc_included . #t))
pdu length =         38 bytes
pdu vector contents = 
0000: 08 00 00 00 42 42 42 42 42 42 23 23 23 23 23 23 [MAPPER] meta=
0010: ff ff ff ff ff ff b0 00 78 78 78 78 78 78 78 78 
0020: 78 78 8b db 9f b9 
************************************
((encoding . 0) (crc_included . #t))
[MAPPER] meta fields: mcs=0 len=-1 psdu_len=-1
[MAPPER] using MCS=0
[MAPPER] HT mode enabled, effective MCS: 0
[TX][HTDATA0][PUNCTURED] bits52=1110101110101100100111100010110001010111100110010000
[TX][HTDATA0][INTERLEAVED] bits52=1111100110100110100100011100111011010110100000101010
[TX][HTDATA0] bits52=1111100110100110100100011100111011010110100000101010
[TX][PUNCTURED-ALL] nbits=676 first64=1110101110101100100111100010110001010111100110010000011000100000 last64=1000000111100101010011001101011101111011111001010010000110101011
[TX][INTERLEAVED-ALL] nbits=676 first64=1111100110100110100100011100111011010110100000101010011111101111 last64=0001100110100110101001101010011111010100001111001111010001011011
[TX][HTDATA0][PUNCTURED] keep existing first-frame reference /tmp/wifi_tx_punctured0_bits52.txt
[TX][HTDATA0][INTERLEAVED] keep existing first-frame reference /tmp/wifi_tx_interleaved0_bits52.txt
[TX][HTDATA0] keep existing first-frame reference /tmp/wifi_tx_data0_bits52.txt
[TX][PUNCTURED-ALL] keep existing first-frame reference /tmp/wifi_tx_punctured_all_bits.txt
[TX][INTERLEAVED-ALL] keep existing first-frame reference /tmp/wifi_tx_interleaved_all_bits.txt
[TX][PUNCTURED-ALL] updated /tmp/wifi_tx_punctured_all_bits.last.txt
[TX][INTERLEAVED-ALL] updated /tmp/wifi_tx_interleaved_all_bits.last.txt
[MAPPER] frame: ht_mode=1 psdu=38 n_sym=13 n_data_bits=338 n_encoded_bits=676 data_carriers=52 out_symbols=676
[HT-HEADER] general_work called ninput=676 noutput=32688
[TX][LSIG] raw24=110100110010000000000000
[TX][LSIG] enc48=110110001010100111001100100011011100000000000000
[TX][LSIG] intl48=110011011001000011010100011000000010011001100000
[TX][HTSIG] fields: mcs=0 len=38 bw40=0 agg=0 sgi=0 stbc=0 adv=0 nltf=0 crc=0x0d
[TX][HTSIG] raw48=000000000110010000000000000000000010110000000000
[TX][HTSIG] enc96=000000000000000000110110111100100011011100000000000000000000000000001110111001101110101100000000
[TX][HTSIG] intl96=000000111110010000000011100110000000000010011000000000011011110000000001100100000000001011101000
[TX][HTHDR][OUTBUF] lsig48=110011011001000011010100011000000010011001100000
[TX][HTHDR][OUTBUF] htsig1_48=000000111110010000000011100110000000000010011000
[TX][HTHDR][OUTBUF] htsig2_48=000000011011110000000001100100000000001011101000
[SYNC-SHORT] general_work called: noutput=2048 ninput=2288 threshold=0.010 state=1
sync_short :info: frame start at in: 24871 out: 25398
SHORT Frame!
SHORT copied 566
[SYNC-SHORT] general_work called: noutput=1024 ninput=1722 threshold=0.010 state=1
sync_short :info: frame start at in: 25352 out: 25879
SHORT Frame!
SHORT copied 481
[SYNC-LONG] general_work: ninput[0]=566 ninput[1]=886 noutput=512 state=1
LONG ninput[0] 566   ninput[1] 886  noutput 512   state 1
[SYNC-SHORT] general_work called: noutput=1024 ninput=1241 threshold=0.010 state=1
produced : 454 consumed: 566
[SYNC-LONG] general_work: ninput[0]=481 ninput[1]=801 noutput=256 state=1
LONG ninput[0] 481   ninput[1] 801  noutput 256   state 1
[SYNC-LONG] Received wifi_start tag: freq_offset=-0.029 offset=24871 nread=24871
LONG: ignore retrigger tag during COPY nread=24871 d_count=1415 guard=3072 tag_offset=24871
sync_short :info: frame start at in: 25833 out: 26360
SHORT Frame!
SHORT copied 481
[SYNC-SHORT] general_work called: noutput=512 ninput=760 threshold=0.010 state=1
produced : 256 consumed: 320
[SYNC-LONG] general_work: ninput[0]=642 ninput[1]=481 noutput=256 state=1
LONG ninput[0] 642   ninput[1] 481  noutput 256   state 1
produced : 129 consumed: 161
sync_short :info: frame start at in: 26314 out: 26841
SHORT Frame!
SHORT copied 481
[EQ][ENTER] general_work called nin=7 nout=256
[EQ][WHILE_ENTER] consumed=0, n_in=7
[EQ][WHILE_LOOP] iter consumed=0, d_sym_idx=15
[EQ][FLOW] abs=275 wifi_start=0 in_frame=1 sym_idx=15 consumed=0 produced=0
[SYNC-LONG] general_work: ninput[0]=962 ninput[1]=1185 noutput=512 state=1
[SYNC-SHORT] general_work called: noutput=256 ninput=279 threshold=0.010 state=1
LONG ninput[0] 962   ninput[1] 1185  noutput 512   state 1
[SYNC-LONG] Received wifi_start tag: freq_offset=0.009 offset=25352 nread=25352
LONG: ignore retrigger tag during COPY nread=25352 d_count=1800 guard=3072 tag_offset=25352
[EQ][PRE_EXTRACT] d_sym_idx=15, in_frame=1
[EQ][POST_EQUALIZE] d_sym_idx=15
[EQ][STDERR_DIRECT] Entering direct mixed-mode header detection
[EQ][IDX_CHECK] d_sym_idx=15, condition=0
SHORT copied 256
[EQ][DIRECT_PATH] Entering direct mixed-mode header detection
[EQ][STDERR_BEFORE_GATE] Reached before gate check
[EQ][BEFORE_GATE] Reached before gate check
[SYNC-SHORT] general_work called: noutput=4 ninput=23 threshold=0.010 state=1
[EQ][TEST_INSERT] Added new debug output
[EQ][DEBUG_TEST] ======== DEBUG ENTRY ========
[EQ][DEBUG] Checking HT-SIG parse condition: d_sym_idx=15, kHtSig1Rel=5, d_have_ht_header=0
[EQ][DEBUG] valid flags: lltf0=1, lltf1=1, lsig=1, htsig0=1, htsig1=1
[EQ][WHILE_LOOP] iter consumed=1, d_sym_idx=16
SHORT copied [EQ][GATE_DETAIL] d_sym_idx=15, kHtSig1Rel=5, d_have_ht_header=0
4[EQ][GATE_DETAIL] valid flags: lltf0=1 lltf1=1 lsig=1 htsig0=1 htsig1=1

[SYNC-SHORT] general_work called: noutput=2 ninput=19 threshold=0.010 state=1
SHORT copied 2
produced : 512 consumed: 640
[SYNC-SHORT] general_work called: noutput=1 ninput=17 threshold=0.010 state=1
SHORT copied 1
[EQ][FLOW] abs=276 wifi_start=0 in_frame=1 sym_idx=16 consumed=1 produced=0
[EQ][PRE_EXTRACT] d_sym_idx=16, in_frame=1
[EQ][POST_EQUALIZE] d_sym_idx=16
[EQ][STDERR_DIRECT] Entering direct mixed-mode header detection
[EQ][IDX_CHECK] d_sym_idx=16, condition=0
[EQ][DIRECT_PATH] Entering direct mixed-mode header detection
[EQ][STDERR_BEFORE_GATE] Reached before gate check
[EQ][BEFORE_GATE] Reached before gate check
[EQ][TEST_INSERT] Added new debug output
[EQ][DEBUG_TEST] ======== DEBUG ENTRY ========
[EQ][DEBUG] Checking HT-SIG parse condition: d_sym_idx=16, kHtSig1Rel=5, d_have_ht_header=0
[EQ][DEBUG] valid flags: lltf0=1, lltf1=1, lsig=1, htsig0=1, htsig1=1
[SYNC-LONG] general_work: ninput[0]=585 ninput[1]=905 noutput=512 state=1
[EQ][GATE_DETAIL] d_sym_idx=16, kHtSig1Rel=5, d_have_ht_header=0
[EQ][GATE_DETAIL] valid flags: lltf0=1 lltf1=1 lsig=1 htsig0=1 htsig1=1
LONG ninput[0] 585   ninput[1] 905  noutput 512   state 1
[EQ][WHILE_LOOP] iter consumed=2, d_sym_idx=17
[EQ][FLOW] abs=277 wifi_start=0 in_frame=1 sym_idx=17 consumed=2 produced=0
[EQ][PRE_EXTRACT] d_sym_idx=17, in_frame=1
[EQ][POST_EQUALIZE] d_sym_idx=17
[EQ][STDERR_DIRECT] Entering direct mixed-mode header detection
[EQ][IDX_CHECK] d_sym_idx=17, condition=0
produced : 258 consumed: 322
[SYNC-LONG] general_work: ninput[0]=263 ninput[1]=583 noutput=256 state=1
LONG ninput[0] 263   ninput[1] 583  noutput 256   state 1
[SYNC-LONG] Received wifi_start tag: freq_offset=-0.151 offset=26314 nread=26314
LONG: ignore retrigger tag during COPY nread=26314 d_count=2570 guard=3072 tag_offset=26314
[EQ][DIRECT_PATH] Entering direct mixed-mode header detection
[EQ][STDERR_BEFORE_GATE] Reached before gate check
[EQ][BEFORE_GATE] Reached before gate check
[EQ][TEST_INSERT] Added new debug output
[EQ][DEBUG_TEST] ======== DEBUG ENTRY ========
[EQ][DEBUG] Checking HT-SIG parse condition: d_sym_idx=17, kHtSig1Rel=5, d_have_ht_header=0
[EQ][DEBUG] valid flags: lltf0=1, lltf1=1, lsig=1, htsig0=1, htsig1=1
[EQ][WHILE_LOOP] iter consumed=3, d_sym_idx=18
[EQ][GATE_DETAIL] d_sym_idx=17, kHtSig1Rel=5, d_have_ht_header=0
[EQ][GATE_DETAIL] valid flags: lltf0=1 lltf1=1 lsig=1 htsig0=1 htsig1=1
produced : 215 consumed: 263
[EQ][FLOW] abs=278 wifi_start=0 in_frame=1 sym_idx=18 consumed=3 produced=0
[EQ][PRE_EXTRACT] d_sym_idx=18, in_frame=1
[EQ][POST_EQUALIZE] d_sym_idx=18
[EQ][STDERR_DIRECT] Entering direct mixed-mode header detection
[EQ][IDX_CHECK] d_sym_idx=18, condition=0
[EQ][DIRECT_PATH] Entering direct mixed-mode header detection
[EQ][STDERR_BEFORE_GATE] Reached before gate check
[EQ][BEFORE_GATE] Reached before gate check
[EQ][TEST_INSERT] Added new debug output
[EQ][DEBUG_TEST] ======== DEBUG ENTRY ========
[EQ][DEBUG] Checking HT-SIG parse condition: d_sym_idx=18, kHtSig1Rel=5, d_have_ht_header=0
[EQ][DEBUG] valid flags: lltf0=1, lltf1=1, lsig=1, htsig0=1, htsig1=1
[EQ][WHILE_LOOP] iter consumed=4, d_sym_idx=19
[EQ][GATE_DETAIL] d_sym_idx=18, kHtSig1Rel=5, d_have_ht_header=0
[EQ][GATE_DETAIL] valid flags: lltf0=1 lltf1=1 lsig=1 htsig0=1 htsig1=1
[EQ][FLOW] abs=279 wifi_start=0 in_frame=1 sym_idx=19 consumed=4 produced=0
[EQ][PRE_EXTRACT] d_sym_idx=19, in_frame=1
[EQ][POST_EQUALIZE] d_sym_idx=19
[EQ][STDERR_DIRECT] Entering direct mixed-mode header detection
[EQ][IDX_CHECK] d_sym_idx=19, condition=0
[EQ][DIRECT_PATH] Entering direct mixed-mode header detection
[EQ][STDERR_BEFORE_GATE] Reached before gate check
[EQ][BEFORE_GATE] Reached before gate check
[EQ][TEST_INSERT] Added new debug output
[EQ][DEBUG_TEST] ======== DEBUG ENTRY ========
[EQ][DEBUG] Checking HT-SIG parse condition: d_sym_idx=19, kHtSig1Rel=5, d_have_ht_header=0
[EQ][DEBUG] valid flags: lltf0=1, lltf1=1, lsig=1, htsig0=1, htsig1=1
[EQ][WHILE_LOOP] iter consumed=5, d_sym_idx=20
[EQ][GATE_DETAIL] d_sym_idx=19, kHtSig1Rel=5, d_have_ht_header=0
[EQ][GATE_DETAIL] valid flags: lltf0=1 lltf1=1 lsig=1 htsig0=1 htsig1=1
[EQ][FLOW] abs=280 wifi_start=0 in_frame=1 sym_idx=20 consumed=5 produced=0
[EQ][PRE_EXTRACT] d_sym_idx=20, in_frame=1
[EQ][POST_EQUALIZE] d_sym_idx=20
[EQ][STDERR_DIRECT] Entering direct mixed-mode header detection
[EQ][IDX_CHECK] d_sym_idx=20, condition=0
[EQ][DIRECT_PATH] Entering direct mixed-mode header detection
[EQ][STDERR_BEFORE_GATE] Reached before gate check
[EQ][BEFORE_GATE] Reached before gate check
[EQ][TEST_INSERT] Added new debug output
[EQ][DEBUG_TEST] ======== DEBUG ENTRY ========
[EQ][DEBUG] Checking HT-SIG parse condition: d_sym_idx=20, kHtSig1Rel=5, d_have_ht_header=0
[EQ][DEBUG] valid flags: lltf0=1, lltf1=1, lsig=1, htsig0=1, htsig1=1
[EQ][WHILE_LOOP] iter consumed=6, d_sym_idx=21
[EQ][GATE_DETAIL] d_sym_idx=20, kHtSig1Rel=5, d_have_ht_header=0
[EQ][GATE_DETAIL] valid flags: lltf0=1 lltf1=1 lsig=1 htsig0=1 htsig1=1
[EQ][FLOW] abs=281 wifi_start=0 in_frame=1 sym_idx=21 consumed=6 produced=0
[EQ][PRE_EXTRACT] d_sym_idx=21, in_frame=1
[EQ][POST_EQUALIZE] d_sym_idx=21
[EQ][STDERR_DIRECT] Entering direct mixed-mode header detection
[EQ][IDX_CHECK] d_sym_idx=21, condition=0
[EQ][DIRECT_PATH] Entering direct mixed-mode header detection
[EQ][STDERR_BEFORE_GATE] Reached before gate check
[EQ][BEFORE_GATE] Reached before gate check
[EQ][TEST_INSERT] Added new debug output
[EQ][DEBUG_TEST] ======== DEBUG ENTRY ========
[EQ][DEBUG] Checking HT-SIG parse condition: d_sym_idx=21, kHtSig1Rel=5, d_have_ht_header=0
[EQ][DEBUG] valid flags: lltf0=1, lltf1=1, lsig=1, htsig0=1, htsig1=1
[EQ][ENTER] general_work called nin=21 nout=1024
[EQ][GATE_DETAIL] d_sym_idx=21, kHtSig1Rel=5, d_have_ht_header=0
[EQ][GATE_DETAIL] valid flags: lltf0=1 lltf1=1 lsig=1 htsig0=1 htsig1=1
[EQ][WHILE_ENTER] consumed=0, n_in=21
[EQ][WHILE_LOOP] iter consumed=0, d_sym_idx=22
[EQ][FLOW] abs=282 wifi_start=0 in_frame=1 sym_idx=22 consumed=0 produced=0
[EQ][PRE_EXTRACT] d_sym_idx=22, in_frame=1
[EQ][POST_EQUALIZE] d_sym_idx=22
[EQ][STDERR_DIRECT] Entering direct mixed-mode header detection
[EQ][IDX_CHECK] d_sym_idx=22, condition=0
[EQ][DIRECT_PATH] Entering direct mixed-mode header detection
[EQ][STDERR_BEFORE_GATE] Reached before gate check
[EQ][BEFORE_GATE] Reached before gate check
[EQ][TEST_INSERT] Added new debug output
[EQ][DEBUG_TEST] ======== DEBUG ENTRY ========
[EQ][DEBUG] Checking HT-SIG parse condition: d_sym_idx=22, kHtSig1Rel=5, d_have_ht_header=0
[EQ][DEBUG] valid flags: lltf0=1, lltf1=1, lsig=1, htsig0=1, htsig1=1
[EQ][WHILE_LOOP] iter consumed=1, d_sym_idx=23
[EQ][GATE_DETAIL] d_sym_idx=22, kHtSig1Rel=5, d_have_ht_header=0
[EQ][GATE_DETAIL] valid flags: lltf0=1 lltf1=1 lsig=1 htsig0=1 htsig1=1
[EQ][FLOW] abs=283 wifi_start=0 in_frame=1 sym_idx=23 consumed=1 produced=0
[EQ][PRE_EXTRACT] d_sym_idx=23, in_frame=1
[EQ][POST_EQUALIZE] d_sym_idx=23
[EQ][STDERR_DIRECT] Entering direct mixed-mode header detection
[EQ][IDX_CHECK] d_sym_idx=23, condition=0
[EQ][DIRECT_PATH] Entering direct mixed-mode header detection
[EQ][STDERR_BEFORE_GATE] Reached before gate check
[EQ][BEFORE_GATE] Reached before gate check
[EQ][TEST_INSERT] Added new debug output
[EQ][DEBUG_TEST] ======== DEBUG ENTRY ========
[EQ][DEBUG] Checking HT-SIG parse condition: d_sym_idx=23, kHtSig1Rel=5, d_have_ht_header=0
[EQ][DEBUG] valid flags: lltf0=1, lltf1=1, lsig=1, htsig0=1, htsig1=1
[EQ][WHILE_LOOP] iter consumed=2, d_sym_idx=24
[EQ][GATE_DETAIL] d_sym_idx=23, kHtSig1Rel=5, d_have_ht_header=0
[EQ][GATE_DETAIL] valid flags: lltf0=1 lltf1=1 lsig=1 htsig0=1 htsig1=1
[EQ][FLOW] abs=284 wifi_start=0 in_frame=1 sym_idx=24 consumed=2 produced=0
[EQ][PRE_EXTRACT] d_sym_idx=24, in_frame=1
[EQ][POST_EQUALIZE] d_sym_idx=24
[EQ][STDERR_DIRECT] Entering direct mixed-mode header detection
[EQ][IDX_CHECK] d_sym_idx=24, condition=0
[EQ][DIRECT_PATH] Entering direct mixed-mode header detection
[EQ][STDERR_BEFORE_GATE] Reached before gate check
[EQ][BEFORE_GATE] Reached before gate check
[EQ][TEST_INSERT] Added new debug output
[EQ][DEBUG_TEST] ======== DEBUG ENTRY ========
[EQ][DEBUG] Checking HT-SIG parse condition: d_sym_idx=24, kHtSig1Rel=5, d_have_ht_header=0
[EQ][DEBUG] valid flags: lltf0=1, lltf1=1, lsig=1, htsig0=1, htsig1=1
[EQ][WHILE_LOOP] iter consumed=3, d_sym_idx=25
[EQ][GATE_DETAIL] d_sym_idx=24, kHtSig1Rel=5, d_have_ht_header=0
[EQ][GATE_DETAIL] valid flags: lltf0=1 lltf1=1 lsig=1 htsig0=1 htsig1=1
[EQ][FLOW] abs=285 wifi_start=0 in_frame=1 sym_idx=25 consumed=3 produced=0
[EQ][PRE_EXTRACT] d_sym_idx=25, in_frame=1
[EQ][POST_EQUALIZE] d_sym_idx=25
[EQ][STDERR_DIRECT] Entering direct mixed-mode header detection
[EQ][IDX_CHECK] d_sym_idx=25, condition=0
[EQ][DIRECT_PATH] Entering direct mixed-mode header detection
[EQ][STDERR_BEFORE_GATE] Reached before gate check
[EQ][BEFORE_GATE] Reached before gate check
[EQ][TEST_INSERT] Added new debug output
[EQ][DEBUG_TEST] ======== DEBUG ENTRY ========
[EQ][DEBUG] Checking HT-SIG parse condition: d_sym_idx=25, kHtSig1Rel=5, d_have_ht_header=0
[EQ][DEBUG] valid flags: lltf0=1, lltf1=1, lsig=1, htsig0=1, htsig1=1
[EQ][WHILE_LOOP] iter consumed=4, d_sym_idx=26
[EQ][GATE_DETAIL] d_sym_idx=25, kHtSig1Rel=5, d_have_ht_header=0
[EQ][GATE_DETAIL] valid flags: lltf0=1 lltf1=1 lsig=1 htsig0=1 htsig1=1
[EQ][FLOW] abs=286 wifi_start=0 in_frame=1 sym_idx=26 consumed=4 produced=0
[EQ][PRE_EXTRACT] d_sym_idx=26, in_frame=1
[EQ][POST_EQUALIZE] d_sym_idx=26
[EQ][STDERR_DIRECT] Entering direct mixed-mode header detection
[EQ][IDX_CHECK] d_sym_idx=26, condition=0
[EQ][DIRECT_PATH] Entering direct mixed-mode header detection
[EQ][STDERR_BEFORE_GATE] Reached before gate check
[EQ][BEFORE_GATE] Reached before gate check
[EQ][TEST_INSERT] Added new debug output
[EQ][DEBUG_TEST] ======== DEBUG ENTRY ========
[EQ][DEBUG] Checking HT-SIG parse condition: d_sym_idx=26, kHtSig1Rel=5, d_have_ht_header=0
[EQ][DEBUG] valid flags: lltf0=1, lltf1=1, lsig=1, htsig0=1, htsig1=1
[EQ][WHILE_LOOP] iter consumed=5, d_sym_idx=27
[EQ][GATE_DETAIL] d_sym_idx=26, kHtSig1Rel=5, d_have_ht_header=0
[EQ][GATE_DETAIL] valid flags: lltf0=1 lltf1=1 lsig=1 htsig0=1 htsig1=1
[EQ][FLOW] abs=287 wifi_start=0 in_frame=1 sym_idx=27 consumed=5 produced=0
[EQ][PRE_EXTRACT] d_sym_idx=27, in_frame=1
[EQ][POST_EQUALIZE] d_sym_idx=27
[EQ][STDERR_DIRECT] Entering direct mixed-mode header detection
[EQ][IDX_CHECK] d_sym_idx=27, condition=0
[EQ][DIRECT_PATH] Entering direct mixed-mode header detection
[EQ][STDERR_BEFORE_GATE] Reached before gate check
[EQ][BEFORE_GATE] Reached before gate check
[EQ][TEST_INSERT] Added new debug output
[EQ][DEBUG_TEST] ======== DEBUG ENTRY ========
[EQ][DEBUG] Checking HT-SIG parse condition: d_sym_idx=27, kHtSig1Rel=5, d_have_ht_header=0
[EQ][DEBUG] valid flags: lltf0=1, lltf1=1, lsig=1, htsig0=1, htsig1=1
[EQ][WHILE_LOOP] iter consumed=6, d_sym_idx=28
[EQ][GATE_DETAIL] d_sym_idx=27, kHtSig1Rel=5, d_have_ht_header=0
[EQ][GATE_DETAIL] valid flags: lltf0=1 lltf1=1 lsig=1 htsig0=1 htsig1=1
[EQ][FLOW] abs=288 wifi_start=0 in_frame=1 sym_idx=28 consumed=6 produced=0
[EQ][PRE_EXTRACT] d_sym_idx=28, in_frame=1
[EQ][POST_EQUALIZE] d_sym_idx=28
[EQ][STDERR_DIRECT] Entering direct mixed-mode header detection
[EQ][IDX_CHECK] d_sym_idx=28, condition=0
[EQ][DIRECT_PATH] Entering direct mixed-mode header detection
[EQ][STDERR_BEFORE_GATE] Reached before gate check
[EQ][BEFORE_GATE] Reached before gate check
[EQ][TEST_INSERT] Added new debug output
[EQ][DEBUG_TEST] ======== DEBUG ENTRY ========
[EQ][DEBUG] Checking HT-SIG parse condition: d_sym_idx=28, kHtSig1Rel=5, d_have_ht_header=0
[EQ][DEBUG] valid flags: lltf0=1, lltf1=1, lsig=1, htsig0=1, htsig1=1
[EQ][WHILE_LOOP] iter consumed=7, d_sym_idx=29
[EQ][GATE_DETAIL] d_sym_idx=28, kHtSig1Rel=5, d_have_ht_header=0
[EQ][GATE_DETAIL] valid flags: lltf0=1 lltf1=1 lsig=1 htsig0=1 htsig1=1
[EQ][FLOW] abs=289 wifi_start=0 in_frame=1 sym_idx=29 consumed=7 produced=0
[EQ][PRE_EXTRACT] d_sym_idx=29, in_frame=1
[EQ][POST_EQUALIZE] d_sym_idx=29
[EQ][STDERR_DIRECT] Entering direct mixed-mode header detection
[EQ][IDX_CHECK] d_sym_idx=29, condition=0
[EQ][DIRECT_PATH] Entering direct mixed-mode header detection
[EQ][STDERR_BEFORE_GATE] Reached before gate check
[EQ][BEFORE_GATE] Reached before gate check
[EQ][TEST_INSERT] Added new debug output
[EQ][DEBUG_TEST] ======== DEBUG ENTRY ========
[EQ][DEBUG] Checking HT-SIG parse condition: d_sym_idx=29, kHtSig1Rel=5, d_have_ht_header=0
[EQ][DEBUG] valid flags: lltf0=1, lltf1=1, lsig=1, htsig0=1, htsig1=1
[EQ][WHILE_LOOP] iter consumed=8, d_sym_idx=30
[EQ][GATE_DETAIL] d_sym_idx=29, kHtSig1Rel=5, d_have_ht_header=0
[EQ][GATE_DETAIL] valid flags: lltf0=1 lltf1=1 lsig=1 htsig0=1 htsig1=1
[EQ][FLOW] abs=290 wifi_start=0 in_frame=1 sym_idx=30 consumed=8 produced=0
[EQ][PRE_EXTRACT] d_sym_idx=30, in_frame=1
[EQ][POST_EQUALIZE] d_sym_idx=30
[EQ][STDERR_DIRECT] Entering direct mixed-mode header detection
[EQ][IDX_CHECK] d_sym_idx=30, condition=0
[EQ][DIRECT_PATH] Entering direct mixed-mode header detection
[EQ][STDERR_BEFORE_GATE] Reached before gate check
[EQ][BEFORE_GATE] Reached before gate check
[EQ][TEST_INSERT] Added new debug output
[EQ][DEBUG_TEST] ======== DEBUG ENTRY ========
[EQ][DEBUG] Checking HT-SIG parse condition: d_sym_idx=30, kHtSig1Rel=5, d_have_ht_header=0
[EQ][DEBUG] valid flags: lltf0=1, lltf1=1, lsig=1, htsig0=1, htsig1=1
[EQ][WHILE_LOOP] iter consumed=9, d_sym_idx=31
[EQ][GATE_DETAIL] d_sym_idx=30, kHtSig1Rel=5, d_have_ht_header=0
[EQ][GATE_DETAIL] valid flags: lltf0=1 lltf1=1 lsig=1 htsig0=1 htsig1=1
[EQ][FLOW] abs=291 wifi_start=0 in_frame=1 sym_idx=31 consumed=9 produced=0
[EQ][PRE_EXTRACT] d_sym_idx=31, in_frame=1
[EQ][POST_EQUALIZE] d_sym_idx=31
[EQ][STDERR_DIRECT] Entering direct mixed-mode header detection
[EQ][IDX_CHECK] d_sym_idx=31, condition=0
[EQ][DIRECT_PATH] Entering direct mixed-mode header detection
[EQ][STDERR_BEFORE_GATE] Reached before gate check
[EQ][BEFORE_GATE] Reached before gate check
[EQ][TEST_INSERT] Added new debug output
[EQ][DEBUG_TEST] ======== DEBUG ENTRY ========
[EQ][DEBUG] Checking HT-SIG parse condition: d_sym_idx=31, kHtSig1Rel=5, d_have_ht_header=0
[EQ][DEBUG] valid flags: lltf0=1, lltf1=1, lsig=1, htsig0=1, htsig1=1
[EQ][WHILE_LOOP] iter consumed=10, d_sym_idx=32
[EQ][GATE_DETAIL] d_sym_idx=31, kHtSig1Rel=5, d_have_ht_header=0
[EQ][GATE_DETAIL] valid flags: lltf0=1 lltf1=1 lsig=1 htsig0=1 htsig1=1
[EQ][FLOW] abs=292 wifi_start=0 in_frame=1 sym_idx=32 consumed=10 produced=0
[EQ][PRE_EXTRACT] d_sym_idx=32, in_frame=1
[EQ][POST_EQUALIZE] d_sym_idx=32
[EQ][STDERR_DIRECT] Entering direct mixed-mode header detection
[EQ][IDX_CHECK] d_sym_idx=32, condition=0
[EQ][DIRECT_PATH] Entering direct mixed-mode header detection
[EQ][STDERR_BEFORE_GATE] Reached before gate check
[EQ][BEFORE_GATE] Reached before gate check
[EQ][TEST_INSERT] Added new debug output
[EQ][DEBUG_TEST] ======== DEBUG ENTRY ========
[EQ][DEBUG] Checking HT-SIG parse condition: d_sym_idx=32, kHtSig1Rel=5, d_have_ht_header=0
[EQ][DEBUG] valid flags: lltf0=1, lltf1=1, lsig=1, htsig0=1, htsig1=1
[EQ][WHILE_LOOP] iter consumed=11, d_sym_idx=33
[EQ][GATE_DETAIL] d_sym_idx=32, kHtSig1Rel=5, d_have_ht_header=0
[EQ][GATE_DETAIL] valid flags: lltf0=1 lltf1=1 lsig=1 htsig0=1 htsig1=1
[EQ][FLOW] abs=293 wifi_start=0 in_frame=1 sym_idx=33 consumed=11 produced=0
[EQ][PRE_EXTRACT] d_sym_idx=33, in_frame=1
[EQ][POST_EQUALIZE] d_sym_idx=33
[EQ][STDERR_DIRECT] Entering direct mixed-mode header detection
[EQ][IDX_CHECK] d_sym_idx=33, condition=0
[EQ][DIRECT_PATH] Entering direct mixed-mode header detection
[EQ][STDERR_BEFORE_GATE] Reached before gate check
[EQ][BEFORE_GATE] Reached before gate check
[EQ][TEST_INSERT] Added new debug output
[EQ][DEBUG_TEST] ======== DEBUG ENTRY ========
[EQ][DEBUG] Checking HT-SIG parse condition: d_sym_idx=33, kHtSig1Rel=5, d_have_ht_header=0
[EQ][DEBUG] valid flags: lltf0=1, lltf1=1, lsig=1, htsig0=1, htsig1=1
[EQ][WHILE_LOOP] iter consumed=12, d_sym_idx=34
[EQ][PRE_EXTRACT] d_sym_idx=34, in_frame=1
[EQ][POST_EQUALIZE] d_sym_idx=34
[EQ][STDERR_DIRECT] Entering direct mixed-mode header detection
[EQ][GATE_DETAIL] d_sym_idx=33, kHtSig1Rel=5, d_have_ht_header=0
[EQ][GATE_DETAIL] valid flags: lltf0=1 lltf1=1 lsig=1 htsig0=1 htsig1=1
[EQ][IDX_CHECK] d_sym_idx=34, condition=0
[EQ][DIRECT_PATH] Entering direct mixed-mode header detection
[EQ][STDERR_BEFORE_GATE] Reached before gate check
[EQ][BEFORE_GATE] Reached before gate check
[EQ][TEST_INSERT] Added new debug output
[EQ][DEBUG_TEST] ======== DEBUG ENTRY ========
[EQ][DEBUG] Checking HT-SIG parse condition: d_sym_idx=34, kHtSig1Rel=5, d_have_ht_header=0
[EQ][DEBUG] valid flags: lltf0=1, lltf1=1, lsig=1, htsig0=1, htsig1=1
[EQ][WHILE_LOOP] iter consumed=13, d_sym_idx=35
[EQ][PRE_EXTRACT] d_sym_idx=35, in_frame=1
[EQ][POST_EQUALIZE] d_sym_idx=35
[EQ][STDERR_DIRECT] Entering direct mixed-mode header detection
[EQ][GATE_DETAIL] d_sym_idx=34, kHtSig1Rel=5, d_have_ht_header=0
[EQ][GATE_DETAIL] valid flags: lltf0=1 lltf1=1 lsig=1 htsig0=1 htsig1=1
[EQ][IDX_CHECK] d_sym_idx=35, condition=0
[EQ][DIRECT_PATH] Entering direct mixed-mode header detection
[EQ][STDERR_BEFORE_GATE] Reached before gate check
[EQ][BEFORE_GATE] Reached before gate check
[EQ][TEST_INSERT] Added new debug output
[EQ][DEBUG_TEST] ======== DEBUG ENTRY ========
[EQ][DEBUG] Checking HT-SIG parse condition: d_sym_idx=35, kHtSig1Rel=5, d_have_ht_header=0
[EQ][DEBUG] valid flags: lltf0=1, lltf1=1, lsig=1, htsig0=1, htsig1=1
[EQ][WHILE_LOOP] iter consumed=14, d_sym_idx=36
[EQ][PRE_EXTRACT] d_sym_idx=36, in_frame=1
[EQ][POST_EQUALIZE] d_sym_idx=36
[EQ][STDERR_DIRECT] Entering direct mixed-mode header detection
[EQ][GATE_DETAIL] d_sym_idx=35, kHtSig1Rel=5, d_have_ht_header=0
[EQ][GATE_DETAIL] valid flags: lltf0=1 lltf1=1 lsig=1 htsig0=1 htsig1=1
[EQ][IDX_CHECK] d_sym_idx=36, condition=0
[EQ][DIRECT_PATH] Entering direct mixed-mode header detection
[EQ][STDERR_BEFORE_GATE] Reached before gate check
[EQ][BEFORE_GATE] Reached before gate check
[EQ][TEST_INSERT] Added new debug output
[EQ][DEBUG_TEST] ======== DEBUG ENTRY ========
[EQ][DEBUG] Checking HT-SIG parse condition: d_sym_idx=36, kHtSig1Rel=5, d_have_ht_header=0
[EQ][DEBUG] valid flags: lltf0=1, lltf1=1, lsig=1, htsig0=1, htsig1=1
[EQ][WHILE_LOOP] iter consumed=15, d_sym_idx=37
[EQ][PRE_EXTRACT] d_sym_idx=37, in_frame=1
[EQ][POST_EQUALIZE] d_sym_idx=37
[EQ][STDERR_DIRECT] Entering direct mixed-mode header detection
[EQ][GATE_DETAIL] d_sym_idx=36, kHtSig1Rel=5, d_have_ht_header=0
[EQ][GATE_DETAIL] valid flags: lltf0=1 lltf1=1 lsig=1 htsig0=1 htsig1=1
[EQ][IDX_CHECK] d_sym_idx=37, condition=0
[EQ][DIRECT_PATH] Entering direct mixed-mode header detection
[EQ][STDERR_BEFORE_GATE] Reached before gate check
[EQ][BEFORE_GATE] Reached before gate check
[EQ][TEST_INSERT] Added new debug output
[EQ][DEBUG_TEST] ======== DEBUG ENTRY ========
[EQ][DEBUG] Checking HT-SIG parse condition: d_sym_idx=37, kHtSig1Rel=5, d_have_ht_header=0
[EQ][DEBUG] valid flags: lltf0=1, lltf1=1, lsig=1, htsig0=1, htsig1=1
[EQ][WHILE_LOOP] iter consumed=16, d_sym_idx=38
[EQ][PRE_EXTRACT] d_sym_idx=38, in_frame=1
[EQ][POST_EQUALIZE] d_sym_idx=38
[EQ][STDERR_DIRECT] Entering direct mixed-mode header detection
[EQ][GATE_DETAIL] d_sym_idx=37, kHtSig1Rel=5, d_have_ht_header=0
[EQ][GATE_DETAIL] valid flags: lltf0=1 lltf1=1 lsig=1 htsig0=1 htsig1=1
[EQ][IDX_CHECK] d_sym_idx=38, condition=0
[EQ][DIRECT_PATH] Entering direct mixed-mode header detection
[EQ][STDERR_BEFORE_GATE] Reached before gate check
[EQ][BEFORE_GATE] Reached before gate check
[EQ][TEST_INSERT] Added new debug output
[EQ][DEBUG_TEST] ======== DEBUG ENTRY ========
[EQ][DEBUG] Checking HT-SIG parse condition: d_sym_idx=38, kHtSig1Rel=5, d_have_ht_header=0
[EQ][DEBUG] valid flags: lltf0=1, lltf1=1, lsig=1, htsig0=1, htsig1=1
[EQ][WHILE_LOOP] iter consumed=17, d_sym_idx=39
[EQ][PRE_EXTRACT] d_sym_idx=39, in_frame=1
[EQ][POST_EQUALIZE] d_sym_idx=39
[EQ][STDERR_DIRECT] Entering direct mixed-mode header detection
[EQ][GATE_DETAIL] d_sym_idx=38, kHtSig1Rel=5, d_have_ht_header=0
[EQ][GATE_DETAIL] valid flags: lltf0=1 lltf1=1 lsig=1 htsig0=1 htsig1=1
[EQ][IDX_CHECK] d_sym_idx=39, condition=0
[EQ][DIRECT_PATH] Entering direct mixed-mode header detection
[EQ][STDERR_BEFORE_GATE] Reached before gate check
[EQ][BEFORE_GATE] Reached before gate check
[EQ][TEST_INSERT] Added new debug output
[EQ][DEBUG_TEST] ======== DEBUG ENTRY ========
[EQ][DEBUG] Checking HT-SIG parse condition: d_sym_idx=39, kHtSig1Rel=5, d_have_ht_header=0
[EQ][DEBUG] valid flags: lltf0=1, lltf1=1, lsig=1, htsig0=1, htsig1=1
[EQ][WHILE_LOOP] iter consumed=18, d_sym_idx=40
[EQ][PRE_EXTRACT] d_sym_idx=40, in_frame=1
[EQ][POST_EQUALIZE] d_sym_idx=40
[EQ][STDERR_DIRECT] Entering direct mixed-mode header detection
[EQ][GATE_DETAIL] d_sym_idx=39, kHtSig1Rel=5, d_have_ht_header=0
[EQ][GATE_DETAIL] valid flags: lltf0=1 lltf1=1 lsig=1 htsig0=1 htsig1=1
[EQ][IDX_CHECK] d_sym_idx=40, condition=0
[EQ][DIRECT_PATH] Entering direct mixed-mode header detection
[EQ][STDERR_BEFORE_GATE] Reached before gate check
[EQ][BEFORE_GATE] Reached before gate check
[EQ][TEST_INSERT] Added new debug output
[EQ][DEBUG_TEST] ======== DEBUG ENTRY ========
[EQ][DEBUG] Checking HT-SIG parse condition: d_sym_idx=40, kHtSig1Rel=5, d_have_ht_header=0
[EQ][DEBUG] valid flags: lltf0=1, lltf1=1, lsig=1, htsig0=1, htsig1=1
[EQ][WHILE_LOOP] iter consumed=19, d_sym_idx=41
[EQ][PRE_EXTRACT] d_sym_idx=41, in_frame=1
[EQ][POST_EQUALIZE] d_sym_idx=41
[EQ][STDERR_DIRECT] Entering direct mixed-mode header detection
[EQ][GATE_DETAIL] d_sym_idx=40, kHtSig1Rel=5, d_have_ht_header=0
[EQ][GATE_DETAIL] valid flags: lltf0=1 lltf1=1 lsig=1 htsig0=1 htsig1=1
[EQ][IDX_CHECK] d_sym_idx=41, condition=0
[EQ][DIRECT_PATH] Entering direct mixed-mode header detection
[EQ][STDERR_BEFORE_GATE] Reached before gate check
[EQ][BEFORE_GATE] Reached before gate check
[EQ][TEST_INSERT] Added new debug output
[EQ][DEBUG_TEST] ======== DEBUG ENTRY ========
[EQ][DEBUG] Checking HT-SIG parse condition: d_sym_idx=41, kHtSig1Rel=5, d_have_ht_header=0
[EQ][DEBUG] valid flags: lltf0=1, lltf1=1, lsig=1, htsig0=1, htsig1=1
[EQ][WHILE_LOOP] iter consumed=20, d_sym_idx=42
[EQ][PRE_EXTRACT] d_sym_idx=42, in_frame=1
[EQ][POST_EQUALIZE] d_sym_idx=42
[EQ][STDERR_DIRECT] Entering direct mixed-mode header detection
[EQ][GATE_DETAIL] d_sym_idx=41, kHtSig1Rel=5, d_have_ht_header=0
[EQ][GATE_DETAIL] valid flags: lltf0=1 lltf1=1 lsig=1 htsig0=1 htsig1=1
[EQ][IDX_CHECK] d_sym_idx=42, condition=0
[EQ][DIRECT_PATH] Entering direct mixed-mode header detection
[EQ][STDERR_BEFORE_GATE] Reached before gate check
[EQ][BEFORE_GATE] Reached before gate check
[EQ][TEST_INSERT] Added new debug output
[EQ][DEBUG_TEST] ======== DEBUG ENTRY ========
[EQ][DEBUG] Checking HT-SIG parse condition: d_sym_idx=42, kHtSig1Rel=5, d_have_ht_header=0
[EQ][DEBUG] valid flags: lltf0=1, lltf1=1, lsig=1, htsig0=1, htsig1=1
[EQ][GATE_DETAIL] d_sym_idx=42, kHtSig1Rel=5, d_have_ht_header=0
[EQ][GATE_DETAIL] valid flags: lltf0=1 lltf1=1 lsig=1 htsig0=1 htsig1=1
message_debug :info: The `print_pdu` port is deprecated and will be removed; forwarding to `print`.
[MAPPER] handle_msg called
***** VERBOSE PDU DEBUG PRINT ******
((encoding . 0) (crc_included . #t))
pdu length =         38 bytes
pdu vector contents = 
0000: 08 00 00 00 42 42 [MAPPER] meta=42 42 42 42 23 23 23 23 23 23 
0010: ff ff ff ff ff ff c0 00 78 78 78 78 78 78 78 78 
0020: 78 78 7f 5a d5 9d 
************************************
((encoding . 0) (crc_included . #t))
[MAPPER] meta fields: mcs=0 len=-1 psdu_len=-1
[MAPPER] using MCS=0
[MAPPER] HT mode enabled, effective MCS: 0
[TX][HTDATA0][PUNCTURED] bits52=1110100011011110101000110001100110010110100011110001
[TX][HTDATA0][INTERLEAVED] bits52=1100111110100100100001110011000110011110010010101011
[TX][HTDATA0] bits52=1100111110100100100001110011000110011110010010101011
[TX][PUNCTURED-ALL] nbits=676 first64=1110100011011110101000110001100110010110100011110001010001101010 last64=0011100000101100001101001011011110110000111010000000110010101100
[TX][INTERLEAVED-ALL] nbits=676 first64=1100111110100100100001110011000110011110010010101011010111010111 last64=1000010101101000110101110010011001011110110100001101010100001000
[TX][HTDATA0][PUNCTURED] keep existing first-frame reference /tmp/wifi_tx_punctured0_bits52.txt
[TX][HTDATA0][INTERLEAVED] keep existing first-frame reference /tmp/wifi_tx_interleaved0_bits52.txt
[TX][HTDATA0] keep existing first-frame reference /tmp/wifi_tx_data0_bits52.txt
[TX][PUNCTURED-ALL] keep existing first-frame reference /tmp/wifi_tx_punctured_all_bits.txt
[TX][INTERLEAVED-ALL] keep existing first-frame reference /tmp/wifi_tx_interleaved_all_bits.txt
[TX][PUNCTURED-ALL] updated /tmp/wifi_tx_punctured_all_bits.last.txt
[TX][INTERLEAVED-ALL] updated /tmp/wifi_tx_interleaved_all_bits.last.txt
[MAPPER] frame: ht_mode=1 psdu=38 n_sym=13 n_data_bits=338 n_encoded_bits=676 data_carriers=52 out_symbols=676
[HT-HEADER] general_work called ninput=676 noutput=32688
[TX][LSIG] raw24=110100110010000000000000
[TX][LSIG] enc48=110110001010100111001100100011011100000000000000
[TX][LSIG] intl48=110011011001000011010100011000000010011001100000
[TX][HTSIG] fields: mcs=0 len=38 bw40=0 agg=0 sgi=0 stbc=0 adv=0 nltf=0 crc=0x0d
[TX][HTSIG] raw48=000000000110010000000000000000000010110000000000
[TX][HTSIG] enc96=000000000000000000110110111100100011011100000000000000000000000000001110111001101110101100000000
[TX][HTSIG] intl96=000000111110010000000011100110000000000010011000000000011011110000000001100100000000001011101000
[TX][HTHDR][OUTBUF] lsig48=110011011001000011010100011000000010011001100000
[TX][HTHDR][OUTBUF] htsig1_48=000000111110010000000011100110000000000010011000
[TX][HTHDR][OUTBUF] htsig2_48=000000011011110000000001100100000000001011101000
[SYNC-SHORT] general_work called: noutput=2048 ninput=2288 threshold=0.010 state=1
sync_short :info: frame start at in: 26795 out: 27322
SHORT Frame!
SHORT copied 218
[SYNC-SHORT] general_work called: noutput=2048 ninput=2070 threshold=0.010 state=1
[SYNC-LONG] general_work: ninput[0]=218 ninput[1]=320 noutput=128 state=1
LONG ninput[0] 218   ninput[1] 320  noutput 128   state 1
produced : 128 consumed: 160
sync_short :info: frame start at in: 27276 out: 27803
SHORT Frame!
SHORT copied 481
[SYNC-LONG] general_work: ninput[0]=58 ninput[1]=378 noutput=32 state=1
LONG ninput[0] 58   ninput[1] 378  noutput 32   state 1
produced : 32 consumed: 48
[SYNC-SHORT] general_work called: noutput=1024 ninput=1589 threshold=0.010 state=1
[SYNC-LONG] general_work: ninput[0]=491 ninput[1]=330 noutput=256 state=1
LONG ninput[0] 491   ninput[1] 330  noutput 256   state 1
produced : 10 consumed: 10
[SYNC-LONG] general_work: ninput[0]=481 ninput[1]=320 noutput=256 state=1
LONG ninput[0] 481   ninput[1] 320  noutput 256   state 1
[SYNC-LONG] Received wifi_start tag: freq_offset=0.083 offset=26795 nread=26795
LONG: ignore retrigger tag during COPY nread=26795 d_count=2955 guard=3072 tag_offset=26795
produced : 256 consumed: 320
[SYNC-LONG] general_work: ninput[0]=161 ninput[1]=481 noutput=128 state=1
sync_short :info: frame start at in: 27757 out: 28284
SHORT Frame!
SHORT copied 481
[SYNC-SHORT] general_work called: noutput=1024 ninput=1108 threshold=0.010 state=1
LONG ninput[0] 161   ninput[1] 481  noutput 128   state 1
produced : 128 consumed: 160
[SYNC-LONG] general_work: ninput[0]=482 ninput[1]=802 noutput=256 state=1
sync_short :info: frame start at in: 28238 out: 28765
SHORT Frame!
SHORT copied 481
[SYNC-SHORT] general_work called: noutput=512 ninput=627 threshold=0.010 state=1
LONG ninput[0] 482   ninput[1] 802  noutput 256   state 1
produced : 1 consumed: 1
[SYNC-LONG] general_work: ninput[0]=962 ninput[1]=801 noutput=512 state=1
LONG ninput[0] 962   ninput[1] 801  noutput 512   state 1
[SYNC-LONG] Received wifi_start tag: freq_offset=-0.184 offset=27276 nread=27276
produced : 52 consumed: 0
[EQ][ENTER] general_work called nin=7 nout=256
[EQ][WHILE_ENTER] consumed=0, n_in=7
[EQ][WHILE_LOOP] iter consumed=0, d_sym_idx=43
[EQ][FLOW] abs=303 wifi_start=0 in_frame=1 sym_idx=43 consumed=0 produced=0
[EQ][PRE_EXTRACT] d_sym_idx=43, in_frame=1
sync_short :info: frame start at in: 28719 out: 29246
[SYNC-LONG] general_work: ninput[0]=962 ninput[1]=1282 noutput=4096 state=0
SHORT Frame!
LONG ninput[0] SHORT copied 962   ninput[1] 4811282  noutput 4096   state 0
[EQ][POST_EQUALIZE] d_sym_idx=43
[SYNC-LONG] Received wifi_start tag: freq_offset=-0.184 offset=27276 nread=27276
[EQ][STDERR_DIRECT] Entering direct mixed-mode header detection
[EQ][IDX_CHECK] d_sym_idx=43, condition=0

[EQ][DIRECT_PATH] Entering direct mixed-mode header detection
[EQ][STDERR_BEFORE_GATE] Reached before gate check
[EQ][BEFORE_GATE] Reached before gate check
[SYNC-SHORT] general_work called: noutput=128 ninput=146 threshold=0.010 state=1
[EQ][TEST_INSERT] Added new debug output
[EQ][DEBUG_TEST] ======== DEBUG ENTRY ========
[EQ][DEBUG] Checking HT-SIG parse condition: d_sym_idx=43, kHtSig1Rel=5, d_have_ht_header=0
[EQ][DEBUG] valid flags: lltf0=1, lltf1=1, lsig=1, htsig0=1, htsig1=1
[EQ][WHILE_LOOP] iter consumed=1, d_sym_idx=44
[EQ][GATE_DETAIL] d_sym_idx=43, kHtSig1Rel=5, d_have_ht_header=0
[EQ][GATE_DETAIL] valid flags: lltf0=1 lltf1=1 lsig=1 htsig0=1 htsig1=1
[EQ][FLOW] abs=304 wifi_start=0 in_frame=1 sym_idx=44 consumed=1 produced=0
[EQ][PRE_EXTRACT] d_sym_idx=44, in_frame=1
[EQ][POST_EQUALIZE] d_sym_idx=44
[EQ][STDERR_DIRECT] Entering direct mixed-mode header detection
[EQ][IDX_CHECK] d_sym_idx=44, condition=0
SHORT copied [EQ][DIRECT_PATH] Entering direct mixed-mode header detection
128[EQ][STDERR_BEFORE_GATE] Reached before gate check
[EQ][BEFORE_GATE] Reached before gate check
[EQ][TEST_INSERT] Added new debug output
[EQ][DEBUG_TEST] ======== DEBUG ENTRY ========
[EQ][DEBUG] Checking HT-SIG parse condition: d_sym_idx=44, kHtSig1Rel=5, d_have_ht_header=0
[EQ][DEBUG] valid flags: lltf0=1, lltf1=1, lsig=1, htsig0=1, htsig1=1
[EQ][WHILE_LOOP] iter consumed=2, d_sym_idx=45
[EQ][GATE_DETAIL] d_sym_idx=44, kHtSig1Rel=5, d_have_ht_header=0
[EQ][GATE_DETAIL] valid flags: lltf0=1 lltf1=1 lsig=1 htsig0=1 htsig1=1
[EQ][FLOW] abs=305 wifi_start=0 in_frame=1 sym_idx=45 consumed=2 produced=0

[EQ][PRE_EXTRACT] d_sym_idx=45, in_frame=1
[SYNC-SHORT] general_work called: noutput=2 ninput=18 threshold=0.010 state=1
[EQ][IDX_CHECK] d_sym_idx=45, condition=0
SHORT copied 2
[EQ][POST_EQUALIZE] d_sym_idx=45
[EQ][STDERR_DIRECT] Entering direct mixed-mode header detection
[EQ][DIRECT_PATH] Entering direct mixed-mode header detection
[EQ][STDERR_BEFORE_GATE] Reached before gate check
[EQ][BEFORE_GATE] Reached before gate check
[EQ][TEST_INSERT] Added new debug output
[EQ][DEBUG_TEST] ======== DEBUG ENTRY ========
[EQ][DEBUG] Checking HT-SIG parse condition: d_sym_idx=45, kHtSig1Rel=5, d_have_ht_header=0
[EQ][DEBUG] valid flags: lltf0=1, lltf1=1, lsig=1, htsig0=1, htsig1=1
[EQ][WHILE_LOOP] iter consumed=3, d_sym_idx=46
[EQ][GATE_DETAIL] d_sym_idx=45, kHtSig1Rel=5, d_have_ht_header=0
[EQ][GATE_DETAIL] valid flags: lltf0=1 lltf1=1 lsig=1 htsig0=1 htsig1=1
[EQ][FLOW] abs=306 wifi_start=0 in_frame=1 sym_idx=46 consumed=3 produced=0
[EQ][PRE_EXTRACT] d_sym_idx=46, in_frame=1
[EQ][POST_EQUALIZE] d_sym_idx=46
[EQ][STDERR_DIRECT] Entering direct mixed-mode header detection
[EQ][IDX_CHECK] d_sym_idx=46, condition=0
[EQ][DIRECT_PATH] Entering direct mixed-mode header detection
[EQ][STDERR_BEFORE_GATE] Reached before gate check
[EQ][BEFORE_GATE] Reached before gate check
[EQ][TEST_INSERT] Added new debug output
[EQ][DEBUG_TEST] ======== DEBUG ENTRY ========
[EQ][DEBUG] Checking HT-SIG parse condition: d_sym_idx=46, kHtSig1Rel=5, d_have_ht_header=0
[EQ][DEBUG] valid flags: lltf0=1, lltf1=1, lsig=1, htsig0=1, htsig1=1
[EQ][WHILE_LOOP] iter consumed=4, d_sym_idx=47
[EQ][GATE_DETAIL] d_sym_idx=46, kHtSig1Rel=5, d_have_ht_header=0
[EQ][GATE_DETAIL] valid flags: lltf0=1 lltf1=1 lsig=1 htsig0=1 htsig1=1
[EQ][FLOW] abs=307 wifi_start=0 in_frame=1 sym_idx=47 consumed=4 produced=0
[EQ][PRE_EXTRACT] d_sym_idx=47, in_frame=1
[EQ][POST_EQUALIZE] d_sym_idx=47
[EQ][STDERR_DIRECT] Entering direct mixed-mode header detection
[EQ][IDX_CHECK] d_sym_idx=47, condition=0
[EQ][DIRECT_PATH] Entering direct mixed-mode header detection
[EQ][STDERR_BEFORE_GATE] Reached before gate check
[EQ][BEFORE_GATE] Reached before gate check
[EQ][TEST_INSERT] Added new debug output
[EQ][DEBUG_TEST] ======== DEBUG ENTRY ========
[EQ][DEBUG] Checking HT-SIG parse condition: d_sym_idx=47, kHtSig1Rel=5, d_have_ht_header=0
[EQ][DEBUG] valid flags: lltf0=1, lltf1=1, lsig=1, htsig0=1, htsig1=1
sync_long :info: LONG: frame start at 41
[EQ][GATE_DETAIL] d_sym_idx=47, kHtSig1Rel=5, d_have_ht_header=0
[EQ][GATE_DETAIL] valid flags: lltf0=1 lltf1=1 lsig=1 htsig0=1 htsig1=1
[EQ][WHILE_LOOP] iter consumed=5, d_sym_idx=48
[EQ][FLOW] abs=308 wifi_start=0 in_frame=1 sym_idx=48 consumed=5 produced=0
[EQ][PRE_EXTRACT] d_sym_idx=48, in_frame=1
[EQ][POST_EQUALIZE] d_sym_idx=48
[EQ][STDERR_DIRECT] Entering direct mixed-mode header detection
[EQ][IDX_CHECK] d_sym_idx=48, condition=0
[EQ][DIRECT_PATH] Entering direct mixed-mode header detection
[EQ][STDERR_BEFORE_GATE] Reached before gate check
produced : [EQ][BEFORE_GATE] Reached before gate check
[EQ][TEST_INSERT] Added new debug output
[EQ][DEBUG_TEST] ======== DEBUG ENTRY ========
[EQ][DEBUG] Checking HT-SIG parse condition: d_sym_idx=48, kHtSig1Rel=5, d_have_ht_header=0
[EQ][DEBUG] valid flags: lltf0=1, lltf1=1, lsig=1, htsig0=1, htsig1=1
[EQ][WHILE_LOOP] iter consumed=6, d_sym_idx=49
[EQ][GATE_DETAIL] d_sym_idx=48, kHtSig1Rel=5, d_have_ht_header=0
[EQ][GATE_DETAIL] valid flags: lltf0=1 lltf1=1 lsig=1 htsig0=1 htsig1=1
[EQ][FLOW] abs=309 wifi_start=0 in_frame=1 sym_idx=49 consumed=6 produced=0
[EQ][PRE_EXTRACT] d_sym_idx=49, in_frame=1
[EQ][POST_EQUALIZE] d_sym_idx=49
[EQ][STDERR_DIRECT] Entering direct mixed-mode header detection
[EQ][IDX_CHECK] d_sym_idx=49, condition=0
0 consumed: 320
[SYNC-LONG] general_work: ninput[0]=1253 ninput[1]=1573 noutput=1024 state=1
LONG ninput[0] 1253   ninput[1] 1573  noutput 1024   state 1
[EQ][DIRECT_PATH] Entering direct mixed-mode header detection
[EQ][STDERR_BEFORE_GATE] Reached before gate check
[EQ][BEFORE_GATE] Reached before gate check
[EQ][TEST_INSERT] Added new debug output
[EQ][DEBUG_TEST] ======== DEBUG ENTRY ========
[EQ][DEBUG] Checking HT-SIG parse condition: d_sym_idx=49, kHtSig1Rel=5, d_have_ht_header=0
[EQ][DEBUG] valid flags: lltf0=1, lltf1=1, lsig=1, htsig0=1, htsig1=1
[EQ][ENTER] general_work called nin=3 nout=128
[EQ][GATE_DETAIL] d_sym_idx=49, kHtSig1Rel=5, d_have_ht_header=0
[EQ][GATE_DETAIL] valid flags: lltf0=1 lltf1=1 lsig=1 htsig0=1 htsig1=1
[EQ][WHILE_ENTER] consumed=0, n_in=3
[EQ][WHILE_LOOP] iter consumed=0, d_sym_idx=50
[EQ][FLOW] abs=310 wifi_start=0 in_frame=1 sym_idx=50 consumed=0 produced=0
[EQ][PRE_EXTRACT] d_sym_idx=50, in_frame=1
[EQ][POST_EQUALIZE] d_sym_idx=50
[EQ][STDERR_DIRECT] Entering direct mixed-mode header detection
[EQ][IDX_CHECK] d_sym_idx=50, condition=0
[EQ][DIRECT_PATH] Entering direct mixed-mode header detection
[EQ][STDERR_BEFORE_GATE] Reached before gate check
[EQ][BEFORE_GATE] Reached before gate check
produced : [EQ][TEST_INSERT] Added new debug output
[EQ][DEBUG_TEST] ======== DEBUG ENTRY ========
[EQ][DEBUG] Checking HT-SIG parse condition: d_sym_idx=50, kHtSig1Rel=5, d_have_ht_header=0
120[EQ][DEBUG] valid flags: lltf0=1, lltf1=1, lsig=1, htsig0=1, htsig1=1
[EQ][WHILE_LOOP] iter consumed=1, d_sym_idx=51
[EQ][GATE_DETAIL] d_sym_idx=50, kHtSig1Rel=5, d_have_ht_header=0
[EQ][GATE_DETAIL] valid flags: lltf0=1 lltf1=1 lsig=1 htsig0=1 htsig1=1
[EQ][FLOW] abs=311 wifi_start=0 in_frame=1 sym_idx=51 consumed=1 produced=0
[EQ][PRE_EXTRACT] d_sym_idx=51, in_frame=1
[EQ][POST_EQUALIZE] d_sym_idx=51
[EQ][STDERR_DIRECT] Entering direct mixed-mode header detection
[EQ][IDX_CHECK] d_sym_idx=51, condition=0
[EQ][DIRECT_PATH] Entering direct mixed-mode header detection
[EQ][STDERR_BEFORE_GATE] Reached before gate check
[EQ][BEFORE_GATE] Reached before gate check
[EQ][TEST_INSERT] Added new debug output
[EQ][DEBUG_TEST] ======== DEBUG ENTRY ========
[EQ][DEBUG] Checking HT-SIG parse condition: d_sym_idx=51, kHtSig1Rel=5, d_have_ht_header=0
[EQ][DEBUG] valid flags: lltf0=1, lltf1=1, lsig=1, htsig0=1, htsig1=1
[EQ][WHILE_LOOP] iter consumed=2, d_sym_idx=52
[EQ][GATE_DETAIL] d_sym_idx=51, kHtSig1Rel=5, d_have_ht_header=0
[EQ][GATE_DETAIL] valid flags: lltf0=1 lltf1=1 lsig=1 htsig0=1 htsig1=1
[EQ][FLOW] abs=312 wifi_start=0 in_frame=1 sym_idx=52 consumed=2 produced=0
[EQ][PRE_EXTRACT] d_sym_idx=52, in_frame=1
[EQ][POST_EQUALIZE] d_sym_idx=52
[EQ][IDX_CHECK] d_sym_idx=52, condition=0
 consumed: 161
[EQ][STDERR_DIRECT] Entering direct mixed-mode header detection
[EQ][DIRECT_PATH] Entering direct mixed-mode header detection
[EQ][STDERR_BEFORE_GATE] Reached before gate check
[EQ][BEFORE_GATE] Reached before gate check
[EQ][TEST_INSERT] Added new debug output
[EQ][DEBUG_TEST] ======== DEBUG ENTRY ========
[EQ][DEBUG] Checking HT-SIG parse condition: d_sym_idx=52, kHtSig1Rel=5, d_have_ht_header=0
[EQ][DEBUG] valid flags: lltf0=1, lltf1=1, lsig=1, htsig0=1, htsig1=1
[SYNC-LONG] general_work: ninput[0]=1092 ninput[1]=1412 noutput=1024 state=1
[EQ][GATE_DETAIL] d_sym_idx=52, kHtSig1Rel=5, d_have_ht_header=0
[EQ][GATE_DETAIL] valid flags: lltf0=1 lltf1=1 lsig=1 htsig0=1 htsig1=1
LONG ninput[0] 1092   ninput[1] 1412  noutput 1024   state 1
[SYNC-LONG] Received wifi_start tag: freq_offset=0.047 offset=27757 nread=27757
LONG: ignore retrigger tag during COPY nread=27757 d_count=120 guard=3072 tag_offset=27757

----------------------------------------------------------------------
Tag Debug: 
Input Stream: 00
  Offset: 20032  Source: sync_long     Key: wifi_start   Value: -0.19635
----------------------------------------------------------------------
produced : 868 consumed: 1092
[EQ][ENTER] general_work called nin=1 nout=32
[EQ][TAG] wifi_start at offset=313 freq_offset=-0.196350
[EQ][WHILE_ENTER] consumed=0, n_in=1
[EQ][WHILE_LOOP] iter consumed=0, d_sym_idx=53
[EQ][FLOW] abs=313 wifi_start=1 in_frame=1 sym_idx=53 consumed=0 produced=0
[EQ][FLOW] frame-takeover abs=313 allow=1
[EQ][PRE_EXTRACT] d_sym_idx=0, in_frame=1
[EXTRACT_CALL] sym_idx=0, type=OTHER
[EQ][IDX_CHECK] d_sym_idx=0, condition=1
[EQ][VALID_SET] d_sym_idx=0, valid=1
[EQ][SYM_IDX] sym_idx=0, type=UNKNOWN
[EQ][POST_EQUALIZE] d_sym_idx=0
[EQ][RAW_BITS] sym_idx=0 bits52=0000000000000000000000000000000000000000000000000000
[EQ][STDERR_DIRECT] Entering direct mixed-mode header detection

----------------------------------------------------------------------
Tag Debug: eq_in_tagdbg
Input Stream: 00
  Offset: 313  Source: sync_long     Key: wifi_start   Value: -0.19635
----------------------------------------------------------------------
[EQ][DIRECT_PATH] Entering direct mixed-mode header detection
[EQ][STDERR_BEFORE_GATE] Reached before gate check
[EQ][BEFORE_GATE] Reached before gate check
[EQ][TEST_INSERT] Added new debug output
[EQ][DEBUG_TEST] ======== DEBUG ENTRY ========
[EQ][DEBUG] Checking HT-SIG parse condition: d_sym_idx=0, kHtSig1Rel=5, d_have_ht_header=0
[EQ][DEBUG] valid flags: lltf0=0, lltf1=0, lsig=0, htsig0=0, htsig1=0
[EQ][ENTER] general_work called nin=14 nout=512
[EQ][GATE_DETAIL] d_sym_idx=0, kHtSig1Rel=5, d_have_ht_header=0
[EQ][GATE_DETAIL] valid flags: lltf0=0 lltf1=0 lsig=0 htsig0=0 htsig1=0
[EQ][WHILE_ENTER] consumed=0, n_in=14
[EQ][WHILE_LOOP] iter consumed=0, d_sym_idx=1
[EQ][FLOW] abs=314 wifi_start=0 in_frame=1 sym_idx=1 consumed=0 produced=0
[EQ][PRE_EXTRACT] d_sym_idx=1, in_frame=1
[EXTRACT_CALL] sym_idx=1, type=L-LTF0
[EQ][IDX_CHECK] d_sym_idx=1, condition=1
[EQ][VALID_SET] d_sym_idx=1, valid=1
[EQ][SYM_IDX] sym_idx=1, type=L-LTF0
[EQ][POST_EQUALIZE] d_sym_idx=1
[EQ][RAW_BITS] sym_idx=1 bits52=0000000000000000000000000000000000000000000000000000
[EQ][STDERR_DIRECT] Entering direct mixed-mode header detection
[EQ][DIRECT_PATH] Entering direct mixed-mode header detection
[EQ][STDERR_BEFORE_GATE] Reached before gate check
[EQ][BEFORE_GATE] Reached before gate check
[EQ][TEST_INSERT] Added new debug output
[EQ][DEBUG_TEST] ======== DEBUG ENTRY ========
[EQ][DEBUG] Checking HT-SIG parse condition: d_sym_idx=1, kHtSig1Rel=5, d_have_ht_header=0
[EQ][DEBUG] valid flags: lltf0=1, lltf1=0, lsig=0, htsig0=0, htsig1=0
[EQ][WHILE_LOOP] iter consumed=1, d_sym_idx=2
[EQ][GATE_DETAIL] d_sym_idx=1, kHtSig1Rel=5, d_have_ht_header=0
[EQ][GATE_DETAIL] valid flags: lltf0=1 lltf1=0 lsig=0 htsig0=0 htsig1=0
[EQ][FLOW] abs=315 wifi_start=0 in_frame=1 sym_idx=2 consumed=1 produced=0
[EQ][PRE_EXTRACT] d_sym_idx=2, in_frame=1
[EXTRACT_CALL] sym_idx=2, type=L-LTF1
[EQ][IDX_CHECK] d_sym_idx=2, condition=1
[EQ][VALID_SET] d_sym_idx=2, valid=1
[EQ][SYM_IDX] sym_idx=2, type=L-LTF1
[EQ][POST_EQUALIZE] d_sym_idx=2
[EQ][RAW_BITS] sym_idx=2 bits52=0111110100110110000000111010011010101100011010101111
[EQ][STDERR_DIRECT] Entering direct mixed-mode header detection
[EQ][DIRECT_PATH] Entering direct mixed-mode header detection
[EQ][STDERR_BEFORE_GATE] Reached before gate check
[EQ][BEFORE_GATE] Reached before gate check
[EQ][TEST_INSERT] Added new debug output
[EQ][DEBUG_TEST] ======== DEBUG ENTRY ========
[EQ][DEBUG] Checking HT-SIG parse condition: d_sym_idx=2, kHtSig1Rel=5, d_have_ht_header=0
[EQ][DEBUG] valid flags: lltf0=1, lltf1=1, lsig=0, htsig0=0, htsig1=0
[EQ][WHILE_LOOP] iter consumed=2, d_sym_idx=3
[EQ][GATE_DETAIL] d_sym_idx=2, kHtSig1Rel=5, d_have_ht_header=0
[EQ][GATE_DETAIL] valid flags: lltf0=1 lltf1=1 lsig=0 htsig0=0 htsig1=0
[EQ][FLOW] abs=316 wifi_start=0 in_frame=1 sym_idx=3 consumed=2 produced=0
[EQ][PRE_EXTRACT] d_sym_idx=3, in_frame=1
[EXTRACT_CALL] sym_idx=3, type=L-SIG
[EQ][IDX_CHECK] d_sym_idx=3, condition=1
[EQ][VALID_SET] d_sym_idx=3, valid=1
[EQ][SYM_IDX] sym_idx=3, type=L-SIG
[EQ][POST_EQUALIZE] d_sym_idx=3
[EQ][RAW_BITS] sym_idx=3 bits52=0000111110101110101101010011011001010001111110001000
[EQ][STDERR_DIRECT] Entering direct mixed-mode header detection
[EQ][DIRECT_PATH] Entering direct mixed-mode header detection
[EQ][STDERR_BEFORE_GATE] Reached before gate check
[EQ][BEFORE_GATE] Reached before gate check
[EQ][GATE] sym=3 want_htsig1=5 valid={lltf0=1 lltf1=1 lsig=1 htsig0=0 htsig1=0} have_ht=0
[EQ][TEST_INSERT] Added new debug output
[EQ][DEBUG_TEST] ======== DEBUG ENTRY ========
[EQ][DEBUG] Checking HT-SIG parse condition: d_sym_idx=3, kHtSig1Rel=5, d_have_ht_header=0
[EQ][DEBUG] valid flags: lltf0=1, lltf1=1, lsig=1, htsig0=0, htsig1=0
[EQ][WHILE_LOOP] iter consumed=3, d_sym_idx=4
[EQ][GATE_DETAIL] d_sym_idx=3, kHtSig1Rel=5, d_have_ht_header=0
[EQ][GATE_DETAIL] valid flags: lltf0=1 lltf1=1 lsig=1 htsig0=0 htsig1=0
[EQ][FLOW] abs=317 wifi_start=0 in_frame=1 sym_idx=4 consumed=3 produced=0
[EQ][PRE_EXTRACT] d_sym_idx=4, in_frame=1
[EXTRACT_CALL] sym_idx=4, type=HT-SIG0
[EQ][IDX_CHECK] d_sym_idx=4, condition=1
[EQ][VALID_SET] d_sym_idx=4, valid=1
[EQ][SYM_IDX] sym_idx=4, type=HT-SIG0
[EQ][POST_EQUALIZE] d_sym_idx=4
[EQ][RAW_BITS] sym_idx=4 bits52=1111000001110100110010101100100110101110001000100111
[EQ][STDERR_DIRECT] Entering direct mixed-mode header detection
[EQ][DIRECT_PATH] Entering direct mixed-mode header detection
[EQ][STDERR_BEFORE_GATE] Reached before gate check
[EQ][BEFORE_GATE] Reached before gate check
[EQ][GATE] sym=4 want_htsig1=5 valid={lltf0=1 lltf1=1 lsig=1 htsig0=1 htsig1=0} have_ht=0
[EQ][TEST_INSERT] Added new debug output
[EQ][DEBUG_TEST] ======== DEBUG ENTRY ========
[EQ][DEBUG] Checking HT-SIG parse condition: d_sym_idx=4, kHtSig1Rel=5, d_have_ht_header=0
[EQ][DEBUG] valid flags: lltf0=1, lltf1=1, lsig=1, htsig0=1, htsig1=0
[EQ][WHILE_LOOP] iter consumed=4, d_sym_idx=5
[EQ][GATE_DETAIL] d_sym_idx=4, kHtSig1Rel=5, d_have_ht_header=0
[EQ][GATE_DETAIL] valid flags: lltf0=1 lltf1=1 lsig=1 htsig0=1 htsig1=0
[EQ][FLOW] abs=318 wifi_start=0 in_frame=1 sym_idx=5 consumed=4 produced=0
[EQ][PRE_EXTRACT] d_sym_idx=5, in_frame=1
[EXTRACT_CALL] sym_idx=5, type=HT-SIG1
[EQ][IDX_CHECK] d_sym_idx=5, condition=1
[EQ][VALID_SET] d_sym_idx=5, valid=1
[EQ][SYM_IDX] sym_idx=5, type=HT-SIG1
[EQ][POST_EQUALIZE] d_sym_idx=5
[EQ][RAW_BITS] sym_idx=5 bits52=1111001011101010101101010110110001001000000100011010
[EQ][STDERR_DIRECT] Entering direct mixed-mode header detection
[EQ][DIRECT_PATH] Entering direct mixed-mode header detection
[EQ][STDERR_BEFORE_GATE] Reached before gate check
[EQ][BEFORE_GATE] Reached before gate check
[EQ][GATE] sym=5 want_htsig1=5 valid={lltf0=1 lltf1=1 lsig=1 htsig0=1 htsig1=1} have_ht=0
[EQ][TEST_INSERT] Added new debug output
[EQ][DEBUG_TEST] ======== DEBUG ENTRY ========
[EQ][DEBUG] Checking HT-SIG parse condition: d_sym_idx=5, kHtSig1Rel=5, d_have_ht_header=0
[EQ][DEBUG] valid flags: lltf0=1, lltf1=1, lsig=1, htsig0=1, htsig1=1
[EQ][GATE_DETAIL] d_sym_idx=5, kHtSig1Rel=5, d_have_ht_header=0
[EQ][GATE_DETAIL] valid flags: lltf0=1 lltf1=1 lsig=1 htsig0=1 htsig1=1
[EQ][DEBUG_BLOCK] ENTERING HT-SIG PARSE BLOCK
[RX][LLTF-DBG] L-LTF0 valid=1, L-LTF1 valid=1
[RX][LLTF-DBG] L-LTF0 avg_mag=8.3641, L-LTF1 avg_mag=8.3649
[RX][LLTF-DBG] L-LTF0[0:3]: 0.027∠0.105 0.026∠0.326 8.865∠1.961 8.893∠1.471 
[RX][LLTF-DBG] L-LTF1[0:3]: 0.020∠-1.229 0.018∠-1.071 8.877∠-1.178 8.886∠-1.668 
[CHAN_EST][DEBUG] L-LTF0 average magnitude: 8.3641
[CHAN_EST][DEBUG] L-LTF1 average magnitude: 8.3649
[CHAN_EST][LLTF_COMPARE] First 20 data subcarriers:
  i=0 sc=-26: expected=1, avg=0.017+-0.008i (mag=0.019, phase=-0.451), received0=0.027+0.003i received1=0.007+-0.019i
  i=1 sc=-25: expected=1, avg=0.017+-0.004i (mag=0.017, phase=-0.234), received0=0.024+0.008i received1=0.009+-0.016i
  i=2 sc=-24: expected=-1, avg=0.015+-0.000i (mag=0.015, phase=-0.027), received0=-3.371+8.199i received1=3.401+-8.200i
  i=3 sc=-23: expected=-1, avg=0.013+0.002i (mag=0.013, phase=0.156), received0=0.886+8.848i received1=-0.860+-8.844i
  i=4 sc=-22: expected=1, avg=0.011+0.004i (mag=0.011, phase=0.323), received0=-4.918+-7.363i received1=4.939+7.370i
  i=5 sc=-20: expected=-1, avg=0.007+0.005i (mag=0.009, phase=0.559), received0=8.883+0.014i received1=-8.868+-0.005i
  i=6 sc=-19: expected=1, avg=0.006+0.005i (mag=0.008, phase=0.654), received0=7.832+-4.171i received1=-7.819+4.180i
  i=7 sc=-18: expected=-1, avg=-4.925+7.382i (mag=8.874, phase=2.159), received0=-4.927+7.389i received1=-4.922+7.375i
  i=8 sc=-17: expected=1, avg=0.875+-8.826i (mag=8.870, phase=-1.472), received0=0.872+-8.820i received1=0.877+-8.833i
  i=9 sc=-16: expected=1, avg=3.400+8.206i (mag=8.883, phase=1.178), received0=3.398+8.212i received1=3.403+8.201i
  i=10 sc=-15: expected=1, avg=0.003+0.005i (mag=0.006, phase=1.056), received0=-6.862+-5.622i received1=6.868+5.632i
  i=11 sc=-14: expected=1, avg=-8.702+-1.727i (mag=8.871, phase=-2.946), received0=-8.705+-1.722i received1=-8.699+-1.732i
  i=12 sc=-13: expected=1, avg=-8.489+2.580i (mag=8.873, phase=2.847), received0=-8.493+2.584i received1=-8.486+2.576i
  i=13 sc=-12: expected=1, avg=0.001+0.004i (mag=0.004, phase=1.271), received0=-6.278+6.283i received1=6.281+-6.275i
  i=14 sc=-11: expected=-1, avg=-2.576+8.499i (mag=8.881, phase=1.865), received0=-2.580+8.502i received1=-2.572+8.495i
  i=15 sc=-10: expected=-1, avg=1.733+8.710i (mag=8.881, phase=1.374), received0=1.729+8.713i received1=1.736+8.707i
  i=16 sc=-9: expected=1, avg=0.001+0.004i (mag=0.004, phase=1.314), received0=-5.632+-6.854i received1=5.634+6.862i
  i=17 sc=-8: expected=1, avg=0.001+0.004i (mag=0.004, phase=1.330), received0=-8.200+-3.390i received1=8.202+3.398i
  i=18 sc=-6: expected=1, avg=0.001+0.004i (mag=0.004, phase=1.446), received0=7.378+-4.926i received1=-7.377+4.935i
  i=19 sc=-5: expected=-1, avg=-4.185+7.833i (mag=8.881, phase=2.061), received0=-4.188+7.834i received1=-4.181+7.832i
[CHAN_EST] Average channel magnitude: 3.9302
[CHAN_EST] Channel magnitude range: [0.0039, 8.8870]
[CHAN_EST] Channel phase range: [-2.986, 3.129] rad
[CHAN_EST] Zero magnitude subcarriers: 0/52
[CHAN_EST][SC0] H=0.017+-0.008i, mag=0.019, phase=-0.451
[CHAN_EST][SC1] H=0.017+-0.004i, mag=0.017, phase=-0.234
[CHAN_EST][SC2] H=-0.015+0.000i, mag=0.015, phase=3.114
[CHAN_EST][SC3] H=-0.013+-0.002i, mag=0.013, phase=-2.986
[CHAN_EST][SC4] H=0.011+0.004i, mag=0.011, phase=0.323
[CHAN_EST][SC5] H=-0.007+-0.005i, mag=0.009, phase=-2.583
[CHAN_EST][SC6] H=0.006+0.005i, mag=0.008, phase=0.654
[CHAN_EST][SC7] H=4.925+-7.382i, mag=8.874, phase=-0.983
[CHAN_EST][SC8] H=0.875+-8.826i, mag=8.870, phase=-1.472
[CHAN_EST][SC9] H=3.400+8.206i, mag=8.883, phase=1.178
[EQ_HEADER] CPE estimate: -2.376 rad, rot=-0.721+0.693i
[EQ_HEADER][WARNING] Weak channel at SC-26 (idx=0): H_mag=0.0188, skipping
[EQ_HEADER][WARNING] Weak channel at SC-25 (idx=1): H_mag=0.0170, skipping
[EQ_HEADER][WARNING] Weak channel at SC-24 (idx=2): H_mag=0.0151, skipping
[EQ_HEADER][WARNING] Weak channel at SC-23 (idx=3): H_mag=0.0132, skipping
[EQ_HEADER][WARNING] Weak channel at SC-22 (idx=4): H_mag=0.0114, skipping
[EQ_HEADER][WARNING] Weak channel at SC-20 (idx=5): H_mag=0.0087, skipping
[EQ_HEADER][WARNING] Weak channel at SC-19 (idx=6): H_mag=0.0077, skipping
[EQ_HEADER][WARNING] Weak channel at SC-15 (idx=10): H_mag=0.0058, skipping
[EQ_HEADER][WARNING] Weak channel at SC-12 (idx=13): H_mag=0.0045, skipping
[EQ_HEADER][WARNING] Weak channel at SC-9 (idx=16): H_mag=0.0039, skipping
[EQ_HEADER][WARNING] Weak channel at SC-8 (idx=17): H_mag=0.0041, skipping
[EQ_HEADER][WARNING] Weak channel at SC-6 (idx=18): H_mag=0.0042, skipping
[EQ_HEADER][WARNING] Weak channel at SC-1 (idx=23): H_mag=0.0044, skipping
[EQ_HEADER][WARNING] Weak channel at SC2 (idx=25): H_mag=0.0046, skipping
[EQ_HEADER][WARNING] Weak channel at SC8 (idx=30): H_mag=0.0041, skipping
[EQ_HEADER][WARNING] Weak channel at SC9 (idx=31): H_mag=0.0042, skipping
[EQ_HEADER][WARNING] Weak channel at SC10 (idx=32): H_mag=0.0043, skipping
[EQ_HEADER][WARNING] Weak channel at SC12 (idx=34): H_mag=0.0050, skipping
[EQ_HEADER][WARNING] Weak channel at SC13 (idx=35): H_mag=0.0054, skipping
[EQ_HEADER][WARNING] Weak channel at SC15 (idx=37): H_mag=0.0059, skipping
[EQ_HEADER][WARNING] Weak channel at SC16 (idx=38): H_mag=0.0060, skipping
[EQ_HEADER][WARNING] Weak channel at SC17 (idx=39): H_mag=0.0060, skipping
[EQ_HEADER][WARNING] Weak channel at SC18 (idx=40): H_mag=0.0062, skipping
[EQ_HEADER][WARNING] Weak channel at SC19 (idx=41): H_mag=0.0065, skipping
[EQ_HEADER][WARNING] Weak channel at SC20 (idx=42): H_mag=0.0069, skipping
[EQ_HEADER][WARNING] Weak channel at SC24 (idx=45): H_mag=0.0108, skipping
[EQ_HEADER] Zero-magnitude H subcarriers: 0/48
[EQ_HEADER] Average RX magnitude: 8.3226
[EQ_HEADER] Average EQ magnitude: 0.4583
[EQ_HEADER] First 10 bits: 1111111101
[EQ_HEADER][SC0] rx=-0.025+0.020i, eq=0.000+0.000i, bit=1
[EQ_HEADER][SC1] rx=-0.026+0.013i, eq=0.000+0.000i, bit=1
[EQ_HEADER][SC2] rx=3.366+-8.179i, eq=0.000+0.000i, bit=1
[EQ_HEADER][SC3] rx=-0.893+-8.831i, eq=0.000+0.000i, bit=1
[EQ_HEADER][SC4] rx=-4.950+-7.378i, eq=0.000+0.000i, bit=1
[EQ_HEADER] CPE estimate: 1.531 rad, rot=0.040+-0.999i
[EQ_HEADER][WARNING] Weak channel at SC-26 (idx=0): H_mag=0.0188, skipping
[EQ_HEADER][WARNING] Weak channel at SC-25 (idx=1): H_mag=0.0170, skipping
[EQ_HEADER][WARNING] Weak channel at SC-24 (idx=2): H_mag=0.0151, skipping
[EQ_HEADER][WARNING] Weak channel at SC-23 (idx=3): H_mag=0.0132, skipping
[EQ_HEADER][WARNING] Weak channel at SC-22 (idx=4): H_mag=0.0114, skipping
[EQ_HEADER][WARNING] Weak channel at SC-20 (idx=5): H_mag=0.0087, skipping
[EQ_HEADER][WARNING] Weak channel at SC-19 (idx=6): H_mag=0.0077, skipping
[EQ_HEADER][WARNING] Weak channel at SC-15 (idx=10): H_mag=0.0058, skipping
[EQ_HEADER][WARNING] Weak channel at SC-12 (idx=13): H_mag=0.0045, skipping
[EQ_HEADER][WARNING] Weak channel at SC-9 (idx=16): H_mag=0.0039, skipping
[EQ_HEADER][WARNING] Weak channel at SC-8 (idx=17): H_mag=0.0041, skipping
[EQ_HEADER][WARNING] Weak channel at SC-6 (idx=18): H_mag=0.0042, skipping
[EQ_HEADER][WARNING] Weak channel at SC-1 (idx=23): H_mag=0.0044, skipping
[EQ_HEADER][WARNING] Weak channel at SC2 (idx=25): H_mag=0.0046, skipping
[EQ_HEADER][WARNING] Weak channel at SC8 (idx=30): H_mag=0.0041, skipping
[EQ_HEADER][WARNING] Weak channel at SC9 (idx=31): H_mag=0.0042, skipping
[EQ_HEADER][WARNING] Weak channel at SC10 (idx=32): H_mag=0.0043, skipping
[EQ_HEADER][WARNING] Weak channel at SC12 (idx=34): H_mag=0.0050, skipping
[EQ_HEADER][WARNING] Weak channel at SC13 (idx=35): H_mag=0.0054, skipping
[EQ_HEADER][WARNING] Weak channel at SC15 (idx=37): H_mag=0.0059, skipping
[EQ_HEADER][WARNING] Weak channel at SC16 (idx=38): H_mag=0.0060, skipping
[EQ_HEADER][WARNING] Weak channel at SC17 (idx=39): H_mag=0.0060, skipping
[EQ_HEADER][WARNING] Weak channel at SC18 (idx=40): H_mag=0.0062, skipping
[EQ_HEADER][WARNING] Weak channel at SC19 (idx=41): H_mag=0.0065, skipping
[EQ_HEADER][WARNING] Weak channel at SC20 (idx=42): H_mag=0.0069, skipping
[EQ_HEADER][WARNING] Weak channel at SC24 (idx=45): H_mag=0.0108, skipping
[EQ_HEADER] Zero-magnitude H subcarriers: 0/48
[EQ_HEADER] Average RX magnitude: 8.3216
[EQ_HEADER] Average EQ magnitude: 0.4582
[EQ_HEADER] First 10 bits: 1111111111
[EQ_HEADER][SC0] rx=0.011+-0.005i, eq=0.000+0.000i, bit=1
[EQ_HEADER][SC1] rx=0.010+-0.002i, eq=0.000+0.000i, bit=1
[EQ_HEADER][SC2] rx=-3.383+8.187i, eq=0.000+0.000i, bit=1
[EQ_HEADER][SC3] rx=0.876+8.836i, eq=0.000+0.000i, bit=1
[EQ_HEADER][SC4] rx=4.935+7.380i, eq=0.000+0.000i, bit=1
[EQ_HEADER] CPE estimate: 0.964 rad, rot=0.570+-0.821i
[EQ_HEADER][WARNING] Weak channel at SC-26 (idx=0): H_mag=0.0188, skipping
[EQ_HEADER][WARNING] Weak channel at SC-25 (idx=1): H_mag=0.0170, skipping
[EQ_HEADER][WARNING] Weak channel at SC-24 (idx=2): H_mag=0.0151, skipping
[EQ_HEADER][WARNING] Weak channel at SC-23 (idx=3): H_mag=0.0132, skipping
[EQ_HEADER][WARNING] Weak channel at SC-22 (idx=4): H_mag=0.0114, skipping
[EQ_HEADER][WARNING] Weak channel at SC-20 (idx=5): H_mag=0.0087, skipping
[EQ_HEADER][WARNING] Weak channel at SC-19 (idx=6): H_mag=0.0077, skipping
[EQ_HEADER][WARNING] Weak channel at SC-15 (idx=10): H_mag=0.0058, skipping
[EQ_HEADER][WARNING] Weak channel at SC-12 (idx=13): H_mag=0.0045, skipping
[EQ_HEADER][WARNING] Weak channel at SC-9 (idx=16): H_mag=0.0039, skipping
[EQ_HEADER][WARNING] Weak channel at SC-8 (idx=17): H_mag=0.0041, skipping
[EQ_HEADER][WARNING] Weak channel at SC-6 (idx=18): H_mag=0.0042, skipping
[EQ_HEADER][WARNING] Weak channel at SC-1 (idx=23): H_mag=0.0044, skipping
[EQ_HEADER][WARNING] Weak channel at SC2 (idx=25): H_mag=0.0046, skipping
[EQ_HEADER][WARNING] Weak channel at SC8 (idx=30): H_mag=0.0041, skipping
[EQ_HEADER][WARNING] Weak channel at SC9 (idx=31): H_mag=0.0042, skipping
[EQ_HEADER][WARNING] Weak channel at SC10 (idx=32): H_mag=0.0043, skipping
[EQ_HEADER][WARNING] Weak channel at SC12 (idx=34): H_mag=0.0050, skipping
[EQ_HEADER][WARNING] Weak channel at SC13 (idx=35): H_mag=0.0054, skipping
[EQ_HEADER][WARNING] Weak channel at SC15 (idx=37): H_mag=0.0059, skipping
[EQ_HEADER][WARNING] Weak channel at SC16 (idx=38): H_mag=0.0060, skipping
[EQ_HEADER][WARNING] Weak channel at SC17 (idx=39): H_mag=0.0060, skipping
[EQ_HEADER][WARNING] Weak channel at SC18 (idx=40): H_mag=0.0062, skipping
[EQ_HEADER][WARNING] Weak channel at SC19 (idx=41): H_mag=0.0065, skipping
[EQ_HEADER][WARNING] Weak channel at SC20 (idx=42): H_mag=0.0069, skipping
[EQ_HEADER][WARNING] Weak channel at SC24 (idx=45): H_mag=0.0108, skipping
[EQ_HEADER] Zero-magnitude H subcarriers: 0/48
[EQ_HEADER] Average RX magnitude: 8.2734
[EQ_HEADER] Average EQ magnitude: 0.4447
[EQ_HEADER] First 10 bits: 1111111110
[EQ_HEADER][SC0] rx=3.114+-0.471i, eq=0.000+0.000i, bit=1
[EQ_HEADER][SC1] rx=3.798+0.630i, eq=0.000+0.000i, bit=1
[EQ_HEADER][SC2] rx=0.506+10.273i, eq=0.000+0.000i, bit=1
[EQ_HEADER][SC3] rx=4.145+12.359i, eq=0.000+0.000i, bit=1
[EQ_HEADER][SC4] rx=-2.882+-2.822i, eq=0.000+0.000i, bit=1
[RX][CHAN-EST] Hhdr52: avg_mag=3.9302 avg_phase=-2.3652 rad phase_var=2.0910
[RX][CHAN-EST] Hhdr52[0:5]: 0.019∠-0.451 0.017∠-0.234 0.015∠3.114 0.013∠-2.986 0.011∠0.323 0.009∠-2.583 
[RX][HDRDBG] rel=3 raw48=001000101000011100010111001001001111110000111001
[RX][HDRDBG] rel=3 eq48 =111111110110010111101011011001111011111111111101
[RX][HDRDBG] rel=3 deintl48=111110111101111101111111001111111001001111010111
[RX][HDRDBG] rel=3 bit-errors: raw->eq=25 eq->deintl=18
[RX][HDRDBG] rel=4 raw48=110111011110111011101000100110110000001101010010
[RX][HDRDBG] rel=4 eq48 =111111111111011111101011011001111011111111101101
[RX][HDRDBG] rel=4 deintl48=111110111101111101111111101111111100001111110111
[RX][HDRDBG] rel=4 bit-errors: raw->eq=25 eq->deintl=18
[RX][HDRDBG] rel=5 raw48=111101110001011000011110010011011001101110011101
[RX][HDRDBG] rel=5 eq48 =111111111010111011110001111100111011011111100110
[RX][HDRDBG] rel=5 deintl48=111110111111100101101111111011111010100101111010
[RX][HDRDBG] rel=5 bit-errors: raw->eq=27 eq->deintl=22
[EQ_HEADER] CPE estimate: -2.376 rad, rot=-0.721+0.693i
[EQ_HEADER][WARNING] Weak channel at SC-26 (idx=0): H_mag=0.0188, skipping
[EQ_HEADER][WARNING] Weak channel at SC-25 (idx=1): H_mag=0.0170, skipping
[EQ_HEADER][WARNING] Weak channel at SC-24 (idx=2): H_mag=0.0151, skipping
[EQ_HEADER][WARNING] Weak channel at SC-23 (idx=3): H_mag=0.0132, skipping
[EQ_HEADER][WARNING] Weak channel at SC-22 (idx=4): H_mag=0.0114, skipping
[EQ_HEADER][WARNING] Weak channel at SC-20 (idx=5): H_mag=0.0087, skipping
[EQ_HEADER][WARNING] Weak channel at SC-19 (idx=6): H_mag=0.0077, skipping
[EQ_HEADER][WARNING] Weak channel at SC-15 (idx=10): H_mag=0.0058, skipping
[EQ_HEADER][WARNING] Weak channel at SC-12 (idx=13): H_mag=0.0045, skipping
[EQ_HEADER][WARNING] Weak channel at SC-9 (idx=16): H_mag=0.0039, skipping
[EQ_HEADER][WARNING] Weak channel at SC-8 (idx=17): H_mag=0.0041, skipping
[EQ_HEADER][WARNING] Weak channel at SC-6 (idx=18): H_mag=0.0042, skipping
[EQ_HEADER][WARNING] Weak channel at SC-1 (idx=23): H_mag=0.0044, skipping
[EQ_HEADER][WARNING] Weak channel at SC2 (idx=25): H_mag=0.0046, skipping
[EQ_HEADER][WARNING] Weak channel at SC8 (idx=30): H_mag=0.0041, skipping
[EQ_HEADER][WARNING] Weak channel at SC9 (idx=31): H_mag=0.0042, skipping
[EQ_HEADER][WARNING] Weak channel at SC10 (idx=32): H_mag=0.0043, skipping
[EQ_HEADER][WARNING] Weak channel at SC12 (idx=34): H_mag=0.0050, skipping
[EQ_HEADER][WARNING] Weak channel at SC13 (idx=35): H_mag=0.0054, skipping
[EQ_HEADER][WARNING] Weak channel at SC15 (idx=37): H_mag=0.0059, skipping
[EQ_HEADER][WARNING] Weak channel at SC16 (idx=38): H_mag=0.0060, skipping
[EQ_HEADER][WARNING] Weak channel at SC17 (idx=39): H_mag=0.0060, skipping
[EQ_HEADER][WARNING] Weak channel at SC18 (idx=40): H_mag=0.0062, skipping
[EQ_HEADER][WARNING] Weak channel at SC19 (idx=41): H_mag=0.0065, skipping
[EQ_HEADER][WARNING] Weak channel at SC20 (idx=42): H_mag=0.0069, skipping
[EQ_HEADER][WARNING] Weak channel at SC24 (idx=45): H_mag=0.0108, skipping
[EQ_HEADER] Zero-magnitude H subcarriers: 0/48
[EQ_HEADER] Average RX magnitude: 8.3226
[EQ_HEADER] Average EQ magnitude: 0.4583
[EQ_HEADER] First 10 bits: 1111111101
[EQ_HEADER][SC0] rx=-0.025+0.020i, eq=0.000+0.000i, bit=1
[EQ_HEADER][SC1] rx=-0.026+0.013i, eq=0.000+0.000i, bit=1
[EQ_HEADER][SC2] rx=3.366+-8.179i, eq=0.000+0.000i, bit=1
[EQ_HEADER][SC3] rx=-0.893+-8.831i, eq=0.000+0.000i, bit=1
[EQ_HEADER][SC4] rx=-4.950+-7.378i, eq=0.000+0.000i, bit=1
[EQ_HEADER] CPE estimate: -2.376 rad, rot=-0.721+0.693i
[EQ_HEADER][WARNING] Weak channel at SC-26 (idx=0): H_mag=0.0188, skipping
[EQ_HEADER][WARNING] Weak channel at SC-25 (idx=1): H_mag=0.0170, skipping
[EQ_HEADER][WARNING] Weak channel at SC-24 (idx=2): H_mag=0.0151, skipping
[EQ_HEADER][WARNING] Weak channel at SC-23 (idx=3): H_mag=0.0132, skipping
[EQ_HEADER][WARNING] Weak channel at SC-22 (idx=4): H_mag=0.0114, skipping
[EQ_HEADER][WARNING] Weak channel at SC-20 (idx=5): H_mag=0.0087, skipping
[EQ_HEADER][WARNING] Weak channel at SC-19 (idx=6): H_mag=0.0077, skipping
[EQ_HEADER][WARNING] Weak channel at SC-15 (idx=10): H_mag=0.0058, skipping
[EQ_HEADER][WARNING] Weak channel at SC-12 (idx=13): H_mag=0.0045, skipping
[EQ_HEADER][WARNING] Weak channel at SC-9 (idx=16): H_mag=0.0039, skipping
[EQ_HEADER][WARNING] Weak channel at SC-8 (idx=17): H_mag=0.0041, skipping
[EQ_HEADER][WARNING] Weak channel at SC-6 (idx=18): H_mag=0.0042, skipping
[EQ_HEADER][WARNING] Weak channel at SC-1 (idx=23): H_mag=0.0044, skipping
[EQ_HEADER][WARNING] Weak channel at SC2 (idx=25): H_mag=0.0046, skipping
[EQ_HEADER][WARNING] Weak channel at SC8 (idx=30): H_mag=0.0041, skipping
[EQ_HEADER][WARNING] Weak channel at SC9 (idx=31): H_mag=0.0042, skipping
[EQ_HEADER][WARNING] Weak channel at SC10 (idx=32): H_mag=0.0043, skipping
[EQ_HEADER][WARNING] Weak channel at SC12 (idx=34): H_mag=0.0050, skipping
[EQ_HEADER][WARNING] Weak channel at SC13 (idx=35): H_mag=0.0054, skipping
[EQ_HEADER][WARNING] Weak channel at SC15 (idx=37): H_mag=0.0059, skipping
[EQ_HEADER][WARNING] Weak channel at SC16 (idx=38): H_mag=0.0060, skipping
[EQ_HEADER][WARNING] Weak channel at SC17 (idx=39): H_mag=0.0060, skipping
[EQ_HEADER][WARNING] Weak channel at SC18 (idx=40): H_mag=0.0062, skipping
[EQ_HEADER][WARNING] Weak channel at SC19 (idx=41): H_mag=0.0065, skipping
[EQ_HEADER][WARNING] Weak channel at SC20 (idx=42): H_mag=0.0069, skipping
[EQ_HEADER][WARNING] Weak channel at SC24 (idx=45): H_mag=0.0108, skipping
[EQ_HEADER] Zero-magnitude H subcarriers: 0/48
[EQ_HEADER] Average RX magnitude: 8.3226
[EQ_HEADER] Average EQ magnitude: 0.4583
[EQ_HEADER] First 10 bits: 1111111101
[EQ_HEADER][SC0] rx=-0.025+0.020i, eq=0.000+0.000i, bit=1
[EQ_HEADER][SC1] rx=-0.026+0.013i, eq=0.000+0.000i, bit=1
[EQ_HEADER][SC2] rx=3.366+-8.179i, eq=0.000+0.000i, bit=1
[EQ_HEADER][SC3] rx=-0.893+-8.831i, eq=0.000+0.000i, bit=1
[EQ_HEADER][SC4] rx=-4.950+-7.378i, eq=0.000+0.000i, bit=1
[EQ][HT-SIG][DEBUG] L-SIG bits (48): 000011111010111010110101001101100101000111111000
[EQ][HT-SIG][DEBUG] HT-SIG0 bits (48): 111100000111010011001010110010011010111000100010
[EQ][HT-SIG][DEBUG] HT-SIG1 bits (48): 111100101110101010110101011011000100100000010001
[EQ][HT-SIG] parse failed: lsig=3 htsig=4/5
[EQ][WHILE_LOOP] iter consumed=5, d_sym_idx=6
[EQ][FLOW] abs=319 wifi_start=0 in_frame=1 sym_idx=6 consumed=5 produced=0
[EQ][PRE_EXTRACT] d_sym_idx=6, in_frame=1
[EXTRACT_CALL] sym_idx=6, type=OTHER
[EQ][IDX_CHECK] d_sym_idx=6, condition=1
[EQ][VALID_SET] d_sym_idx=6, valid=1
[EQ][SYM_IDX] sym_idx=6, type=UNKNOWN
[EQ][POST_EQUALIZE] d_sym_idx=6
[EQ][RAW_BITS] sym_idx=6 bits52=1101101001100000101001110000111011010010101100010000
[EQ][STDERR_DIRECT] Entering direct mixed-mode header detection
[EQ][DIRECT_PATH] Entering direct mixed-mode header detection
[EQ][STDERR_BEFORE_GATE] Reached before gate check
[EQ][BEFORE_GATE] Reached before gate check
[EQ][GATE] sym=6 want_htsig1=5 valid={lltf0=1 lltf1=1 lsig=1 htsig0=1 htsig1=1} have_ht=0
[EQ][TEST_INSERT] Added new debug output
[EQ][DEBUG_TEST] ======== DEBUG ENTRY ========
[EQ][DEBUG] Checking HT-SIG parse condition: d_sym_idx=6, kHtSig1Rel=5, d_have_ht_header=0
[EQ][DEBUG] valid flags: lltf0=1, lltf1=1, lsig=1, htsig0=1, htsig1=1
[EQ][WHILE_LOOP] iter consumed=6, d_sym_idx=7
[EQ][GATE_DETAIL] d_sym_idx=6, kHtSig1Rel=5, d_have_ht_header=0
[EQ][GATE_DETAIL] valid flags: lltf0=1 lltf1=1 lsig=1 htsig0=1 htsig1=1
[EQ][FLOW] abs=320 wifi_start=0 in_frame=1 sym_idx=7 consumed=6 produced=0
[EQ][PRE_EXTRACT] d_sym_idx=7, in_frame=1
[EXTRACT_CALL] sym_idx=7, type=OTHER
[EQ][IDX_CHECK] d_sym_idx=7, condition=1
[EQ][VALID_SET] d_sym_idx=7, valid=1
[EQ][SYM_IDX] sym_idx=7, type=UNKNOWN
[EQ][POST_EQUALIZE] d_sym_idx=7
[EQ][RAW_BITS] sym_idx=7 bits52=0000011100010011000011101001111101101001111100011011
[EQ][STDERR_DIRECT] Entering direct mixed-mode header detection
[EQ][DIRECT_PATH] Entering direct mixed-mode header detection
[EQ][STDERR_BEFORE_GATE] Reached before gate check
[EQ][BEFORE_GATE] Reached before gate check
[EQ][TEST_INSERT] Added new debug output
[EQ][DEBUG_TEST] ======== DEBUG ENTRY ========
[EQ][DEBUG] Checking HT-SIG parse condition: d_sym_idx=7, kHtSig1Rel=5, d_have_ht_header=0
[EQ][DEBUG] valid flags: lltf0=1, lltf1=1, lsig=1, htsig0=1, htsig1=1
[EQ][WHILE_LOOP] iter consumed=7, d_sym_idx=8
[EQ][GATE_DETAIL] d_sym_idx=7, kHtSig1Rel=5, d_have_ht_header=0
[EQ][GATE_DETAIL] valid flags: lltf0=1 lltf1=1 lsig=1 htsig0=1 htsig1=1
[EQ][FLOW] abs=321 wifi_start=0 in_frame=1 sym_idx=8 consumed=7 produced=0
[EQ][PRE_EXTRACT] d_sym_idx=8, in_frame=1
[EQ][POST_EQUALIZE] d_sym_idx=8
[EQ][STDERR_DIRECT] Entering direct mixed-mode header detection
[EQ][IDX_CHECK] d_sym_idx=8, condition=0
[EQ][DIRECT_PATH] Entering direct mixed-mode header detection
[EQ][STDERR_BEFORE_GATE] Reached before gate check
[EQ][BEFORE_GATE] Reached before gate check
[EQ][TEST_INSERT] Added new debug output
[EQ][DEBUG_TEST] ======== DEBUG ENTRY ========
[EQ][DEBUG] Checking HT-SIG parse condition: d_sym_idx=8, kHtSig1Rel=5, d_have_ht_header=0
[EQ][DEBUG] valid flags: lltf0=1, lltf1=1, lsig=1, htsig0=1, htsig1=1
[EQ][WHILE_LOOP] iter consumed=8, d_sym_idx=9
[EQ][GATE_DETAIL] d_sym_idx=8, kHtSig1Rel=5, d_have_ht_header=0
[EQ][GATE_DETAIL] valid flags: lltf0=1 lltf1=1 lsig=1 htsig0=1 htsig1=1
[EQ][FLOW] abs=322 wifi_start=0 in_frame=1 sym_idx=9 consumed=8 produced=0
[EQ][PRE_EXTRACT] d_sym_idx=9, in_frame=1
[EQ][POST_EQUALIZE] d_sym_idx=9
[EQ][STDERR_DIRECT] Entering direct mixed-mode header detection
[EQ][IDX_CHECK] d_sym_idx=9, condition=0
[EQ][DIRECT_PATH] Entering direct mixed-mode header detection
[EQ][STDERR_BEFORE_GATE] Reached before gate check
[EQ][BEFORE_GATE] Reached before gate check
[EQ][TEST_INSERT] Added new debug output
[EQ][DEBUG_TEST] ======== DEBUG ENTRY ========
[EQ][DEBUG] Checking HT-SIG parse condition: d_sym_idx=9, kHtSig1Rel=5, d_have_ht_header=0
[EQ][DEBUG] valid flags: lltf0=1, lltf1=1, lsig=1, htsig0=1, htsig1=1
[EQ][WHILE_LOOP] iter consumed=9, d_sym_idx=10
[EQ][GATE_DETAIL] d_sym_idx=9, kHtSig1Rel=5, d_have_ht_header=0
[EQ][GATE_DETAIL] valid flags: lltf0=1 lltf1=1 lsig=1 htsig0=1 htsig1=1
[EQ][FLOW] abs=323 wifi_start=0 in_frame=1 sym_idx=10 consumed=9 produced=0
[EQ][PRE_EXTRACT] d_sym_idx=10, in_frame=1
[EQ][POST_EQUALIZE] d_sym_idx=10
[EQ][STDERR_DIRECT] Entering direct mixed-mode header detection
[EQ][IDX_CHECK] d_sym_idx=10, condition=0
[EQ][DIRECT_PATH] Entering direct mixed-mode header detection
[EQ][STDERR_BEFORE_GATE] Reached before gate check
[EQ][BEFORE_GATE] Reached before gate check
[EQ][TEST_INSERT] Added new debug output
[EQ][DEBUG_TEST] ======== DEBUG ENTRY ========
[EQ][DEBUG] Checking HT-SIG parse condition: d_sym_idx=10, kHtSig1Rel=5, d_have_ht_header=0
[EQ][DEBUG] valid flags: lltf0=1, lltf1=1, lsig=1, htsig0=1, htsig1=1
[EQ][WHILE_LOOP] iter consumed=10, d_sym_idx=11
[EQ][GATE_DETAIL] d_sym_idx=10, kHtSig1Rel=5, d_have_ht_header=0
[EQ][GATE_DETAIL] valid flags: lltf0=1 lltf1=1 lsig=1 htsig0=1 htsig1=1
[EQ][FLOW] abs=324 wifi_start=0 in_frame=1 sym_idx=11 consumed=10 produced=0
[EQ][PRE_EXTRACT] d_sym_idx=11, in_frame=1
[EQ][POST_EQUALIZE] d_sym_idx=11
[EQ][STDERR_DIRECT] Entering direct mixed-mode header detection
[EQ][IDX_CHECK] d_sym_idx=11, condition=0
[EQ][DIRECT_PATH] Entering direct mixed-mode header detection
[EQ][STDERR_BEFORE_GATE] Reached before gate check
[EQ][BEFORE_GATE] Reached before gate check
[EQ][TEST_INSERT] Added new debug output
[EQ][DEBUG_TEST] ======== DEBUG ENTRY ========
[EQ][DEBUG] Checking HT-SIG parse condition: d_sym_idx=11, kHtSig1Rel=5, d_have_ht_header=0
[EQ][DEBUG] valid flags: lltf0=1, lltf1=1, lsig=1, htsig0=1, htsig1=1
[EQ][WHILE_LOOP] iter consumed=11, d_sym_idx=12
[EQ][GATE_DETAIL] d_sym_idx=11, kHtSig1Rel=5, d_have_ht_header=0
[EQ][GATE_DETAIL] valid flags: lltf0=1 lltf1=1 lsig=1 htsig0=1 htsig1=1
[EQ][FLOW] abs=325 wifi_start=0 in_frame=1 sym_idx=12 consumed=11 produced=0
[EQ][PRE_EXTRACT] d_sym_idx=12, in_frame=1
[EQ][POST_EQUALIZE] d_sym_idx=12
[EQ][STDERR_DIRECT] Entering direct mixed-mode header detection
[EQ][IDX_CHECK] d_sym_idx=12, condition=0
[EQ][DIRECT_PATH] Entering direct mixed-mode header detection
[EQ][STDERR_BEFORE_GATE] Reached before gate check
[EQ][BEFORE_GATE] Reached before gate check
[EQ][TEST_INSERT] Added new debug output
[EQ][DEBUG_TEST] ======== DEBUG ENTRY ========
[EQ][DEBUG] Checking HT-SIG parse condition: d_sym_idx=12, kHtSig1Rel=5, d_have_ht_header=0
[EQ][DEBUG] valid flags: lltf0=1, lltf1=1, lsig=1, htsig0=1, htsig1=1
[EQ][WHILE_LOOP] iter consumed=12, d_sym_idx=13
[EQ][PRE_EXTRACT] d_sym_idx=13, in_frame=1
[EQ][POST_EQUALIZE] d_sym_idx=13
[EQ][STDERR_DIRECT] Entering direct mixed-mode header detection
[EQ][GATE_DETAIL] d_sym_idx=12, kHtSig1Rel=5, d_have_ht_header=0
[EQ][GATE_DETAIL] valid flags: lltf0=1 lltf1=1 lsig=1 htsig0=1 htsig1=1
[EQ][IDX_CHECK] d_sym_idx=13, condition=0
[EQ][DIRECT_PATH] Entering direct mixed-mode header detection
[EQ][STDERR_BEFORE_GATE] Reached before gate check
[EQ][BEFORE_GATE] Reached before gate check
[EQ][TEST_INSERT] Added new debug output
[EQ][DEBUG_TEST] ======== DEBUG ENTRY ========
[EQ][DEBUG] Checking HT-SIG parse condition: d_sym_idx=13, kHtSig1Rel=5, d_have_ht_header=0
[EQ][DEBUG] valid flags: lltf0=1, lltf1=1, lsig=1, htsig0=1, htsig1=1
[EQ][WHILE_LOOP] iter consumed=13, d_sym_idx=14
[EQ][PRE_EXTRACT] d_sym_idx=14, in_frame=1
[EQ][POST_EQUALIZE] d_sym_idx=14
[EQ][STDERR_DIRECT] Entering direct mixed-mode header detection
[EQ][GATE_DETAIL] d_sym_idx=13, kHtSig1Rel=5, d_have_ht_header=0
[EQ][GATE_DETAIL] valid flags: lltf0=1 lltf1=1 lsig=1 htsig0=1 htsig1=1
[EQ][IDX_CHECK] d_sym_idx=14, condition=0
[EQ][DIRECT_PATH] Entering direct mixed-mode header detection
[EQ][STDERR_BEFORE_GATE] Reached before gate check
[EQ][BEFORE_GATE] Reached before gate check
[EQ][TEST_INSERT] Added new debug output
[EQ][DEBUG_TEST] ======== DEBUG ENTRY ========
[EQ][DEBUG] Checking HT-SIG parse condition: d_sym_idx=14, kHtSig1Rel=5, d_have_ht_header=0
[EQ][DEBUG] valid flags: lltf0=1, lltf1=1, lsig=1, htsig0=1, htsig1=1
[EQ][GATE_DETAIL] d_sym_idx=14, kHtSig1Rel=5, d_have_ht_header=0
[EQ][GATE_DETAIL] valid flags: lltf0=1 lltf1=1 lsig=1 htsig0=1 htsig1=1
message_debug :info: The `print_pdu` port is deprecated and will be removed; forwarding to `print`.
***** VERBOSE PDU DEBUG PRINT ******
((encoding . 0) (crc_included . #t))
pdu length =         38 bytes
pdu vector contents = 
0000: 08 00 00 00 42 42 42 42 [MAPPER] handle_msg called42 
[MAPPER] meta=42 23 23 23 23 23 23 
0010: ff ff ff ff ff ff d0 00 78 78 78 78 78 78 78 78 
0020: 78 78 83 b7 cd 91 
((encoding . 0) (crc_included . #t))************************************

[MAPPER] meta fields: mcs=0 len=-1 psdu_len=-1
[MAPPER] using MCS=0
[MAPPER] HT mode enabled, effective MCS: 0
[TX][HTDATA0][PUNCTURED] bits52=1110011001100100011010101111101101010011110000010100
[TX][HTDATA0][INTERLEAVED] bits52=1111101110110000011011101000011000011110100101000110
[TX][HTDATA0] bits52=1111101110110000011011101000011000011110100101000110
[TX][PUNCTURED-ALL] nbits=676 first64=1110011001100100011010101111101101010011110000010100111100001000 last64=1000100111001110101101001001011011101100110100011001010110110110
[TX][INTERLEAVED-ALL] nbits=676 first64=1111101110110000011011101000011000011110100101000110111111111100 last64=0101010001001001100011110010110101111000110101011110001101011100
[TX][HTDATA0][PUNCTURED] keep existing first-frame reference /tmp/wifi_tx_punctured0_bits52.txt
[TX][HTDATA0][INTERLEAVED] keep existing first-frame reference /tmp/wifi_tx_interleaved0_bits52.txt
[TX][HTDATA0] keep existing first-frame reference /tmp/wifi_tx_data0_bits52.txt
[TX][PUNCTURED-ALL] keep existing first-frame reference /tmp/wifi_tx_punctured_all_bits.txt
[TX][INTERLEAVED-ALL] keep existing first-frame reference /tmp/wifi_tx_interleaved_all_bits.txt
[TX][PUNCTURED-ALL] updated /tmp/wifi_tx_punctured_all_bits.last.txt
[TX][INTERLEAVED-ALL] updated /tmp/wifi_tx_interleaved_all_bits.last.txt
[MAPPER] frame: ht_mode=1 psdu=38 n_sym=13 n_data_bits=338 n_encoded_bits=676 data_carriers=52 out_symbols=676
[HT-HEADER] general_work called ninput=676 noutput=32688
[TX][LSIG] raw24=110100110010000000000000
[TX][LSIG] enc48=110110001010100111001100100011011100000000000000
[TX][LSIG] intl48=110011011001000011010100011000000010011001100000
[TX][HTSIG] fields: mcs=0 len=38 bw40=0 agg=0 sgi=0 stbc=0 adv=0 nltf=0 crc=0x0d
[TX][HTSIG] raw48=000000000110010000000000000000000010110000000000
[TX][HTSIG] enc96=000000000000000000110110111100100011011100000000000000000000000000001110111001101110101100000000
[TX][HTSIG] intl96=000000111110010000000011100110000000000010011000000000011011110000000001100100000000001011101000
[TX][HTHDR][OUTBUF] lsig48=110011011001000011010100011000000010011001100000
[TX][HTHDR][OUTBUF] htsig1_48=000000111110010000000011100110000000000010011000
[TX][HTHDR][OUTBUF] htsig2_48=000000011011110000000001100100000000001011101000
[SYNC-SHORT] general_work called: noutput=1024 ninput=2256 threshold=0.010 state=1
sync_short :info: frame start at in: 29393 out: 29920
SHORT Frame!
SHORT copied 544
[SYNC-SHORT] general_work called: noutput=1024 ninput=1712 threshold=0.010 state=1
sync_short :info: frame start at in: 29874 out: 30401
SHORT Frame!
SHORT copied 481
[SYNC-LONG] general_work: ninput[0]=544 ninput[1]=864 noutput=512 state=1
[SYNC-SHORT] general_work called: noutput=1024 ninput=1231 threshold=0.010 state=1
LONG ninput[0] 544   ninput[1] 864  noutput 512   state 1
produced : 432 consumed: 544
sync_short :info: frame start at in: 30355 out: 30882
SHORT Frame!
SHORT copied 481
[SYNC-SHORT] general_work called: noutput=512 ninput=750 threshold=0.010 state=1
[SYNC-LONG] general_work: ninput[0]=962 ninput[1]=801 noutput=512 state=1
LONG ninput[0] 962   ninput[1] 801  noutput 512   state 1
[SYNC-LONG] Received wifi_start tag: freq_offset=-0.029 offset=29393 nread=29393
LONG: ignore retrigger tag during COPY nread=29393 d_count=1420 guard=3072 tag_offset=29393
sync_short :info: frame start at in: 30836 out: 31363
SHORT Frame!
SHORT copied 481
[SYNC-SHORT] general_work called: noutput=128 ninput=269 threshold=0.010 state=1
SHORT copied 128
produced : 512 consumed: 640
[SYNC-LONG] general_work: ninput[0]=931 ninput[1]=642 noutput=512 state=1
LONG ninput[0] 931   ninput[1] 642  noutput 512   state 1
[SYNC-SHORT] general_work called: noutput=64 ninput=141 threshold=0.010 state=1
SHORT copied 64
produced : 258 consumed: 322
[SYNC-SHORT] general_work called: noutput=32 ninput=77 threshold=0.010 state=1
SHORT copied 32
[SYNC-LONG] general_work: ninput[0]=673 ninput[1]=929 noutput=512 state=1
LONG ninput[0] 673   ninput[1] 929  noutput 512   state 1
[EQ][ENTER] general_work called nin=19 nout=512
[EQ][WHILE_ENTER] consumed=0, n_in=19
[EQ][WHILE_LOOP] iter consumed=0, d_sym_idx=15
[EQ][FLOW] abs=328 wifi_start=0 in_frame=1 sym_idx=15 consumed=0 produced=0
[EQ][PRE_EXTRACT] d_sym_idx=15, in_frame=1
[SYNC-LONG] Received wifi_start tag: freq_offset=-0.184 offset=30355 nread=30355
[SYNC-SHORT] general_work called: noutput=16 ninput=45 threshold=0.010 state=1
SHORT copied 16
[SYNC-SHORT] general_work called: noutput=8 ninput=29 threshold=0.010 state=1
SHORT copied 8
[SYNC-SHORT] general_work called: noutput=4 ninput=21 threshold=0.010 state=1
[EQ][IDX_CHECK] d_sym_idx=15, condition=0
LONG: ignore retrigger tag during COPYSHORT copied 4
[EQ][POST_EQUALIZE] d_sym_idx=15
[EQ][STDERR_DIRECT] Entering direct mixed-mode header detection
 nread=30355 d_count=2190 guard=3072 tag_offset=30355
[SYNC-SHORT] general_work called: noutput=1 ninput=17 threshold=0.010 state=1
[EQ][DIRECT_PATH] Entering direct mixed-mode header detection
SHORT copied 1
[EQ][STDERR_BEFORE_GATE] Reached before gate check
[EQ][BEFORE_GATE] Reached before gate check
[EQ][TEST_INSERT] Added new debug output
[EQ][DEBUG_TEST] ======== DEBUG ENTRY ========
[EQ][DEBUG] Checking HT-SIG parse condition: d_sym_idx=15, kHtSig1Rel=5, d_have_ht_header=0
[EQ][DEBUG] valid flags: lltf0=1, lltf1=1, lsig=1, htsig0=1, htsig1=1
[EQ][WHILE_LOOP] iter consumed=1, d_sym_idx=16
[EQ][GATE_DETAIL] d_sym_idx=15, kHtSig1Rel=5, d_have_ht_header=0
[EQ][GATE_DETAIL] valid flags: lltf0=1 lltf1=1 lsig=1 htsig0=1 htsig1=1
[EQ][FLOW] abs=329 wifi_start=0 in_frame=1 sym_idx=16 consumed=1 produced=0
[EQ][PRE_EXTRACT] d_sym_idx=16, in_frame=1
[EQ][IDX_CHECK] d_sym_idx=16, condition=0
produced : 512 consumed: 640
[EQ][POST_EQUALIZE] d_sym_idx=16
[EQ][STDERR_DIRECT] Entering direct mixed-mode header detection
[EQ][DIRECT_PATH] Entering direct mixed-mode header detection
[EQ][STDERR_BEFORE_GATE] Reached before gate check
[EQ][BEFORE_GATE] Reached before gate check
[EQ][TEST_INSERT] Added new debug output
[EQ][DEBUG_TEST] ======== DEBUG ENTRY ========
[EQ][DEBUG] Checking HT-SIG parse condition: d_sym_idx=16, kHtSig1Rel=5, d_have_ht_header=0
[EQ][DEBUG] valid flags: lltf0=1, lltf1=1, lsig=1, htsig0=1, htsig1=1
[SYNC-LONG] general_work: ninput[0]=94 ninput[1]=414 noutput=64 state=1
[EQ][WHILE_LOOP] iter consumed=2, d_sym_idx=17
[EQ][GATE_DETAIL] d_sym_idx=16, kHtSig1Rel=5, d_have_ht_header=0
[EQ][GATE_DETAIL] valid flags: lltf0=1 lltf1=1 lsig=1 htsig0=1 htsig1=1
LONG ninput[0] 94   ninput[1] 414  noutput 64   state 1
[EQ][FLOW] abs=330 wifi_start=0 in_frame=1 sym_idx=17 consumed=2 produced=0
[EQ][PRE_EXTRACT] d_sym_idx=17, in_frame=1
[EQ][IDX_CHECK] d_sym_idx=17, condition=0
produced : 64 consumed: 80
[EQ][POST_EQUALIZE] d_sym_idx=17
[EQ][STDERR_DIRECT] Entering direct mixed-mode header detection
[SYNC-LONG] general_work: ninput[0]=14 ninput[1]=334 noutput=8 state=1
LONG ninput[0] 14   ninput[1] 334  noutput 8   state 1
produced : 8 consumed: 8
[EQ][DIRECT_PATH] Entering direct mixed-mode header detection
[EQ][STDERR_BEFORE_GATE] Reached before gate check
[SYNC-LONG] general_work: ninput[0]=6 ninput[1]=326 noutput=4 state=1
LONG ninput[0] 6   ninput[1] 326  noutput 4   state 1
produced : 4 consumed: 4
[SYNC-LONG] general_work: ninput[0]=2 ninput[1]=322 noutput=2 state=1
LONG ninput[0] 2   ninput[1] 322  noutput 2   state 1
produced : 2 consumed: 2
[EQ][BEFORE_GATE] Reached before gate check
[EQ][TEST_INSERT] Added new debug output
[EQ][DEBUG_TEST] ======== DEBUG ENTRY ========
[EQ][DEBUG] Checking HT-SIG parse condition: d_sym_idx=17, kHtSig1Rel=5, d_have_ht_header=0
[EQ][DEBUG] valid flags: lltf0=1, lltf1=1, lsig=1, htsig0=1, htsig1=1
[EQ][WHILE_LOOP] iter consumed=3, d_sym_idx=18
[EQ][GATE_DETAIL] d_sym_idx=17, kHtSig1Rel=5, d_have_ht_header=0
[EQ][GATE_DETAIL] valid flags: lltf0=1 lltf1=1 lsig=1 htsig0=1 htsig1=1
[EQ][FLOW] abs=331 wifi_start=0 in_frame=1 sym_idx=18 consumed=3 produced=0
[EQ][PRE_EXTRACT] d_sym_idx=18, in_frame=1
[EQ][POST_EQUALIZE] d_sym_idx=18
[EQ][STDERR_DIRECT] Entering direct mixed-mode header detection
[EQ][IDX_CHECK] d_sym_idx=18, condition=0
[EQ][DIRECT_PATH] Entering direct mixed-mode header detection
[EQ][STDERR_BEFORE_GATE] Reached before gate check
[EQ][BEFORE_GATE] Reached before gate check
[EQ][TEST_INSERT] Added new debug output
[EQ][DEBUG_TEST] ======== DEBUG ENTRY ========
[EQ][DEBUG] Checking HT-SIG parse condition: d_sym_idx=18, kHtSig1Rel=5, d_have_ht_header=0
[EQ][DEBUG] valid flags: lltf0=1, lltf1=1, lsig=1, htsig0=1, htsig1=1
[EQ][WHILE_LOOP] iter consumed=4, d_sym_idx=19
[EQ][GATE_DETAIL] d_sym_idx=18, kHtSig1Rel=5, d_have_ht_header=0
[EQ][GATE_DETAIL] valid flags: lltf0=1 lltf1=1 lsig=1 htsig0=1 htsig1=1
[EQ][FLOW] abs=332 wifi_start=0 in_frame=1 sym_idx=19 consumed=4 produced=0
[EQ][PRE_EXTRACT] d_sym_idx=19, in_frame=1
[EQ][POST_EQUALIZE] d_sym_idx=19
[EQ][STDERR_DIRECT] Entering direct mixed-mode header detection
[EQ][IDX_CHECK] d_sym_idx=19, condition=0
[EQ][DIRECT_PATH] Entering direct mixed-mode header detection
[EQ][STDERR_BEFORE_GATE] Reached before gate check
[EQ][BEFORE_GATE] Reached before gate check
[EQ][TEST_INSERT] Added new debug output
[EQ][DEBUG_TEST] ======== DEBUG ENTRY ========
[EQ][DEBUG] Checking HT-SIG parse condition: d_sym_idx=19, kHtSig1Rel=5, d_have_ht_header=0
[EQ][DEBUG] valid flags: lltf0=1, lltf1=1, lsig=1, htsig0=1, htsig1=1
[EQ][WHILE_LOOP] iter consumed=5, d_sym_idx=20
[EQ][GATE_DETAIL] d_sym_idx=19, kHtSig1Rel=5, d_have_ht_header=0
[EQ][GATE_DETAIL] valid flags: lltf0=1 lltf1=1 lsig=1 htsig0=1 htsig1=1
[EQ][FLOW] abs=333 wifi_start=0 in_frame=1 sym_idx=20 consumed=5 produced=0
[EQ][PRE_EXTRACT] d_sym_idx=20, in_frame=1
[EQ][POST_EQUALIZE] d_sym_idx=20
[EQ][STDERR_DIRECT] Entering direct mixed-mode header detection
[EQ][IDX_CHECK] d_sym_idx=20, condition=0
[EQ][DIRECT_PATH] Entering direct mixed-mode header detection
[EQ][STDERR_BEFORE_GATE] Reached before gate check
[EQ][BEFORE_GATE] Reached before gate check
[EQ][TEST_INSERT] Added new debug output
[EQ][DEBUG_TEST] ======== DEBUG ENTRY ========
[EQ][DEBUG] Checking HT-SIG parse condition: d_sym_idx=20, kHtSig1Rel=5, d_have_ht_header=0
[EQ][DEBUG] valid flags: lltf0=1, lltf1=1, lsig=1, htsig0=1, htsig1=1
[EQ][WHILE_LOOP] iter consumed=6, d_sym_idx=21
[EQ][GATE_DETAIL] d_sym_idx=20, kHtSig1Rel=5, d_have_ht_header=0
[EQ][GATE_DETAIL] valid flags: lltf0=1 lltf1=1 lsig=1 htsig0=1 htsig1=1
[EQ][FLOW] abs=334 wifi_start=0 in_frame=1 sym_idx=21 consumed=6 produced=0
[EQ][PRE_EXTRACT] d_sym_idx=21, in_frame=1
[EQ][POST_EQUALIZE] d_sym_idx=21
[EQ][STDERR_DIRECT] Entering direct mixed-mode header detection
[EQ][IDX_CHECK] d_sym_idx=21, condition=0
[EQ][DIRECT_PATH] Entering direct mixed-mode header detection
[EQ][STDERR_BEFORE_GATE] Reached before gate check
[EQ][BEFORE_GATE] Reached before gate check
[EQ][TEST_INSERT] Added new debug output
[EQ][DEBUG_TEST] ======== DEBUG ENTRY ========
[EQ][DEBUG] Checking HT-SIG parse condition: d_sym_idx=21, kHtSig1Rel=5, d_have_ht_header=0
[EQ][DEBUG] valid flags: lltf0=1, lltf1=1, lsig=1, htsig0=1, htsig1=1
[EQ][WHILE_LOOP] iter consumed=7, d_sym_idx=22
[EQ][GATE_DETAIL] d_sym_idx=21, kHtSig1Rel=5, d_have_ht_header=0
[EQ][GATE_DETAIL] valid flags: lltf0=1 lltf1=1 lsig=1 htsig0=1 htsig1=1
[EQ][FLOW] abs=335 wifi_start=0 in_frame=1 sym_idx=22 consumed=7 produced=0
[EQ][PRE_EXTRACT] d_sym_idx=22, in_frame=1
[EQ][POST_EQUALIZE] d_sym_idx=22
[EQ][STDERR_DIRECT] Entering direct mixed-mode header detection
[EQ][IDX_CHECK] d_sym_idx=22, condition=0
[EQ][DIRECT_PATH] Entering direct mixed-mode header detection
[EQ][STDERR_BEFORE_GATE] Reached before gate check
[EQ][BEFORE_GATE] Reached before gate check
[EQ][TEST_INSERT] Added new debug output
[EQ][DEBUG_TEST] ======== DEBUG ENTRY ========
[EQ][DEBUG] Checking HT-SIG parse condition: d_sym_idx=22, kHtSig1Rel=5, d_have_ht_header=0
[EQ][DEBUG] valid flags: lltf0=1, lltf1=1, lsig=1, htsig0=1, htsig1=1
[EQ][WHILE_LOOP] iter consumed=8, d_sym_idx=23
[EQ][GATE_DETAIL] d_sym_idx=22, kHtSig1Rel=5, d_have_ht_header=0
[EQ][GATE_DETAIL] valid flags: lltf0=1 lltf1=1 lsig=1 htsig0=1 htsig1=1
[EQ][FLOW] abs=336 wifi_start=0 in_frame=1 sym_idx=23 consumed=8 produced=0
[EQ][PRE_EXTRACT] d_sym_idx=23, in_frame=1
[EQ][POST_EQUALIZE] d_sym_idx=23
[EQ][STDERR_DIRECT] Entering direct mixed-mode header detection
[EQ][IDX_CHECK] d_sym_idx=23, condition=0
[EQ][DIRECT_PATH] Entering direct mixed-mode header detection
[EQ][STDERR_BEFORE_GATE] Reached before gate check
[EQ][BEFORE_GATE] Reached before gate check
[EQ][TEST_INSERT] Added new debug output
[EQ][DEBUG_TEST] ======== DEBUG ENTRY ========
[EQ][DEBUG] Checking HT-SIG parse condition: d_sym_idx=23, kHtSig1Rel=5, d_have_ht_header=0
[EQ][DEBUG] valid flags: lltf0=1, lltf1=1, lsig=1, htsig0=1, htsig1=1
[EQ][WHILE_LOOP] iter consumed=9, d_sym_idx=24
[EQ][GATE_DETAIL] d_sym_idx=23, kHtSig1Rel=5, d_have_ht_header=0
[EQ][GATE_DETAIL] valid flags: lltf0=1 lltf1=1 lsig=1 htsig0=1 htsig1=1
[EQ][FLOW] abs=337 wifi_start=0 in_frame=1 sym_idx=24 consumed=9 produced=0
[EQ][PRE_EXTRACT] d_sym_idx=24, in_frame=1
[EQ][POST_EQUALIZE] d_sym_idx=24
[EQ][STDERR_DIRECT] Entering direct mixed-mode header detection
[EQ][IDX_CHECK] d_sym_idx=24, condition=0
[EQ][DIRECT_PATH] Entering direct mixed-mode header detection
[EQ][STDERR_BEFORE_GATE] Reached before gate check
[EQ][BEFORE_GATE] Reached before gate check
[EQ][TEST_INSERT] Added new debug output
[EQ][DEBUG_TEST] ======== DEBUG ENTRY ========
[EQ][DEBUG] Checking HT-SIG parse condition: d_sym_idx=24, kHtSig1Rel=5, d_have_ht_header=0
[EQ][DEBUG] valid flags: lltf0=1, lltf1=1, lsig=1, htsig0=1, htsig1=1
[EQ][WHILE_LOOP] iter consumed=10, d_sym_idx=25
[EQ][GATE_DETAIL] d_sym_idx=24, kHtSig1Rel=5, d_have_ht_header=0
[EQ][GATE_DETAIL] valid flags: lltf0=1 lltf1=1 lsig=1 htsig0=1 htsig1=1
[EQ][FLOW] abs=338 wifi_start=0 in_frame=1 sym_idx=25 consumed=10 produced=0
[EQ][PRE_EXTRACT] d_sym_idx=25, in_frame=1
[EQ][POST_EQUALIZE] d_sym_idx=25
[EQ][STDERR_DIRECT] Entering direct mixed-mode header detection
[EQ][IDX_CHECK] d_sym_idx=25, condition=0
[EQ][DIRECT_PATH] Entering direct mixed-mode header detection
[EQ][STDERR_BEFORE_GATE] Reached before gate check
[EQ][BEFORE_GATE] Reached before gate check
[EQ][TEST_INSERT] Added new debug output
[EQ][DEBUG_TEST] ======== DEBUG ENTRY ========
[EQ][DEBUG] Checking HT-SIG parse condition: d_sym_idx=25, kHtSig1Rel=5, d_have_ht_header=0
[EQ][DEBUG] valid flags: lltf0=1, lltf1=1, lsig=1, htsig0=1, htsig1=1
[EQ][WHILE_LOOP] iter consumed=11, d_sym_idx=26
[EQ][GATE_DETAIL] d_sym_idx=25, kHtSig1Rel=5, d_have_ht_header=0
[EQ][GATE_DETAIL] valid flags: lltf0=1 lltf1=1 lsig=1 htsig0=1 htsig1=1
[EQ][FLOW] abs=339 wifi_start=0 in_frame=1 sym_idx=26 consumed=11 produced=0
[EQ][PRE_EXTRACT] d_sym_idx=26, in_frame=1
[EQ][POST_EQUALIZE] d_sym_idx=26
[EQ][STDERR_DIRECT] Entering direct mixed-mode header detection
[EQ][IDX_CHECK] d_sym_idx=26, condition=0
[EQ][DIRECT_PATH] Entering direct mixed-mode header detection
[EQ][STDERR_BEFORE_GATE] Reached before gate check
[EQ][BEFORE_GATE] Reached before gate check
[EQ][TEST_INSERT] Added new debug output
[EQ][DEBUG_TEST] ======== DEBUG ENTRY ========
[EQ][DEBUG] Checking HT-SIG parse condition: d_sym_idx=26, kHtSig1Rel=5, d_have_ht_header=0
[EQ][DEBUG] valid flags: lltf0=1, lltf1=1, lsig=1, htsig0=1, htsig1=1
[EQ][WHILE_LOOP] iter consumed=12, d_sym_idx=27
[EQ][PRE_EXTRACT] d_sym_idx=27, in_frame=1
[EQ][POST_EQUALIZE] d_sym_idx=27
[EQ][STDERR_DIRECT] Entering direct mixed-mode header detection
[EQ][GATE_DETAIL] d_sym_idx=26, kHtSig1Rel=5, d_have_ht_header=0
[EQ][GATE_DETAIL] valid flags: lltf0=1 lltf1=1 lsig=1 htsig0=1 htsig1=1
[EQ][IDX_CHECK] d_sym_idx=27, condition=0
[EQ][DIRECT_PATH] Entering direct mixed-mode header detection
[EQ][STDERR_BEFORE_GATE] Reached before gate check
[EQ][BEFORE_GATE] Reached before gate check
[EQ][TEST_INSERT] Added new debug output
[EQ][DEBUG_TEST] ======== DEBUG ENTRY ========
[EQ][DEBUG] Checking HT-SIG parse condition: d_sym_idx=27, kHtSig1Rel=5, d_have_ht_header=0
[EQ][DEBUG] valid flags: lltf0=1, lltf1=1, lsig=1, htsig0=1, htsig1=1
[EQ][WHILE_LOOP] iter consumed=13, d_sym_idx=28
[EQ][PRE_EXTRACT] d_sym_idx=28, in_frame=1
[EQ][POST_EQUALIZE] d_sym_idx=28
[EQ][STDERR_DIRECT] Entering direct mixed-mode header detection
[EQ][GATE_DETAIL] d_sym_idx=27, kHtSig1Rel=5, d_have_ht_header=0
[EQ][GATE_DETAIL] valid flags: lltf0=1 lltf1=1 lsig=1 htsig0=1 htsig1=1
[EQ][IDX_CHECK] d_sym_idx=28, condition=0
[EQ][DIRECT_PATH] Entering direct mixed-mode header detection
[EQ][STDERR_BEFORE_GATE] Reached before gate check
[EQ][BEFORE_GATE] Reached before gate check
[EQ][TEST_INSERT] Added new debug output
[EQ][DEBUG_TEST] ======== DEBUG ENTRY ========
[EQ][DEBUG] Checking HT-SIG parse condition: d_sym_idx=28, kHtSig1Rel=5, d_have_ht_header=0
[EQ][DEBUG] valid flags: lltf0=1, lltf1=1, lsig=1, htsig0=1, htsig1=1
[EQ][WHILE_LOOP] iter consumed=14, d_sym_idx=29
[EQ][PRE_EXTRACT] d_sym_idx=29, in_frame=1
[EQ][POST_EQUALIZE] d_sym_idx=29
[EQ][STDERR_DIRECT] Entering direct mixed-mode header detection
[EQ][GATE_DETAIL] d_sym_idx=28, kHtSig1Rel=5, d_have_ht_header=0
[EQ][GATE_DETAIL] valid flags: lltf0=1 lltf1=1 lsig=1 htsig0=1 htsig1=1
[EQ][IDX_CHECK] d_sym_idx=29, condition=0
[EQ][DIRECT_PATH] Entering direct mixed-mode header detection
[EQ][STDERR_BEFORE_GATE] Reached before gate check
[EQ][BEFORE_GATE] Reached before gate check
[EQ][TEST_INSERT] Added new debug output
[EQ][DEBUG_TEST] ======== DEBUG ENTRY ========
[EQ][DEBUG] Checking HT-SIG parse condition: d_sym_idx=29, kHtSig1Rel=5, d_have_ht_header=0
[EQ][DEBUG] valid flags: lltf0=1, lltf1=1, lsig=1, htsig0=1, htsig1=1
[EQ][WHILE_LOOP] iter consumed=15, d_sym_idx=30
[EQ][PRE_EXTRACT] d_sym_idx=30, in_frame=1
[EQ][POST_EQUALIZE] d_sym_idx=30
[EQ][STDERR_DIRECT] Entering direct mixed-mode header detection
[EQ][GATE_DETAIL] d_sym_idx=29, kHtSig1Rel=5, d_have_ht_header=0
[EQ][GATE_DETAIL] valid flags: lltf0=1 lltf1=1 lsig=1 htsig0=1 htsig1=1
[EQ][IDX_CHECK] d_sym_idx=30, condition=0
[EQ][DIRECT_PATH] Entering direct mixed-mode header detection
[EQ][STDERR_BEFORE_GATE] Reached before gate check
[EQ][BEFORE_GATE] Reached before gate check
[EQ][TEST_INSERT] Added new debug output
[EQ][DEBUG_TEST] ======== DEBUG ENTRY ========
[EQ][DEBUG] Checking HT-SIG parse condition: d_sym_idx=30, kHtSig1Rel=5, d_have_ht_header=0
[EQ][DEBUG] valid flags: lltf0=1, lltf1=1, lsig=1, htsig0=1, htsig1=1
[EQ][WHILE_LOOP] iter consumed=16, d_sym_idx=31
[EQ][PRE_EXTRACT] d_sym_idx=31, in_frame=1
[EQ][POST_EQUALIZE] d_sym_idx=31
[EQ][STDERR_DIRECT] Entering direct mixed-mode header detection
[EQ][GATE_DETAIL] d_sym_idx=30, kHtSig1Rel=5, d_have_ht_header=0
[EQ][GATE_DETAIL] valid flags: lltf0=1 lltf1=1 lsig=1 htsig0=1 htsig1=1
[EQ][IDX_CHECK] d_sym_idx=31, condition=0
[EQ][DIRECT_PATH] Entering direct mixed-mode header detection
[EQ][STDERR_BEFORE_GATE] Reached before gate check
[EQ][BEFORE_GATE] Reached before gate check
[EQ][TEST_INSERT] Added new debug output
[EQ][DEBUG_TEST] ======== DEBUG ENTRY ========
[EQ][DEBUG] Checking HT-SIG parse condition: d_sym_idx=31, kHtSig1Rel=5, d_have_ht_header=0
[EQ][DEBUG] valid flags: lltf0=1, lltf1=1, lsig=1, htsig0=1, htsig1=1
[EQ][WHILE_LOOP] iter consumed=17, d_sym_idx=32
[EQ][PRE_EXTRACT] d_sym_idx=32, in_frame=1
[EQ][POST_EQUALIZE] d_sym_idx=32
[EQ][STDERR_DIRECT] Entering direct mixed-mode header detection
[EQ][GATE_DETAIL] d_sym_idx=31, kHtSig1Rel=5, d_have_ht_header=0
[EQ][GATE_DETAIL] valid flags: lltf0=1 lltf1=1 lsig=1 htsig0=1 htsig1=1
[EQ][IDX_CHECK] d_sym_idx=32, condition=0
[EQ][DIRECT_PATH] Entering direct mixed-mode header detection
[EQ][STDERR_BEFORE_GATE] Reached before gate check
[EQ][BEFORE_GATE] Reached before gate check
[EQ][TEST_INSERT] Added new debug output
[EQ][DEBUG_TEST] ======== DEBUG ENTRY ========
[EQ][DEBUG] Checking HT-SIG parse condition: d_sym_idx=32, kHtSig1Rel=5, d_have_ht_header=0
[EQ][DEBUG] valid flags: lltf0=1, lltf1=1, lsig=1, htsig0=1, htsig1=1
[EQ][WHILE_LOOP] iter consumed=18, d_sym_idx=33
[EQ][PRE_EXTRACT] d_sym_idx=33, in_frame=1
[EQ][POST_EQUALIZE] d_sym_idx=33
[EQ][STDERR_DIRECT] Entering direct mixed-mode header detection
[EQ][GATE_DETAIL] d_sym_idx=32, kHtSig1Rel=5, d_have_ht_header=0
[EQ][GATE_DETAIL] valid flags: lltf0=1 lltf1=1 lsig=1 htsig0=1 htsig1=1
[EQ][IDX_CHECK] d_sym_idx=33, condition=0
[EQ][DIRECT_PATH] Entering direct mixed-mode header detection
[EQ][STDERR_BEFORE_GATE] Reached before gate check
[EQ][BEFORE_GATE] Reached before gate check
[EQ][TEST_INSERT] Added new debug output
[EQ][DEBUG_TEST] ======== DEBUG ENTRY ========
[EQ][DEBUG] Checking HT-SIG parse condition: d_sym_idx=33, kHtSig1Rel=5, d_have_ht_header=0
[EQ][DEBUG] valid flags: lltf0=1, lltf1=1, lsig=1, htsig0=1, htsig1=1
[EQ][ENTER] general_work called nin=9 nout=256
[EQ][GATE_DETAIL] d_sym_idx=33, kHtSig1Rel=5, d_have_ht_header=0
[EQ][GATE_DETAIL] valid flags: lltf0=1 lltf1=1 lsig=1 htsig0=1 htsig1=1
[EQ][WHILE_ENTER] consumed=0, n_in=9
[EQ][WHILE_LOOP] iter consumed=0, d_sym_idx=34
[EQ][FLOW] abs=347 wifi_start=0 in_frame=1 sym_idx=34 consumed=0 produced=0
[EQ][PRE_EXTRACT] d_sym_idx=34, in_frame=1
[EQ][POST_EQUALIZE] d_sym_idx=34
[EQ][STDERR_DIRECT] Entering direct mixed-mode header detection
[EQ][IDX_CHECK] d_sym_idx=34, condition=0
[EQ][DIRECT_PATH] Entering direct mixed-mode header detection
[EQ][STDERR_BEFORE_GATE] Reached before gate check
[EQ][BEFORE_GATE] Reached before gate check
[EQ][TEST_INSERT] Added new debug output
[EQ][DEBUG_TEST] ======== DEBUG ENTRY ========
[EQ][DEBUG] Checking HT-SIG parse condition: d_sym_idx=34, kHtSig1Rel=5, d_have_ht_header=0
[EQ][DEBUG] valid flags: lltf0=1, lltf1=1, lsig=1, htsig0=1, htsig1=1
[EQ][WHILE_LOOP] iter consumed=1, d_sym_idx=35
[EQ][GATE_DETAIL] d_sym_idx=34, kHtSig1Rel=5, d_have_ht_header=0
[EQ][GATE_DETAIL] valid flags: lltf0=1 lltf1=1 lsig=1 htsig0=1 htsig1=1
[EQ][FLOW] abs=348 wifi_start=0 in_frame=1 sym_idx=35 consumed=1 produced=0
[EQ][PRE_EXTRACT] d_sym_idx=35, in_frame=1
[EQ][POST_EQUALIZE] d_sym_idx=35
[EQ][STDERR_DIRECT] Entering direct mixed-mode header detection
[EQ][IDX_CHECK] d_sym_idx=35, condition=0
[EQ][DIRECT_PATH] Entering direct mixed-mode header detection
[EQ][STDERR_BEFORE_GATE] Reached before gate check
[EQ][BEFORE_GATE] Reached before gate check
[EQ][TEST_INSERT] Added new debug output
[EQ][DEBUG_TEST] ======== DEBUG ENTRY ========
[EQ][DEBUG] Checking HT-SIG parse condition: d_sym_idx=35, kHtSig1Rel=5, d_have_ht_header=0
[EQ][DEBUG] valid flags: lltf0=1, lltf1=1, lsig=1, htsig0=1, htsig1=1
[EQ][WHILE_LOOP] iter consumed=2, d_sym_idx=36
[EQ][GATE_DETAIL] d_sym_idx=35, kHtSig1Rel=5, d_have_ht_header=0
[EQ][GATE_DETAIL] valid flags: lltf0=1 lltf1=1 lsig=1 htsig0=1 htsig1=1
[EQ][FLOW] abs=349 wifi_start=0 in_frame=1 sym_idx=36 consumed=2 produced=0
[EQ][PRE_EXTRACT] d_sym_idx=36, in_frame=1
[EQ][POST_EQUALIZE] d_sym_idx=36
[EQ][STDERR_DIRECT] Entering direct mixed-mode header detection
[EQ][IDX_CHECK] d_sym_idx=36, condition=0
[EQ][DIRECT_PATH] Entering direct mixed-mode header detection
[EQ][STDERR_BEFORE_GATE] Reached before gate check
[EQ][BEFORE_GATE] Reached before gate check
[EQ][TEST_INSERT] Added new debug output
[EQ][DEBUG_TEST] ======== DEBUG ENTRY ========
[EQ][DEBUG] Checking HT-SIG parse condition: d_sym_idx=36, kHtSig1Rel=5, d_have_ht_header=0
[EQ][DEBUG] valid flags: lltf0=1, lltf1=1, lsig=1, htsig0=1, htsig1=1
[EQ][WHILE_LOOP] iter consumed=3, d_sym_idx=37
[EQ][GATE_DETAIL] d_sym_idx=36, kHtSig1Rel=5, d_have_ht_header=0
[EQ][GATE_DETAIL] valid flags: lltf0=1 lltf1=1 lsig=1 htsig0=1 htsig1=1
[EQ][FLOW] abs=350 wifi_start=0 in_frame=1 sym_idx=37 consumed=3 produced=0
[EQ][PRE_EXTRACT] d_sym_idx=37, in_frame=1
[EQ][POST_EQUALIZE] d_sym_idx=37
[EQ][STDERR_DIRECT] Entering direct mixed-mode header detection
[EQ][IDX_CHECK] d_sym_idx=37, condition=0
[EQ][DIRECT_PATH] Entering direct mixed-mode header detection
[EQ][STDERR_BEFORE_GATE] Reached before gate check
[EQ][BEFORE_GATE] Reached before gate check
[EQ][TEST_INSERT] Added new debug output
[EQ][DEBUG_TEST] ======== DEBUG ENTRY ========
[EQ][DEBUG] Checking HT-SIG parse condition: d_sym_idx=37, kHtSig1Rel=5, d_have_ht_header=0
[EQ][DEBUG] valid flags: lltf0=1, lltf1=1, lsig=1, htsig0=1, htsig1=1
[EQ][WHILE_LOOP] iter consumed=4, d_sym_idx=38
[EQ][GATE_DETAIL] d_sym_idx=37, kHtSig1Rel=5, d_have_ht_header=0
[EQ][GATE_DETAIL] valid flags: lltf0=1 lltf1=1 lsig=1 htsig0=1 htsig1=1
[EQ][FLOW] abs=351 wifi_start=0 in_frame=1 sym_idx=38 consumed=4 produced=0
[EQ][PRE_EXTRACT] d_sym_idx=38, in_frame=1
[EQ][POST_EQUALIZE] d_sym_idx=38
[EQ][STDERR_DIRECT] Entering direct mixed-mode header detection
[EQ][IDX_CHECK] d_sym_idx=38, condition=0
[EQ][DIRECT_PATH] Entering direct mixed-mode header detection
[EQ][STDERR_BEFORE_GATE] Reached before gate check
[EQ][BEFORE_GATE] Reached before gate check
[EQ][TEST_INSERT] Added new debug output
[EQ][DEBUG_TEST] ======== DEBUG ENTRY ========
[EQ][DEBUG] Checking HT-SIG parse condition: d_sym_idx=38, kHtSig1Rel=5, d_have_ht_header=0
[EQ][DEBUG] valid flags: lltf0=1, lltf1=1, lsig=1, htsig0=1, htsig1=1
[EQ][WHILE_LOOP] iter consumed=5, d_sym_idx=39
[EQ][GATE_DETAIL] d_sym_idx=38, kHtSig1Rel=5, d_have_ht_header=0
[EQ][GATE_DETAIL] valid flags: lltf0=1 lltf1=1 lsig=1 htsig0=1 htsig1=1
[EQ][FLOW] abs=352 wifi_start=0 in_frame=1 sym_idx=39 consumed=5 produced=0
[EQ][PRE_EXTRACT] d_sym_idx=39, in_frame=1
[EQ][POST_EQUALIZE] d_sym_idx=39
[EQ][STDERR_DIRECT] Entering direct mixed-mode header detection
[EQ][IDX_CHECK] d_sym_idx=39, condition=0
[EQ][DIRECT_PATH] Entering direct mixed-mode header detection
[EQ][STDERR_BEFORE_GATE] Reached before gate check
[EQ][BEFORE_GATE] Reached before gate check
[EQ][TEST_INSERT] Added new debug output
[EQ][DEBUG_TEST] ======== DEBUG ENTRY ========
[EQ][DEBUG] Checking HT-SIG parse condition: d_sym_idx=39, kHtSig1Rel=5, d_have_ht_header=0
[EQ][DEBUG] valid flags: lltf0=1, lltf1=1, lsig=1, htsig0=1, htsig1=1
[EQ][WHILE_LOOP] iter consumed=6, d_sym_idx=40
[EQ][GATE_DETAIL] d_sym_idx=39, kHtSig1Rel=5, d_have_ht_header=0
[EQ][GATE_DETAIL] valid flags: lltf0=1 lltf1=1 lsig=1 htsig0=1 htsig1=1
[EQ][FLOW] abs=353 wifi_start=0 in_frame=1 sym_idx=40 consumed=6 produced=0
[EQ][PRE_EXTRACT] d_sym_idx=40, in_frame=1
[EQ][POST_EQUALIZE] d_sym_idx=40
[EQ][STDERR_DIRECT] Entering direct mixed-mode header detection
[EQ][IDX_CHECK] d_sym_idx=40, condition=0
[EQ][DIRECT_PATH] Entering direct mixed-mode header detection
[EQ][STDERR_BEFORE_GATE] Reached before gate check
[EQ][BEFORE_GATE] Reached before gate check
[EQ][TEST_INSERT] Added new debug output
[EQ][DEBUG_TEST] ======== DEBUG ENTRY ========
[EQ][DEBUG] Checking HT-SIG parse condition: d_sym_idx=40, kHtSig1Rel=5, d_have_ht_header=0
[EQ][DEBUG] valid flags: lltf0=1, lltf1=1, lsig=1, htsig0=1, htsig1=1
[EQ][WHILE_LOOP] iter consumed=7, d_sym_idx=41
[EQ][GATE_DETAIL] d_sym_idx=40, kHtSig1Rel=5, d_have_ht_header=0
[EQ][GATE_DETAIL] valid flags: lltf0=1 lltf1=1 lsig=1 htsig0=1 htsig1=1
[EQ][FLOW] abs=354 wifi_start=0 in_frame=1 sym_idx=41 consumed=7 produced=0
[EQ][PRE_EXTRACT] d_sym_idx=41, in_frame=1
[EQ][POST_EQUALIZE] d_sym_idx=41
[EQ][STDERR_DIRECT] Entering direct mixed-mode header detection
[EQ][IDX_CHECK] d_sym_idx=41, condition=0
[EQ][DIRECT_PATH] Entering direct mixed-mode header detection
[EQ][STDERR_BEFORE_GATE] Reached before gate check
[EQ][BEFORE_GATE] Reached before gate check
[EQ][TEST_INSERT] Added new debug output
[EQ][DEBUG_TEST] ======== DEBUG ENTRY ========
[EQ][DEBUG] Checking HT-SIG parse condition: d_sym_idx=41, kHtSig1Rel=5, d_have_ht_header=0
[EQ][DEBUG] valid flags: lltf0=1, lltf1=1, lsig=1, htsig0=1, htsig1=1
[EQ][WHILE_LOOP] iter consumed=8, d_sym_idx=42
[EQ][GATE_DETAIL] d_sym_idx=41, kHtSig1Rel=5, d_have_ht_header=0
[EQ][GATE_DETAIL] valid flags: lltf0=1 lltf1=1 lsig=1 htsig0=1 htsig1=1
[EQ][FLOW] abs=355 wifi_start=0 in_frame=1 sym_idx=42 consumed=8 produced=0
[EQ][PRE_EXTRACT] d_sym_idx=42, in_frame=1
[EQ][POST_EQUALIZE] d_sym_idx=42
[EQ][STDERR_DIRECT] Entering direct mixed-mode header detection
[EQ][IDX_CHECK] d_sym_idx=42, condition=0
[EQ][DIRECT_PATH] Entering direct mixed-mode header detection
[EQ][STDERR_BEFORE_GATE] Reached before gate check
[EQ][BEFORE_GATE] Reached before gate check
[EQ][TEST_INSERT] Added new debug output
[EQ][DEBUG_TEST] ======== DEBUG ENTRY ========
[EQ][DEBUG] Checking HT-SIG parse condition: d_sym_idx=42, kHtSig1Rel=5, d_have_ht_header=0
[EQ][DEBUG] valid flags: lltf0=1, lltf1=1, lsig=1, htsig0=1, htsig1=1
[EQ][GATE_DETAIL] d_sym_idx=42, kHtSig1Rel=5, d_have_ht_header=0
[EQ][GATE_DETAIL] valid flags: lltf0=1 lltf1=1 lsig=1 htsig0=1 htsig1=1
message_debug :info: The `print_pdu` port is deprecated and will be removed; forwarding to `print`.
[MAPPER] handle_msg called
***** VERBOSE PDU DEBUG PRINT ******
((encoding . 0) (crc_included . #t))
[MAPPER] meta=pdu length =         38 bytes
pdu vector contents = 
0000: 08 00 00 00 42 42 42 42 42 42 23 23 23 23 23 23 
0010: ff ff ff ff ff ff e0 00 78 78 78 78 78 78 78 78 
0020: 78 78 87 81 e4 85 
************************************
((encoding . 0) (crc_included . #t))
[MAPPER] meta fields: mcs=0 len=-1 psdu_len=-1
[MAPPER] using MCS=0
[MAPPER] HT mode enabled, effective MCS: 0
[TX][HTDATA0][PUNCTURED] bits52=1110010100010110010101111100111010010010110101110101
[TX][HTDATA0][INTERLEAVED] bits52=1100110110110010011110000111100101010110010111000111
[TX][HTDATA0] bits52=1100110110110010011110000111100101010110010111000111
[TX][PUNCTURED-ALL] nbits=676 first64=1110010100010110010101111100111010010010110101110101110101000010 last64=0000011011010100010111100111100001010111110111001011100010110001
[TX][INTERLEAVED-ALL] nbits=676 first64=1100110110110010011110000111100101010110010111000111110111000100 last64=1111110001110111111101100110000010110010101111011000111000000111
[TX][HTDATA0][PUNCTURED] keep existing first-frame reference /tmp/wifi_tx_punctured0_bits52.txt
[TX][HTDATA0][INTERLEAVED] keep existing first-frame reference /tmp/wifi_tx_interleaved0_bits52.txt
[TX][HTDATA0] keep existing first-frame reference /tmp/wifi_tx_data0_bits52.txt
[TX][PUNCTURED-ALL] keep existing first-frame reference /tmp/wifi_tx_punctured_all_bits.txt
[TX][INTERLEAVED-ALL] keep existing first-frame reference /tmp/wifi_tx_interleaved_all_bits.txt
[TX][PUNCTURED-ALL] updated /tmp/wifi_tx_punctured_all_bits.last.txt
[TX][INTERLEAVED-ALL] updated /tmp/wifi_tx_interleaved_all_bits.last.txt
[MAPPER] frame: ht_mode=1 psdu=38 n_sym=13 n_data_bits=338 n_encoded_bits=676 data_carriers=52 out_symbols=676
[HT-HEADER] general_work called ninput=676 noutput=32688
[TX][LSIG] raw24=110100110010000000000000
[TX][LSIG] enc48=110110001010100111001100100011011100000000000000
[TX][LSIG] intl48=110011011001000011010100011000000010011001100000
[TX][HTSIG] fields: mcs=0 len=38 bw40=0 agg=0 sgi=0 stbc=0 adv=0 nltf=0 crc=0x0d
[TX][HTSIG] raw48=000000000110010000000000000000000010110000000000
[TX][HTSIG] enc96=000000000000000000110110111100100011011100000000000000000000000000001110111001101110101100000000
[TX][HTSIG] intl96=000000111110010000000011100110000000000010011000000000011011110000000001100100000000001011101000
[TX][HTHDR][OUTBUF] lsig48=110011011001000011010100011000000010011001100000
[TX][HTHDR][OUTBUF] htsig1_48=000000111110010000000011100110000000000010011000
[TX][HTHDR][OUTBUF] htsig2_48=000000011011110000000001100100000000001011101000
[SYNC-SHORT] general_work called: noutput=1024 ninput=2288 threshold=0.010 state=1
sync_short :info: frame start at in: 31654 out: 32181
SHORT Frame!
SHORT copied 565
[SYNC-SHORT] general_work called: noutput=1024 ninput=1723 threshold=0.010 state=1
[SYNC-LONG] general_work: ninput[0]=565 ninput[1]=320 noutput=256 state=1
LONG ninput[0] 565   ninput[1] 320  noutput 256   state 1
sync_short :info: frame start at in: 32135 out: 32662
SHORT Frame!
SHORT copied 481
produced : 256 consumed: 320
[SYNC-SHORT] general_work called: noutput=1024 ninput=1242 threshold=0.010 state=1
[SYNC-LONG] general_work: ninput[0]=726 ninput[1]=565 noutput=512 state=1
LONG ninput[0] 726   ninput[1] 565  noutput 512   state 1
produced : 197 consumed: 245
sync_short :info: frame start at in: 32616 out: 33143
SHORT Frame!
SHORT copied 481
[SYNC-SHORT] general_work called: noutput=512 ninput=761 threshold=0.010 state=1
[SYNC-LONG] general_work: ninput[0]=962 ninput[1]=801 noutput=512 state=1
LONG ninput[0] 962   ninput[1] 801  noutput 512   state 1
[SYNC-LONG] Received wifi_start tag: freq_offset=-0.029 offset=31654 nread=31654
produced : 31 consumed: 0
[SYNC-LONG] general_work: ninput[0]=962 ninput[1]=1185 noutput=4096 state=0
LONG ninput[0] 962   ninput[1] 1185  noutput 4096   state 0
[SYNC-LONG] Received wifi_start tag: freq_offset=-0.029 offset=31654 nread=31654
sync_short :info: frame start at in: 33097 out: 33624
SHORT Frame!
SHORT copied 481
[SYNC-SHORT] general_work called: noutput=256 ninput=280 threshold=0.010 state=1
SHORT copied 256
[EQ][ENTER] general_work called nin=8 nout=256
[EQ][WHILE_ENTER] consumed=0, n_in=8
[SYNC-SHORT] general_work called: noutput=8 ninput=24 threshold=0.010 state=1
SHORT copied 8
[EQ][WHILE_LOOP] iter consumed=0, d_sym_idx=43
[EQ][FLOW] abs=356 wifi_start=0 in_frame=1 sym_idx=43 consumed=0 produced=0
[EQ][PRE_EXTRACT] d_sym_idx=43, in_frame=1
[EQ][POST_EQUALIZE] d_sym_idx=43
[EQ][STDERR_DIRECT] Entering direct mixed-mode header detection
[EQ][IDX_CHECK] d_sym_idx=43, condition=0
[EQ][DIRECT_PATH] Entering direct mixed-mode header detection
[EQ][STDERR_BEFORE_GATE] Reached before gate check
[EQ][BEFORE_GATE] Reached before gate check
[EQ][TEST_INSERT] Added new debug output
[EQ][DEBUG_TEST] ======== DEBUG ENTRY ========
[EQ][DEBUG] Checking HT-SIG parse condition: d_sym_idx=43, kHtSig1Rel=5, d_have_ht_header=0
[EQ][DEBUG] valid flags: lltf0=1, lltf1=1, lsig=1, htsig0=1, htsig1=1
[EQ][WHILE_LOOP] iter consumed=1, d_sym_idx=44
[EQ][GATE_DETAIL] d_sym_idx=43, kHtSig1Rel=5, d_have_ht_header=0
[EQ][GATE_DETAIL] valid flags: lltf0=1 lltf1=1 lsig=1 htsig0=1 htsig1=1
[EQ][FLOW] abs=357 wifi_start=0 in_frame=1 sym_idx=44 consumed=1 produced=0
[EQ][PRE_EXTRACT] d_sym_idx=44, in_frame=1
[EQ][POST_EQUALIZE] d_sym_idx=44
[EQ][STDERR_DIRECT] Entering direct mixed-mode header detection
[EQ][IDX_CHECK] d_sym_idx=44, condition=0
[EQ][DIRECT_PATH] Entering direct mixed-mode header detection
[EQ][STDERR_BEFORE_GATE] Reached before gate check
[EQ][BEFORE_GATE] Reached before gate check
[EQ][TEST_INSERT] Added new debug output
[EQ][DEBUG_TEST] ======== DEBUG ENTRY ========
[EQ][DEBUG] Checking HT-SIG parse condition: d_sym_idx=44, kHtSig1Rel=5, d_have_ht_header=0
[EQ][DEBUG] valid flags: lltf0=1, lltf1=1, lsig=1, htsig0=1, htsig1=1
[EQ][WHILE_LOOP] iter consumed=2, d_sym_idx=45
[EQ][GATE_DETAIL] d_sym_idx=44, kHtSig1Rel=5, d_have_ht_header=0
[EQ][GATE_DETAIL] valid flags: lltf0=1 lltf1=1 lsig=1 htsig0=1 htsig1=1
[EQ][FLOW] abs=358 wifi_start=0 in_frame=1 sym_idx=45 consumed=2 produced=0
[EQ][PRE_EXTRACT] d_sym_idx=45, in_frame=1
[EQ][POST_EQUALIZE] d_sym_idx=45
[EQ][STDERR_DIRECT] Entering direct mixed-mode header detection
[EQ][IDX_CHECK] d_sym_idx=45, condition=0
[EQ][DIRECT_PATH] Entering direct mixed-mode header detection
[EQ][STDERR_BEFORE_GATE] Reached before gate check
[EQ][BEFORE_GATE] Reached before gate check
[EQ][TEST_INSERT] Added new debug output
[EQ][DEBUG_TEST] ======== DEBUG ENTRY ========
[EQ][DEBUG] Checking HT-SIG parse condition: d_sym_idx=45, kHtSig1Rel=5, d_have_ht_header=0
[EQ][DEBUG] valid flags: lltf0=1, lltf1=1, lsig=1, htsig0=1, htsig1=1
[EQ][WHILE_LOOP] iter consumed=3, d_sym_idx=46
[EQ][GATE_DETAIL] d_sym_idx=45, kHtSig1Rel=5, d_have_ht_header=0
[EQ][GATE_DETAIL] valid flags: lltf0=1 lltf1=1 lsig=1 htsig0=1 htsig1=1
sync_long :info: LONG: frame start at 190
produced : 0 consumed: 320
[SYNC-LONG] general_work: ninput[0]=1387 ninput[1]=1707 noutput=1024 state=1
LONG ninput[0] 1387   ninput[1] 1707  noutput 1024   state 1
produced : 0 consumed: 161
[SYNC-LONG] general_work: ninput[0]=1226 ninput[1]=1546 noutput=1024 state=1
LONG ninput[0] 1226   ninput[1] 1546  noutput 1024   state 1
[SYNC-LONG] Received wifi_start tag: freq_offset=0.009 offset=32135 nread=32135
LONG: ignore retrigger tag during COPY nread=32135 d_count=0 guard=3072 tag_offset=[EQ][FLOW] abs=359 wifi_start=0 in_frame=1 sym_idx=46 consumed=3 produced=0
[EQ][PRE_EXTRACT] d_sym_idx=46, in_frame=1
[EQ][POST_EQUALIZE] d_sym_idx=46
[EQ][IDX_CHECK] d_sym_idx=46, condition=0
32135
[EQ][STDERR_DIRECT] Entering direct mixed-mode header detection
[EQ][DIRECT_PATH] Entering direct mixed-mode header detection
[EQ][STDERR_BEFORE_GATE] Reached before gate check
[EQ][BEFORE_GATE] Reached before gate check
[EQ][TEST_INSERT] Added new debug output
[EQ][DEBUG_TEST] ======== DEBUG ENTRY ========
[EQ][DEBUG] Checking HT-SIG parse condition: d_sym_idx=46, kHtSig1Rel=5, d_have_ht_header=0
[EQ][DEBUG] valid flags: lltf0=1, lltf1=1, lsig=1, htsig0=1, htsig1=1
[EQ][WHILE_LOOP] iter consumed=4, d_sym_idx=47
[EQ][GATE_DETAIL] d_sym_idx=46, kHtSig1Rel=5, d_have_ht_header=0
[EQ][GATE_DETAIL] valid flags: lltf0=1 lltf1=1 lsig=1 htsig0=1 htsig1=1
[EQ][FLOW] abs=360 wifi_start=0 in_frame=1 sym_idx=47 consumed=4 produced=0
[EQ][PRE_EXTRACT] d_sym_idx=47, in_frame=1
[EQ][POST_EQUALIZE] d_sym_idx=47
[EQ][STDERR_DIRECT] Entering direct mixed-mode header detection
[EQ][IDX_CHECK] d_sym_idx=47, condition=0
[EQ][DIRECT_PATH] Entering direct mixed-mode header detection
[EQ][STDERR_BEFORE_GATE] Reached before gate check
[EQ][BEFORE_GATE] Reached before gate check
[EQ][TEST_INSERT] Added new debug output
[EQ][DEBUG_TEST] ======== DEBUG ENTRY ========
[EQ][DEBUG] Checking HT-SIG parse condition: d_sym_idx=47, kHtSig1Rel=5, d_have_ht_header=0
[EQ][DEBUG] valid flags: lltf0=1, lltf1=1, lsig=1, htsig0=1, htsig1=1
[EQ][WHILE_LOOP] iter consumed=5, d_sym_idx=48
[EQ][GATE_DETAIL] d_sym_idx=47, kHtSig1Rel=5, d_have_ht_header=0
[EQ][GATE_DETAIL] valid flags: lltf0=1 lltf1=1 lsig=1 htsig0=1 htsig1=1
[EQ][FLOW] abs=361 wifi_start=0 in_frame=1 sym_idx=48 consumed=5 produced=0
[EQ][PRE_EXTRACT] d_sym_idx=48, in_frame=1
[EQ][POST_EQUALIZE] d_sym_idx=48
[EQ][STDERR_DIRECT] Entering direct mixed-mode header detection
[EQ][IDX_CHECK] d_sym_idx=48, condition=0
[EQ][DIRECT_PATH] Entering direct mixed-mode header detection
[EQ][STDERR_BEFORE_GATE] Reached before gate check
[EQ][BEFORE_GATE] Reached before gate check
[EQ][TEST_INSERT] Added new debug output
[EQ][DEBUG_TEST] ======== DEBUG ENTRY ========
[EQ][DEBUG] Checking HT-SIG parse condition: d_sym_idx=48, kHtSig1Rel=5, d_have_ht_header=0
[EQ][DEBUG] valid flags: lltf0=1, lltf1=1, lsig=1, htsig0=1, htsig1=1
[EQ][WHILE_LOOP] iter consumed=6, d_sym_idx=49
[EQ][GATE_DETAIL] d_sym_idx=48, kHtSig1Rel=5, d_have_ht_header=0
[EQ][GATE_DETAIL] valid flags: lltf0=1 lltf1=1 lsig=1 htsig0=1 htsig1=1
[EQ][FLOW] abs=362 wifi_start=0 in_frame=1 sym_idx=49 consumed=6 produced=0
[EQ][PRE_EXTRACT] d_sym_idx=49, in_frame=1
[EQ][POST_EQUALIZE] d_sym_idx=49
[EQ][STDERR_DIRECT] Entering direct mixed-mode header detection
[EQ][IDX_CHECK] d_sym_idx=49, condition=0
[EQ][DIRECT_PATH] Entering direct mixed-mode header detection
[EQ][STDERR_BEFORE_GATE] Reached before gate check
[EQ][BEFORE_GATE] Reached before gate check
[EQ][TEST_INSERT] Added new debug output
[EQ][DEBUG_TEST] ======== DEBUG ENTRY ========
[EQ][DEBUG] Checking HT-SIG parse condition: d_sym_idx=49, kHtSig1Rel=5, d_have_ht_header=0
[EQ][DEBUG] valid flags: lltf0=1, lltf1=1, lsig=1, htsig0=1, htsig1=1
[EQ][WHILE_LOOP] iter consumed=7, d_sym_idx=50
[EQ][GATE_DETAIL] d_sym_idx=49, kHtSig1Rel=5, d_have_ht_header=0
[EQ][GATE_DETAIL] valid flags: lltf0=1 lltf1=1 lsig=1 htsig0=1 htsig1=1
[EQ][FLOW] abs=363 wifi_start=0 in_frame=1 sym_idx=50 consumed=7 produced=0
[EQ][PRE_EXTRACT] d_sym_idx=50, in_frame=1
[EQ][POST_EQUALIZE] d_sym_idx=50
[EQ][STDERR_DIRECT] Entering direct mixed-mode header detection
[EQ][IDX_CHECK] d_sym_idx=50, condition=0
[EQ][DIRECT_PATH] Entering direct mixed-mode header detection
[EQ][STDERR_BEFORE_GATE] Reached before gate check
[EQ][BEFORE_GATE] Reached before gate check
[EQ][TEST_INSERT] Added new debug output
[EQ][DEBUG_TEST] ======== DEBUG ENTRY ========
[EQ][DEBUG] Checking HT-SIG parse condition: d_sym_idx=50, kHtSig1Rel=5, d_have_ht_header=0
[EQ][DEBUG] valid flags: lltf0=1, lltf1=1, lsig=1, htsig0=1, htsig1=1
[EQ][GATE_DETAIL] d_sym_idx=50, kHtSig1Rel=5, d_have_ht_header=0
[EQ][GATE_DETAIL] valid flags: lltf0=1 lltf1=1 lsig=1 htsig0=1 htsig1=1
produced : 973 consumed: 1226
[EQ][ENTER] general_work called nin=15 nout=512

----------------------------------------------------------------------
Tag Debug: 
Input Stream: 00
  Offset: 23296  Source: sync_long     Key: wifi_start   Value: -5.47245e-06
----------------------------------------------------------------------
[EQ][TAG] wifi_start at offset=364 freq_offset=-0.000005
[EQ][WHILE_ENTER] consumed=0, n_in=15
[EQ][WHILE_LOOP] iter consumed=0, d_sym_idx=51
[EQ][FLOW] abs=364 wifi_start=1 in_frame=1 sym_idx=51 consumed=0 produced=0
[EQ][FLOW] frame-takeover abs=364 allow=1
[EQ][PRE_EXTRACT] d_sym_idx=0, in_frame=1
[EXTRACT_CALL] sym_idx=0, type=OTHER
[EQ][IDX_CHECK] d_sym_idx=0, condition=1

----------------------------------------------------------------------
Tag Debug: eq_in_tagdbg
Input Stream: 00
  Offset: 364  Source: sync_long     Key: wifi_start   Value: -5.47245e-06
----------------------------------------------------------------------
[EQ][VALID_SET] d_sym_idx=0, valid=1
[EQ][SYM_IDX] sym_idx=0, type=UNKNOWN
[EQ][POST_EQUALIZE] d_sym_idx=0
[EQ][RAW_BITS] sym_idx=0 bits52=0000000000000000000000000000000000000000000000000000
[EQ][STDERR_DIRECT] Entering direct mixed-mode header detection
[EQ][DIRECT_PATH] Entering direct mixed-mode header detection
[EQ][STDERR_BEFORE_GATE] Reached before gate check
[EQ][BEFORE_GATE] Reached before gate check
[EQ][TEST_INSERT] Added new debug output
[EQ][DEBUG_TEST] ======== DEBUG ENTRY ========
[EQ][DEBUG] Checking HT-SIG parse condition: d_sym_idx=0, kHtSig1Rel=5, d_have_ht_header=0
[EQ][DEBUG] valid flags: lltf0=0, lltf1=0, lsig=0, htsig0=0, htsig1=0
[EQ][WHILE_LOOP] iter consumed=1, d_sym_idx=1
[EQ][GATE_DETAIL] d_sym_idx=0, kHtSig1Rel=5, d_have_ht_header=0
[EQ][GATE_DETAIL] valid flags: lltf0=0 lltf1=0 lsig=0 htsig0=0 htsig1=0
[EQ][FLOW] abs=365 wifi_start=0 in_frame=1 sym_idx=1 consumed=1 produced=0
[EQ][PRE_EXTRACT] d_sym_idx=1, in_frame=1
[EXTRACT_CALL] sym_idx=1, type=L-LTF0
[EQ][IDX_CHECK] d_sym_idx=1, condition=1
[EQ][VALID_SET] d_sym_idx=1, valid=1
[EQ][SYM_IDX] sym_idx=1, type=L-LTF0
[EQ][POST_EQUALIZE] d_sym_idx=1
[EQ][RAW_BITS] sym_idx=1 bits52=0000000000000000000000000000000000000000000000000000
[EQ][STDERR_DIRECT] Entering direct mixed-mode header detection
[EQ][DIRECT_PATH] Entering direct mixed-mode header detection
[EQ][STDERR_BEFORE_GATE] Reached before gate check
[EQ][BEFORE_GATE] Reached before gate check
[EQ][TEST_INSERT] Added new debug output
[EQ][DEBUG_TEST] ======== DEBUG ENTRY ========
[EQ][DEBUG] Checking HT-SIG parse condition: d_sym_idx=1, kHtSig1Rel=5, d_have_ht_header=0
[EQ][DEBUG] valid flags: lltf0=1, lltf1=0, lsig=0, htsig0=0, htsig1=0
[EQ][WHILE_LOOP] iter consumed=2, d_sym_idx=2
[EQ][GATE_DETAIL] d_sym_idx=1, kHtSig1Rel=5, d_have_ht_header=0
[EQ][GATE_DETAIL] valid flags: lltf0=1 lltf1=0 lsig=0 htsig0=0 htsig1=0
[EQ][FLOW] abs=366 wifi_start=0 in_frame=1 sym_idx=2 consumed=2 produced=0
[EQ][PRE_EXTRACT] d_sym_idx=2, in_frame=1
[EXTRACT_CALL] sym_idx=2, type=L-LTF1
[EQ][IDX_CHECK] d_sym_idx=2, condition=1
[EQ][VALID_SET] d_sym_idx=2, valid=1
[EQ][SYM_IDX] sym_idx=2, type=L-LTF1
[EQ][POST_EQUALIZE] d_sym_idx=2
[EQ][RAW_BITS] sym_idx=2 bits52=0011001101100100001101010001100000001001100110000011
[EQ][STDERR_DIRECT] Entering direct mixed-mode header detection
[EQ][DIRECT_PATH] Entering direct mixed-mode header detection
[EQ][STDERR_BEFORE_GATE] Reached before gate check
[EQ][BEFORE_GATE] Reached before gate check
[EQ][TEST_INSERT] Added new debug output
[EQ][DEBUG_TEST] ======== DEBUG ENTRY ========
[EQ][DEBUG] Checking HT-SIG parse condition: d_sym_idx=2, kHtSig1Rel=5, d_have_ht_header=0
[EQ][DEBUG] valid flags: lltf0=1, lltf1=1, lsig=0, htsig0=0, htsig1=0
[EQ][WHILE_LOOP] iter consumed=3, d_sym_idx=3
[EQ][GATE_DETAIL] d_sym_idx=2, kHtSig1Rel=5, d_have_ht_header=0
[EQ][GATE_DETAIL] valid flags: lltf0=1 lltf1=1 lsig=0 htsig0=0 htsig1=0
[EQ][FLOW] abs=367 wifi_start=0 in_frame=1 sym_idx=3 consumed=3 produced=0
[EQ][PRE_EXTRACT] d_sym_idx=3, in_frame=1
[EXTRACT_CALL] sym_idx=3, type=L-SIG
[EQ][IDX_CHECK] d_sym_idx=3, condition=1
[EQ][VALID_SET] d_sym_idx=3, valid=1
[EQ][SYM_IDX] sym_idx=3, type=L-SIG
[EQ][POST_EQUALIZE] d_sym_idx=3
[EQ][RAW_BITS] sym_idx=3 bits52=0000000011111001000000001110011000000000001001100011
[EQ][STDERR_DIRECT] Entering direct mixed-mode header detection
[EQ][DIRECT_PATH] Entering direct mixed-mode header detection
[EQ][STDERR_BEFORE_GATE] Reached before gate check
[EQ][BEFORE_GATE] Reached before gate check
[EQ][GATE] sym=3 want_htsig1=5 valid={lltf0=1 lltf1=1 lsig=1 htsig0=0 htsig1=0} have_ht=0
[EQ][TEST_INSERT] Added new debug output
[EQ][DEBUG_TEST] ======== DEBUG ENTRY ========
[EQ][DEBUG] Checking HT-SIG parse condition: d_sym_idx=3, kHtSig1Rel=5, d_have_ht_header=0
[EQ][DEBUG] valid flags: lltf0=1, lltf1=1, lsig=1, htsig0=0, htsig1=0
[EQ][WHILE_LOOP] iter consumed=4, d_sym_idx=4
[EQ][GATE_DETAIL] d_sym_idx=3, kHtSig1Rel=5, d_have_ht_header=0
[EQ][GATE_DETAIL] valid flags: lltf0=1 lltf1=1 lsig=1 htsig0=0 htsig1=0
[EQ][FLOW] abs=368 wifi_start=0 in_frame=1 sym_idx=4 consumed=4 produced=0
[EQ][PRE_EXTRACT] d_sym_idx=4, in_frame=1
[EXTRACT_CALL] sym_idx=4, type=HT-SIG0
[EQ][IDX_CHECK] d_sym_idx=4, condition=1
[EQ][VALID_SET] d_sym_idx=4, valid=1
[EQ][SYM_IDX] sym_idx=4, type=HT-SIG0
[EQ][POST_EQUALIZE] d_sym_idx=4
[EQ][RAW_BITS] sym_idx=4 bits52=0001111111010000001101111001101101111111011001011111
[EQ][STDERR_DIRECT] Entering direct mixed-mode header detection
[EQ][DIRECT_PATH] Entering direct mixed-mode header detection
[EQ][STDERR_BEFORE_GATE] Reached before gate check
[EQ][BEFORE_GATE] Reached before gate check
[EQ][GATE] sym=4 want_htsig1=5 valid={lltf0=1 lltf1=1 lsig=1 htsig0=1 htsig1=0} have_ht=0
[EQ][TEST_INSERT] Added new debug output
[EQ][DEBUG_TEST] ======== DEBUG ENTRY ========
[EQ][DEBUG] Checking HT-SIG parse condition: d_sym_idx=4, kHtSig1Rel=5, d_have_ht_header=0
[EQ][DEBUG] valid flags: lltf0=1, lltf1=1, lsig=1, htsig0=1, htsig1=0
[EQ][WHILE_LOOP] iter consumed=5, d_sym_idx=5
[EQ][GATE_DETAIL] d_sym_idx=4, kHtSig1Rel=5, d_have_ht_header=0
[EQ][GATE_DETAIL] valid flags: lltf0=1 lltf1=1 lsig=1 htsig0=1 htsig1=0
[EQ][FLOW] abs=369 wifi_start=0 in_frame=1 sym_idx=5 consumed=5 produced=0
[EQ][PRE_EXTRACT] d_sym_idx=5, in_frame=1
[EXTRACT_CALL] sym_idx=5, type=HT-SIG1
[EQ][IDX_CHECK] d_sym_idx=5, condition=1
[EQ][VALID_SET] d_sym_idx=5, valid=1
[EQ][SYM_IDX] sym_idx=5, type=HT-SIG1
[EQ][POST_EQUALIZE] d_sym_idx=5
[EQ][RAW_BITS] sym_idx=5 bits52=0011000101101100100011110000111001010101100100111000
[EQ][STDERR_DIRECT] Entering direct mixed-mode header detection
[EQ][DIRECT_PATH] Entering direct mixed-mode header detection
[EQ][STDERR_BEFORE_GATE] Reached before gate check
[EQ][BEFORE_GATE] Reached before gate check
[EQ][GATE] sym=5 want_htsig1=5 valid={lltf0=1 lltf1=1 lsig=1 htsig0=1 htsig1=1} have_ht=0
[EQ][TEST_INSERT] Added new debug output
[EQ][DEBUG_TEST] ======== DEBUG ENTRY ========
[EQ][DEBUG] Checking HT-SIG parse condition: d_sym_idx=5, kHtSig1Rel=5, d_have_ht_header=0
[EQ][DEBUG] valid flags: lltf0=1, lltf1=1, lsig=1, htsig0=1, htsig1=1
[EQ][GATE_DETAIL] d_sym_idx=5, kHtSig1Rel=5, d_have_ht_header=0
[EQ][GATE_DETAIL] valid flags: lltf0=1 lltf1=1 lsig=1 htsig0=1 htsig1=1
[EQ][DEBUG_BLOCK] ENTERING HT-SIG PARSE BLOCK
[RX][LLTF-DBG] L-LTF0 valid=1, L-LTF1 valid=1
[RX][LLTF-DBG] L-LTF0 avg_mag=8.8729, L-LTF1 avg_mag=8.8685
[RX][LLTF-DBG] L-LTF0[0:3]: 8.789∠0.003 8.818∠0.002 8.921∠-3.140 8.914∠-3.139 
[RX][LLTF-DBG] L-LTF1[0:3]: 8.827∠-0.002 8.850∠-0.001 8.895∠-3.137 8.891∠-3.137 
[CHAN_EST][DEBUG] L-LTF0 average magnitude: 8.8729
[CHAN_EST][DEBUG] L-LTF1 average magnitude: 8.8685
[CHAN_EST][LLTF_COMPARE] First 20 data subcarriers:
  i=0 sc=-26: expected=1, avg=8.808+0.006i (mag=8.808, phase=0.001), received0=8.789+0.026i received1=8.827+-0.014i
  i=1 sc=-25: expected=1, avg=8.834+0.001i (mag=8.834, phase=0.000), received0=8.818+0.014i received1=8.850+-0.011i
  i=2 sc=-24: expected=-1, avg=-8.908+-0.031i (mag=8.908, phase=-3.138), received0=-8.921+-0.019i received1=-8.895+-0.043i
  i=3 sc=-23: expected=-1, avg=-8.902+-0.031i (mag=8.902, phase=-3.138), received0=-8.914+-0.020i received1=-8.891+-0.041i
  i=4 sc=-22: expected=1, avg=8.854+0.001i (mag=8.854, phase=0.000), received0=8.844+0.006i received1=8.864+-0.004i
  i=5 sc=-20: expected=-1, avg=-0.019+-0.013i (mag=0.023, phase=-2.552), received0=-8.900+-0.024i received1=8.862+-0.002i
  i=6 sc=-19: expected=1, avg=-0.016+-0.016i (mag=0.023, phase=-2.362), received0=8.850+0.004i received1=-8.883+-0.036i
  i=7 sc=-18: expected=-1, avg=-0.014+-0.012i (mag=0.019, phase=-2.448), received0=-8.899+-0.025i received1=8.870+0.001i
  i=8 sc=-17: expected=1, avg=8.864+0.002i (mag=8.864, phase=0.000), received0=8.858+0.002i received1=8.869+0.002i
  i=9 sc=-16: expected=1, avg=-0.012+-0.016i (mag=0.020, phase=-2.227), received0=8.857+0.002i received1=-8.881+-0.034i
  i=10 sc=-15: expected=1, avg=-0.010+-0.016i (mag=0.019, phase=-2.141), received0=8.857+0.002i received1=-8.877+-0.034i
  i=11 sc=-14: expected=1, avg=8.865+0.002i (mag=8.865, phase=0.000), received0=8.859+0.002i received1=8.871+0.002i
  i=12 sc=-13: expected=1, avg=-0.009+-0.015i (mag=0.018, phase=-2.099), received0=8.862+0.002i received1=-8.880+-0.033i
  i=13 sc=-12: expected=1, avg=-0.008+-0.015i (mag=0.017, phase=-2.069), received0=8.861+0.002i received1=-8.878+-0.032i
  i=14 sc=-11: expected=-1, avg=-8.881+-0.029i (mag=8.881, phase=-3.138), received0=-8.888+-0.027i received1=-8.874+-0.031i
  i=15 sc=-10: expected=-1, avg=-8.878+-0.029i (mag=8.878, phase=-3.138), received0=-8.884+-0.028i received1=-8.872+-0.031i
  i=16 sc=-9: expected=1, avg=8.871+0.002i (mag=8.871, phase=0.000), received0=8.866+0.000i received1=8.876+0.004i
  i=17 sc=-8: expected=1, avg=8.873+0.002i (mag=8.873, phase=0.000), received0=8.868+0.000i received1=8.878+0.004i
  i=18 sc=-6: expected=1, avg=-0.002+-0.015i (mag=0.015, phase=-1.730), received0=8.867+0.000i received1=-8.872+-0.031i
  i=19 sc=-5: expected=-1, avg=-0.002+-0.011i (mag=0.011, phase=-1.714), received0=-8.879+-0.027i received1=8.876+0.006i
[CHAN_EST] Average channel magnitude: 4.4445
[CHAN_EST] Channel magnitude range: [0.0106, 8.9078]
[CHAN_EST] Channel phase range: [-2.362, 2.813] rad
[CHAN_EST] Zero magnitude subcarriers: 0/52
[CHAN_EST][SC0] H=8.808+0.006i, mag=8.808, phase=0.001
[CHAN_EST][SC1] H=8.834+0.001i, mag=8.834, phase=0.000
[CHAN_EST][SC2] H=8.908+0.031i, mag=8.908, phase=0.003
[CHAN_EST][SC3] H=8.902+0.031i, mag=8.902, phase=0.003
[CHAN_EST][SC4] H=8.854+0.001i, mag=8.854, phase=0.000
[CHAN_EST][SC5] H=0.019+0.013i, mag=0.023, phase=0.590
[CHAN_EST][SC6] H=-0.016+-0.016i, mag=0.023, phase=-2.362
[CHAN_EST][SC7] H=0.014+0.012i, mag=0.019, phase=0.694
[CHAN_EST][SC8] H=8.864+0.002i, mag=8.864, phase=0.000
[CHAN_EST][SC9] H=-0.012+-0.016i, mag=0.020, phase=-2.227
[EQ_HEADER] CPE estimate: -0.819 rad, rot=0.683+0.731i
[EQ_HEADER][WARNING] Weak channel at SC-20 (idx=5): H_mag=0.0228, skipping
[EQ_HEADER][WARNING] Weak channel at SC-19 (idx=6): H_mag=0.0230, skipping
[EQ_HEADER][WARNING] Weak channel at SC-18 (idx=7): H_mag=0.0187, skipping
[EQ_HEADER][WARNING] Weak channel at SC-16 (idx=9): H_mag=0.0202, skipping
[EQ_HEADER][WARNING] Weak channel at SC-15 (idx=10): H_mag=0.0190, skipping
[EQ_HEADER][WARNING] Weak channel at SC-13 (idx=12): H_mag=0.0177, skipping
[EQ_HEADER][WARNING] Weak channel at SC-12 (idx=13): H_mag=0.0172, skipping
[EQ_HEADER][WARNING] Weak channel at SC-6 (idx=18): H_mag=0.0152, skipping
[EQ_HEADER][WARNING] Weak channel at SC-5 (idx=19): H_mag=0.0110, skipping
[EQ_HEADER][WARNING] Weak channel at SC-4 (idx=20): H_mag=0.0145, skipping
[EQ_HEADER][WARNING] Weak channel at SC-2 (idx=22): H_mag=0.0147, skipping
[EQ_HEADER][WARNING] Weak channel at SC-1 (idx=23): H_mag=0.0148, skipping
[EQ_HEADER][WARNING] Weak channel at SC1 (idx=24): H_mag=0.0146, skipping
[EQ_HEADER][WARNING] Weak channel at SC2 (idx=25): H_mag=0.0106, skipping
[EQ_HEADER][WARNING] Weak channel at SC3 (idx=26): H_mag=0.0106, skipping
[EQ_HEADER][WARNING] Weak channel at SC4 (idx=27): H_mag=0.0147, skipping
[EQ_HEADER][WARNING] Weak channel at SC5 (idx=28): H_mag=0.0149, skipping
[EQ_HEADER][WARNING] Weak channel at SC9 (idx=31): H_mag=0.0149, skipping
[EQ_HEADER][WARNING] Weak channel at SC12 (idx=34): H_mag=0.0146, skipping
[EQ_HEADER][WARNING] Weak channel at SC20 (idx=42): H_mag=0.0225, skipping
[EQ_HEADER][WARNING] Weak channel at SC23 (idx=44): H_mag=0.0326, skipping
[EQ_HEADER][WARNING] Weak channel at SC24 (idx=45): H_mag=0.0367, skipping
[EQ_HEADER][WARNING] Weak channel at SC25 (idx=46): H_mag=0.0428, skipping
[EQ_HEADER][WARNING] Weak channel at SC26 (idx=47): H_mag=0.0509, skipping
[EQ_HEADER] Zero-magnitude H subcarriers: 0/48
[EQ_HEADER] Average RX magnitude: 8.8702
[EQ_HEADER] Average EQ magnitude: 0.5002
[EQ_HEADER] First 10 bits: 0000011111
[EQ_HEADER][SC0] rx=-8.867+-0.053i, eq=-0.684+-0.739i, bit=0
[EQ_HEADER][SC1] rx=-8.881+-0.045i, eq=-0.683+-0.738i, bit=0
[EQ_HEADER][SC2] rx=-8.878+-0.041i, eq=-0.680+-0.729i, bit=0
[EQ_HEADER][SC3] rx=-8.879+-0.040i, eq=-0.680+-0.729i, bit=0
[EQ_HEADER][SC4] rx=-8.879+-0.038i, eq=-0.682+-0.736i, bit=0
[EQ_HEADER] CPE estimate: 1.603 rad, rot=-0.032+-0.999i
[EQ_HEADER][WARNING] Weak channel at SC-20 (idx=5): H_mag=0.0228, skipping
[EQ_HEADER][WARNING] Weak channel at SC-19 (idx=6): H_mag=0.0230, skipping
[EQ_HEADER][WARNING] Weak channel at SC-18 (idx=7): H_mag=0.0187, skipping
[EQ_HEADER][WARNING] Weak channel at SC-16 (idx=9): H_mag=0.0202, skipping
[EQ_HEADER][WARNING] Weak channel at SC-15 (idx=10): H_mag=0.0190, skipping
[EQ_HEADER][WARNING] Weak channel at SC-13 (idx=12): H_mag=0.0177, skipping
[EQ_HEADER][WARNING] Weak channel at SC-12 (idx=13): H_mag=0.0172, skipping
[EQ_HEADER][WARNING] Weak channel at SC-6 (idx=18): H_mag=0.0152, skipping
[EQ_HEADER][WARNING] Weak channel at SC-5 (idx=19): H_mag=0.0110, skipping
[EQ_HEADER][WARNING] Weak channel at SC-4 (idx=20): H_mag=0.0145, skipping
[EQ_HEADER][WARNING] Weak channel at SC-2 (idx=22): H_mag=0.0147, skipping
[EQ_HEADER][WARNING] Weak channel at SC-1 (idx=23): H_mag=0.0148, skipping
[EQ_HEADER][WARNING] Weak channel at SC1 (idx=24): H_mag=0.0146, skipping
[EQ_HEADER][WARNING] Weak channel at SC2 (idx=25): H_mag=0.0106, skipping
[EQ_HEADER][WARNING] Weak channel at SC3 (idx=26): H_mag=0.0106, skipping
[EQ_HEADER][WARNING] Weak channel at SC4 (idx=27): H_mag=0.0147, skipping
[EQ_HEADER][WARNING] Weak channel at SC5 (idx=28): H_mag=0.0149, skipping
[EQ_HEADER][WARNING] Weak channel at SC9 (idx=31): H_mag=0.0149, skipping
[EQ_HEADER][WARNING] Weak channel at SC12 (idx=34): H_mag=0.0146, skipping
[EQ_HEADER][WARNING] Weak channel at SC20 (idx=42): H_mag=0.0225, skipping
[EQ_HEADER][WARNING] Weak channel at SC23 (idx=44): H_mag=0.0326, skipping
[EQ_HEADER][WARNING] Weak channel at SC24 (idx=45): H_mag=0.0367, skipping
[EQ_HEADER][WARNING] Weak channel at SC25 (idx=46): H_mag=0.0428, skipping
[EQ_HEADER][WARNING] Weak channel at SC26 (idx=47): H_mag=0.0509, skipping
[EQ_HEADER] Zero-magnitude H subcarriers: 0/48
[EQ_HEADER] Average RX magnitude: 7.3126
[EQ_HEADER] Average EQ magnitude: 0.3852
[EQ_HEADER] First 10 bits: 1111111111
[EQ_HEADER][SC0] rx=-0.046+2.332i, eq=0.265+-0.003i, bit=1
[EQ_HEADER][SC1] rx=2.561+2.194i, eq=0.239+-0.298i, bit=1
[EQ_HEADER][SC2] rx=4.710+2.081i, eq=0.215+-0.537i, bit=1
[EQ_HEADER][SC3] rx=7.387+1.939i, eq=0.188+-0.837i, bit=1
[EQ_HEADER][SC4] rx=14.267+1.569i, eq=0.125+-1.616i, bit=1
[EQ_HEADER] CPE estimate: 0.145 rad, rot=0.989+-0.145i
[EQ_HEADER][WARNING] Weak channel at SC-20 (idx=5): H_mag=0.0228, skipping
[EQ_HEADER][WARNING] Weak channel at SC-19 (idx=6): H_mag=0.0230, skipping
[EQ_HEADER][WARNING] Weak channel at SC-18 (idx=7): H_mag=0.0187, skipping
[EQ_HEADER][WARNING] Weak channel at SC-16 (idx=9): H_mag=0.0202, skipping
[EQ_HEADER][WARNING] Weak channel at SC-15 (idx=10): H_mag=0.0190, skipping
[EQ_HEADER][WARNING] Weak channel at SC-13 (idx=12): H_mag=0.0177, skipping
[EQ_HEADER][WARNING] Weak channel at SC-12 (idx=13): H_mag=0.0172, skipping
[EQ_HEADER][WARNING] Weak channel at SC-6 (idx=18): H_mag=0.0152, skipping
[EQ_HEADER][WARNING] Weak channel at SC-5 (idx=19): H_mag=0.0110, skipping
[EQ_HEADER][WARNING] Weak channel at SC-4 (idx=20): H_mag=0.0145, skipping
[EQ_HEADER][WARNING] Weak channel at SC-2 (idx=22): H_mag=0.0147, skipping
[EQ_HEADER][WARNING] Weak channel at SC-1 (idx=23): H_mag=0.0148, skipping
[EQ_HEADER][WARNING] Weak channel at SC1 (idx=24): H_mag=0.0146, skipping
[EQ_HEADER][WARNING] Weak channel at SC2 (idx=25): H_mag=0.0106, skipping
[EQ_HEADER][WARNING] Weak channel at SC3 (idx=26): H_mag=0.0106, skipping
[EQ_HEADER][WARNING] Weak channel at SC4 (idx=27): H_mag=0.0147, skipping
[EQ_HEADER][WARNING] Weak channel at SC5 (idx=28): H_mag=0.0149, skipping
[EQ_HEADER][WARNING] Weak channel at SC9 (idx=31): H_mag=0.0149, skipping
[EQ_HEADER][WARNING] Weak channel at SC12 (idx=34): H_mag=0.0146, skipping
[EQ_HEADER][WARNING] Weak channel at SC20 (idx=42): H_mag=0.0225, skipping
[EQ_HEADER][WARNING] Weak channel at SC23 (idx=44): H_mag=0.0326, skipping
[EQ_HEADER][WARNING] Weak channel at SC24 (idx=45): H_mag=0.0367, skipping
[EQ_HEADER][WARNING] Weak channel at SC25 (idx=46): H_mag=0.0428, skipping
[EQ_HEADER][WARNING] Weak channel at SC26 (idx=47): H_mag=0.0509, skipping
[EQ_HEADER] Zero-magnitude H subcarriers: 0/48
[EQ_HEADER] Average RX magnitude: 7.5234
[EQ_HEADER] Average EQ magnitude: 0.4316
[EQ_HEADER] First 10 bits: 1100011111
[EQ_HEADER][SC0] rx=2.936+0.906i, eq=0.345+0.053i, bit=1
[EQ_HEADER][SC1] rx=11.952+1.192i, eq=1.358+-0.063i, bit=1
[EQ_HEADER][SC2] rx=-3.327+0.696i, eq=-0.358+0.133i, bit=0
[EQ_HEADER][SC3] rx=-14.339+0.337i, eq=-1.587+0.276i, bit=0
[EQ_HEADER][SC4] rx=-1.277+0.756i, eq=-0.130+0.105i, bit=0
[RX][CHAN-EST] Hhdr52: avg_mag=4.4445 avg_phase=0.0011 rad phase_var=4.9251
[RX][CHAN-EST] Hhdr52[0:5]: 8.808∠0.001 8.834∠0.000 8.908∠0.003 8.902∠0.003 8.854∠0.000 0.023∠0.590 
[RX][HDRDBG] rel=3 raw48=000000111110010000000011100110000000000010011000
[RX][HDRDBG] rel=3 eq48 =000001111110110000111011111110010010000010111111
[RX][HDRDBG] rel=3 deintl48=000000011010010100110110111110111011111101001011
[RX][HDRDBG] rel=3 bit-errors: raw->eq=13 eq->deintl=20
[RX][HDRDBG] rel=4 raw48=011111110100000011011110011011011111110110010111
[RX][HDRDBG] rel=4 eq48 =111111111111111111111111111111111111111111111111
[RX][HDRDBG] rel=4 deintl48=111111111111111111111111111111111111111111111111
[RX][HDRDBG] rel=4 bit-errors: raw->eq=17 eq->deintl=0
[RX][HDRDBG] rel=5 raw48=110001011011001000111100001110010101011001001110
[RX][HDRDBG] rel=5 eq48 =110001111111111000111111111110010111011001101111
[RX][HDRDBG] rel=5 deintl48=100101011011010111111110110111111110111101101011
[RX][HDRDBG] rel=5 bit-errors: raw->eq=11 eq->deintl=18
[EQ_HEADER] CPE estimate: -0.819 rad, rot=0.683+0.731i
[EQ_HEADER][WARNING] Weak channel at SC-20 (idx=5): H_mag=0.0228, skipping
[EQ_HEADER][WARNING] Weak channel at SC-19 (idx=6): H_mag=0.0230, skipping
[EQ_HEADER][WARNING] Weak channel at SC-18 (idx=7): H_mag=0.0187, skipping
[EQ_HEADER][WARNING] Weak channel at SC-16 (idx=9): H_mag=0.0202, skipping
[EQ_HEADER][WARNING] Weak channel at SC-15 (idx=10): H_mag=0.0190, skipping
[EQ_HEADER][WARNING] Weak channel at SC-13 (idx=12): H_mag=0.0177, skipping
[EQ_HEADER][WARNING] Weak channel at SC-12 (idx=13): H_mag=0.0172, skipping
[EQ_HEADER][WARNING] Weak channel at SC-6 (idx=18): H_mag=0.0152, skipping
[EQ_HEADER][WARNING] Weak channel at SC-5 (idx=19): H_mag=0.0110, skipping
[EQ_HEADER][WARNING] Weak channel at SC-4 (idx=20): H_mag=0.0145, skipping
[EQ_HEADER][WARNING] Weak channel at SC-2 (idx=22): H_mag=0.0147, skipping
[EQ_HEADER][WARNING] Weak channel at SC-1 (idx=23): H_mag=0.0148, skipping
[EQ_HEADER][WARNING] Weak channel at SC1 (idx=24): H_mag=0.0146, skipping
[EQ_HEADER][WARNING] Weak channel at SC2 (idx=25): H_mag=0.0106, skipping
[EQ_HEADER][WARNING] Weak channel at SC3 (idx=26): H_mag=0.0106, skipping
[EQ_HEADER][WARNING] Weak channel at SC4 (idx=27): H_mag=0.0147, skipping
[EQ_HEADER][WARNING] Weak channel at SC5 (idx=28): H_mag=0.0149, skipping
[EQ_HEADER][WARNING] Weak channel at SC9 (idx=31): H_mag=0.0149, skipping
[EQ_HEADER][WARNING] Weak channel at SC12 (idx=34): H_mag=0.0146, skipping
[EQ_HEADER][WARNING] Weak channel at SC20 (idx=42): H_mag=0.0225, skipping
[EQ_HEADER][WARNING] Weak channel at SC23 (idx=44): H_mag=0.0326, skipping
[EQ_HEADER][WARNING] Weak channel at SC24 (idx=45): H_mag=0.0367, skipping
[EQ_HEADER][WARNING] Weak channel at SC25 (idx=46): H_mag=0.0428, skipping
[EQ_HEADER][WARNING] Weak channel at SC26 (idx=47): H_mag=0.0509, skipping
[EQ_HEADER] Zero-magnitude H subcarriers: 0/48
[EQ_HEADER] Average RX magnitude: 8.8702
[EQ_HEADER] Average EQ magnitude: 0.5002
[EQ_HEADER] First 10 bits: 0000011111
[EQ_HEADER][SC0] rx=-8.867+-0.053i, eq=-0.684+-0.739i, bit=0
[EQ_HEADER][SC1] rx=-8.881+-0.045i, eq=-0.683+-0.738i, bit=0
[EQ_HEADER][SC2] rx=-8.878+-0.041i, eq=-0.680+-0.729i, bit=0
[EQ_HEADER][SC3] rx=-8.879+-0.040i, eq=-0.680+-0.729i, bit=0
[EQ_HEADER][SC4] rx=-8.879+-0.038i, eq=-0.682+-0.736i, bit=0
[EQ_HEADER] CPE estimate: -0.819 rad, rot=0.683+0.731i
[EQ_HEADER][WARNING] Weak channel at SC-20 (idx=5): H_mag=0.0228, skipping
[EQ_HEADER][WARNING] Weak channel at SC-19 (idx=6): H_mag=0.0230, skipping
[EQ_HEADER][WARNING] Weak channel at SC-18 (idx=7): H_mag=0.0187, skipping
[EQ_HEADER][WARNING] Weak channel at SC-16 (idx=9): H_mag=0.0202, skipping
[EQ_HEADER][WARNING] Weak channel at SC-15 (idx=10): H_mag=0.0190, skipping
[EQ_HEADER][WARNING] Weak channel at SC-13 (idx=12): H_mag=0.0177, skipping
[EQ_HEADER][WARNING] Weak channel at SC-12 (idx=13): H_mag=0.0172, skipping
[EQ_HEADER][WARNING] Weak channel at SC-6 (idx=18): H_mag=0.0152, skipping
[EQ_HEADER][WARNING] Weak channel at SC-5 (idx=19): H_mag=0.0110, skipping
[EQ_HEADER][WARNING] Weak channel at SC-4 (idx=20): H_mag=0.0145, skipping
[EQ_HEADER][WARNING] Weak channel at SC-2 (idx=22): H_mag=0.0147, skipping
[EQ_HEADER][WARNING] Weak channel at SC-1 (idx=23): H_mag=0.0148, skipping
[EQ_HEADER][WARNING] Weak channel at SC1 (idx=24): H_mag=0.0146, skipping
[EQ_HEADER][WARNING] Weak channel at SC2 (idx=25): H_mag=0.0106, skipping
[EQ_HEADER][WARNING] Weak channel at SC3 (idx=26): H_mag=0.0106, skipping
[EQ_HEADER][WARNING] Weak channel at SC4 (idx=27): H_mag=0.0147, skipping
[EQ_HEADER][WARNING] Weak channel at SC5 (idx=28): H_mag=0.0149, skipping
[EQ_HEADER][WARNING] Weak channel at SC9 (idx=31): H_mag=0.0149, skipping
[EQ_HEADER][WARNING] Weak channel at SC12 (idx=34): H_mag=0.0146, skipping
[EQ_HEADER][WARNING] Weak channel at SC20 (idx=42): H_mag=0.0225, skipping
[EQ_HEADER][WARNING] Weak channel at SC23 (idx=44): H_mag=0.0326, skipping
[EQ_HEADER][WARNING] Weak channel at SC24 (idx=45): H_mag=0.0367, skipping
[EQ_HEADER][WARNING] Weak channel at SC25 (idx=46): H_mag=0.0428, skipping
[EQ_HEADER][WARNING] Weak channel at SC26 (idx=47): H_mag=0.0509, skipping
[EQ_HEADER] Zero-magnitude H subcarriers: 0/48
[EQ_HEADER] Average RX magnitude: 8.8702
[EQ_HEADER] Average EQ magnitude: 0.5002
[EQ_HEADER] First 10 bits: 0000011111
[EQ_HEADER][SC0] rx=-8.867+-0.053i, eq=-0.684+-0.739i, bit=0
[EQ_HEADER][SC1] rx=-8.881+-0.045i, eq=-0.683+-0.738i, bit=0
[EQ_HEADER][SC2] rx=-8.878+-0.041i, eq=-0.680+-0.729i, bit=0
[EQ_HEADER][SC3] rx=-8.879+-0.040i, eq=-0.680+-0.729i, bit=0
[EQ_HEADER][SC4] rx=-8.879+-0.038i, eq=-0.682+-0.736i, bit=0
[EQ_HEADER] CPE estimate: 1.603 rad, rot=-0.032+-0.999i
[EQ_HEADER][WARNING] Weak channel at SC-20 (idx=5): H_mag=0.0228, skipping
[EQ_HEADER][WARNING] Weak channel at SC-19 (idx=6): H_mag=0.0230, skipping
[EQ_HEADER][WARNING] Weak channel at SC-18 (idx=7): H_mag=0.0187, skipping
[EQ_HEADER][WARNING] Weak channel at SC-16 (idx=9): H_mag=0.0202, skipping
[EQ_HEADER][WARNING] Weak channel at SC-15 (idx=10): H_mag=0.0190, skipping
[EQ_HEADER][WARNING] Weak channel at SC-13 (idx=12): H_mag=0.0177, skipping
[EQ_HEADER][WARNING] Weak channel at SC-12 (idx=13): H_mag=0.0172, skipping
[EQ_HEADER][WARNING] Weak channel at SC-6 (idx=18): H_mag=0.0152, skipping
[EQ_HEADER][WARNING] Weak channel at SC-5 (idx=19): H_mag=0.0110, skipping
[EQ_HEADER][WARNING] Weak channel at SC-4 (idx=20): H_mag=0.0145, skipping
[EQ_HEADER][WARNING] Weak channel at SC-2 (idx=22): H_mag=0.0147, skipping
[EQ_HEADER][WARNING] Weak channel at SC-1 (idx=23): H_mag=0.0148, skipping
[EQ_HEADER][WARNING] Weak channel at SC1 (idx=24): H_mag=0.0146, skipping
[EQ_HEADER][WARNING] Weak channel at SC2 (idx=25): H_mag=0.0106, skipping
[EQ_HEADER][WARNING] Weak channel at SC3 (idx=26): H_mag=0.0106, skipping
[EQ_HEADER][WARNING] Weak channel at SC4 (idx=27): H_mag=0.0147, skipping
[EQ_HEADER][WARNING] Weak channel at SC5 (idx=28): H_mag=0.0149, skipping
[EQ_HEADER][WARNING] Weak channel at SC9 (idx=31): H_mag=0.0149, skipping
[EQ_HEADER][WARNING] Weak channel at SC12 (idx=34): H_mag=0.0146, skipping
[EQ_HEADER][WARNING] Weak channel at SC20 (idx=42): H_mag=0.0225, skipping
[EQ_HEADER][WARNING] Weak channel at SC23 (idx=44): H_mag=0.0326, skipping
[EQ_HEADER][WARNING] Weak channel at SC24 (idx=45): H_mag=0.0367, skipping
[EQ_HEADER][WARNING] Weak channel at SC25 (idx=46): H_mag=0.0428, skipping
[EQ_HEADER][WARNING] Weak channel at SC26 (idx=47): H_mag=0.0509, skipping
[EQ_HEADER] Zero-magnitude H subcarriers: 0/48
[EQ_HEADER] Average RX magnitude: 7.3126
[EQ_HEADER] Average EQ magnitude: 0.3852
[EQ_HEADER] First 10 bits: 1111111111
[EQ_HEADER][SC0] rx=-0.046+2.332i, eq=0.265+-0.003i, bit=1
[EQ_HEADER][SC1] rx=2.561+2.194i, eq=0.239+-0.298i, bit=1
[EQ_HEADER][SC2] rx=4.710+2.081i, eq=0.215+-0.537i, bit=1
[EQ_HEADER][SC3] rx=7.387+1.939i, eq=0.188+-0.837i, bit=1
[EQ_HEADER][SC4] rx=14.267+1.569i, eq=0.125+-1.616i, bit=1
[EQ_HEADER] CPE estimate: 0.145 rad, rot=0.989+-0.145i
[EQ_HEADER][WARNING] Weak channel at SC-20 (idx=5): H_mag=0.0228, skipping
[EQ_HEADER][WARNING] Weak channel at SC-19 (idx=6): H_mag=0.0230, skipping
[EQ_HEADER][WARNING] Weak channel at SC-18 (idx=7): H_mag=0.0187, skipping
[EQ_HEADER][WARNING] Weak channel at SC-16 (idx=9): H_mag=0.0202, skipping
[EQ_HEADER][WARNING] Weak channel at SC-15 (idx=10): H_mag=0.0190, skipping
[EQ_HEADER][WARNING] Weak channel at SC-13 (idx=12): H_mag=0.0177, skipping
[EQ_HEADER][WARNING] Weak channel at SC-12 (idx=13): H_mag=0.0172, skipping
[EQ_HEADER][WARNING] Weak channel at SC-6 (idx=18): H_mag=0.0152, skipping
[EQ_HEADER][WARNING] Weak channel at SC-5 (idx=19): H_mag=0.0110, skipping
[EQ_HEADER][WARNING] Weak channel at SC-4 (idx=20): H_mag=0.0145, skipping
[EQ_HEADER][WARNING] Weak channel at SC-2 (idx=22): H_mag=0.0147, skipping
[EQ_HEADER][WARNING] Weak channel at SC-1 (idx=23): H_mag=0.0148, skipping
[EQ_HEADER][WARNING] Weak channel at SC1 (idx=24): H_mag=0.0146, skipping
[EQ_HEADER][WARNING] Weak channel at SC2 (idx=25): H_mag=0.0106, skipping
[EQ_HEADER][WARNING] Weak channel at SC3 (idx=26): H_mag=0.0106, skipping
[EQ_HEADER][WARNING] Weak channel at SC4 (idx=27): H_mag=0.0147, skipping
[EQ_HEADER][WARNING] Weak channel at SC5 (idx=28): H_mag=0.0149, skipping
[EQ_HEADER][WARNING] Weak channel at SC9 (idx=31): H_mag=0.0149, skipping
[EQ_HEADER][WARNING] Weak channel at SC12 (idx=34): H_mag=0.0146, skipping
[EQ_HEADER][WARNING] Weak channel at SC20 (idx=42): H_mag=0.0225, skipping
[EQ_HEADER][WARNING] Weak channel at SC23 (idx=44): H_mag=0.0326, skipping
[EQ_HEADER][WARNING] Weak channel at SC24 (idx=45): H_mag=0.0367, skipping
[EQ_HEADER][WARNING] Weak channel at SC25 (idx=46): H_mag=0.0428, skipping
[EQ_HEADER][WARNING] Weak channel at SC26 (idx=47): H_mag=0.0509, skipping
[EQ_HEADER] Zero-magnitude H subcarriers: 0/48
[EQ_HEADER] Average RX magnitude: 7.5234
[EQ_HEADER] Average EQ magnitude: 0.4316
[EQ_HEADER] First 10 bits: 1100011111
[EQ_HEADER][SC0] rx=2.936+0.906i, eq=0.345+0.053i, bit=1
[EQ_HEADER][SC1] rx=11.952+1.192i, eq=1.358+-0.063i, bit=1
[EQ_HEADER][SC2] rx=-3.327+0.696i, eq=-0.358+0.133i, bit=0
[EQ_HEADER][SC3] rx=-14.339+0.337i, eq=-1.587+0.276i, bit=0
[EQ_HEADER][SC4] rx=-1.277+0.756i, eq=-0.130+0.105i, bit=0
[PARSE_HT_SIG] CRC: received=0xc2, calculated=0x67
[PARSE_HT_SIG] CRC mismatch
[EQ_HEADER] CPE estimate: 1.603 rad, rot=-0.032+-0.999i
[EQ_HEADER][WARNING] Weak channel at SC-20 (idx=5): H_mag=0.0228, skipping
[EQ_HEADER][WARNING] Weak channel at SC-19 (idx=6): H_mag=0.0230, skipping
[EQ_HEADER][WARNING] Weak channel at SC-18 (idx=7): H_mag=0.0187, skipping
[EQ_HEADER][WARNING] Weak channel at SC-16 (idx=9): H_mag=0.0202, skipping
[EQ_HEADER][WARNING] Weak channel at SC-15 (idx=10): H_mag=0.0190, skipping
[EQ_HEADER][WARNING] Weak channel at SC-13 (idx=12): H_mag=0.0177, skipping
[EQ_HEADER][WARNING] Weak channel at SC-12 (idx=13): H_mag=0.0172, skipping
[EQ_HEADER][WARNING] Weak channel at SC-6 (idx=18): H_mag=0.0152, skipping
[EQ_HEADER][WARNING] Weak channel at SC-5 (idx=19): H_mag=0.0110, skipping
[EQ_HEADER][WARNING] Weak channel at SC-4 (idx=20): H_mag=0.0145, skipping
[EQ_HEADER][WARNING] Weak channel at SC-2 (idx=22): H_mag=0.0147, skipping
[EQ_HEADER][WARNING] Weak channel at SC-1 (idx=23): H_mag=0.0148, skipping
[EQ_HEADER][WARNING] Weak channel at SC1 (idx=24): H_mag=0.0146, skipping
[EQ_HEADER][WARNING] Weak channel at SC2 (idx=25): H_mag=0.0106, skipping
[EQ_HEADER][WARNING] Weak channel at SC3 (idx=26): H_mag=0.0106, skipping
[EQ_HEADER][WARNING] Weak channel at SC4 (idx=27): H_mag=0.0147, skipping
[EQ_HEADER][WARNING] Weak channel at SC5 (idx=28): H_mag=0.0149, skipping
[EQ_HEADER][WARNING] Weak channel at SC9 (idx=31): H_mag=0.0149, skipping
[EQ_HEADER][WARNING] Weak channel at SC12 (idx=34): H_mag=0.0146, skipping
[EQ_HEADER][WARNING] Weak channel at SC20 (idx=42): H_mag=0.0225, skipping
[EQ_HEADER][WARNING] Weak channel at SC23 (idx=44): H_mag=0.0326, skipping
[EQ_HEADER][WARNING] Weak channel at SC24 (idx=45): H_mag=0.0367, skipping
[EQ_HEADER][WARNING] Weak channel at SC25 (idx=46): H_mag=0.0428, skipping
[EQ_HEADER][WARNING] Weak channel at SC26 (idx=47): H_mag=0.0509, skipping
[EQ_HEADER] Zero-magnitude H subcarriers: 0/48
[EQ_HEADER] Average RX magnitude: 7.3126
[EQ_HEADER] Average EQ magnitude: 0.3852
[EQ_HEADER] First 10 bits: 1111111111
[EQ_HEADER][SC0] rx=-0.046+2.332i, eq=0.265+-0.003i, bit=1
[EQ_HEADER][SC1] rx=2.561+2.194i, eq=0.239+-0.298i, bit=1
[EQ_HEADER][SC2] rx=4.710+2.081i, eq=0.215+-0.537i, bit=1
[EQ_HEADER][SC3] rx=7.387+1.939i, eq=0.188+-0.837i, bit=1
[EQ_HEADER][SC4] rx=14.267+1.569i, eq=0.125+-1.616i, bit=1
[EQ_HEADER] CPE estimate: 0.145 rad, rot=0.989+-0.145i
[EQ_HEADER][WARNING] Weak channel at SC-20 (idx=5): H_mag=0.0228, skipping
[EQ_HEADER][WARNING] Weak channel at SC-19 (idx=6): H_mag=0.0230, skipping
[EQ_HEADER][WARNING] Weak channel at SC-18 (idx=7): H_mag=0.0187, skipping
[EQ_HEADER][WARNING] Weak channel at SC-16 (idx=9): H_mag=0.0202, skipping
[EQ_HEADER][WARNING] Weak channel at SC-15 (idx=10): H_mag=0.0190, skipping
[EQ_HEADER][WARNING] Weak channel at SC-13 (idx=12): H_mag=0.0177, skipping
[EQ_HEADER][WARNING] Weak channel at SC-12 (idx=13): H_mag=0.0172, skipping
[EQ_HEADER][WARNING] Weak channel at SC-6 (idx=18): H_mag=0.0152, skipping
[EQ_HEADER][WARNING] Weak channel at SC-5 (idx=19): H_mag=0.0110, skipping
[EQ_HEADER][WARNING] Weak channel at SC-4 (idx=20): H_mag=0.0145, skipping
[EQ_HEADER][WARNING] Weak channel at SC-2 (idx=22): H_mag=0.0147, skipping
[EQ_HEADER][WARNING] Weak channel at SC-1 (idx=23): H_mag=0.0148, skipping
[EQ_HEADER][WARNING] Weak channel at SC1 (idx=24): H_mag=0.0146, skipping
[EQ_HEADER][WARNING] Weak channel at SC2 (idx=25): H_mag=0.0106, skipping
[EQ_HEADER][WARNING] Weak channel at SC3 (idx=26): H_mag=0.0106, skipping
[EQ_HEADER][WARNING] Weak channel at SC4 (idx=27): H_mag=0.0147, skipping
[EQ_HEADER][WARNING] Weak channel at SC5 (idx=28): H_mag=0.0149, skipping
[EQ_HEADER][WARNING] Weak channel at SC9 (idx=31): H_mag=0.0149, skipping
[EQ_HEADER][WARNING] Weak channel at SC12 (idx=34): H_mag=0.0146, skipping
[EQ_HEADER][WARNING] Weak channel at SC20 (idx=42): H_mag=0.0225, skipping
[EQ_HEADER][WARNING] Weak channel at SC23 (idx=44): H_mag=0.0326, skipping
[EQ_HEADER][WARNING] Weak channel at SC24 (idx=45): H_mag=0.0367, skipping
[EQ_HEADER][WARNING] Weak channel at SC25 (idx=46): H_mag=0.0428, skipping
[EQ_HEADER][WARNING] Weak channel at SC26 (idx=47): H_mag=0.0509, skipping
[EQ_HEADER] Zero-magnitude H subcarriers: 0/48
[EQ_HEADER] Average RX magnitude: 7.5234
[EQ_HEADER] Average EQ magnitude: 0.4316
[EQ_HEADER] First 10 bits: 1100011111
[EQ_HEADER][SC0] rx=2.936+0.906i, eq=0.345+0.053i, bit=1
[EQ_HEADER][SC1] rx=11.952+1.192i, eq=1.358+-0.063i, bit=1
[EQ_HEADER][SC2] rx=-3.327+0.696i, eq=-0.358+0.133i, bit=0
[EQ_HEADER][SC3] rx=-14.339+0.337i, eq=-1.587+0.276i, bit=0
[EQ_HEADER][SC4] rx=-1.277+0.756i, eq=-0.130+0.105i, bit=0
[PARSE_HT_SIG] CRC: received=0x48, calculated=0xc0
[PARSE_HT_SIG] CRC mismatch
[EQ_HEADER] CPE estimate: 1.603 rad, rot=-0.032+-0.999i
[EQ_HEADER][WARNING] Weak channel at SC-20 (idx=5): H_mag=0.0228, skipping
[EQ_HEADER][WARNING] Weak channel at SC-19 (idx=6): H_mag=0.0230, skipping
[EQ_HEADER][WARNING] Weak channel at SC-18 (idx=7): H_mag=0.0187, skipping
[EQ_HEADER][WARNING] Weak channel at SC-16 (idx=9): H_mag=0.0202, skipping
[EQ_HEADER][WARNING] Weak channel at SC-15 (idx=10): H_mag=0.0190, skipping
[EQ_HEADER][WARNING] Weak channel at SC-13 (idx=12): H_mag=0.0177, skipping
[EQ_HEADER][WARNING] Weak channel at SC-12 (idx=13): H_mag=0.0172, skipping
[EQ_HEADER][WARNING] Weak channel at SC-6 (idx=18): H_mag=0.0152, skipping
[EQ_HEADER][WARNING] Weak channel at SC-5 (idx=19): H_mag=0.0110, skipping
[EQ_HEADER][WARNING] Weak channel at SC-4 (idx=20): H_mag=0.0145, skipping
[EQ_HEADER][WARNING] Weak channel at SC-2 (idx=22): H_mag=0.0147, skipping
[EQ_HEADER][WARNING] Weak channel at SC-1 (idx=23): H_mag=0.0148, skipping
[EQ_HEADER][WARNING] Weak channel at SC1 (idx=24): H_mag=0.0146, skipping
[EQ_HEADER][WARNING] Weak channel at SC2 (idx=25): H_mag=0.0106, skipping
[EQ_HEADER][WARNING] Weak channel at SC3 (idx=26): H_mag=0.0106, skipping
[EQ_HEADER][WARNING] Weak channel at SC4 (idx=27): H_mag=0.0147, skipping
[EQ_HEADER][WARNING] Weak channel at SC5 (idx=28): H_mag=0.0149, skipping
[EQ_HEADER][WARNING] Weak channel at SC9 (idx=31): H_mag=0.0149, skipping
[EQ_HEADER][WARNING] Weak channel at SC12 (idx=34): H_mag=0.0146, skipping
[EQ_HEADER][WARNING] Weak channel at SC20 (idx=42): H_mag=0.0225, skipping
[EQ_HEADER][WARNING] Weak channel at SC23 (idx=44): H_mag=0.0326, skipping
[EQ_HEADER][WARNING] Weak channel at SC24 (idx=45): H_mag=0.0367, skipping
[EQ_HEADER][WARNING] Weak channel at SC25 (idx=46): H_mag=0.0428, skipping
[EQ_HEADER][WARNING] Weak channel at SC26 (idx=47): H_mag=0.0509, skipping
[EQ_HEADER] Zero-magnitude H subcarriers: 0/48
[EQ_HEADER] Average RX magnitude: 7.3126
[EQ_HEADER] Average EQ magnitude: 0.3852
[EQ_HEADER] First 10 bits: 1111111111
[EQ_HEADER][SC0] rx=-0.046+2.332i, eq=0.265+-0.003i, bit=1
[EQ_HEADER][SC1] rx=2.561+2.194i, eq=0.239+-0.298i, bit=1
[EQ_HEADER][SC2] rx=4.710+2.081i, eq=0.215+-0.537i, bit=1
[EQ_HEADER][SC3] rx=7.387+1.939i, eq=0.188+-0.837i, bit=1
[EQ_HEADER][SC4] rx=14.267+1.569i, eq=0.125+-1.616i, bit=1
[EQ_HEADER] CPE estimate: 0.145 rad, rot=0.989+-0.145i
[EQ_HEADER][WARNING] Weak channel at SC-20 (idx=5): H_mag=0.0228, skipping
[EQ_HEADER][WARNING] Weak channel at SC-19 (idx=6): H_mag=0.0230, skipping
[EQ_HEADER][WARNING] Weak channel at SC-18 (idx=7): H_mag=0.0187, skipping
[EQ_HEADER][WARNING] Weak channel at SC-16 (idx=9): H_mag=0.0202, skipping
[EQ_HEADER][WARNING] Weak channel at SC-15 (idx=10): H_mag=0.0190, skipping
[EQ_HEADER][WARNING] Weak channel at SC-13 (idx=12): H_mag=0.0177, skipping
[EQ_HEADER][WARNING] Weak channel at SC-12 (idx=13): H_mag=0.0172, skipping
[EQ_HEADER][WARNING] Weak channel at SC-6 (idx=18): H_mag=0.0152, skipping
[EQ_HEADER][WARNING] Weak channel at SC-5 (idx=19): H_mag=0.0110, skipping
[EQ_HEADER][WARNING] Weak channel at SC-4 (idx=20): H_mag=0.0145, skipping
[EQ_HEADER][WARNING] Weak channel at SC-2 (idx=22): H_mag=0.0147, skipping
[EQ_HEADER][WARNING] Weak channel at SC-1 (idx=23): H_mag=0.0148, skipping
[EQ_HEADER][WARNING] Weak channel at SC1 (idx=24): H_mag=0.0146, skipping
[EQ_HEADER][WARNING] Weak channel at SC2 (idx=25): H_mag=0.0106, skipping
[EQ_HEADER][WARNING] Weak channel at SC3 (idx=26): H_mag=0.0106, skipping
[EQ_HEADER][WARNING] Weak channel at SC4 (idx=27): H_mag=0.0147, skipping
[EQ_HEADER][WARNING] Weak channel at SC5 (idx=28): H_mag=0.0149, skipping
[EQ_HEADER][WARNING] Weak channel at SC9 (idx=31): H_mag=0.0149, skipping
[EQ_HEADER][WARNING] Weak channel at SC12 (idx=34): H_mag=0.0146, skipping
[EQ_HEADER][WARNING] Weak channel at SC20 (idx=42): H_mag=0.0225, skipping
[EQ_HEADER][WARNING] Weak channel at SC23 (idx=44): H_mag=0.0326, skipping
[EQ_HEADER][WARNING] Weak channel at SC24 (idx=45): H_mag=0.0367, skipping
[EQ_HEADER][WARNING] Weak channel at SC25 (idx=46): H_mag=0.0428, skipping
[EQ_HEADER][WARNING] Weak channel at SC26 (idx=47): H_mag=0.0509, skipping
[EQ_HEADER] Zero-magnitude H subcarriers: 0/48
[EQ_HEADER] Average RX magnitude: 7.5234
[EQ_HEADER] Average EQ magnitude: 0.4316
[EQ_HEADER] First 10 bits: 1100011111
[EQ_HEADER][SC0] rx=2.936+0.906i, eq=0.345+0.053i, bit=1
[EQ_HEADER][SC1] rx=11.952+1.192i, eq=1.358+-0.063i, bit=1
[EQ_HEADER][SC2] rx=-3.327+0.696i, eq=-0.358+0.133i, bit=0
[EQ_HEADER][SC3] rx=-14.339+0.337i, eq=-1.587+0.276i, bit=0
[EQ_HEADER][SC4] rx=-1.277+0.756i, eq=-0.130+0.105i, bit=0
[PARSE_HT_SIG] CRC: received=0x20, calculated=0xea
[PARSE_HT_SIG] CRC mismatch
[EQ_HEADER] CPE estimate: 1.603 rad, rot=-0.032+-0.999i
[EQ_HEADER][WARNING] Weak channel at SC-20 (idx=5): H_mag=0.0228, skipping
[EQ_HEADER][WARNING] Weak channel at SC-19 (idx=6): H_mag=0.0230, skipping
[EQ_HEADER][WARNING] Weak channel at SC-18 (idx=7): H_mag=0.0187, skipping
[EQ_HEADER][WARNING] Weak channel at SC-16 (idx=9): H_mag=0.0202, skipping
[EQ_HEADER][WARNING] Weak channel at SC-15 (idx=10): H_mag=0.0190, skipping
[EQ_HEADER][WARNING] Weak channel at SC-13 (idx=12): H_mag=0.0177, skipping
[EQ_HEADER][WARNING] Weak channel at SC-12 (idx=13): H_mag=0.0172, skipping
[EQ_HEADER][WARNING] Weak channel at SC-6 (idx=18): H_mag=0.0152, skipping
[EQ_HEADER][WARNING] Weak channel at SC-5 (idx=19): H_mag=0.0110, skipping
[EQ_HEADER][WARNING] Weak channel at SC-4 (idx=20): H_mag=0.0145, skipping
[EQ_HEADER][WARNING] Weak channel at SC-2 (idx=22): H_mag=0.0147, skipping
[EQ_HEADER][WARNING] Weak channel at SC-1 (idx=23): H_mag=0.0148, skipping
[EQ_HEADER][WARNING] Weak channel at SC1 (idx=24): H_mag=0.0146, skipping
[EQ_HEADER][WARNING] Weak channel at SC2 (idx=25): H_mag=0.0106, skipping
[EQ_HEADER][WARNING] Weak channel at SC3 (idx=26): H_mag=0.0106, skipping
[EQ_HEADER][WARNING] Weak channel at SC4 (idx=27): H_mag=0.0147, skipping
[EQ_HEADER][WARNING] Weak channel at SC5 (idx=28): H_mag=0.0149, skipping
[EQ_HEADER][WARNING] Weak channel at SC9 (idx=31): H_mag=0.0149, skipping
[EQ_HEADER][WARNING] Weak channel at SC12 (idx=34): H_mag=0.0146, skipping
[EQ_HEADER][WARNING] Weak channel at SC20 (idx=42): H_mag=0.0225, skipping
[EQ_HEADER][WARNING] Weak channel at SC23 (idx=44): H_mag=0.0326, skipping
[EQ_HEADER][WARNING] Weak channel at SC24 (idx=45): H_mag=0.0367, skipping
[EQ_HEADER][WARNING] Weak channel at SC25 (idx=46): H_mag=0.0428, skipping
[EQ_HEADER][WARNING] Weak channel at SC26 (idx=47): H_mag=0.0509, skipping
[EQ_HEADER] Zero-magnitude H subcarriers: 0/48
[EQ_HEADER] Average RX magnitude: 7.3126
[EQ_HEADER] Average EQ magnitude: 0.3852
[EQ_HEADER] First 10 bits: 1111111111
[EQ_HEADER][SC0] rx=-0.046+2.332i, eq=0.265+-0.003i, bit=1
[EQ_HEADER][SC1] rx=2.561+2.194i, eq=0.239+-0.298i, bit=1
[EQ_HEADER][SC2] rx=4.710+2.081i, eq=0.215+-0.537i, bit=1
[EQ_HEADER][SC3] rx=7.387+1.939i, eq=0.188+-0.837i, bit=1
[EQ_HEADER][SC4] rx=14.267+1.569i, eq=0.125+-1.616i, bit=1
[EQ_HEADER] CPE estimate: 0.145 rad, rot=0.989+-0.145i
[EQ_HEADER][WARNING] Weak channel at SC-20 (idx=5): H_mag=0.0228, skipping
[EQ_HEADER][WARNING] Weak channel at SC-19 (idx=6): H_mag=0.0230, skipping
[EQ_HEADER][WARNING] Weak channel at SC-18 (idx=7): H_mag=0.0187, skipping
[EQ_HEADER][WARNING] Weak channel at SC-16 (idx=9): H_mag=0.0202, skipping
[EQ_HEADER][WARNING] Weak channel at SC-15 (idx=10): H_mag=0.0190, skipping
[EQ_HEADER][WARNING] Weak channel at SC-13 (idx=12): H_mag=0.0177, skipping
[EQ_HEADER][WARNING] Weak channel at SC-12 (idx=13): H_mag=0.0172, skipping
[EQ_HEADER][WARNING] Weak channel at SC-6 (idx=18): H_mag=0.0152, skipping
[EQ_HEADER][WARNING] Weak channel at SC-5 (idx=19): H_mag=0.0110, skipping
[EQ_HEADER][WARNING] Weak channel at SC-4 (idx=20): H_mag=0.0145, skipping
[EQ_HEADER][WARNING] Weak channel at SC-2 (idx=22): H_mag=0.0147, skipping
[EQ_HEADER][WARNING] Weak channel at SC-1 (idx=23): H_mag=0.0148, skipping
[EQ_HEADER][WARNING] Weak channel at SC1 (idx=24): H_mag=0.0146, skipping
[EQ_HEADER][WARNING] Weak channel at SC2 (idx=25): H_mag=0.0106, skipping
[EQ_HEADER][WARNING] Weak channel at SC3 (idx=26): H_mag=0.0106, skipping
[EQ_HEADER][WARNING] Weak channel at SC4 (idx=27): H_mag=0.0147, skipping
[EQ_HEADER][WARNING] Weak channel at SC5 (idx=28): H_mag=0.0149, skipping
[EQ_HEADER][WARNING] Weak channel at SC9 (idx=31): H_mag=0.0149, skipping
[EQ_HEADER][WARNING] Weak channel at SC12 (idx=34): H_mag=0.0146, skipping
[EQ_HEADER][WARNING] Weak channel at SC20 (idx=42): H_mag=0.0225, skipping
[EQ_HEADER][WARNING] Weak channel at SC23 (idx=44): H_mag=0.0326, skipping
[EQ_HEADER][WARNING] Weak channel at SC24 (idx=45): H_mag=0.0367, skipping
[EQ_HEADER][WARNING] Weak channel at SC25 (idx=46): H_mag=0.0428, skipping
[EQ_HEADER][WARNING] Weak channel at SC26 (idx=47): H_mag=0.0509, skipping
[EQ_HEADER] Zero-magnitude H subcarriers: 0/48
[EQ_HEADER] Average RX magnitude: 7.5234
[EQ_HEADER] Average EQ magnitude: 0.4316
[EQ_HEADER] First 10 bits: 1100011111
[EQ_HEADER][SC0] rx=2.936+0.906i, eq=0.345+0.053i, bit=1
[EQ_HEADER][SC1] rx=11.952+1.192i, eq=1.358+-0.063i, bit=1
[EQ_HEADER][SC2] rx=-3.327+0.696i, eq=-0.358+0.133i, bit=0
[EQ_HEADER][SC3] rx=-14.339+0.337i, eq=-1.587+0.276i, bit=0
[EQ_HEADER][SC4] rx=-1.277+0.756i, eq=-0.130+0.105i, bit=0
[PARSE_HT_SIG] CRC: received=0x33, calculated=0xdb
[PARSE_HT_SIG] CRC mismatch
[EQ][HT-SIG][DEBUG] L-SIG bits (48): 000000001111100100000000111001100000000000100110
[EQ][HT-SIG][DEBUG] HT-SIG0 bits (48): 000111111101000000110111100110110111111101100101
[EQ][HT-SIG][DEBUG] HT-SIG1 bits (48): 001100010110110010001111000011100101010110010011
[EQ][HT-SIG] parse failed: lsig=3 htsig=4/5
[EQ][WHILE_LOOP] iter consumed=6, d_sym_idx=6
[EQ][FLOW] abs=370 wifi_start=0 in_frame=1 sym_idx=6 consumed=6 produced=0
[EQ][PRE_EXTRACT] d_sym_idx=6, in_frame=1
[EXTRACT_CALL] sym_idx=6, type=OTHER
[EQ][IDX_CHECK] d_sym_idx=6, condition=1
[EQ][VALID_SET] d_sym_idx=6, valid=1
[EQ][SYM_IDX] sym_idx=6, type=UNKNOWN
[EQ][POST_EQUALIZE] d_sym_idx=6
[EQ][RAW_BITS] sym_idx=6 bits52=1011000010000110110110110000011010101010011110000100
[EQ][STDERR_DIRECT] Entering direct mixed-mode header detection
[EQ][DIRECT_PATH] Entering direct mixed-mode header detection
[EQ][STDERR_BEFORE_GATE] Reached before gate check
[EQ][BEFORE_GATE] Reached before gate check
[EQ][GATE] sym=6 want_htsig1=5 valid={lltf0=1 lltf1=1 lsig=1 htsig0=1 htsig1=1} have_ht=0
[EQ][TEST_INSERT] Added new debug output
[EQ][DEBUG_TEST] ======== DEBUG ENTRY ========
[EQ][DEBUG] Checking HT-SIG parse condition: d_sym_idx=6, kHtSig1Rel=5, d_have_ht_header=0
[EQ][DEBUG] valid flags: lltf0=1, lltf1=1, lsig=1, htsig0=1, htsig1=1
[EQ][WHILE_LOOP] iter consumed=7, d_sym_idx=7
[EQ][GATE_DETAIL] d_sym_idx=6, kHtSig1Rel=5, d_have_ht_header=0
[EQ][GATE_DETAIL] valid flags: lltf0=1 lltf1=1 lsig=1 htsig0=1 htsig1=1
[EQ][FLOW] abs=371 wifi_start=0 in_frame=1 sym_idx=7 consumed=7 produced=0
[EQ][PRE_EXTRACT] d_sym_idx=7, in_frame=1
[EXTRACT_CALL] sym_idx=7, type=OTHER
[EQ][IDX_CHECK] d_sym_idx=7, condition=1
[EQ][VALID_SET] d_sym_idx=7, valid=1
[EQ][SYM_IDX] sym_idx=7, type=UNKNOWN
[EQ][POST_EQUALIZE] d_sym_idx=7
[EQ][RAW_BITS] sym_idx=7 bits52=0100111101111011100000101100001110100110001001011001
[EQ][STDERR_DIRECT] Entering direct mixed-mode header detection
[EQ][DIRECT_PATH] Entering direct mixed-mode header detection
[EQ][STDERR_BEFORE_GATE] Reached before gate check
[EQ][BEFORE_GATE] Reached before gate check
[EQ][TEST_INSERT] Added new debug output
[EQ][DEBUG_TEST] ======== DEBUG ENTRY ========
[EQ][DEBUG] Checking HT-SIG parse condition: d_sym_idx=7, kHtSig1Rel=5, d_have_ht_header=0
[EQ][DEBUG] valid flags: lltf0=1, lltf1=1, lsig=1, htsig0=1, htsig1=1
[EQ][WHILE_LOOP] iter consumed=8, d_sym_idx=8
[EQ][GATE_DETAIL] d_sym_idx=7, kHtSig1Rel=5, d_have_ht_header=0
[EQ][GATE_DETAIL] valid flags: lltf0=1 lltf1=1 lsig=1 htsig0=1 htsig1=1
[EQ][FLOW] abs=372 wifi_start=0 in_frame=1 sym_idx=8 consumed=8 produced=0
[EQ][PRE_EXTRACT] d_sym_idx=8, in_frame=1
[EQ][POST_EQUALIZE] d_sym_idx=8
[EQ][STDERR_DIRECT] Entering direct mixed-mode header detection
[EQ][IDX_CHECK] d_sym_idx=8, condition=0
[EQ][DIRECT_PATH] Entering direct mixed-mode header detection
[EQ][STDERR_BEFORE_GATE] Reached before gate check
[EQ][BEFORE_GATE] Reached before gate check
[EQ][TEST_INSERT] Added new debug output
[EQ][DEBUG_TEST] ======== DEBUG ENTRY ========
[EQ][DEBUG] Checking HT-SIG parse condition: d_sym_idx=8, kHtSig1Rel=5, d_have_ht_header=0
[EQ][DEBUG] valid flags: lltf0=1, lltf1=1, lsig=1, htsig0=1, htsig1=1
[EQ][WHILE_LOOP] iter consumed=9, d_sym_idx=9
[EQ][GATE_DETAIL] d_sym_idx=8, kHtSig1Rel=5, d_have_ht_header=0
[EQ][GATE_DETAIL] valid flags: lltf0=1 lltf1=1 lsig=1 htsig0=1 htsig1=1
[EQ][FLOW] abs=373 wifi_start=0 in_frame=1 sym_idx=9 consumed=9 produced=0
[EQ][PRE_EXTRACT] d_sym_idx=9, in_frame=1
[EQ][POST_EQUALIZE] d_sym_idx=9
[EQ][STDERR_DIRECT] Entering direct mixed-mode header detection
[EQ][IDX_CHECK] d_sym_idx=9, condition=0
[EQ][DIRECT_PATH] Entering direct mixed-mode header detection
[EQ][STDERR_BEFORE_GATE] Reached before gate check
[EQ][BEFORE_GATE] Reached before gate check
[EQ][TEST_INSERT] Added new debug output
[EQ][DEBUG_TEST] ======== DEBUG ENTRY ========
[EQ][DEBUG] Checking HT-SIG parse condition: d_sym_idx=9, kHtSig1Rel=5, d_have_ht_header=0
[EQ][DEBUG] valid flags: lltf0=1, lltf1=1, lsig=1, htsig0=1, htsig1=1
[EQ][WHILE_LOOP] iter consumed=10, d_sym_idx=10
[EQ][GATE_DETAIL] d_sym_idx=9, kHtSig1Rel=5, d_have_ht_header=0
[EQ][GATE_DETAIL] valid flags: lltf0=1 lltf1=1 lsig=1 htsig0=1 htsig1=1
[EQ][FLOW] abs=374 wifi_start=0 in_frame=1 sym_idx=10 consumed=10 produced=0
[EQ][PRE_EXTRACT] d_sym_idx=10, in_frame=1
[EQ][POST_EQUALIZE] d_sym_idx=10
[EQ][STDERR_DIRECT] Entering direct mixed-mode header detection
[EQ][IDX_CHECK] d_sym_idx=10, condition=0
[EQ][DIRECT_PATH] Entering direct mixed-mode header detection
[EQ][STDERR_BEFORE_GATE] Reached before gate check
[EQ][BEFORE_GATE] Reached before gate check
[EQ][TEST_INSERT] Added new debug output
[EQ][DEBUG_TEST] ======== DEBUG ENTRY ========
[EQ][DEBUG] Checking HT-SIG parse condition: d_sym_idx=10, kHtSig1Rel=5, d_have_ht_header=0
[EQ][DEBUG] valid flags: lltf0=1, lltf1=1, lsig=1, htsig0=1, htsig1=1
[EQ][WHILE_LOOP] iter consumed=11, d_sym_idx=11
[EQ][GATE_DETAIL] d_sym_idx=10, kHtSig1Rel=5, d_have_ht_header=0
[EQ][GATE_DETAIL] valid flags: lltf0=1 lltf1=1 lsig=1 htsig0=1 htsig1=1
[EQ][FLOW] abs=375 wifi_start=0 in_frame=1 sym_idx=11 consumed=11 produced=0
[EQ][PRE_EXTRACT] d_sym_idx=11, in_frame=1
[EQ][POST_EQUALIZE] d_sym_idx=11
[EQ][STDERR_DIRECT] Entering direct mixed-mode header detection
[EQ][IDX_CHECK] d_sym_idx=11, condition=0
[EQ][DIRECT_PATH] Entering direct mixed-mode header detection
[EQ][STDERR_BEFORE_GATE] Reached before gate check
[EQ][BEFORE_GATE] Reached before gate check
[EQ][TEST_INSERT] Added new debug output
[EQ][DEBUG_TEST] ======== DEBUG ENTRY ========
[EQ][DEBUG] Checking HT-SIG parse condition: d_sym_idx=11, kHtSig1Rel=5, d_have_ht_header=0
[EQ][DEBUG] valid flags: lltf0=1, lltf1=1, lsig=1, htsig0=1, htsig1=1
[EQ][WHILE_LOOP] iter consumed=12, d_sym_idx=12
[EQ][PRE_EXTRACT] d_sym_idx=12, in_frame=1
[EQ][POST_EQUALIZE] d_sym_idx=12
[EQ][STDERR_DIRECT] Entering direct mixed-mode header detection
[EQ][GATE_DETAIL] d_sym_idx=11, kHtSig1Rel=5, d_have_ht_header=0
[EQ][GATE_DETAIL] valid flags: lltf0=1 lltf1=1 lsig=1 htsig0=1 htsig1=1
[EQ][IDX_CHECK] d_sym_idx=12, condition=0
[EQ][DIRECT_PATH] Entering direct mixed-mode header detection
[EQ][STDERR_BEFORE_GATE] Reached before gate check
[EQ][BEFORE_GATE] Reached before gate check
[EQ][TEST_INSERT] Added new debug output
[EQ][DEBUG_TEST] ======== DEBUG ENTRY ========
[EQ][DEBUG] Checking HT-SIG parse condition: d_sym_idx=12, kHtSig1Rel=5, d_have_ht_header=0
[EQ][DEBUG] valid flags: lltf0=1, lltf1=1, lsig=1, htsig0=1, htsig1=1
[EQ][WHILE_LOOP] iter consumed=13, d_sym_idx=13
[EQ][PRE_EXTRACT] d_sym_idx=13, in_frame=1
[EQ][POST_EQUALIZE] d_sym_idx=13
[EQ][STDERR_DIRECT] Entering direct mixed-mode header detection
[EQ][GATE_DETAIL] d_sym_idx=12, kHtSig1Rel=5, d_have_ht_header=0
[EQ][GATE_DETAIL] valid flags: lltf0=1 lltf1=1 lsig=1 htsig0=1 htsig1=1
[EQ][IDX_CHECK] d_sym_idx=13, condition=0
[EQ][DIRECT_PATH] Entering direct mixed-mode header detection
[EQ][STDERR_BEFORE_GATE] Reached before gate check
[EQ][BEFORE_GATE] Reached before gate check
[EQ][TEST_INSERT] Added new debug output
[EQ][DEBUG_TEST] ======== DEBUG ENTRY ========
[EQ][DEBUG] Checking HT-SIG parse condition: d_sym_idx=13, kHtSig1Rel=5, d_have_ht_header=0
[EQ][DEBUG] valid flags: lltf0=1, lltf1=1, lsig=1, htsig0=1, htsig1=1
[EQ][WHILE_LOOP] iter consumed=14, d_sym_idx=14
[EQ][PRE_EXTRACT] d_sym_idx=14, in_frame=1
[EQ][POST_EQUALIZE] d_sym_idx=14
[EQ][STDERR_DIRECT] Entering direct mixed-mode header detection
[EQ][GATE_DETAIL] d_sym_idx=13, kHtSig1Rel=5, d_have_ht_header=0
[EQ][GATE_DETAIL] valid flags: lltf0=1 lltf1=1 lsig=1 htsig0=1 htsig1=1
[EQ][IDX_CHECK] d_sym_idx=14, condition=0
[EQ][DIRECT_PATH] Entering direct mixed-mode header detection
[EQ][STDERR_BEFORE_GATE] Reached before gate check
[EQ][BEFORE_GATE] Reached before gate check
[EQ][TEST_INSERT] Added new debug output
[EQ][DEBUG_TEST] ======== DEBUG ENTRY ========
[EQ][DEBUG] Checking HT-SIG parse condition: d_sym_idx=14, kHtSig1Rel=5, d_have_ht_header=0
[EQ][DEBUG] valid flags: lltf0=1, lltf1=1, lsig=1, htsig0=1, htsig1=1
[EQ][GATE_DETAIL] d_sym_idx=14, kHtSig1Rel=5, d_have_ht_header=0
[EQ][GATE_DETAIL] valid flags: lltf0=1 lltf1=1 lsig=1 htsig0=1 htsig1=1
message_debug :info: The `print_pdu` port is deprecated and will be removed; forwarding to `print`.
***** VERBOSE PDU DEBUG PRINT ******
((encoding . 0) (crc_included . #t))
pdu length =         38 bytes
pdu vector contents = 
0000: 08 00 00 00 42 42 42 42 42 42 23 [MAPPER] handle_msg called23 
23 [MAPPER] meta=23 23 23 
0010: ff ff ff ff ff ff f0 00 78 78 78 78 78 78 78 78 
0020: 78 78 7b 6c fc 89 
************************************
((encoding . 0) (crc_included . #t))
[MAPPER] meta fields: mcs=0 len=-1 psdu_len=-1
[MAPPER] using MCS=0
[MAPPER] HT mode enabled, effective MCS: 0
[TX][HTDATA0][PUNCTURED] bits52=0000110111111111000010001111010011010100011110001110
[TX][HTDATA0][INTERLEAVED] bits52=0110011001010011100110010010111010001011100111111100
[TX][HTDATA0] bits52=0110011001010011100110010010111010001011100111111100
[TX][PUNCTURED-ALL] nbits=676 first64=0000110111111111000010001111010011010100011110001110100001001001 last64=0010111001101001111001000001000100100111110100101110101001110100
[TX][INTERLEAVED-ALL] nbits=676 first64=0110011001010011100110010010111010001011100111111100100101010011 last64=1011000100001010001101101011100010101101000100111100001100100110
[TX][HTDATA0][PUNCTURED] keep existing first-frame reference /tmp/wifi_tx_punctured0_bits52.txt
[TX][HTDATA0][INTERLEAVED] keep existing first-frame reference /tmp/wifi_tx_interleaved0_bits52.txt
[TX][HTDATA0] keep existing first-frame reference /tmp/wifi_tx_data0_bits52.txt
[TX][PUNCTURED-ALL] keep existing first-frame reference /tmp/wifi_tx_punctured_all_bits.txt
[TX][INTERLEAVED-ALL] keep existing first-frame reference /tmp/wifi_tx_interleaved_all_bits.txt
[TX][PUNCTURED-ALL] updated /tmp/wifi_tx_punctured_all_bits.last.txt
[TX][INTERLEAVED-ALL] updated /tmp/wifi_tx_interleaved_all_bits.last.txt
[MAPPER] frame: ht_mode=1 psdu=38 n_sym=13 n_data_bits=338 n_encoded_bits=676 data_carriers=52 out_symbols=676
[HT-HEADER] general_work called ninput=676 noutput=32688
[TX][LSIG] raw24=110100110010000000000000
[TX][LSIG] enc48=110110001010100111001100100011011100000000000000
[TX][LSIG] intl48=110011011001000011010100011000000010011001100000
[TX][HTSIG] fields: mcs=0 len=38 bw40=0 agg=0 sgi=0 stbc=0 adv=0 nltf=0 crc=0x0d
[TX][HTSIG] raw48=000000000110010000000000000000000010110000000000
[TX][HTSIG] enc96=000000000000000000110110111100100011011100000000000000000000000000001110111001101110101100000000
[TX][HTSIG] intl96=000000111110010000000011100110000000000010011000000000011011110000000001100100000000001011101000
[TX][HTHDR][OUTBUF] lsig48=110011011001000011010100011000000010011001100000
[TX][HTHDR][OUTBUF] htsig1_48=000000111110010000000011100110000000000010011000
[TX][HTHDR][OUTBUF] htsig2_48=000000011011110000000001100100000000001011101000
[SYNC-SHORT] general_work called: noutput=2048 ninput=2288 threshold=0.010 state=1
sync_short :info: frame start at in: 33578 out: 34105
SHORT Frame!
SHORT copied 217
[SYNC-SHORT] general_work called: noutput=2048 ninput=2071 threshold=0.010 state=1
sync_short :info: frame start at in: 34059 out: 34586
SHORT Frame!
SHORT copied 481
[SYNC-LONG] general_work: ninput[0]=217 ninput[1]=537 noutput=128 state=1
[SYNC-SHORT] general_work called: noutput=1024 ninput=1590 threshold=0.010 state=1
LONG ninput[0] 217   ninput[1] 537  noutput 128   state 1
produced : 128 consumed: 160
[SYNC-LONG] general_work: ninput[0]=538 ninput[1]=858 noutput=512 state=1
LONG ninput[0] 538   ninput[1] 858  noutput 512   state 1
produced : 51 consumed: 57
sync_short :info: frame start at in: 34540 out: 35067
[SYNC-LONG] general_work: ninput[0]=481 ninput[1]=801 noutput=256 state=1
LONG ninput[0] 481   ninput[1] SHORT Frame!801
  noutput SHORT copied 481
[SYNC-SHORT] general_work called: noutput=1024 ninput=1109 threshold=0.010 state=1
256   state 1
[SYNC-LONG] Received wifi_start tag: freq_offset=0.002 offset=33578 nread=33578
LONG: ignore retrigger tag during COPY nread=33578 d_count=1152 guard=3072 tag_offset=33578
produced : 256 consumed: 314
sync_short :info: frame start at in: 35021 out: 35548
[SYNC-LONG] general_work: ninput[0]=648 ninput[1]=968 noutput=512 state=1
SHORT Frame!
SHORT copied 481
[SYNC-SHORT] general_work called: noutput=512 ninput=628 threshold=0.010 state=1
LONG ninput[0] 648   ninput[1] 968  noutput 512   state 1
produced : 128 consumed: 167
[EQ][ENTER] general_work called nin=3 nout=128
sync_short :info: frame start at in: 35502 out: 36029
SHORT Frame!
SHORT copied 481
[SYNC-SHORT] general_work called: noutput=128 ninput=147 threshold=0.010 state=1
[EQ][WHILE_ENTER] consumed=0, n_in=3
[SYNC-LONG] general_work: ninput[0]=962 ninput[1]=1282 noutput=512 state=1
SHORT copied 128
[SYNC-SHORT] general_work called: noutput=2 ninput=19 threshold=0.010 state=1
LONG ninput[0] 962   ninput[1] 1282  noutput 512   state 1
SHORT copied 2
[EQ][WHILE_LOOP] iter consumed=0, d_sym_idx=15
[SYNC-SHORT] general_work called: noutput=1 ninput=17 threshold=0.010 state=1
[SYNC-LONG] Received wifi_start tag: freq_offset=-0.184 offset=34059 nread=34059
SHORT copied 1
LONG: ignore retrigger tag during COPY nread=34059 d_count=1536 guard=3072 tag_offset=34059
[EQ][FLOW] abs=379 wifi_start=0 in_frame=1 sym_idx=15 consumed=0 produced=0
[EQ][PRE_EXTRACT] d_sym_idx=15, in_frame=1
[EQ][POST_EQUALIZE] d_sym_idx=15
[EQ][STDERR_DIRECT] Entering direct mixed-mode header detection
[EQ][IDX_CHECK] d_sym_idx=15, condition=0
[EQ][DIRECT_PATH] Entering direct mixed-mode header detection
[EQ][STDERR_BEFORE_GATE] Reached before gate check
[EQ][BEFORE_GATE] Reached before gate check
[EQ][TEST_INSERT] Added new debug output
[EQ][DEBUG_TEST] ======== DEBUG ENTRY ========
[EQ][DEBUG] Checking HT-SIG parse condition: d_sym_idx=15, kHtSig1Rel=5, d_have_ht_header=0
[EQ][DEBUG] valid flags: lltf0=1, lltf1=1, lsig=1, htsig0=1, htsig1=1
[EQ][WHILE_LOOP] iter consumed=1, d_sym_idx=16
produced : [EQ][GATE_DETAIL] d_sym_idx=15, kHtSig1Rel=5, d_have_ht_header=0
[EQ][GATE_DETAIL] valid flags: lltf0=1 lltf1=1 lsig=1 htsig0=1 htsig1=1
[EQ][FLOW] abs=380 wifi_start=0 in_frame=1 sym_idx=16 consumed=1 produced=0
[EQ][PRE_EXTRACT] d_sym_idx=16, in_frame=1
[EQ][POST_EQUALIZE] d_sym_idx=16
[EQ][STDERR_DIRECT] Entering direct mixed-mode header detection
[EQ][IDX_CHECK] d_sym_idx=16, condition=0
[EQ][DIRECT_PATH] Entering direct mixed-mode header detection
[EQ][STDERR_BEFORE_GATE] Reached before gate check
512[EQ][BEFORE_GATE] Reached before gate check
[EQ][TEST_INSERT] Added new debug output
[EQ][DEBUG_TEST] ======== DEBUG ENTRY ========
[EQ][DEBUG] Checking HT-SIG parse condition: d_sym_idx=16, kHtSig1Rel=5, d_have_ht_header=0
[EQ][DEBUG] valid flags: lltf0=1, lltf1=1, lsig=1, htsig0=1, htsig1=1
[EQ][WHILE_LOOP] iter consumed=2, d_sym_idx=17
[EQ][GATE_DETAIL] d_sym_idx=16, kHtSig1Rel=5, d_have_ht_header=0
[EQ][GATE_DETAIL] valid flags: lltf0=1 lltf1=1 lsig=1 htsig0=1 htsig1=1
[EQ][FLOW] abs=381 wifi_start=0 in_frame=1 sym_idx=17 consumed=2 produced=0
[EQ][PRE_EXTRACT] d_sym_idx=17, in_frame=1
[EQ][POST_EQUALIZE] d_sym_idx=17
[EQ][IDX_CHECK] d_sym_idx=17, condition=0
 consumed: 633
[EQ][STDERR_DIRECT] Entering direct mixed-mode header detection
[EQ][DIRECT_PATH] Entering direct mixed-mode header detection
[EQ][STDERR_BEFORE_GATE] Reached before gate check
[EQ][BEFORE_GATE] Reached before gate check
[SYNC-LONG] general_work: ninput[0]=941 ninput[1]=1261 noutput=512 state=1
[EQ][TEST_INSERT] Added new debug output
[EQ][DEBUG_TEST] ======== DEBUG ENTRY ========
[EQ][DEBUG] Checking HT-SIG parse condition: d_sym_idx=17, kHtSig1Rel=5, d_have_ht_header=0
[EQ][DEBUG] valid flags: lltf0=1, lltf1=1, lsig=1, htsig0=1, htsig1=1
[EQ][ENTER] general_work called nin=6 nout=256
[EQ][GATE_DETAIL] d_sym_idx=17, kHtSig1Rel=5, d_have_ht_header=0
[EQ][GATE_DETAIL] valid flags: lltf0=1 lltf1=1 lsig=1 htsig0=1 htsig1=1
LONG ninput[0] 941   ninput[1] 1261  noutput 512   state 1
[EQ][WHILE_ENTER] consumed=0, n_in=6
[EQ][WHILE_LOOP] iter consumed=0, d_sym_idx=18
[EQ][FLOW] abs=382 wifi_start=0 in_frame=1 sym_idx=18 consumed=0 produced=0
[EQ][PRE_EXTRACT] d_sym_idx=18, in_frame=1
[EQ][POST_EQUALIZE] d_sym_idx=18
[EQ][STDERR_DIRECT] Entering direct mixed-mode header detection
[EQ][IDX_CHECK] d_sym_idx=18, condition=0
[EQ][DIRECT_PATH] Entering direct mixed-mode header detection
[EQ][STDERR_BEFORE_GATE] Reached before gate check
produced : 256 consumed: 329[EQ][BEFORE_GATE] Reached before gate check

[EQ][TEST_INSERT] Added new debug output
[EQ][DEBUG_TEST] ======== DEBUG ENTRY ========
[EQ][DEBUG] Checking HT-SIG parse condition: d_sym_idx=18, kHtSig1Rel=5, d_have_ht_header=0
[EQ][DEBUG] valid flags: lltf0=1, lltf1=1, lsig=1, htsig0=1, htsig1=1
[EQ][WHILE_LOOP] iter consumed=1, d_sym_idx=19
[EQ][GATE_DETAIL] d_sym_idx=18, kHtSig1Rel=5, d_have_ht_header=0
[EQ][GATE_DETAIL] valid flags: lltf0=1 lltf1=1 lsig=1 htsig0=1 htsig1=1
[EQ][FLOW] abs=383 wifi_start=0 in_frame=1 sym_idx=19 consumed=1 produced=0
[EQ][PRE_EXTRACT] d_sym_idx=19, in_frame=1
[EQ][POST_EQUALIZE] d_sym_idx=19
[EQ][STDERR_DIRECT] Entering direct mixed-mode header detection
[EQ][IDX_CHECK] d_sym_idx=19, condition=0
[EQ][DIRECT_PATH] Entering direct mixed-mode header detection
[EQ][STDERR_BEFORE_GATE] Reached before gate check
[EQ][BEFORE_GATE] Reached before gate check
[EQ][TEST_INSERT] Added new debug output
[EQ][DEBUG_TEST] ======== DEBUG ENTRY ========
[EQ][DEBUG] Checking HT-SIG parse condition: d_sym_idx=19, kHtSig1Rel=5, d_have_ht_header=0
[SYNC-LONG] general_work: ninput[0]=612 ninput[1]=932 noutput=512 state=1
LONG ninput[0] 612   ninput[1] 932  noutput 512   state [EQ][DEBUG] valid flags: lltf0=1, lltf1=1, lsig=1, htsig0=1, htsig1=1
[EQ][WHILE_LOOP] iter consumed=2, d_sym_idx=20
[EQ][GATE_DETAIL] d_sym_idx=19, kHtSig1Rel=5, d_have_ht_header=0
[EQ][GATE_DETAIL] valid flags: lltf0=1 lltf1=1 lsig=1 htsig0=1 htsig1=1
[EQ][FLOW] abs=384 wifi_start=0 in_frame=1 sym_idx=20 consumed=2 produced=0
[EQ][PRE_EXTRACT] d_sym_idx=20, in_frame=1
1[EQ][IDX_CHECK] d_sym_idx=20, condition=0

[EQ][POST_EQUALIZE] d_sym_idx=20
[EQ][STDERR_DIRECT] Entering direct mixed-mode header detection
[EQ][DIRECT_PATH] Entering direct mixed-mode header detection
[EQ][STDERR_BEFORE_GATE] Reached before gate check
[EQ][BEFORE_GATE] Reached before gate check
[EQ][TEST_INSERT] Added new debug output
[EQ][DEBUG_TEST] ======== DEBUG ENTRY ========
[EQ][DEBUG] Checking HT-SIG parse condition: d_sym_idx=20, kHtSig1Rel=5, d_have_ht_header=0
[EQ][DEBUG] valid flags: lltf0=1, lltf1=1, lsig=1, htsig0=1, htsig1=1
[EQ][WHILE_LOOP] iter consumed=3, d_sym_idx=21
[EQ][GATE_DETAIL] d_sym_idx=20, kHtSig1Rel=5, d_have_ht_header=0
[EQ][GATE_DETAIL] valid flags: lltf0=1 lltf1=1 lsig=1 htsig0=1 htsig1=1
[EQ][FLOW] abs=385 wifi_start=0 in_frame=1 sym_idx=21 consumed=3 produced=0
[EQ][PRE_EXTRACT] d_sym_idx=21, in_frame=1
[SYNC-LONG] Received wifi_start tag: freq_offset=-0.127 offset=35021 nread=35021
[EQ][IDX_CHECK] d_sym_idx=21, condition=0
LONG: ignore retrigger tag during COPY nread=35021 d_count=2304 guard=3072 tag_offset=35021
[EQ][POST_EQUALIZE] d_sym_idx=21
[EQ][STDERR_DIRECT] Entering direct mixed-mode header detection
[EQ][DIRECT_PATH] Entering direct mixed-mode header detection
[EQ][STDERR_BEFORE_GATE] Reached before gate check
[EQ][BEFORE_GATE] Reached before gate check
[EQ][TEST_INSERT] Added new debug output
[EQ][DEBUG_TEST] ======== DEBUG ENTRY ========
[EQ][DEBUG] Checking HT-SIG parse condition: d_sym_idx=21, kHtSig1Rel=5, d_have_ht_header=0
[EQ][DEBUG] valid flags: lltf0=1, lltf1=1, lsig=1, htsig0=1, htsig1=1
[EQ][WHILE_LOOP] iter consumed=4, d_sym_idx=22
[EQ][GATE_DETAIL] d_sym_idx=21, kHtSig1Rel=5, d_have_ht_header=0
[EQ][GATE_DETAIL] valid flags: lltf0=1 lltf1=1 lsig=1 htsig0=1 htsig1=1
[EQ][FLOW] abs=386 wifi_start=0 in_frame=1 sym_idx=22 consumed=4 produced=0
[EQ][PRE_EXTRACT] d_sym_idx=22, in_frame=1
[EQ][POST_EQUALIZE] d_sym_idx=22
[EQ][STDERR_DIRECT] Entering direct mixed-mode header detection
[EQ][IDX_CHECK] d_sym_idx=22, condition=0
produced : [EQ][DIRECT_PATH] Entering direct mixed-mode header detection
493[EQ][STDERR_BEFORE_GATE] Reached before gate check
[EQ][BEFORE_GATE] Reached before gate check
[EQ][TEST_INSERT] Added new debug output
[EQ][DEBUG_TEST] ======== DEBUG ENTRY ========
[EQ][DEBUG] Checking HT-SIG parse condition: d_sym_idx=22, kHtSig1Rel=5, d_have_ht_header=0
[EQ][DEBUG] valid flags: lltf0=1, lltf1=1, lsig=1, htsig0=1, htsig1=1
[EQ][WHILE_LOOP] iter consumed=5, d_sym_idx=23
[EQ][GATE_DETAIL] d_sym_idx=22, kHtSig1Rel=5, d_have_ht_header=0
[EQ][GATE_DETAIL] valid flags: lltf0=1 lltf1=1 lsig=1 htsig0=1 htsig1=1
[EQ][FLOW] abs=387 wifi_start=0 in_frame=1 sym_idx=23 consumed=5 produced=0
[EQ][PRE_EXTRACT] d_sym_idx=23, in_frame=1
[EQ][POST_EQUALIZE] d_sym_idx=23
[EQ][STDERR_DIRECT] Entering direct mixed-mode header detection
[EQ][IDX_CHECK] d_sym_idx=23, condition=0
[EQ][DIRECT_PATH] Entering direct mixed-mode header detection
[EQ][STDERR_BEFORE_GATE] Reached before gate check
[EQ][BEFORE_GATE] Reached before gate check
 consumed: [EQ][TEST_INSERT] Added new debug output
[EQ][DEBUG_TEST] ======== DEBUG ENTRY ========
[EQ][DEBUG] Checking HT-SIG parse condition: d_sym_idx=23, kHtSig1Rel=5, d_have_ht_header=0
[EQ][DEBUG] valid flags: lltf0=1, lltf1=1, lsig=1, htsig0=1, htsig1=1
[EQ][ENTER] general_work called nin=12 nout=512
[EQ][GATE_DETAIL] d_sym_idx=23, kHtSig1Rel=5, d_have_ht_header=0
[EQ][GATE_DETAIL] valid flags: lltf0=1 lltf1=1 lsig=1 htsig0=1 htsig1=1
[EQ][WHILE_ENTER] consumed=0, n_in=12
[EQ][WHILE_LOOP] iter consumed=0, d_sym_idx=24
[EQ][FLOW] abs=388 wifi_start=0 in_frame=1 sym_idx=24 consumed=0 produced=0
[EQ][PRE_EXTRACT] d_sym_idx=24, in_frame=1
[EQ][POST_EQUALIZE] d_sym_idx=24
[EQ][IDX_CHECK] d_sym_idx=24, condition=0
612
[EQ][STDERR_DIRECT] Entering direct mixed-mode header detection
[EQ][DIRECT_PATH] Entering direct mixed-mode header detection
[EQ][STDERR_BEFORE_GATE] Reached before gate check
[EQ][BEFORE_GATE] Reached before gate check
[EQ][TEST_INSERT] Added new debug output
[EQ][DEBUG_TEST] ======== DEBUG ENTRY ========
[EQ][DEBUG] Checking HT-SIG parse condition: d_sym_idx=24, kHtSig1Rel=5, d_have_ht_header=0
[EQ][DEBUG] valid flags: lltf0=1, lltf1=1, lsig=1, htsig0=1, htsig1=1
[EQ][WHILE_LOOP] iter consumed=1, d_sym_idx=25
[EQ][GATE_DETAIL] d_sym_idx=24, kHtSig1Rel=5, d_have_ht_header=0
[EQ][GATE_DETAIL] valid flags: lltf0=1 lltf1=1 lsig=1 htsig0=1 htsig1=1
[EQ][FLOW] abs=389 wifi_start=0 in_frame=1 sym_idx=25 consumed=1 produced=0
[EQ][PRE_EXTRACT] d_sym_idx=25, in_frame=1
[EQ][POST_EQUALIZE] d_sym_idx=25
[EQ][STDERR_DIRECT] Entering direct mixed-mode header detection
[EQ][IDX_CHECK] d_sym_idx=25, condition=0
[EQ][DIRECT_PATH] Entering direct mixed-mode header detection
[EQ][STDERR_BEFORE_GATE] Reached before gate check
[EQ][BEFORE_GATE] Reached before gate check
[EQ][TEST_INSERT] Added new debug output
[EQ][DEBUG_TEST] ======== DEBUG ENTRY ========
[EQ][DEBUG] Checking HT-SIG parse condition: d_sym_idx=25, kHtSig1Rel=5, d_have_ht_header=0
[EQ][DEBUG] valid flags: lltf0=1, lltf1=1, lsig=1, htsig0=1, htsig1=1
[EQ][WHILE_LOOP] iter consumed=2, d_sym_idx=26
[EQ][GATE_DETAIL] d_sym_idx=25, kHtSig1Rel=5, d_have_ht_header=0
[EQ][GATE_DETAIL] valid flags: lltf0=1 lltf1=1 lsig=1 htsig0=1 htsig1=1
[EQ][FLOW] abs=390 wifi_start=0 in_frame=1 sym_idx=26 consumed=2 produced=0
[EQ][PRE_EXTRACT] d_sym_idx=26, in_frame=1
[EQ][POST_EQUALIZE] d_sym_idx=26
[EQ][STDERR_DIRECT] Entering direct mixed-mode header detection
[EQ][IDX_CHECK] d_sym_idx=26, condition=0
[EQ][DIRECT_PATH] Entering direct mixed-mode header detection
[EQ][STDERR_BEFORE_GATE] Reached before gate check
[EQ][BEFORE_GATE] Reached before gate check
[EQ][TEST_INSERT] Added new debug output
[EQ][DEBUG_TEST] ======== DEBUG ENTRY ========
[EQ][DEBUG] Checking HT-SIG parse condition: d_sym_idx=26, kHtSig1Rel=5, d_have_ht_header=0
[EQ][DEBUG] valid flags: lltf0=1, lltf1=1, lsig=1, htsig0=1, htsig1=1
[EQ][WHILE_LOOP] iter consumed=3, d_sym_idx=27
[EQ][GATE_DETAIL] d_sym_idx=26, kHtSig1Rel=5, d_have_ht_header=0
[EQ][GATE_DETAIL] valid flags: lltf0=1 lltf1=1 lsig=1 htsig0=1 htsig1=1
[EQ][FLOW] abs=391 wifi_start=0 in_frame=1 sym_idx=27 consumed=3 produced=0
[EQ][PRE_EXTRACT] d_sym_idx=27, in_frame=1
[EQ][POST_EQUALIZE] d_sym_idx=27
[EQ][STDERR_DIRECT] Entering direct mixed-mode header detection
[EQ][IDX_CHECK] d_sym_idx=27, condition=0
[EQ][DIRECT_PATH] Entering direct mixed-mode header detection
[EQ][STDERR_BEFORE_GATE] Reached before gate check
[EQ][BEFORE_GATE] Reached before gate check
[EQ][TEST_INSERT] Added new debug output
[EQ][DEBUG_TEST] ======== DEBUG ENTRY ========
[EQ][DEBUG] Checking HT-SIG parse condition: d_sym_idx=27, kHtSig1Rel=5, d_have_ht_header=0
[EQ][DEBUG] valid flags: lltf0=1, lltf1=1, lsig=1, htsig0=1, htsig1=1
[EQ][WHILE_LOOP] iter consumed=4, d_sym_idx=28
[EQ][GATE_DETAIL] d_sym_idx=27, kHtSig1Rel=5, d_have_ht_header=0
[EQ][GATE_DETAIL] valid flags: lltf0=1 lltf1=1 lsig=1 htsig0=1 htsig1=1
[EQ][FLOW] abs=392 wifi_start=0 in_frame=1 sym_idx=28 consumed=4 produced=0
[EQ][PRE_EXTRACT] d_sym_idx=28, in_frame=1
[EQ][POST_EQUALIZE] d_sym_idx=28
[EQ][STDERR_DIRECT] Entering direct mixed-mode header detection
[EQ][IDX_CHECK] d_sym_idx=28, condition=0
[EQ][DIRECT_PATH] Entering direct mixed-mode header detection
[EQ][STDERR_BEFORE_GATE] Reached before gate check
[EQ][BEFORE_GATE] Reached before gate check
[EQ][TEST_INSERT] Added new debug output
[EQ][DEBUG_TEST] ======== DEBUG ENTRY ========
[EQ][DEBUG] Checking HT-SIG parse condition: d_sym_idx=28, kHtSig1Rel=5, d_have_ht_header=0
[EQ][DEBUG] valid flags: lltf0=1, lltf1=1, lsig=1, htsig0=1, htsig1=1
[EQ][WHILE_LOOP] iter consumed=5, d_sym_idx=29
[EQ][GATE_DETAIL] d_sym_idx=28, kHtSig1Rel=5, d_have_ht_header=0
[EQ][GATE_DETAIL] valid flags: lltf0=1 lltf1=1 lsig=1 htsig0=1 htsig1=1
[EQ][FLOW] abs=393 wifi_start=0 in_frame=1 sym_idx=29 consumed=5 produced=0
[EQ][PRE_EXTRACT] d_sym_idx=29, in_frame=1
[EQ][POST_EQUALIZE] d_sym_idx=29
[EQ][STDERR_DIRECT] Entering direct mixed-mode header detection
[EQ][IDX_CHECK] d_sym_idx=29, condition=0
[EQ][DIRECT_PATH] Entering direct mixed-mode header detection
[EQ][STDERR_BEFORE_GATE] Reached before gate check
[EQ][BEFORE_GATE] Reached before gate check
[EQ][TEST_INSERT] Added new debug output
[EQ][DEBUG_TEST] ======== DEBUG ENTRY ========
[EQ][DEBUG] Checking HT-SIG parse condition: d_sym_idx=29, kHtSig1Rel=5, d_have_ht_header=0
[EQ][DEBUG] valid flags: lltf0=1, lltf1=1, lsig=1, htsig0=1, htsig1=1
[EQ][WHILE_LOOP] iter consumed=6, d_sym_idx=30
[EQ][GATE_DETAIL] d_sym_idx=29, kHtSig1Rel=5, d_have_ht_header=0
[EQ][GATE_DETAIL] valid flags: lltf0=1 lltf1=1 lsig=1 htsig0=1 htsig1=1
[EQ][FLOW] abs=394 wifi_start=0 in_frame=1 sym_idx=30 consumed=6 produced=0
[EQ][PRE_EXTRACT] d_sym_idx=30, in_frame=1
[EQ][POST_EQUALIZE] d_sym_idx=30
[EQ][STDERR_DIRECT] Entering direct mixed-mode header detection
[EQ][IDX_CHECK] d_sym_idx=30, condition=0
[EQ][DIRECT_PATH] Entering direct mixed-mode header detection
[EQ][STDERR_BEFORE_GATE] Reached before gate check
[EQ][BEFORE_GATE] Reached before gate check
[EQ][TEST_INSERT] Added new debug output
[EQ][DEBUG_TEST] ======== DEBUG ENTRY ========
[EQ][DEBUG] Checking HT-SIG parse condition: d_sym_idx=30, kHtSig1Rel=5, d_have_ht_header=0
[EQ][DEBUG] valid flags: lltf0=1, lltf1=1, lsig=1, htsig0=1, htsig1=1
[EQ][WHILE_LOOP] iter consumed=7, d_sym_idx=31
[EQ][GATE_DETAIL] d_sym_idx=30, kHtSig1Rel=5, d_have_ht_header=0
[EQ][GATE_DETAIL] valid flags: lltf0=1 lltf1=1 lsig=1 htsig0=1 htsig1=1
[EQ][FLOW] abs=395 wifi_start=0 in_frame=1 sym_idx=31 consumed=7 produced=0
[EQ][PRE_EXTRACT] d_sym_idx=31, in_frame=1
[EQ][POST_EQUALIZE] d_sym_idx=31
[EQ][STDERR_DIRECT] Entering direct mixed-mode header detection
[EQ][IDX_CHECK] d_sym_idx=31, condition=0
[EQ][DIRECT_PATH] Entering direct mixed-mode header detection
[EQ][STDERR_BEFORE_GATE] Reached before gate check
[EQ][BEFORE_GATE] Reached before gate check
[EQ][TEST_INSERT] Added new debug output
[EQ][DEBUG_TEST] ======== DEBUG ENTRY ========
[EQ][DEBUG] Checking HT-SIG parse condition: d_sym_idx=31, kHtSig1Rel=5, d_have_ht_header=0
[EQ][DEBUG] valid flags: lltf0=1, lltf1=1, lsig=1, htsig0=1, htsig1=1
[EQ][WHILE_LOOP] iter consumed=8, d_sym_idx=32
[EQ][GATE_DETAIL] d_sym_idx=31, kHtSig1Rel=5, d_have_ht_header=0
[EQ][GATE_DETAIL] valid flags: lltf0=1 lltf1=1 lsig=1 htsig0=1 htsig1=1
[EQ][FLOW] abs=396 wifi_start=0 in_frame=1 sym_idx=32 consumed=8 produced=0
[EQ][PRE_EXTRACT] d_sym_idx=32, in_frame=1
[EQ][POST_EQUALIZE] d_sym_idx=32
[EQ][STDERR_DIRECT] Entering direct mixed-mode header detection
[EQ][IDX_CHECK] d_sym_idx=32, condition=0
[EQ][DIRECT_PATH] Entering direct mixed-mode header detection
[EQ][STDERR_BEFORE_GATE] Reached before gate check
[EQ][BEFORE_GATE] Reached before gate check
[EQ][TEST_INSERT] Added new debug output
[EQ][DEBUG_TEST] ======== DEBUG ENTRY ========
[EQ][DEBUG] Checking HT-SIG parse condition: d_sym_idx=32, kHtSig1Rel=5, d_have_ht_header=0
[EQ][DEBUG] valid flags: lltf0=1, lltf1=1, lsig=1, htsig0=1, htsig1=1
[EQ][WHILE_LOOP] iter consumed=9, d_sym_idx=33
[EQ][GATE_DETAIL] d_sym_idx=32, kHtSig1Rel=5, d_have_ht_header=0
[EQ][GATE_DETAIL] valid flags: lltf0=1 lltf1=1 lsig=1 htsig0=1 htsig1=1
[EQ][FLOW] abs=397 wifi_start=0 in_frame=1 sym_idx=33 consumed=9 produced=0
[EQ][PRE_EXTRACT] d_sym_idx=33, in_frame=1
[EQ][POST_EQUALIZE] d_sym_idx=33
[EQ][STDERR_DIRECT] Entering direct mixed-mode header detection
[EQ][IDX_CHECK] d_sym_idx=33, condition=0
[EQ][DIRECT_PATH] Entering direct mixed-mode header detection
[EQ][STDERR_BEFORE_GATE] Reached before gate check
[EQ][BEFORE_GATE] Reached before gate check
[EQ][TEST_INSERT] Added new debug output
[EQ][DEBUG_TEST] ======== DEBUG ENTRY ========
[EQ][DEBUG] Checking HT-SIG parse condition: d_sym_idx=33, kHtSig1Rel=5, d_have_ht_header=0
[EQ][DEBUG] valid flags: lltf0=1, lltf1=1, lsig=1, htsig0=1, htsig1=1
[EQ][WHILE_LOOP] iter consumed=10, d_sym_idx=34
[EQ][GATE_DETAIL] d_sym_idx=33, kHtSig1Rel=5, d_have_ht_header=0
[EQ][GATE_DETAIL] valid flags: lltf0=1 lltf1=1 lsig=1 htsig0=1 htsig1=1
[EQ][FLOW] abs=398 wifi_start=0 in_frame=1 sym_idx=34 consumed=10 produced=0
[EQ][PRE_EXTRACT] d_sym_idx=34, in_frame=1
[EQ][POST_EQUALIZE] d_sym_idx=34
[EQ][STDERR_DIRECT] Entering direct mixed-mode header detection
[EQ][IDX_CHECK] d_sym_idx=34, condition=0
[EQ][DIRECT_PATH] Entering direct mixed-mode header detection
[EQ][STDERR_BEFORE_GATE] Reached before gate check
[EQ][BEFORE_GATE] Reached before gate check
[EQ][TEST_INSERT] Added new debug output
[EQ][DEBUG_TEST] ======== DEBUG ENTRY ========
[EQ][DEBUG] Checking HT-SIG parse condition: d_sym_idx=34, kHtSig1Rel=5, d_have_ht_header=0
[EQ][DEBUG] valid flags: lltf0=1, lltf1=1, lsig=1, htsig0=1, htsig1=1
[EQ][WHILE_LOOP] iter consumed=11, d_sym_idx=35
[EQ][GATE_DETAIL] d_sym_idx=34, kHtSig1Rel=5, d_have_ht_header=0
[EQ][GATE_DETAIL] valid flags: lltf0=1 lltf1=1 lsig=1 htsig0=1 htsig1=1
[EQ][FLOW] abs=399 wifi_start=0 in_frame=1 sym_idx=35 consumed=11 produced=0
[EQ][PRE_EXTRACT] d_sym_idx=35, in_frame=1
[EQ][POST_EQUALIZE] d_sym_idx=35
[EQ][STDERR_DIRECT] Entering direct mixed-mode header detection
[EQ][IDX_CHECK] d_sym_idx=35, condition=0
[EQ][DIRECT_PATH] Entering direct mixed-mode header detection
[EQ][STDERR_BEFORE_GATE] Reached before gate check
[EQ][BEFORE_GATE] Reached before gate check
[EQ][TEST_INSERT] Added new debug output
[EQ][DEBUG_TEST] ======== DEBUG ENTRY ========
[EQ][DEBUG] Checking HT-SIG parse condition: d_sym_idx=35, kHtSig1Rel=5, d_have_ht_header=0
[EQ][DEBUG] valid flags: lltf0=1, lltf1=1, lsig=1, htsig0=1, htsig1=1
[EQ][ENTER] general_work called nin=7 nout=256
[EQ][GATE_DETAIL] d_sym_idx=35, kHtSig1Rel=5, d_have_ht_header=0
[EQ][GATE_DETAIL] valid flags: lltf0=1 lltf1=1 lsig=1 htsig0=1 htsig1=1
[EQ][WHILE_ENTER] consumed=0, n_in=7
[EQ][WHILE_LOOP] iter consumed=0, d_sym_idx=36
[EQ][FLOW] abs=400 wifi_start=0 in_frame=1 sym_idx=36 consumed=0 produced=0
[EQ][PRE_EXTRACT] d_sym_idx=36, in_frame=1
[EQ][POST_EQUALIZE] d_sym_idx=36
[EQ][STDERR_DIRECT] Entering direct mixed-mode header detection
[EQ][IDX_CHECK] d_sym_idx=36, condition=0
[EQ][DIRECT_PATH] Entering direct mixed-mode header detection
[EQ][STDERR_BEFORE_GATE] Reached before gate check
[EQ][BEFORE_GATE] Reached before gate check
[EQ][TEST_INSERT] Added new debug output
[EQ][DEBUG_TEST] ======== DEBUG ENTRY ========
[EQ][DEBUG] Checking HT-SIG parse condition: d_sym_idx=36, kHtSig1Rel=5, d_have_ht_header=0
[EQ][DEBUG] valid flags: lltf0=1, lltf1=1, lsig=1, htsig0=1, htsig1=1
[EQ][WHILE_LOOP] iter consumed=1, d_sym_idx=37
[EQ][GATE_DETAIL] d_sym_idx=36, kHtSig1Rel=5, d_have_ht_header=0
[EQ][GATE_DETAIL] valid flags: lltf0=1 lltf1=1 lsig=1 htsig0=1 htsig1=1
[EQ][FLOW] abs=401 wifi_start=0 in_frame=1 sym_idx=37 consumed=1 produced=0
[EQ][PRE_EXTRACT] d_sym_idx=37, in_frame=1
[EQ][POST_EQUALIZE] d_sym_idx=37
[EQ][STDERR_DIRECT] Entering direct mixed-mode header detection
[EQ][IDX_CHECK] d_sym_idx=37, condition=0
[EQ][DIRECT_PATH] Entering direct mixed-mode header detection
[EQ][STDERR_BEFORE_GATE] Reached before gate check
[EQ][BEFORE_GATE] Reached before gate check
[EQ][TEST_INSERT] Added new debug output
[EQ][DEBUG_TEST] ======== DEBUG ENTRY ========
[EQ][DEBUG] Checking HT-SIG parse condition: d_sym_idx=37, kHtSig1Rel=5, d_have_ht_header=0
[EQ][DEBUG] valid flags: lltf0=1, lltf1=1, lsig=1, htsig0=1, htsig1=1
[EQ][WHILE_LOOP] iter consumed=2, d_sym_idx=38
[EQ][GATE_DETAIL] d_sym_idx=37, kHtSig1Rel=5, d_have_ht_header=0
[EQ][GATE_DETAIL] valid flags: lltf0=1 lltf1=1 lsig=1 htsig0=1 htsig1=1
[EQ][FLOW] abs=402 wifi_start=0 in_frame=1 sym_idx=38 consumed=2 produced=0
[EQ][PRE_EXTRACT] d_sym_idx=38, in_frame=1
[EQ][POST_EQUALIZE] d_sym_idx=38
[EQ][STDERR_DIRECT] Entering direct mixed-mode header detection
[EQ][IDX_CHECK] d_sym_idx=38, condition=0
[EQ][DIRECT_PATH] Entering direct mixed-mode header detection
[EQ][STDERR_BEFORE_GATE] Reached before gate check
[EQ][BEFORE_GATE] Reached before gate check
[EQ][TEST_INSERT] Added new debug output
[EQ][DEBUG_TEST] ======== DEBUG ENTRY ========
[EQ][DEBUG] Checking HT-SIG parse condition: d_sym_idx=38, kHtSig1Rel=5, d_have_ht_header=0
[EQ][DEBUG] valid flags: lltf0=1, lltf1=1, lsig=1, htsig0=1, htsig1=1
[EQ][WHILE_LOOP] iter consumed=3, d_sym_idx=39
[EQ][GATE_DETAIL] d_sym_idx=38, kHtSig1Rel=5, d_have_ht_header=0
[EQ][GATE_DETAIL] valid flags: lltf0=1 lltf1=1 lsig=1 htsig0=1 htsig1=1
[EQ][FLOW] abs=403 wifi_start=0 in_frame=1 sym_idx=39 consumed=3 produced=0
[EQ][PRE_EXTRACT] d_sym_idx=39, in_frame=1
[EQ][POST_EQUALIZE] d_sym_idx=39
[EQ][STDERR_DIRECT] Entering direct mixed-mode header detection
[EQ][IDX_CHECK] d_sym_idx=39, condition=0
[EQ][DIRECT_PATH] Entering direct mixed-mode header detection
[EQ][STDERR_BEFORE_GATE] Reached before gate check
[EQ][BEFORE_GATE] Reached before gate check
[EQ][TEST_INSERT] Added new debug output
[EQ][DEBUG_TEST] ======== DEBUG ENTRY ========
[EQ][DEBUG] Checking HT-SIG parse condition: d_sym_idx=39, kHtSig1Rel=5, d_have_ht_header=0
[EQ][DEBUG] valid flags: lltf0=1, lltf1=1, lsig=1, htsig0=1, htsig1=1
[EQ][WHILE_LOOP] iter consumed=4, d_sym_idx=40
[EQ][GATE_DETAIL] d_sym_idx=39, kHtSig1Rel=5, d_have_ht_header=0
[EQ][GATE_DETAIL] valid flags: lltf0=1 lltf1=1 lsig=1 htsig0=1 htsig1=1
[EQ][FLOW] abs=404 wifi_start=0 in_frame=1 sym_idx=40 consumed=4 produced=0
[EQ][PRE_EXTRACT] d_sym_idx=40, in_frame=1
[EQ][POST_EQUALIZE] d_sym_idx=40
[EQ][STDERR_DIRECT] Entering direct mixed-mode header detection
[EQ][IDX_CHECK] d_sym_idx=40, condition=0
[EQ][DIRECT_PATH] Entering direct mixed-mode header detection
[EQ][STDERR_BEFORE_GATE] Reached before gate check
[EQ][BEFORE_GATE] Reached before gate check
[EQ][TEST_INSERT] Added new debug output
[EQ][DEBUG_TEST] ======== DEBUG ENTRY ========
[EQ][DEBUG] Checking HT-SIG parse condition: d_sym_idx=40, kHtSig1Rel=5, d_have_ht_header=0
[EQ][DEBUG] valid flags: lltf0=1, lltf1=1, lsig=1, htsig0=1, htsig1=1
[EQ][WHILE_LOOP] iter consumed=5, d_sym_idx=41
[EQ][GATE_DETAIL] d_sym_idx=40, kHtSig1Rel=5, d_have_ht_header=0
[EQ][GATE_DETAIL] valid flags: lltf0=1 lltf1=1 lsig=1 htsig0=1 htsig1=1
[EQ][FLOW] abs=405 wifi_start=0 in_frame=1 sym_idx=41 consumed=5 produced=0
[EQ][PRE_EXTRACT] d_sym_idx=41, in_frame=1
[EQ][POST_EQUALIZE] d_sym_idx=41
[EQ][STDERR_DIRECT] Entering direct mixed-mode header detection
[EQ][IDX_CHECK] d_sym_idx=41, condition=0
[EQ][DIRECT_PATH] Entering direct mixed-mode header detection
[EQ][STDERR_BEFORE_GATE] Reached before gate check
[EQ][BEFORE_GATE] Reached before gate check
[EQ][TEST_INSERT] Added new debug output
[EQ][DEBUG_TEST] ======== DEBUG ENTRY ========
[EQ][DEBUG] Checking HT-SIG parse condition: d_sym_idx=41, kHtSig1Rel=5, d_have_ht_header=0
[EQ][DEBUG] valid flags: lltf0=1, lltf1=1, lsig=1, htsig0=1, htsig1=1
[EQ][WHILE_LOOP] iter consumed=6, d_sym_idx=42
[EQ][GATE_DETAIL] d_sym_idx=41, kHtSig1Rel=5, d_have_ht_header=0
[EQ][GATE_DETAIL] valid flags: lltf0=1 lltf1=1 lsig=1 htsig0=1 htsig1=1
[EQ][FLOW] abs=406 wifi_start=0 in_frame=1 sym_idx=42 consumed=6 produced=0
[EQ][PRE_EXTRACT] d_sym_idx=42, in_frame=1
[EQ][POST_EQUALIZE] d_sym_idx=42
[EQ][STDERR_DIRECT] Entering direct mixed-mode header detection
[EQ][IDX_CHECK] d_sym_idx=42, condition=0
[EQ][DIRECT_PATH] Entering direct mixed-mode header detection
[EQ][STDERR_BEFORE_GATE] Reached before gate check
[EQ][BEFORE_GATE] Reached before gate check
[EQ][TEST_INSERT] Added new debug output
[EQ][DEBUG_TEST] ======== DEBUG ENTRY ========
[EQ][DEBUG] Checking HT-SIG parse condition: d_sym_idx=42, kHtSig1Rel=5, d_have_ht_header=0
[EQ][DEBUG] valid flags: lltf0=1, lltf1=1, lsig=1, htsig0=1, htsig1=1
[EQ][GATE_DETAIL] d_sym_idx=42, kHtSig1Rel=5, d_have_ht_header=0
[EQ][GATE_DETAIL] valid flags: lltf0=1 lltf1=1 lsig=1 htsig0=1 htsig1=1
message_debug :info: The `print_pdu` port is deprecated and will be removed; forwarding to `print`.
[MAPPER] handle_msg called
[MAPPER] meta=***** VERBOSE PDU DEBUG PRINT ******
((encoding . 0) (crc_included . #t))
pdu length =         38 bytes
pdu vector contents = 
0000: 08 00 00 00 42 42 42 42 42 42 23 23 23 23 23 23 
0010: ff ff ff ff ff ff 00 01 78 78 78 78 78 78 78 78 
0020: 78 78 af 5d ff 0c 
************************************
((encoding . 0) (crc_included . #t))
[MAPPER] meta fields: mcs=0 len=-1 psdu_len=-1
[MAPPER] using MCS=0
[MAPPER] HT mode enabled, effective MCS: 0
[TX][HTDATA0][PUNCTURED] bits52=0000111010001101001101011100000100010101011011101111
[TX][HTDATA0][INTERLEAVED] bits52=0101000001010001100011111101000111000011010101111101
[TX][HTDATA0] bits52=0101000001010001100011111101000111000011010101111101
[TX][PUNCTURED-ALL] nbits=676 first64=0000111010001101001101011100000100010101011011101111101000000011 last64=1110100101111001010000011111101010010111110111111100011101110011
[TX][INTERLEAVED-ALL] nbits=676 first64=0101000001010001100011111101000111000011010101111101101101101011 last64=0011101111011110011001111111000111100011011100110010011010111101
[TX][HTDATA0][PUNCTURED] keep existing first-frame reference /tmp/wifi_tx_punctured0_bits52.txt
[TX][HTDATA0][INTERLEAVED] keep existing first-frame reference /tmp/wifi_tx_interleaved0_bits52.txt
[TX][HTDATA0] keep existing first-frame reference /tmp/wifi_tx_data0_bits52.txt
[TX][PUNCTURED-ALL] keep existing first-frame reference /tmp/wifi_tx_punctured_all_bits.txt
[TX][INTERLEAVED-ALL] keep existing first-frame reference /tmp/wifi_tx_interleaved_all_bits.txt
[TX][PUNCTURED-ALL] updated /tmp/wifi_tx_punctured_all_bits.last.txt
[TX][INTERLEAVED-ALL] updated /tmp/wifi_tx_interleaved_all_bits.last.txt
[MAPPER] frame: ht_mode=1 psdu=38 n_sym=13 n_data_bits=338 n_encoded_bits=676 data_carriers=52 out_symbols=676
[HT-HEADER] general_work called ninput=676 noutput=32688
[TX][LSIG] raw24=110100110010000000000000
[TX][LSIG] enc48=110110001010100111001100100011011100000000000000
[TX][LSIG] intl48=110011011001000011010100011000000010011001100000
[TX][HTSIG] fields: mcs=0 len=38 bw40=0 agg=0 sgi=0 stbc=0 adv=0 nltf=0 crc=0x0d
[TX][HTSIG] raw48=000000000110010000000000000000000010110000000000
[TX][HTSIG] enc96=000000000000000000110110111100100011011100000000000000000000000000001110111001101110101100000000
[TX][HTSIG] intl96=000000111110010000000011100110000000000010011000000000011011110000000001100100000000001011101000
[TX][HTHDR][OUTBUF] lsig48=110011011001000011010100011000000010011001100000
[TX][HTHDR][OUTBUF] htsig1_48=000000111110010000000011100110000000000010011000
[TX][HTHDR][OUTBUF] htsig2_48=000000011011110000000001100100000000001011101000
[SYNC-SHORT] general_work called: noutput=16 ninput=2256 threshold=0.010 state=1
SHORT copied 16
[SYNC-SHORT] general_work called: noutput=2048 ninput=2240 threshold=0.010 state=1
[SYNC-LONG] general_work: ninput[0]=16 ninput[1]=336 noutput=16 state=1
LONG ninput[0] 16   ninput[1] 336  noutput 16   state 1
sync_short :info: frame start at in: 36176 out: 36703
SHORT Frame!
SHORT copied 527
produced : 16 consumed: 16
[SYNC-SHORT] general_work called: noutput=1024 ninput=1713 threshold=0.010 state=1
[SYNC-LONG] general_work: ninput[0]=527 ninput[1]=320 noutput=256 state=1
LONG ninput[0] 527   ninput[1] 320  noutput 256   state 1
produced : 256 consumed: 320
sync_short :info: frame start at in: 36657 out: 37184
SHORT Frame!
SHORT copied 481
[SYNC-SHORT] general_work called: noutput=1024 ninput=1232 threshold=0.010 state=1
[SYNC-LONG] general_work: ninput[0]=688 ninput[1]=527 noutput=512 state=1
LONG ninput[0] 688   ninput[1] 527  noutput 512   state 1
produced : 159 consumed: 207
[SYNC-LONG] general_work: ninput[0]=481 ninput[1]=801 noutput=256 state=1
LONG ninput[0] 481   ninput[1] 801  noutput 256   state 1
sync_short :info: frame start at in: 37138 out: 37665
[SYNC-LONG] Received wifi_start tag: freq_offset=-0.029 offset=36176 nread=36176
SHORT Frame!
produced : SHORT copied 481
36 consumed: 0
[EQ][ENTER] general_work called nin=4 nout=128
[EQ][WHILE_ENTER] consumed=0, n_in=4
[EQ][WHILE_LOOP] iter consumed=0, d_sym_idx=43
[EQ][FLOW] abs=407 wifi_start=0 in_frame=1 sym_idx=43 consumed=0 produced=0
[EQ][PRE_EXTRACT] d_sym_idx=43, in_frame=1
[SYNC-SHORT] general_work called: noutput=512 ninput=751 threshold=0.010 state=1
[SYNC-LONG] general_work: ninput[0]=962 ninput[1]=1282 noutput=4096 state=0
[EQ][IDX_CHECK] d_sym_idx=43, condition=0
LONG ninput[0] 962   ninput[1] 1282  noutput 4096   state 0
[SYNC-LONG] Received wifi_start tag: freq_offset=-0.029 offset=36176 nread=36176
[EQ][POST_EQUALIZE] d_sym_idx=43
[EQ][STDERR_DIRECT] Entering direct mixed-mode header detection
[EQ][DIRECT_PATH] Entering direct mixed-mode header detection
[EQ][STDERR_BEFORE_GATE] Reached before gate check
[EQ][BEFORE_GATE] Reached before gate check
[EQ][TEST_INSERT] Added new debug output
[EQ][DEBUG_TEST] ======== DEBUG ENTRY ========
[EQ][DEBUG] Checking HT-SIG parse condition: d_sym_idx=43, kHtSig1Rel=5, d_have_ht_header=0
[EQ][DEBUG] valid flags: lltf0=1, lltf1=1, lsig=1, htsig0=1, htsig1=1
[EQ][WHILE_LOOP] iter consumed=1, d_sym_idx=44
[EQ][GATE_DETAIL] d_sym_idx=43, kHtSig1Rel=5, d_have_ht_header=0
[EQ][GATE_DETAIL] valid flags: lltf0=1 lltf1=1 lsig=1 htsig0=1 htsig1=1
sync_short :info: frame start at in: 37619 out: 38146
SHORT Frame!
SHORT copied 481
[SYNC-SHORT] general_work called: noutput=128 ninput=270 threshold=0.010 state=1
[EQ][FLOW] abs=408 wifi_start=0 in_frame=1 sym_idx=44 consumed=1 produced=0
[EQ][PRE_EXTRACT] d_sym_idx=44, in_frame=1
[EQ][POST_EQUALIZE] d_sym_idx=44
[EQ][STDERR_DIRECT] Entering direct mixed-mode header detection
[EQ][IDX_CHECK] d_sym_idx=44, condition=0
[EQ][DIRECT_PATH] Entering direct mixed-mode header detection
[EQ][STDERR_BEFORE_GATE] Reached before gate check
SHORT copied 128
[SYNC-SHORT] general_work called: noutput=64 ninput=142 threshold=0.010 state=1
[EQ][BEFORE_GATE] Reached before gate check
SHORT copied [EQ][TEST_INSERT] Added new debug output
[EQ][DEBUG_TEST] ======== DEBUG ENTRY ========
[EQ][DEBUG] Checking HT-SIG parse condition: d_sym_idx=44, kHtSig1Rel=5, d_have_ht_header=0
[EQ][DEBUG] valid flags: lltf0=1, lltf1=1, lsig=1, htsig0=1, htsig1=1
[EQ][WHILE_LOOP] iter consumed=2, d_sym_idx=45
[EQ][GATE_DETAIL] d_sym_idx=44, kHtSig1Rel=5, d_have_ht_header=0
[EQ][GATE_DETAIL] valid flags: lltf0=1 lltf1=1 lsig=1 htsig0=1 htsig1=1
[EQ][FLOW] abs=409 wifi_start=0 in_frame=1 sym_idx=45 consumed=2 produced=0
[EQ][PRE_EXTRACT] d_sym_idx=45, in_frame=1
[EQ][POST_EQUALIZE] d_sym_idx=45
[EQ][STDERR_DIRECT] Entering direct mixed-mode header detection
[EQ][IDX_CHECK] d_sym_idx=45, condition=0
64
[SYNC-SHORT] general_work called: noutput=32 ninput=78 threshold=0.010 state=1
[EQ][DIRECT_PATH] Entering direct mixed-mode header detection
[EQ][STDERR_BEFORE_GATE] Reached before gate check
SHORT copied [EQ][BEFORE_GATE] Reached before gate check
[EQ][TEST_INSERT] Added new debug output
[EQ][DEBUG_TEST] ======== DEBUG ENTRY ========
[EQ][DEBUG] Checking HT-SIG parse condition: d_sym_idx=45, kHtSig1Rel=5, d_have_ht_header=0
[EQ][DEBUG] valid flags: lltf0=1, lltf1=1, lsig=1, htsig0=1, htsig1=1
[EQ][WHILE_LOOP] iter consumed=3, d_sym_idx=46
[EQ][GATE_DETAIL] d_sym_idx=45, kHtSig1Rel=5, d_have_ht_header=0
[EQ][GATE_DETAIL] valid flags: lltf0=1 lltf1=1 lsig=1 htsig0=1 htsig1=1
32[EQ][FLOW] abs=410 wifi_start=0 in_frame=1 sym_idx=46 consumed=3 produced=0
sync_long :info: LONG: frame start at 190
[EQ][PRE_EXTRACT] d_sym_idx=46, in_frame=1
produced : 0 consumed: 320
[SYNC-LONG] general_work: ninput[0]=1315 ninput[1]=1635 noutput=1024 state=1
LONG ninput[0] 1315   ninput[1] 1635  noutput 1024   state 1
[EQ][IDX_CHECK] d_sym_idx=46, condition=0
produced : 0 consumed: 161
[SYNC-LONG] general_work: ninput[0]=1154 ninput[1]=1474 noutput=1024 state=1
LONG ninput[0] 1154   ninput[1] 1474  noutput 1024   state 1
[SYNC-LONG] Received wifi_start tag: freq_offset=0.009 offset=36657 nread=36657
[EQ][POST_EQUALIZE] d_sym_idx=46
LONG: ignore retrigger tag during COPY nread=36657 d_count=0 guard=3072 tag_offset=36657
[EQ][STDERR_DIRECT] Entering direct mixed-mode header detection
[EQ][DIRECT_PATH] Entering direct mixed-mode header detection
[EQ][STDERR_BEFORE_GATE] Reached before gate check
[EQ][BEFORE_GATE] Reached before gate check
[EQ][TEST_INSERT] Added new debug output
[EQ][DEBUG_TEST] ======== DEBUG ENTRY ========
[EQ][DEBUG] Checking HT-SIG parse condition: d_sym_idx=46, kHtSig1Rel=5, d_have_ht_header=0
[EQ][DEBUG] valid flags: lltf0=1, lltf1=1, lsig=1, htsig0=1, htsig1=1
[EQ][ENTER] general_work called nin=4 nout=128
[EQ][GATE_DETAIL] d_sym_idx=46, kHtSig1Rel=5, d_have_ht_header=0
[EQ][GATE_DETAIL] valid flags: lltf0=1 lltf1=1 lsig=1 htsig0=1 htsig1=1

[EQ][WHILE_ENTER] consumed=0, n_in=4
[EQ][WHILE_LOOP] iter consumed=0, d_sym_idx=47
[EQ][FLOW] abs=411 wifi_start=0 in_frame=1 sym_idx=47 consumed=0 produced=0
[EQ][PRE_EXTRACT] d_sym_idx=47, in_frame=1
[SYNC-SHORT] general_work called: noutput=16 ninput=46 threshold=0.010 state=1
SHORT copied 16
[SYNC-SHORT] general_work called: noutput=8 ninput=30 threshold=0.010 state=1
SHORT copied 8
[EQ][POST_EQUALIZE] d_sym_idx=47
[EQ][IDX_CHECK] d_sym_idx=47, condition=0
produced : 917 consumed: 1154
[EQ][STDERR_DIRECT] Entering direct mixed-mode header detection
[EQ][DIRECT_PATH] Entering direct mixed-mode header detection
[EQ][STDERR_BEFORE_GATE] Reached before gate check
[EQ][BEFORE_GATE] Reached before gate check
[SYNC-LONG] general_work: ninput[0]=56 ninput[1]=376 noutput=32 state=1
[EQ][TEST_INSERT] Added new debug output
[EQ][DEBUG_TEST] ======== DEBUG ENTRY ========
[EQ][DEBUG] Checking HT-SIG parse condition: d_sym_idx=47, kHtSig1Rel=5, d_have_ht_header=0
[EQ][DEBUG] valid flags: lltf0=1, lltf1=1, lsig=1, htsig0=1, htsig1=1
[SYNC-SHORT] general_work called: noutput=4 ninput=22 threshold=0.010 state=1
[EQ][WHILE_LOOP] iter consumed=1, d_sym_idx=48
[EQ][GATE_DETAIL] d_sym_idx=47, kHtSig1Rel=5, d_have_ht_header=0
[EQ][GATE_DETAIL] valid flags: lltf0=1 lltf1=1 lsig=1 htsig0=1 htsig1=1
LONG ninput[0] SHORT copied 564
[SYNC-SHORT] general_work called: noutput=2 ninput=18 threshold=0.010 state=1

----------------------------------------------------------------------
Tag Debug: 
Input Stream: 00
  Offset: 26560  Source: sync_long     Key: wifi_start   Value: -5.47059e-06
----------------------------------------------------------------------
   ninput[1] 376  noutput 32   state SHORT copied 12
produced : 32 consumed: 32
[EQ][FLOW] abs=412 wifi_start=0 in_frame=1 sym_idx=48 consumed=1 produced=0
[EQ][PRE_EXTRACT] d_sym_idx=48, in_frame=1
[EQ][POST_EQUALIZE] d_sym_idx=48
[EQ][IDX_CHECK] d_sym_idx=48, condition=0

[EQ][STDERR_DIRECT] Entering direct mixed-mode header detection
[EQ][DIRECT_PATH] Entering direct mixed-mode header detection
[EQ][STDERR_BEFORE_GATE] Reached before gate check
[EQ][BEFORE_GATE] Reached before gate check
[EQ][TEST_INSERT] Added new debug output
[EQ][DEBUG_TEST] ======== DEBUG ENTRY ========
[EQ][DEBUG] Checking HT-SIG parse condition: d_sym_idx=48, kHtSig1Rel=5, d_have_ht_header=0
[EQ][DEBUG] valid flags: lltf0=1, lltf1=1, lsig=1, htsig0=1, htsig1=1
[EQ][WHILE_LOOP] iter consumed=2, d_sym_idx=49
[SYNC-LONG] general_work: ninput[0]=30 ninput[1]=348 noutput=16 state=1
[EQ][GATE_DETAIL] d_sym_idx=48, kHtSig1Rel=5, d_have_ht_header=0
[EQ][GATE_DETAIL] valid flags: lltf0=1 lltf1=1 lsig=1 htsig0=1 htsig1=1
[EQ][FLOW] abs=413 wifi_start=0 in_frame=1 sym_idx=49 consumed=2 produced=0
[EQ][PRE_EXTRACT] d_sym_idx=49, in_frame=1
LONG ninput[0] [EQ][IDX_CHECK] d_sym_idx=49, condition=0
30   ninput[1] 348  noutput 16   state 1
[EQ][POST_EQUALIZE] d_sym_idx=49
[EQ][STDERR_DIRECT] Entering direct mixed-mode header detection
produced : 14 consumed: 30

----------------------------------------------------------------------
Tag Debug: eq_in_tagdbg
Input Stream: 00
  Offset: 415  Source: sync_long     Key: wifi_start   Value: -5.47059e-06
----------------------------------------------------------------------
[EQ][DIRECT_PATH] Entering direct mixed-mode header detection
[EQ][STDERR_BEFORE_GATE] Reached before gate check
[EQ][BEFORE_GATE] Reached before gate check
[EQ][TEST_INSERT] Added new debug output
[EQ][DEBUG_TEST] ======== DEBUG ENTRY ========
[EQ][DEBUG] Checking HT-SIG parse condition: d_sym_idx=49, kHtSig1Rel=5, d_have_ht_header=0
[EQ][DEBUG] valid flags: lltf0=1, lltf1=1, lsig=1, htsig0=1, htsig1=1
[EQ][WHILE_LOOP] iter consumed=3, d_sym_idx=50
[EQ][GATE_DETAIL] d_sym_idx=49, kHtSig1Rel=5, d_have_ht_header=0
[EQ][GATE_DETAIL] valid flags: lltf0=1 lltf1=1 lsig=1 htsig0=1 htsig1=1
[EQ][FLOW] abs=414 wifi_start=0 in_frame=1 sym_idx=50 consumed=3 produced=0
[EQ][PRE_EXTRACT] d_sym_idx=50, in_frame=1
[EQ][POST_EQUALIZE] d_sym_idx=50
[EQ][STDERR_DIRECT] Entering direct mixed-mode header detection
[EQ][IDX_CHECK] d_sym_idx=50, condition=0
[EQ][DIRECT_PATH] Entering direct mixed-mode header detection
[EQ][STDERR_BEFORE_GATE] Reached before gate check
[EQ][BEFORE_GATE] Reached before gate check
[EQ][TEST_INSERT] Added new debug output
[EQ][DEBUG_TEST] ======== DEBUG ENTRY ========
[EQ][DEBUG] Checking HT-SIG parse condition: d_sym_idx=50, kHtSig1Rel=5, d_have_ht_header=0
[EQ][DEBUG] valid flags: lltf0=1, lltf1=1, lsig=1, htsig0=1, htsig1=1
[EQ][ENTER] general_work called nin=14 nout=512
[EQ][GATE_DETAIL] d_sym_idx=50, kHtSig1Rel=5, d_have_ht_header=0
[EQ][GATE_DETAIL] valid flags: lltf0=1 lltf1=1 lsig=1 htsig0=1 htsig1=1
[EQ][TAG] wifi_start at offset=415 freq_offset=-0.000005
[EQ][WHILE_ENTER] consumed=0, n_in=14
[EQ][WHILE_LOOP] iter consumed=0, d_sym_idx=51
[EQ][FLOW] abs=415 wifi_start=1 in_frame=1 sym_idx=51 consumed=0 produced=0
[EQ][FLOW] frame-takeover abs=415 allow=1
[EQ][PRE_EXTRACT] d_sym_idx=0, in_frame=1
[EXTRACT_CALL] sym_idx=0, type=OTHER
[EQ][IDX_CHECK] d_sym_idx=0, condition=1
[EQ][VALID_SET] d_sym_idx=0, valid=1
[EQ][SYM_IDX] sym_idx=0, type=UNKNOWN
[EQ][POST_EQUALIZE] d_sym_idx=0
[EQ][RAW_BITS] sym_idx=0 bits52=0000000000000000000000000000000000000000000000000000
[EQ][STDERR_DIRECT] Entering direct mixed-mode header detection
[EQ][DIRECT_PATH] Entering direct mixed-mode header detection
[EQ][STDERR_BEFORE_GATE] Reached before gate check
[EQ][BEFORE_GATE] Reached before gate check
[EQ][TEST_INSERT] Added new debug output
[EQ][DEBUG_TEST] ======== DEBUG ENTRY ========
[EQ][DEBUG] Checking HT-SIG parse condition: d_sym_idx=0, kHtSig1Rel=5, d_have_ht_header=0
[EQ][DEBUG] valid flags: lltf0=0, lltf1=0, lsig=0, htsig0=0, htsig1=0
[EQ][WHILE_LOOP] iter consumed=1, d_sym_idx=1
[EQ][GATE_DETAIL] d_sym_idx=0, kHtSig1Rel=5, d_have_ht_header=0
[EQ][GATE_DETAIL] valid flags: lltf0=0 lltf1=0 lsig=0 htsig0=0 htsig1=0
[EQ][FLOW] abs=416 wifi_start=0 in_frame=1 sym_idx=1 consumed=1 produced=0
[EQ][PRE_EXTRACT] d_sym_idx=1, in_frame=1
[EXTRACT_CALL] sym_idx=1, type=L-LTF0
[EQ][IDX_CHECK] d_sym_idx=1, condition=1
[EQ][VALID_SET] d_sym_idx=1, valid=1
[EQ][SYM_IDX] sym_idx=1, type=L-LTF0
[EQ][POST_EQUALIZE] d_sym_idx=1
[EQ][RAW_BITS] sym_idx=1 bits52=0000000000000000000000000000000000000000000000000000
[EQ][STDERR_DIRECT] Entering direct mixed-mode header detection
[EQ][DIRECT_PATH] Entering direct mixed-mode header detection
[EQ][STDERR_BEFORE_GATE] Reached before gate check
[EQ][BEFORE_GATE] Reached before gate check
[EQ][TEST_INSERT] Added new debug output
[EQ][DEBUG_TEST] ======== DEBUG ENTRY ========
[EQ][DEBUG] Checking HT-SIG parse condition: d_sym_idx=1, kHtSig1Rel=5, d_have_ht_header=0
[EQ][DEBUG] valid flags: lltf0=1, lltf1=0, lsig=0, htsig0=0, htsig1=0
[EQ][WHILE_LOOP] iter consumed=2, d_sym_idx=2
[EQ][GATE_DETAIL] d_sym_idx=1, kHtSig1Rel=5, d_have_ht_header=0
[EQ][GATE_DETAIL] valid flags: lltf0=1 lltf1=0 lsig=0 htsig0=0 htsig1=0
[EQ][FLOW] abs=417 wifi_start=0 in_frame=1 sym_idx=2 consumed=2 produced=0
[EQ][PRE_EXTRACT] d_sym_idx=2, in_frame=1
[EXTRACT_CALL] sym_idx=2, type=L-LTF1
[EQ][IDX_CHECK] d_sym_idx=2, condition=1
[EQ][VALID_SET] d_sym_idx=2, valid=1
[EQ][SYM_IDX] sym_idx=2, type=L-LTF1
[EQ][POST_EQUALIZE] d_sym_idx=2
[EQ][RAW_BITS] sym_idx=2 bits52=0011001101100100001101010001100000001001100110000011
[EQ][STDERR_DIRECT] Entering direct mixed-mode header detection
[EQ][DIRECT_PATH] Entering direct mixed-mode header detection
[EQ][STDERR_BEFORE_GATE] Reached before gate check
[EQ][BEFORE_GATE] Reached before gate check
[EQ][TEST_INSERT] Added new debug output
[EQ][DEBUG_TEST] ======== DEBUG ENTRY ========
[EQ][DEBUG] Checking HT-SIG parse condition: d_sym_idx=2, kHtSig1Rel=5, d_have_ht_header=0
[EQ][DEBUG] valid flags: lltf0=1, lltf1=1, lsig=0, htsig0=0, htsig1=0
[EQ][WHILE_LOOP] iter consumed=3, d_sym_idx=3
[EQ][GATE_DETAIL] d_sym_idx=2, kHtSig1Rel=5, d_have_ht_header=0
[EQ][GATE_DETAIL] valid flags: lltf0=1 lltf1=1 lsig=0 htsig0=0 htsig1=0
[EQ][FLOW] abs=418 wifi_start=0 in_frame=1 sym_idx=3 consumed=3 produced=0
[EQ][PRE_EXTRACT] d_sym_idx=3, in_frame=1
[EXTRACT_CALL] sym_idx=3, type=L-SIG
[EQ][IDX_CHECK] d_sym_idx=3, condition=1
[EQ][VALID_SET] d_sym_idx=3, valid=1
[EQ][SYM_IDX] sym_idx=3, type=L-SIG
[EQ][POST_EQUALIZE] d_sym_idx=3
[EQ][RAW_BITS] sym_idx=3 bits52=0000000011111001000000001110011000000000001001100011
[EQ][STDERR_DIRECT] Entering direct mixed-mode header detection
[EQ][DIRECT_PATH] Entering direct mixed-mode header detection
[EQ][STDERR_BEFORE_GATE] Reached before gate check
[EQ][BEFORE_GATE] Reached before gate check
[EQ][GATE] sym=3 want_htsig1=5 valid={lltf0=1 lltf1=1 lsig=1 htsig0=0 htsig1=0} have_ht=0
[EQ][TEST_INSERT] Added new debug output
[EQ][DEBUG_TEST] ======== DEBUG ENTRY ========
[EQ][DEBUG] Checking HT-SIG parse condition: d_sym_idx=3, kHtSig1Rel=5, d_have_ht_header=0
[EQ][DEBUG] valid flags: lltf0=1, lltf1=1, lsig=1, htsig0=0, htsig1=0
[EQ][WHILE_LOOP] iter consumed=4, d_sym_idx=4
[EQ][GATE_DETAIL] d_sym_idx=3, kHtSig1Rel=5, d_have_ht_header=0
[EQ][GATE_DETAIL] valid flags: lltf0=1 lltf1=1 lsig=1 htsig0=0 htsig1=0
[EQ][FLOW] abs=419 wifi_start=0 in_frame=1 sym_idx=4 consumed=4 produced=0
[EQ][PRE_EXTRACT] d_sym_idx=4, in_frame=1
[EXTRACT_CALL] sym_idx=4, type=HT-SIG0
[EQ][IDX_CHECK] d_sym_idx=4, condition=1
[EQ][VALID_SET] d_sym_idx=4, valid=1
[EQ][SYM_IDX] sym_idx=4, type=HT-SIG0
[EQ][POST_EQUALIZE] d_sym_idx=4
[EQ][RAW_BITS] sym_idx=4 bits52=0001111111010000001101111001101101111111011001011111
[EQ][STDERR_DIRECT] Entering direct mixed-mode header detection
[EQ][DIRECT_PATH] Entering direct mixed-mode header detection
[EQ][STDERR_BEFORE_GATE] Reached before gate check
[EQ][BEFORE_GATE] Reached before gate check
[EQ][GATE] sym=4 want_htsig1=5 valid={lltf0=1 lltf1=1 lsig=1 htsig0=1 htsig1=0} have_ht=0
[EQ][TEST_INSERT] Added new debug output
[EQ][DEBUG_TEST] ======== DEBUG ENTRY ========
[EQ][DEBUG] Checking HT-SIG parse condition: d_sym_idx=4, kHtSig1Rel=5, d_have_ht_header=0
[EQ][DEBUG] valid flags: lltf0=1, lltf1=1, lsig=1, htsig0=1, htsig1=0
[EQ][WHILE_LOOP] iter consumed=5, d_sym_idx=5
[EQ][GATE_DETAIL] d_sym_idx=4, kHtSig1Rel=5, d_have_ht_header=0
[EQ][GATE_DETAIL] valid flags: lltf0=1 lltf1=1 lsig=1 htsig0=1 htsig1=0
[EQ][FLOW] abs=420 wifi_start=0 in_frame=1 sym_idx=5 consumed=5 produced=0
[EQ][PRE_EXTRACT] d_sym_idx=5, in_frame=1
[EXTRACT_CALL] sym_idx=5, type=HT-SIG1
[EQ][IDX_CHECK] d_sym_idx=5, condition=1
[EQ][VALID_SET] d_sym_idx=5, valid=1
[EQ][SYM_IDX] sym_idx=5, type=HT-SIG1
[EQ][POST_EQUALIZE] d_sym_idx=5
[EQ][RAW_BITS] sym_idx=5 bits52=1101010100010100001000001111010001111000110101001111
[EQ][STDERR_DIRECT] Entering direct mixed-mode header detection
[EQ][DIRECT_PATH] Entering direct mixed-mode header detection
[EQ][STDERR_BEFORE_GATE] Reached before gate check
[EQ][BEFORE_GATE] Reached before gate check
[EQ][GATE] sym=5 want_htsig1=5 valid={lltf0=1 lltf1=1 lsig=1 htsig0=1 htsig1=1} have_ht=0
[EQ][TEST_INSERT] Added new debug output
[EQ][DEBUG_TEST] ======== DEBUG ENTRY ========
[EQ][DEBUG] Checking HT-SIG parse condition: d_sym_idx=5, kHtSig1Rel=5, d_have_ht_header=0
[EQ][DEBUG] valid flags: lltf0=1, lltf1=1, lsig=1, htsig0=1, htsig1=1
[EQ][GATE_DETAIL] d_sym_idx=5, kHtSig1Rel=5, d_have_ht_header=0
[EQ][GATE_DETAIL] valid flags: lltf0=1 lltf1=1 lsig=1 htsig0=1 htsig1=1
[EQ][DEBUG_BLOCK] ENTERING HT-SIG PARSE BLOCK
[RX][LLTF-DBG] L-LTF0 valid=1, L-LTF1 valid=1
[RX][LLTF-DBG] L-LTF0 avg_mag=8.8729, L-LTF1 avg_mag=8.8685
[RX][LLTF-DBG] L-LTF0[0:3]: 8.789∠0.003 8.818∠0.002 8.921∠-3.140 8.914∠-3.139 
[RX][LLTF-DBG] L-LTF1[0:3]: 8.827∠-0.002 8.850∠-0.001 8.895∠-3.137 8.891∠-3.137 
[CHAN_EST][DEBUG] L-LTF0 average magnitude: 8.8729
[CHAN_EST][DEBUG] L-LTF1 average magnitude: 8.8685
[CHAN_EST][LLTF_COMPARE] First 20 data subcarriers:
  i=0 sc=-26: expected=1, avg=8.808+0.006i (mag=8.808, phase=0.001), received0=8.789+0.026i received1=8.827+-0.014i
  i=1 sc=-25: expected=1, avg=8.834+0.001i (mag=8.834, phase=0.000), received0=8.818+0.014i received1=8.850+-0.011i
  i=2 sc=-24: expected=-1, avg=-8.908+-0.031i (mag=8.908, phase=-3.138), received0=-8.921+-0.019i received1=-8.895+-0.043i
  i=3 sc=-23: expected=-1, avg=-8.902+-0.031i (mag=8.902, phase=-3.138), received0=-8.914+-0.020i received1=-8.891+-0.041i
  i=4 sc=-22: expected=1, avg=8.854+0.001i (mag=8.854, phase=0.000), received0=8.844+0.006i received1=8.864+-0.004i
  i=5 sc=-20: expected=-1, avg=-0.019+-0.013i (mag=0.023, phase=-2.552), received0=-8.900+-0.024i received1=8.862+-0.002i
  i=6 sc=-19: expected=1, avg=-0.016+-0.016i (mag=0.023, phase=-2.362), received0=8.850+0.004i received1=-8.883+-0.036i
  i=7 sc=-18: expected=-1, avg=-0.014+-0.012i (mag=0.019, phase=-2.447), received0=-8.899+-0.025i received1=8.870+0.001i
  i=8 sc=-17: expected=1, avg=8.864+0.002i (mag=8.864, phase=0.000), received0=8.858+0.002i received1=8.869+0.002i
  i=9 sc=-16: expected=1, avg=-0.012+-0.016i (mag=0.020, phase=-2.227), received0=8.857+0.002i received1=-8.881+-0.034i
  i=10 sc=-15: expected=1, avg=-0.010+-0.016i (mag=0.019, phase=-2.141), received0=8.857+0.002i received1=-8.877+-0.034i
  i=11 sc=-14: expected=1, avg=8.865+0.002i (mag=8.865, phase=0.000), received0=8.859+0.002i received1=8.871+0.002i
  i=12 sc=-13: expected=1, avg=-0.009+-0.015i (mag=0.018, phase=-2.099), received0=8.862+0.002i received1=-8.880+-0.033i
  i=13 sc=-12: expected=1, avg=-0.008+-0.015i (mag=0.017, phase=-2.069), received0=8.861+0.002i received1=-8.878+-0.032i
  i=14 sc=-11: expected=-1, avg=-8.881+-0.029i (mag=8.881, phase=-3.138), received0=-8.888+-0.027i received1=-8.874+-0.031i
  i=15 sc=-10: expected=-1, avg=-8.878+-0.029i (mag=8.878, phase=-3.138), received0=-8.884+-0.028i received1=-8.872+-0.031i
  i=16 sc=-9: expected=1, avg=8.871+0.002i (mag=8.871, phase=0.000), received0=8.866+0.000i received1=8.876+0.004i
  i=17 sc=-8: expected=1, avg=8.873+0.002i (mag=8.873, phase=0.000), received0=8.868+0.000i received1=8.878+0.004i
  i=18 sc=-6: expected=1, avg=-0.002+-0.015i (mag=0.015, phase=-1.729), received0=8.867+0.000i received1=-8.872+-0.030i
  i=19 sc=-5: expected=-1, avg=-0.002+-0.011i (mag=0.011, phase=-1.714), received0=-8.879+-0.027i received1=8.876+0.006i
[CHAN_EST] Average channel magnitude: 4.4445
[CHAN_EST] Channel magnitude range: [0.0106, 8.9078]
[CHAN_EST] Channel phase range: [-2.362, 2.812] rad
[CHAN_EST] Zero magnitude subcarriers: 0/52
[CHAN_EST][SC0] H=8.808+0.006i, mag=8.808, phase=0.001
[CHAN_EST][SC1] H=8.834+0.001i, mag=8.834, phase=0.000
[CHAN_EST][SC2] H=8.908+0.031i, mag=8.908, phase=0.003
[CHAN_EST][SC3] H=8.902+0.031i, mag=8.902, phase=0.003
[CHAN_EST][SC4] H=8.854+0.001i, mag=8.854, phase=0.000
[CHAN_EST][SC5] H=0.019+0.013i, mag=0.023, phase=0.590
[CHAN_EST][SC6] H=-0.016+-0.016i, mag=0.023, phase=-2.362
[CHAN_EST][SC7] H=0.014+0.012i, mag=0.019, phase=0.694
[CHAN_EST][SC8] H=8.864+0.002i, mag=8.864, phase=0.000
[CHAN_EST][SC9] H=-0.012+-0.016i, mag=0.020, phase=-2.227
[EQ_HEADER] CPE estimate: -0.819 rad, rot=0.683+0.731i
[EQ_HEADER][WARNING] Weak channel at SC-20 (idx=5): H_mag=0.0228, skipping
[EQ_HEADER][WARNING] Weak channel at SC-19 (idx=6): H_mag=0.0230, skipping
[EQ_HEADER][WARNING] Weak channel at SC-18 (idx=7): H_mag=0.0187, skipping
[EQ_HEADER][WARNING] Weak channel at SC-16 (idx=9): H_mag=0.0202, skipping
[EQ_HEADER][WARNING] Weak channel at SC-15 (idx=10): H_mag=0.0190, skipping
[EQ_HEADER][WARNING] Weak channel at SC-13 (idx=12): H_mag=0.0177, skipping
[EQ_HEADER][WARNING] Weak channel at SC-12 (idx=13): H_mag=0.0172, skipping
[EQ_HEADER][WARNING] Weak channel at SC-6 (idx=18): H_mag=0.0152, skipping
[EQ_HEADER][WARNING] Weak channel at SC-5 (idx=19): H_mag=0.0110, skipping
[EQ_HEADER][WARNING] Weak channel at SC-4 (idx=20): H_mag=0.0145, skipping
[EQ_HEADER][WARNING] Weak channel at SC-2 (idx=22): H_mag=0.0147, skipping
[EQ_HEADER][WARNING] Weak channel at SC-1 (idx=23): H_mag=0.0148, skipping
[EQ_HEADER][WARNING] Weak channel at SC1 (idx=24): H_mag=0.0146, skipping
[EQ_HEADER][WARNING] Weak channel at SC2 (idx=25): H_mag=0.0106, skipping
[EQ_HEADER][WARNING] Weak channel at SC3 (idx=26): H_mag=0.0106, skipping
[EQ_HEADER][WARNING] Weak channel at SC4 (idx=27): H_mag=0.0147, skipping
[EQ_HEADER][WARNING] Weak channel at SC5 (idx=28): H_mag=0.0149, skipping
[EQ_HEADER][WARNING] Weak channel at SC9 (idx=31): H_mag=0.0149, skipping
[EQ_HEADER][WARNING] Weak channel at SC12 (idx=34): H_mag=0.0146, skipping
[EQ_HEADER][WARNING] Weak channel at SC20 (idx=42): H_mag=0.0225, skipping
[EQ_HEADER][WARNING] Weak channel at SC23 (idx=44): H_mag=0.0326, skipping
[EQ_HEADER][WARNING] Weak channel at SC24 (idx=45): H_mag=0.0367, skipping
[EQ_HEADER][WARNING] Weak channel at SC25 (idx=46): H_mag=0.0428, skipping
[EQ_HEADER][WARNING] Weak channel at SC26 (idx=47): H_mag=0.0509, skipping
[EQ_HEADER] Zero-magnitude H subcarriers: 0/48
[EQ_HEADER] Average RX magnitude: 8.8702
[EQ_HEADER] Average EQ magnitude: 0.5002
[EQ_HEADER] First 10 bits: 0000011111
[EQ_HEADER][SC0] rx=-8.867+-0.053i, eq=-0.684+-0.739i, bit=0
[EQ_HEADER][SC1] rx=-8.881+-0.045i, eq=-0.683+-0.738i, bit=0
[EQ_HEADER][SC2] rx=-8.878+-0.041i, eq=-0.680+-0.729i, bit=0
[EQ_HEADER][SC3] rx=-8.879+-0.040i, eq=-0.680+-0.729i, bit=0
[EQ_HEADER][SC4] rx=-8.879+-0.038i, eq=-0.682+-0.736i, bit=0
[EQ_HEADER] CPE estimate: 1.605 rad, rot=-0.034+-0.999i
[EQ_HEADER][WARNING] Weak channel at SC-20 (idx=5): H_mag=0.0228, skipping
[EQ_HEADER][WARNING] Weak channel at SC-19 (idx=6): H_mag=0.0230, skipping
[EQ_HEADER][WARNING] Weak channel at SC-18 (idx=7): H_mag=0.0187, skipping
[EQ_HEADER][WARNING] Weak channel at SC-16 (idx=9): H_mag=0.0202, skipping
[EQ_HEADER][WARNING] Weak channel at SC-15 (idx=10): H_mag=0.0190, skipping
[EQ_HEADER][WARNING] Weak channel at SC-13 (idx=12): H_mag=0.0177, skipping
[EQ_HEADER][WARNING] Weak channel at SC-12 (idx=13): H_mag=0.0172, skipping
[EQ_HEADER][WARNING] Weak channel at SC-6 (idx=18): H_mag=0.0152, skipping
[EQ_HEADER][WARNING] Weak channel at SC-5 (idx=19): H_mag=0.0110, skipping
[EQ_HEADER][WARNING] Weak channel at SC-4 (idx=20): H_mag=0.0145, skipping
[EQ_HEADER][WARNING] Weak channel at SC-2 (idx=22): H_mag=0.0147, skipping
[EQ_HEADER][WARNING] Weak channel at SC-1 (idx=23): H_mag=0.0148, skipping
[EQ_HEADER][WARNING] Weak channel at SC1 (idx=24): H_mag=0.0146, skipping
[EQ_HEADER][WARNING] Weak channel at SC2 (idx=25): H_mag=0.0106, skipping
[EQ_HEADER][WARNING] Weak channel at SC3 (idx=26): H_mag=0.0106, skipping
[EQ_HEADER][WARNING] Weak channel at SC4 (idx=27): H_mag=0.0147, skipping
[EQ_HEADER][WARNING] Weak channel at SC5 (idx=28): H_mag=0.0149, skipping
[EQ_HEADER][WARNING] Weak channel at SC9 (idx=31): H_mag=0.0149, skipping
[EQ_HEADER][WARNING] Weak channel at SC12 (idx=34): H_mag=0.0146, skipping
[EQ_HEADER][WARNING] Weak channel at SC20 (idx=42): H_mag=0.0225, skipping
[EQ_HEADER][WARNING] Weak channel at SC23 (idx=44): H_mag=0.0326, skipping
[EQ_HEADER][WARNING] Weak channel at SC24 (idx=45): H_mag=0.0367, skipping
[EQ_HEADER][WARNING] Weak channel at SC25 (idx=46): H_mag=0.0428, skipping
[EQ_HEADER][WARNING] Weak channel at SC26 (idx=47): H_mag=0.0509, skipping
[EQ_HEADER] Zero-magnitude H subcarriers: 0/48
[EQ_HEADER] Average RX magnitude: 7.3059
[EQ_HEADER] Average EQ magnitude: 0.3848
[EQ_HEADER] First 10 bits: 1111111111
[EQ_HEADER][SC0] rx=-0.090+2.372i, eq=0.270+0.001i, bit=1
[EQ_HEADER][SC1] rx=2.520+2.223i, eq=0.242+-0.294i, bit=1
[EQ_HEADER][SC2] rx=4.673+2.102i, eq=0.216+-0.533i, bit=1
[EQ_HEADER][SC3] rx=7.354+1.956i, eq=0.189+-0.834i, bit=1
[EQ_HEADER][SC4] rx=14.237+1.583i, eq=0.124+-1.613i, bit=1
[EQ_HEADER] CPE estimate: -0.554 rad, rot=0.850+0.526i
[EQ_HEADER][WARNING] Weak channel at SC-20 (idx=5): H_mag=0.0228, skipping
[EQ_HEADER][WARNING] Weak channel at SC-19 (idx=6): H_mag=0.0230, skipping
[EQ_HEADER][WARNING] Weak channel at SC-18 (idx=7): H_mag=0.0187, skipping
[EQ_HEADER][WARNING] Weak channel at SC-16 (idx=9): H_mag=0.0202, skipping
[EQ_HEADER][WARNING] Weak channel at SC-15 (idx=10): H_mag=0.0190, skipping
[EQ_HEADER][WARNING] Weak channel at SC-13 (idx=12): H_mag=0.0177, skipping
[EQ_HEADER][WARNING] Weak channel at SC-12 (idx=13): H_mag=0.0172, skipping
[EQ_HEADER][WARNING] Weak channel at SC-6 (idx=18): H_mag=0.0152, skipping
[EQ_HEADER][WARNING] Weak channel at SC-5 (idx=19): H_mag=0.0110, skipping
[EQ_HEADER][WARNING] Weak channel at SC-4 (idx=20): H_mag=0.0145, skipping
[EQ_HEADER][WARNING] Weak channel at SC-2 (idx=22): H_mag=0.0147, skipping
[EQ_HEADER][WARNING] Weak channel at SC-1 (idx=23): H_mag=0.0148, skipping
[EQ_HEADER][WARNING] Weak channel at SC1 (idx=24): H_mag=0.0146, skipping
[EQ_HEADER][WARNING] Weak channel at SC2 (idx=25): H_mag=0.0106, skipping
[EQ_HEADER][WARNING] Weak channel at SC3 (idx=26): H_mag=0.0106, skipping
[EQ_HEADER][WARNING] Weak channel at SC4 (idx=27): H_mag=0.0147, skipping
[EQ_HEADER][WARNING] Weak channel at SC5 (idx=28): H_mag=0.0149, skipping
[EQ_HEADER][WARNING] Weak channel at SC9 (idx=31): H_mag=0.0149, skipping
[EQ_HEADER][WARNING] Weak channel at SC12 (idx=34): H_mag=0.0146, skipping
[EQ_HEADER][WARNING] Weak channel at SC20 (idx=42): H_mag=0.0225, skipping
[EQ_HEADER][WARNING] Weak channel at SC23 (idx=44): H_mag=0.0326, skipping
[EQ_HEADER][WARNING] Weak channel at SC24 (idx=45): H_mag=0.0367, skipping
[EQ_HEADER][WARNING] Weak channel at SC25 (idx=46): H_mag=0.0428, skipping
[EQ_HEADER][WARNING] Weak channel at SC26 (idx=47): H_mag=0.0509, skipping
[EQ_HEADER] Zero-magnitude H subcarriers: 0/48
[EQ_HEADER] Average RX magnitude: 7.3349
[EQ_HEADER] Average EQ magnitude: 0.4802
[EQ_HEADER] First 10 bits: 0101011101
[EQ_HEADER][SC0] rx=-8.695+-0.304i, eq=-0.822+-0.548i, bit=0
[EQ_HEADER][SC1] rx=9.791+0.295i, eq=0.925+0.611i, bit=1
[EQ_HEADER][SC2] rx=-7.482+-0.261i, eq=-0.701+-0.464i, bit=0
[EQ_HEADER][SC3] rx=10.762+0.330i, eq=1.011+0.664i, bit=1
[EQ_HEADER][SC4] rx=-6.231+-0.218i, eq=-0.586+-0.391i, bit=0
[RX][CHAN-EST] Hhdr52: avg_mag=4.4445 avg_phase=0.0011 rad phase_var=4.9251
[RX][CHAN-EST] Hhdr52[0:5]: 8.808∠0.001 8.834∠0.000 8.908∠0.003 8.902∠0.003 8.854∠0.000 0.023∠0.590 
[RX][HDRDBG] rel=3 raw48=000000111110010000000011100110000000000010011000
[RX][HDRDBG] rel=3 eq48 =000001111110110000111011111110010010000010111111
[RX][HDRDBG] rel=3 deintl48=000000011010010100110110111110111011111101001011
[RX][HDRDBG] rel=3 bit-errors: raw->eq=13 eq->deintl=20
[RX][HDRDBG] rel=4 raw48=011111110100000011011110011011011111110110010111
[RX][HDRDBG] rel=4 eq48 =111111111111111111111111111111111111111111111111
[RX][HDRDBG] rel=4 deintl48=111111111111111111111111111111111111111111111111
[RX][HDRDBG] rel=4 bit-errors: raw->eq=17 eq->deintl=0
[RX][HDRDBG] rel=5 raw48=010101000101000010000011110100011110001101010011
[RX][HDRDBG] rel=5 eq48 =010101110111110010111011111110011110001101111111
[RX][HDRDBG] rel=5 deintl48=011101011110010100111111010111111111111101001011
[RX][HDRDBG] rel=5 bit-errors: raw->eq=13 eq->deintl=18
[EQ_HEADER] CPE estimate: -0.819 rad, rot=0.683+0.731i
[EQ_HEADER][WARNING] Weak channel at SC-20 (idx=5): H_mag=0.0228, skipping
[EQ_HEADER][WARNING] Weak channel at SC-19 (idx=6): H_mag=0.0230, skipping
[EQ_HEADER][WARNING] Weak channel at SC-18 (idx=7): H_mag=0.0187, skipping
[EQ_HEADER][WARNING] Weak channel at SC-16 (idx=9): H_mag=0.0202, skipping
[EQ_HEADER][WARNING] Weak channel at SC-15 (idx=10): H_mag=0.0190, skipping
[EQ_HEADER][WARNING] Weak channel at SC-13 (idx=12): H_mag=0.0177, skipping
[EQ_HEADER][WARNING] Weak channel at SC-12 (idx=13): H_mag=0.0172, skipping
[EQ_HEADER][WARNING] Weak channel at SC-6 (idx=18): H_mag=0.0152, skipping
[EQ_HEADER][WARNING] Weak channel at SC-5 (idx=19): H_mag=0.0110, skipping
[EQ_HEADER][WARNING] Weak channel at SC-4 (idx=20): H_mag=0.0145, skipping
[EQ_HEADER][WARNING] Weak channel at SC-2 (idx=22): H_mag=0.0147, skipping
[EQ_HEADER][WARNING] Weak channel at SC-1 (idx=23): H_mag=0.0148, skipping
[EQ_HEADER][WARNING] Weak channel at SC1 (idx=24): H_mag=0.0146, skipping
[EQ_HEADER][WARNING] Weak channel at SC2 (idx=25): H_mag=0.0106, skipping
[EQ_HEADER][WARNING] Weak channel at SC3 (idx=26): H_mag=0.0106, skipping
[EQ_HEADER][WARNING] Weak channel at SC4 (idx=27): H_mag=0.0147, skipping
[EQ_HEADER][WARNING] Weak channel at SC5 (idx=28): H_mag=0.0149, skipping
[EQ_HEADER][WARNING] Weak channel at SC9 (idx=31): H_mag=0.0149, skipping
[EQ_HEADER][WARNING] Weak channel at SC12 (idx=34): H_mag=0.0146, skipping
[EQ_HEADER][WARNING] Weak channel at SC20 (idx=42): H_mag=0.0225, skipping
[EQ_HEADER][WARNING] Weak channel at SC23 (idx=44): H_mag=0.0326, skipping
[EQ_HEADER][WARNING] Weak channel at SC24 (idx=45): H_mag=0.0367, skipping
[EQ_HEADER][WARNING] Weak channel at SC25 (idx=46): H_mag=0.0428, skipping
[EQ_HEADER][WARNING] Weak channel at SC26 (idx=47): H_mag=0.0509, skipping
[EQ_HEADER] Zero-magnitude H subcarriers: 0/48
[EQ_HEADER] Average RX magnitude: 8.8702
[EQ_HEADER] Average EQ magnitude: 0.5002
[EQ_HEADER] First 10 bits: 0000011111
[EQ_HEADER][SC0] rx=-8.867+-0.053i, eq=-0.684+-0.739i, bit=0
[EQ_HEADER][SC1] rx=-8.881+-0.045i, eq=-0.683+-0.738i, bit=0
[EQ_HEADER][SC2] rx=-8.878+-0.041i, eq=-0.680+-0.729i, bit=0
[EQ_HEADER][SC3] rx=-8.879+-0.040i, eq=-0.680+-0.729i, bit=0
[EQ_HEADER][SC4] rx=-8.879+-0.038i, eq=-0.682+-0.736i, bit=0
[EQ_HEADER] CPE estimate: -0.819 rad, rot=0.683+0.731i
[EQ_HEADER][WARNING] Weak channel at SC-20 (idx=5): H_mag=0.0228, skipping
[EQ_HEADER][WARNING] Weak channel at SC-19 (idx=6): H_mag=0.0230, skipping
[EQ_HEADER][WARNING] Weak channel at SC-18 (idx=7): H_mag=0.0187, skipping
[EQ_HEADER][WARNING] Weak channel at SC-16 (idx=9): H_mag=0.0202, skipping
[EQ_HEADER][WARNING] Weak channel at SC-15 (idx=10): H_mag=0.0190, skipping
[EQ_HEADER][WARNING] Weak channel at SC-13 (idx=12): H_mag=0.0177, skipping
[EQ_HEADER][WARNING] Weak channel at SC-12 (idx=13): H_mag=0.0172, skipping
[EQ_HEADER][WARNING] Weak channel at SC-6 (idx=18): H_mag=0.0152, skipping
[EQ_HEADER][WARNING] Weak channel at SC-5 (idx=19): H_mag=0.0110, skipping
[EQ_HEADER][WARNING] Weak channel at SC-4 (idx=20): H_mag=0.0145, skipping
[EQ_HEADER][WARNING] Weak channel at SC-2 (idx=22): H_mag=0.0147, skipping
[EQ_HEADER][WARNING] Weak channel at SC-1 (idx=23): H_mag=0.0148, skipping
[EQ_HEADER][WARNING] Weak channel at SC1 (idx=24): H_mag=0.0146, skipping
[EQ_HEADER][WARNING] Weak channel at SC2 (idx=25): H_mag=0.0106, skipping
[EQ_HEADER][WARNING] Weak channel at SC3 (idx=26): H_mag=0.0106, skipping
[EQ_HEADER][WARNING] Weak channel at SC4 (idx=27): H_mag=0.0147, skipping
[EQ_HEADER][WARNING] Weak channel at SC5 (idx=28): H_mag=0.0149, skipping
[EQ_HEADER][WARNING] Weak channel at SC9 (idx=31): H_mag=0.0149, skipping
[EQ_HEADER][WARNING] Weak channel at SC12 (idx=34): H_mag=0.0146, skipping
[EQ_HEADER][WARNING] Weak channel at SC20 (idx=42): H_mag=0.0225, skipping
[EQ_HEADER][WARNING] Weak channel at SC23 (idx=44): H_mag=0.0326, skipping
[EQ_HEADER][WARNING] Weak channel at SC24 (idx=45): H_mag=0.0367, skipping
[EQ_HEADER][WARNING] Weak channel at SC25 (idx=46): H_mag=0.0428, skipping
[EQ_HEADER][WARNING] Weak channel at SC26 (idx=47): H_mag=0.0509, skipping
[EQ_HEADER] Zero-magnitude H subcarriers: 0/48
[EQ_HEADER] Average RX magnitude: 8.8702
[EQ_HEADER] Average EQ magnitude: 0.5002
[EQ_HEADER] First 10 bits: 0000011111
[EQ_HEADER][SC0] rx=-8.867+-0.053i, eq=-0.684+-0.739i, bit=0
[EQ_HEADER][SC1] rx=-8.881+-0.045i, eq=-0.683+-0.738i, bit=0
[EQ_HEADER][SC2] rx=-8.878+-0.041i, eq=-0.680+-0.729i, bit=0
[EQ_HEADER][SC3] rx=-8.879+-0.040i, eq=-0.680+-0.729i, bit=0
[EQ_HEADER][SC4] rx=-8.879+-0.038i, eq=-0.682+-0.736i, bit=0
[EQ_HEADER] CPE estimate: 1.605 rad, rot=-0.034+-0.999i
[EQ_HEADER][WARNING] Weak channel at SC-20 (idx=5): H_mag=0.0228, skipping
[EQ_HEADER][WARNING] Weak channel at SC-19 (idx=6): H_mag=0.0230, skipping
[EQ_HEADER][WARNING] Weak channel at SC-18 (idx=7): H_mag=0.0187, skipping
[EQ_HEADER][WARNING] Weak channel at SC-16 (idx=9): H_mag=0.0202, skipping
[EQ_HEADER][WARNING] Weak channel at SC-15 (idx=10): H_mag=0.0190, skipping
[EQ_HEADER][WARNING] Weak channel at SC-13 (idx=12): H_mag=0.0177, skipping
[EQ_HEADER][WARNING] Weak channel at SC-12 (idx=13): H_mag=0.0172, skipping
[EQ_HEADER][WARNING] Weak channel at SC-6 (idx=18): H_mag=0.0152, skipping
[EQ_HEADER][WARNING] Weak channel at SC-5 (idx=19): H_mag=0.0110, skipping
[EQ_HEADER][WARNING] Weak channel at SC-4 (idx=20): H_mag=0.0145, skipping
[EQ_HEADER][WARNING] Weak channel at SC-2 (idx=22): H_mag=0.0147, skipping
[EQ_HEADER][WARNING] Weak channel at SC-1 (idx=23): H_mag=0.0148, skipping
[EQ_HEADER][WARNING] Weak channel at SC1 (idx=24): H_mag=0.0146, skipping
[EQ_HEADER][WARNING] Weak channel at SC2 (idx=25): H_mag=0.0106, skipping
[EQ_HEADER][WARNING] Weak channel at SC3 (idx=26): H_mag=0.0106, skipping
[EQ_HEADER][WARNING] Weak channel at SC4 (idx=27): H_mag=0.0147, skipping
[EQ_HEADER][WARNING] Weak channel at SC5 (idx=28): H_mag=0.0149, skipping
[EQ_HEADER][WARNING] Weak channel at SC9 (idx=31): H_mag=0.0149, skipping
[EQ_HEADER][WARNING] Weak channel at SC12 (idx=34): H_mag=0.0146, skipping
[EQ_HEADER][WARNING] Weak channel at SC20 (idx=42): H_mag=0.0225, skipping
[EQ_HEADER][WARNING] Weak channel at SC23 (idx=44): H_mag=0.0326, skipping
[EQ_HEADER][WARNING] Weak channel at SC24 (idx=45): H_mag=0.0367, skipping
[EQ_HEADER][WARNING] Weak channel at SC25 (idx=46): H_mag=0.0428, skipping
[EQ_HEADER][WARNING] Weak channel at SC26 (idx=47): H_mag=0.0509, skipping
[EQ_HEADER] Zero-magnitude H subcarriers: 0/48
[EQ_HEADER] Average RX magnitude: 7.3059
[EQ_HEADER] Average EQ magnitude: 0.3848
[EQ_HEADER] First 10 bits: 1111111111
[EQ_HEADER][SC0] rx=-0.090+2.372i, eq=0.270+0.001i, bit=1
[EQ_HEADER][SC1] rx=2.520+2.223i, eq=0.242+-0.294i, bit=1
[EQ_HEADER][SC2] rx=4.673+2.102i, eq=0.216+-0.533i, bit=1
[EQ_HEADER][SC3] rx=7.354+1.956i, eq=0.189+-0.834i, bit=1
[EQ_HEADER][SC4] rx=14.237+1.583i, eq=0.124+-1.613i, bit=1
[EQ_HEADER] CPE estimate: -0.554 rad, rot=0.850+0.526i
[EQ_HEADER][WARNING] Weak channel at SC-20 (idx=5): H_mag=0.0228, skipping
[EQ_HEADER][WARNING] Weak channel at SC-19 (idx=6): H_mag=0.0230, skipping
[EQ_HEADER][WARNING] Weak channel at SC-18 (idx=7): H_mag=0.0187, skipping
[EQ_HEADER][WARNING] Weak channel at SC-16 (idx=9): H_mag=0.0202, skipping
[EQ_HEADER][WARNING] Weak channel at SC-15 (idx=10): H_mag=0.0190, skipping
[EQ_HEADER][WARNING] Weak channel at SC-13 (idx=12): H_mag=0.0177, skipping
[EQ_HEADER][WARNING] Weak channel at SC-12 (idx=13): H_mag=0.0172, skipping
[EQ_HEADER][WARNING] Weak channel at SC-6 (idx=18): H_mag=0.0152, skipping
[EQ_HEADER][WARNING] Weak channel at SC-5 (idx=19): H_mag=0.0110, skipping
[EQ_HEADER][WARNING] Weak channel at SC-4 (idx=20): H_mag=0.0145, skipping
[EQ_HEADER][WARNING] Weak channel at SC-2 (idx=22): H_mag=0.0147, skipping
[EQ_HEADER][WARNING] Weak channel at SC-1 (idx=23): H_mag=0.0148, skipping
[EQ_HEADER][WARNING] Weak channel at SC1 (idx=24): H_mag=0.0146, skipping
[EQ_HEADER][WARNING] Weak channel at SC2 (idx=25): H_mag=0.0106, skipping
[EQ_HEADER][WARNING] Weak channel at SC3 (idx=26): H_mag=0.0106, skipping
[EQ_HEADER][WARNING] Weak channel at SC4 (idx=27): H_mag=0.0147, skipping
[EQ_HEADER][WARNING] Weak channel at SC5 (idx=28): H_mag=0.0149, skipping
[EQ_HEADER][WARNING] Weak channel at SC9 (idx=31): H_mag=0.0149, skipping
[EQ_HEADER][WARNING] Weak channel at SC12 (idx=34): H_mag=0.0146, skipping
[EQ_HEADER][WARNING] Weak channel at SC20 (idx=42): H_mag=0.0225, skipping
[EQ_HEADER][WARNING] Weak channel at SC23 (idx=44): H_mag=0.0326, skipping
[EQ_HEADER][WARNING] Weak channel at SC24 (idx=45): H_mag=0.0367, skipping
[EQ_HEADER][WARNING] Weak channel at SC25 (idx=46): H_mag=0.0428, skipping
[EQ_HEADER][WARNING] Weak channel at SC26 (idx=47): H_mag=0.0509, skipping
[EQ_HEADER] Zero-magnitude H subcarriers: 0/48
[EQ_HEADER] Average RX magnitude: 7.3349
[EQ_HEADER] Average EQ magnitude: 0.4802
[EQ_HEADER] First 10 bits: 0101011101
[EQ_HEADER][SC0] rx=-8.695+-0.304i, eq=-0.822+-0.548i, bit=0
[EQ_HEADER][SC1] rx=9.791+0.295i, eq=0.925+0.611i, bit=1
[EQ_HEADER][SC2] rx=-7.482+-0.261i, eq=-0.701+-0.464i, bit=0
[EQ_HEADER][SC3] rx=10.762+0.330i, eq=1.011+0.664i, bit=1
[EQ_HEADER][SC4] rx=-6.231+-0.218i, eq=-0.586+-0.391i, bit=0
[PARSE_HT_SIG] CRC: received=0xec, calculated=0x01
[PARSE_HT_SIG] CRC mismatch
[EQ_HEADER] CPE estimate: 1.605 rad, rot=-0.034+-0.999i
[EQ_HEADER][WARNING] Weak channel at SC-20 (idx=5): H_mag=0.0228, skipping
[EQ_HEADER][WARNING] Weak channel at SC-19 (idx=6): H_mag=0.0230, skipping
[EQ_HEADER][WARNING] Weak channel at SC-18 (idx=7): H_mag=0.0187, skipping
[EQ_HEADER][WARNING] Weak channel at SC-16 (idx=9): H_mag=0.0202, skipping
[EQ_HEADER][WARNING] Weak channel at SC-15 (idx=10): H_mag=0.0190, skipping
[EQ_HEADER][WARNING] Weak channel at SC-13 (idx=12): H_mag=0.0177, skipping
[EQ_HEADER][WARNING] Weak channel at SC-12 (idx=13): H_mag=0.0172, skipping
[EQ_HEADER][WARNING] Weak channel at SC-6 (idx=18): H_mag=0.0152, skipping
[EQ_HEADER][WARNING] Weak channel at SC-5 (idx=19): H_mag=0.0110, skipping
[EQ_HEADER][WARNING] Weak channel at SC-4 (idx=20): H_mag=0.0145, skipping
[EQ_HEADER][WARNING] Weak channel at SC-2 (idx=22): H_mag=0.0147, skipping
[EQ_HEADER][WARNING] Weak channel at SC-1 (idx=23): H_mag=0.0148, skipping
[EQ_HEADER][WARNING] Weak channel at SC1 (idx=24): H_mag=0.0146, skipping
[EQ_HEADER][WARNING] Weak channel at SC2 (idx=25): H_mag=0.0106, skipping
[EQ_HEADER][WARNING] Weak channel at SC3 (idx=26): H_mag=0.0106, skipping
[EQ_HEADER][WARNING] Weak channel at SC4 (idx=27): H_mag=0.0147, skipping
[EQ_HEADER][WARNING] Weak channel at SC5 (idx=28): H_mag=0.0149, skipping
[EQ_HEADER][WARNING] Weak channel at SC9 (idx=31): H_mag=0.0149, skipping
[EQ_HEADER][WARNING] Weak channel at SC12 (idx=34): H_mag=0.0146, skipping
[EQ_HEADER][WARNING] Weak channel at SC20 (idx=42): H_mag=0.0225, skipping
[EQ_HEADER][WARNING] Weak channel at SC23 (idx=44): H_mag=0.0326, skipping
[EQ_HEADER][WARNING] Weak channel at SC24 (idx=45): H_mag=0.0367, skipping
[EQ_HEADER][WARNING] Weak channel at SC25 (idx=46): H_mag=0.0428, skipping
[EQ_HEADER][WARNING] Weak channel at SC26 (idx=47): H_mag=0.0509, skipping
[EQ_HEADER] Zero-magnitude H subcarriers: 0/48
[EQ_HEADER] Average RX magnitude: 7.3059
[EQ_HEADER] Average EQ magnitude: 0.3848
[EQ_HEADER] First 10 bits: 1111111111
[EQ_HEADER][SC0] rx=-0.090+2.372i, eq=0.270+0.001i, bit=1
[EQ_HEADER][SC1] rx=2.520+2.223i, eq=0.242+-0.294i, bit=1
[EQ_HEADER][SC2] rx=4.673+2.102i, eq=0.216+-0.533i, bit=1
[EQ_HEADER][SC3] rx=7.354+1.956i, eq=0.189+-0.834i, bit=1
[EQ_HEADER][SC4] rx=14.237+1.583i, eq=0.124+-1.613i, bit=1
[EQ_HEADER] CPE estimate: -0.554 rad, rot=0.850+0.526i
[EQ_HEADER][WARNING] Weak channel at SC-20 (idx=5): H_mag=0.0228, skipping
[EQ_HEADER][WARNING] Weak channel at SC-19 (idx=6): H_mag=0.0230, skipping
[EQ_HEADER][WARNING] Weak channel at SC-18 (idx=7): H_mag=0.0187, skipping
[EQ_HEADER][WARNING] Weak channel at SC-16 (idx=9): H_mag=0.0202, skipping
[EQ_HEADER][WARNING] Weak channel at SC-15 (idx=10): H_mag=0.0190, skipping
[EQ_HEADER][WARNING] Weak channel at SC-13 (idx=12): H_mag=0.0177, skipping
[EQ_HEADER][WARNING] Weak channel at SC-12 (idx=13): H_mag=0.0172, skipping
[EQ_HEADER][WARNING] Weak channel at SC-6 (idx=18): H_mag=0.0152, skipping
[EQ_HEADER][WARNING] Weak channel at SC-5 (idx=19): H_mag=0.0110, skipping
[EQ_HEADER][WARNING] Weak channel at SC-4 (idx=20): H_mag=0.0145, skipping
[EQ_HEADER][WARNING] Weak channel at SC-2 (idx=22): H_mag=0.0147, skipping
[EQ_HEADER][WARNING] Weak channel at SC-1 (idx=23): H_mag=0.0148, skipping
[EQ_HEADER][WARNING] Weak channel at SC1 (idx=24): H_mag=0.0146, skipping
[EQ_HEADER][WARNING] Weak channel at SC2 (idx=25): H_mag=0.0106, skipping
[EQ_HEADER][WARNING] Weak channel at SC3 (idx=26): H_mag=0.0106, skipping
[EQ_HEADER][WARNING] Weak channel at SC4 (idx=27): H_mag=0.0147, skipping
[EQ_HEADER][WARNING] Weak channel at SC5 (idx=28): H_mag=0.0149, skipping
[EQ_HEADER][WARNING] Weak channel at SC9 (idx=31): H_mag=0.0149, skipping
[EQ_HEADER][WARNING] Weak channel at SC12 (idx=34): H_mag=0.0146, skipping
[EQ_HEADER][WARNING] Weak channel at SC20 (idx=42): H_mag=0.0225, skipping
[EQ_HEADER][WARNING] Weak channel at SC23 (idx=44): H_mag=0.0326, skipping
[EQ_HEADER][WARNING] Weak channel at SC24 (idx=45): H_mag=0.0367, skipping
[EQ_HEADER][WARNING] Weak channel at SC25 (idx=46): H_mag=0.0428, skipping
[EQ_HEADER][WARNING] Weak channel at SC26 (idx=47): H_mag=0.0509, skipping
[EQ_HEADER] Zero-magnitude H subcarriers: 0/48
[EQ_HEADER] Average RX magnitude: 7.3349
[EQ_HEADER] Average EQ magnitude: 0.4802
[EQ_HEADER] First 10 bits: 0101011101
[EQ_HEADER][SC0] rx=-8.695+-0.304i, eq=-0.822+-0.548i, bit=0
[EQ_HEADER][SC1] rx=9.791+0.295i, eq=0.925+0.611i, bit=1
[EQ_HEADER][SC2] rx=-7.482+-0.261i, eq=-0.701+-0.464i, bit=0
[EQ_HEADER][SC3] rx=10.762+0.330i, eq=1.011+0.664i, bit=1
[EQ_HEADER][SC4] rx=-6.231+-0.218i, eq=-0.586+-0.391i, bit=0
[PARSE_HT_SIG] CRC: received=0x33, calculated=0x2b
[PARSE_HT_SIG] CRC mismatch
[EQ_HEADER] CPE estimate: 1.605 rad, rot=-0.034+-0.999i
[EQ_HEADER][WARNING] Weak channel at SC-20 (idx=5): H_mag=0.0228, skipping
[EQ_HEADER][WARNING] Weak channel at SC-19 (idx=6): H_mag=0.0230, skipping
[EQ_HEADER][WARNING] Weak channel at SC-18 (idx=7): H_mag=0.0187, skipping
[EQ_HEADER][WARNING] Weak channel at SC-16 (idx=9): H_mag=0.0202, skipping
[EQ_HEADER][WARNING] Weak channel at SC-15 (idx=10): H_mag=0.0190, skipping
[EQ_HEADER][WARNING] Weak channel at SC-13 (idx=12): H_mag=0.0177, skipping
[EQ_HEADER][WARNING] Weak channel at SC-12 (idx=13): H_mag=0.0172, skipping
[EQ_HEADER][WARNING] Weak channel at SC-6 (idx=18): H_mag=0.0152, skipping
[EQ_HEADER][WARNING] Weak channel at SC-5 (idx=19): H_mag=0.0110, skipping
[EQ_HEADER][WARNING] Weak channel at SC-4 (idx=20): H_mag=0.0145, skipping
[EQ_HEADER][WARNING] Weak channel at SC-2 (idx=22): H_mag=0.0147, skipping
[EQ_HEADER][WARNING] Weak channel at SC-1 (idx=23): H_mag=0.0148, skipping
[EQ_HEADER][WARNING] Weak channel at SC1 (idx=24): H_mag=0.0146, skipping
[EQ_HEADER][WARNING] Weak channel at SC2 (idx=25): H_mag=0.0106, skipping
[EQ_HEADER][WARNING] Weak channel at SC3 (idx=26): H_mag=0.0106, skipping
[EQ_HEADER][WARNING] Weak channel at SC4 (idx=27): H_mag=0.0147, skipping
[EQ_HEADER][WARNING] Weak channel at SC5 (idx=28): H_mag=0.0149, skipping
[EQ_HEADER][WARNING] Weak channel at SC9 (idx=31): H_mag=0.0149, skipping
[EQ_HEADER][WARNING] Weak channel at SC12 (idx=34): H_mag=0.0146, skipping
[EQ_HEADER][WARNING] Weak channel at SC20 (idx=42): H_mag=0.0225, skipping
[EQ_HEADER][WARNING] Weak channel at SC23 (idx=44): H_mag=0.0326, skipping
[EQ_HEADER][WARNING] Weak channel at SC24 (idx=45): H_mag=0.0367, skipping
[EQ_HEADER][WARNING] Weak channel at SC25 (idx=46): H_mag=0.0428, skipping
[EQ_HEADER][WARNING] Weak channel at SC26 (idx=47): H_mag=0.0509, skipping
[EQ_HEADER] Zero-magnitude H subcarriers: 0/48
[EQ_HEADER] Average RX magnitude: 7.3059
[EQ_HEADER] Average EQ magnitude: 0.3848
[EQ_HEADER] First 10 bits: 1111111111
[EQ_HEADER][SC0] rx=-0.090+2.372i, eq=0.270+0.001i, bit=1
[EQ_HEADER][SC1] rx=2.520+2.223i, eq=0.242+-0.294i, bit=1
[EQ_HEADER][SC2] rx=4.673+2.102i, eq=0.216+-0.533i, bit=1
[EQ_HEADER][SC3] rx=7.354+1.956i, eq=0.189+-0.834i, bit=1
[EQ_HEADER][SC4] rx=14.237+1.583i, eq=0.124+-1.613i, bit=1
[EQ_HEADER] CPE estimate: -0.554 rad, rot=0.850+0.526i
[EQ_HEADER][WARNING] Weak channel at SC-20 (idx=5): H_mag=0.0228, skipping
[EQ_HEADER][WARNING] Weak channel at SC-19 (idx=6): H_mag=0.0230, skipping
[EQ_HEADER][WARNING] Weak channel at SC-18 (idx=7): H_mag=0.0187, skipping
[EQ_HEADER][WARNING] Weak channel at SC-16 (idx=9): H_mag=0.0202, skipping
[EQ_HEADER][WARNING] Weak channel at SC-15 (idx=10): H_mag=0.0190, skipping
[EQ_HEADER][WARNING] Weak channel at SC-13 (idx=12): H_mag=0.0177, skipping
[EQ_HEADER][WARNING] Weak channel at SC-12 (idx=13): H_mag=0.0172, skipping
[EQ_HEADER][WARNING] Weak channel at SC-6 (idx=18): H_mag=0.0152, skipping
[EQ_HEADER][WARNING] Weak channel at SC-5 (idx=19): H_mag=0.0110, skipping
[EQ_HEADER][WARNING] Weak channel at SC-4 (idx=20): H_mag=0.0145, skipping
[EQ_HEADER][WARNING] Weak channel at SC-2 (idx=22): H_mag=0.0147, skipping
[EQ_HEADER][WARNING] Weak channel at SC-1 (idx=23): H_mag=0.0148, skipping
[EQ_HEADER][WARNING] Weak channel at SC1 (idx=24): H_mag=0.0146, skipping
[EQ_HEADER][WARNING] Weak channel at SC2 (idx=25): H_mag=0.0106, skipping
[EQ_HEADER][WARNING] Weak channel at SC3 (idx=26): H_mag=0.0106, skipping
[EQ_HEADER][WARNING] Weak channel at SC4 (idx=27): H_mag=0.0147, skipping
[EQ_HEADER][WARNING] Weak channel at SC5 (idx=28): H_mag=0.0149, skipping
[EQ_HEADER][WARNING] Weak channel at SC9 (idx=31): H_mag=0.0149, skipping
[EQ_HEADER][WARNING] Weak channel at SC12 (idx=34): H_mag=0.0146, skipping
[EQ_HEADER][WARNING] Weak channel at SC20 (idx=42): H_mag=0.0225, skipping
[EQ_HEADER][WARNING] Weak channel at SC23 (idx=44): H_mag=0.0326, skipping
[EQ_HEADER][WARNING] Weak channel at SC24 (idx=45): H_mag=0.0367, skipping
[EQ_HEADER][WARNING] Weak channel at SC25 (idx=46): H_mag=0.0428, skipping
[EQ_HEADER][WARNING] Weak channel at SC26 (idx=47): H_mag=0.0509, skipping
[EQ_HEADER] Zero-magnitude H subcarriers: 0/48
[EQ_HEADER] Average RX magnitude: 7.3349
[EQ_HEADER] Average EQ magnitude: 0.4802
[EQ_HEADER] First 10 bits: 0101011101
[EQ_HEADER][SC0] rx=-8.695+-0.304i, eq=-0.822+-0.548i, bit=0
[EQ_HEADER][SC1] rx=9.791+0.295i, eq=0.925+0.611i, bit=1
[EQ_HEADER][SC2] rx=-7.482+-0.261i, eq=-0.701+-0.464i, bit=0
[EQ_HEADER][SC3] rx=10.762+0.330i, eq=1.011+0.664i, bit=1
[EQ_HEADER][SC4] rx=-6.231+-0.218i, eq=-0.586+-0.391i, bit=0
[PARSE_HT_SIG] CRC: received=0xec, calculated=0x12
[PARSE_HT_SIG] CRC mismatch
[EQ_HEADER] CPE estimate: 1.605 rad, rot=-0.034+-0.999i
[EQ_HEADER][WARNING] Weak channel at SC-20 (idx=5): H_mag=0.0228, skipping
[EQ_HEADER][WARNING] Weak channel at SC-19 (idx=6): H_mag=0.0230, skipping
[EQ_HEADER][WARNING] Weak channel at SC-18 (idx=7): H_mag=0.0187, skipping
[EQ_HEADER][WARNING] Weak channel at SC-16 (idx=9): H_mag=0.0202, skipping
[EQ_HEADER][WARNING] Weak channel at SC-15 (idx=10): H_mag=0.0190, skipping
[EQ_HEADER][WARNING] Weak channel at SC-13 (idx=12): H_mag=0.0177, skipping
[EQ_HEADER][WARNING] Weak channel at SC-12 (idx=13): H_mag=0.0172, skipping
[EQ_HEADER][WARNING] Weak channel at SC-6 (idx=18): H_mag=0.0152, skipping
[EQ_HEADER][WARNING] Weak channel at SC-5 (idx=19): H_mag=0.0110, skipping
[EQ_HEADER][WARNING] Weak channel at SC-4 (idx=20): H_mag=0.0145, skipping
[EQ_HEADER][WARNING] Weak channel at SC-2 (idx=22): H_mag=0.0147, skipping
[EQ_HEADER][WARNING] Weak channel at SC-1 (idx=23): H_mag=0.0148, skipping
[EQ_HEADER][WARNING] Weak channel at SC1 (idx=24): H_mag=0.0146, skipping
[EQ_HEADER][WARNING] Weak channel at SC2 (idx=25): H_mag=0.0106, skipping
[EQ_HEADER][WARNING] Weak channel at SC3 (idx=26): H_mag=0.0106, skipping
[EQ_HEADER][WARNING] Weak channel at SC4 (idx=27): H_mag=0.0147, skipping
[EQ_HEADER][WARNING] Weak channel at SC5 (idx=28): H_mag=0.0149, skipping
[EQ_HEADER][WARNING] Weak channel at SC9 (idx=31): H_mag=0.0149, skipping
[EQ_HEADER][WARNING] Weak channel at SC12 (idx=34): H_mag=0.0146, skipping
[EQ_HEADER][WARNING] Weak channel at SC20 (idx=42): H_mag=0.0225, skipping
[EQ_HEADER][WARNING] Weak channel at SC23 (idx=44): H_mag=0.0326, skipping
[EQ_HEADER][WARNING] Weak channel at SC24 (idx=45): H_mag=0.0367, skipping
[EQ_HEADER][WARNING] Weak channel at SC25 (idx=46): H_mag=0.0428, skipping
[EQ_HEADER][WARNING] Weak channel at SC26 (idx=47): H_mag=0.0509, skipping
[EQ_HEADER] Zero-magnitude H subcarriers: 0/48
[EQ_HEADER] Average RX magnitude: 7.3059
[EQ_HEADER] Average EQ magnitude: 0.3848
[EQ_HEADER] First 10 bits: 1111111111
[EQ_HEADER][SC0] rx=-0.090+2.372i, eq=0.270+0.001i, bit=1
[EQ_HEADER][SC1] rx=2.520+2.223i, eq=0.242+-0.294i, bit=1
[EQ_HEADER][SC2] rx=4.673+2.102i, eq=0.216+-0.533i, bit=1
[EQ_HEADER][SC3] rx=7.354+1.956i, eq=0.189+-0.834i, bit=1
[EQ_HEADER][SC4] rx=14.237+1.583i, eq=0.124+-1.613i, bit=1
[EQ_HEADER] CPE estimate: -0.554 rad, rot=0.850+0.526i
[EQ_HEADER][WARNING] Weak channel at SC-20 (idx=5): H_mag=0.0228, skipping
[EQ_HEADER][WARNING] Weak channel at SC-19 (idx=6): H_mag=0.0230, skipping
[EQ_HEADER][WARNING] Weak channel at SC-18 (idx=7): H_mag=0.0187, skipping
[EQ_HEADER][WARNING] Weak channel at SC-16 (idx=9): H_mag=0.0202, skipping
[EQ_HEADER][WARNING] Weak channel at SC-15 (idx=10): H_mag=0.0190, skipping
[EQ_HEADER][WARNING] Weak channel at SC-13 (idx=12): H_mag=0.0177, skipping
[EQ_HEADER][WARNING] Weak channel at SC-12 (idx=13): H_mag=0.0172, skipping
[EQ_HEADER][WARNING] Weak channel at SC-6 (idx=18): H_mag=0.0152, skipping
[EQ_HEADER][WARNING] Weak channel at SC-5 (idx=19): H_mag=0.0110, skipping
[EQ_HEADER][WARNING] Weak channel at SC-4 (idx=20): H_mag=0.0145, skipping
[EQ_HEADER][WARNING] Weak channel at SC-2 (idx=22): H_mag=0.0147, skipping
[EQ_HEADER][WARNING] Weak channel at SC-1 (idx=23): H_mag=0.0148, skipping
[EQ_HEADER][WARNING] Weak channel at SC1 (idx=24): H_mag=0.0146, skipping
[EQ_HEADER][WARNING] Weak channel at SC2 (idx=25): H_mag=0.0106, skipping
[EQ_HEADER][WARNING] Weak channel at SC3 (idx=26): H_mag=0.0106, skipping
[EQ_HEADER][WARNING] Weak channel at SC4 (idx=27): H_mag=0.0147, skipping
[EQ_HEADER][WARNING] Weak channel at SC5 (idx=28): H_mag=0.0149, skipping
[EQ_HEADER][WARNING] Weak channel at SC9 (idx=31): H_mag=0.0149, skipping
[EQ_HEADER][WARNING] Weak channel at SC12 (idx=34): H_mag=0.0146, skipping
[EQ_HEADER][WARNING] Weak channel at SC20 (idx=42): H_mag=0.0225, skipping
[EQ_HEADER][WARNING] Weak channel at SC23 (idx=44): H_mag=0.0326, skipping
[EQ_HEADER][WARNING] Weak channel at SC24 (idx=45): H_mag=0.0367, skipping
[EQ_HEADER][WARNING] Weak channel at SC25 (idx=46): H_mag=0.0428, skipping
[EQ_HEADER][WARNING] Weak channel at SC26 (idx=47): H_mag=0.0509, skipping
[EQ_HEADER] Zero-magnitude H subcarriers: 0/48
[EQ_HEADER] Average RX magnitude: 7.3349
[EQ_HEADER] Average EQ magnitude: 0.4802
[EQ_HEADER] First 10 bits: 0101011101
[EQ_HEADER][SC0] rx=-8.695+-0.304i, eq=-0.822+-0.548i, bit=0
[EQ_HEADER][SC1] rx=9.791+0.295i, eq=0.925+0.611i, bit=1
[EQ_HEADER][SC2] rx=-7.482+-0.261i, eq=-0.701+-0.464i, bit=0
[EQ_HEADER][SC3] rx=10.762+0.330i, eq=1.011+0.664i, bit=1
[EQ_HEADER][SC4] rx=-6.231+-0.218i, eq=-0.586+-0.391i, bit=0
[PARSE_HT_SIG] CRC: received=0x33, calculated=0x2d
[PARSE_HT_SIG] CRC mismatch
[EQ][HT-SIG][DEBUG] L-SIG bits (48): 000000001111100100000000111001100000000000100110
[EQ][HT-SIG][DEBUG] HT-SIG0 bits (48): 000111111101000000110111100110110111111101100101
[EQ][HT-SIG][DEBUG] HT-SIG1 bits (48): 110101010001010000100000111101000111100011010100
[EQ][HT-SIG] parse failed: lsig=3 htsig=4/5
[EQ][WHILE_LOOP] iter consumed=6, d_sym_idx=6
[EQ][FLOW] abs=421 wifi_start=0 in_frame=1 sym_idx=6 consumed=6 produced=0
[EQ][PRE_EXTRACT] d_sym_idx=6, in_frame=1
[EXTRACT_CALL] sym_idx=6, type=OTHER
[EQ][IDX_CHECK] d_sym_idx=6, condition=1
[EQ][VALID_SET] d_sym_idx=6, valid=1
[EQ][SYM_IDX] sym_idx=6, type=UNKNOWN
[EQ][POST_EQUALIZE] d_sym_idx=6
[EQ][RAW_BITS] sym_idx=6 bits52=1100100100100101001001111010011000111111011110011001
[EQ][STDERR_DIRECT] Entering direct mixed-mode header detection
[EQ][DIRECT_PATH] Entering direct mixed-mode header detection
[EQ][STDERR_BEFORE_GATE] Reached before gate check
[EQ][BEFORE_GATE] Reached before gate check
[EQ][GATE] sym=6 want_htsig1=5 valid={lltf0=1 lltf1=1 lsig=1 htsig0=1 htsig1=1} have_ht=0
[EQ][TEST_INSERT] Added new debug output
[EQ][DEBUG_TEST] ======== DEBUG ENTRY ========
[EQ][DEBUG] Checking HT-SIG parse condition: d_sym_idx=6, kHtSig1Rel=5, d_have_ht_header=0
[EQ][DEBUG] valid flags: lltf0=1, lltf1=1, lsig=1, htsig0=1, htsig1=1
[EQ][WHILE_LOOP] iter consumed=7, d_sym_idx=7
[EQ][GATE_DETAIL] d_sym_idx=6, kHtSig1Rel=5, d_have_ht_header=0
[EQ][GATE_DETAIL] valid flags: lltf0=1 lltf1=1 lsig=1 htsig0=1 htsig1=1
[EQ][FLOW] abs=422 wifi_start=0 in_frame=1 sym_idx=7 consumed=7 produced=0
[EQ][PRE_EXTRACT] d_sym_idx=7, in_frame=1
[EXTRACT_CALL] sym_idx=7, type=OTHER
[EQ][IDX_CHECK] d_sym_idx=7, condition=1
[EQ][VALID_SET] d_sym_idx=7, valid=1
[EQ][SYM_IDX] sym_idx=7, type=UNKNOWN
[EQ][POST_EQUALIZE] d_sym_idx=7
[EQ][RAW_BITS] sym_idx=7 bits52=1010010100111000101111100010010101111011110010110000
[EQ][STDERR_DIRECT] Entering direct mixed-mode header detection
[EQ][DIRECT_PATH] Entering direct mixed-mode header detection
[EQ][STDERR_BEFORE_GATE] Reached before gate check
[EQ][BEFORE_GATE] Reached before gate check
[EQ][TEST_INSERT] Added new debug output
[EQ][DEBUG_TEST] ======== DEBUG ENTRY ========
[EQ][DEBUG] Checking HT-SIG parse condition: d_sym_idx=7, kHtSig1Rel=5, d_have_ht_header=0
[EQ][DEBUG] valid flags: lltf0=1, lltf1=1, lsig=1, htsig0=1, htsig1=1
[EQ][WHILE_LOOP] iter consumed=8, d_sym_idx=8
[EQ][GATE_DETAIL] d_sym_idx=7, kHtSig1Rel=5, d_have_ht_header=0
[EQ][GATE_DETAIL] valid flags: lltf0=1 lltf1=1 lsig=1 htsig0=1 htsig1=1
[EQ][FLOW] abs=423 wifi_start=0 in_frame=1 sym_idx=8 consumed=8 produced=0
[EQ][PRE_EXTRACT] d_sym_idx=8, in_frame=1
[EQ][POST_EQUALIZE] d_sym_idx=8
[EQ][STDERR_DIRECT] Entering direct mixed-mode header detection
[EQ][IDX_CHECK] d_sym_idx=8, condition=0
[EQ][DIRECT_PATH] Entering direct mixed-mode header detection
[EQ][STDERR_BEFORE_GATE] Reached before gate check
[EQ][BEFORE_GATE] Reached before gate check
[EQ][TEST_INSERT] Added new debug output
[EQ][DEBUG_TEST] ======== DEBUG ENTRY ========
[EQ][DEBUG] Checking HT-SIG parse condition: d_sym_idx=8, kHtSig1Rel=5, d_have_ht_header=0
[EQ][DEBUG] valid flags: lltf0=1, lltf1=1, lsig=1, htsig0=1, htsig1=1
[EQ][WHILE_LOOP] iter consumed=9, d_sym_idx=9
[EQ][GATE_DETAIL] d_sym_idx=8, kHtSig1Rel=5, d_have_ht_header=0
[EQ][GATE_DETAIL] valid flags: lltf0=1 lltf1=1 lsig=1 htsig0=1 htsig1=1
[EQ][FLOW] abs=424 wifi_start=0 in_frame=1 sym_idx=9 consumed=9 produced=0
[EQ][PRE_EXTRACT] d_sym_idx=9, in_frame=1
[EQ][POST_EQUALIZE] d_sym_idx=9
[EQ][STDERR_DIRECT] Entering direct mixed-mode header detection
[EQ][IDX_CHECK] d_sym_idx=9, condition=0
[EQ][DIRECT_PATH] Entering direct mixed-mode header detection
[EQ][STDERR_BEFORE_GATE] Reached before gate check
[EQ][BEFORE_GATE] Reached before gate check
[EQ][TEST_INSERT] Added new debug output
[EQ][DEBUG_TEST] ======== DEBUG ENTRY ========
[EQ][DEBUG] Checking HT-SIG parse condition: d_sym_idx=9, kHtSig1Rel=5, d_have_ht_header=0
[EQ][DEBUG] valid flags: lltf0=1, lltf1=1, lsig=1, htsig0=1, htsig1=1
[EQ][WHILE_LOOP] iter consumed=10, d_sym_idx=10
[EQ][GATE_DETAIL] d_sym_idx=9, kHtSig1Rel=5, d_have_ht_header=0
[EQ][GATE_DETAIL] valid flags: lltf0=1 lltf1=1 lsig=1 htsig0=1 htsig1=1
[EQ][FLOW] abs=425 wifi_start=0 in_frame=1 sym_idx=10 consumed=10 produced=0
[EQ][PRE_EXTRACT] d_sym_idx=10, in_frame=1
[EQ][POST_EQUALIZE] d_sym_idx=10
[EQ][STDERR_DIRECT] Entering direct mixed-mode header detection
[EQ][IDX_CHECK] d_sym_idx=10, condition=0
[EQ][DIRECT_PATH] Entering direct mixed-mode header detection
[EQ][STDERR_BEFORE_GATE] Reached before gate check
[EQ][BEFORE_GATE] Reached before gate check
[EQ][TEST_INSERT] Added new debug output
[EQ][DEBUG_TEST] ======== DEBUG ENTRY ========
[EQ][DEBUG] Checking HT-SIG parse condition: d_sym_idx=10, kHtSig1Rel=5, d_have_ht_header=0
[EQ][DEBUG] valid flags: lltf0=1, lltf1=1, lsig=1, htsig0=1, htsig1=1
[EQ][WHILE_LOOP] iter consumed=11, d_sym_idx=11
[EQ][GATE_DETAIL] d_sym_idx=10, kHtSig1Rel=5, d_have_ht_header=0
[EQ][GATE_DETAIL] valid flags: lltf0=1 lltf1=1 lsig=1 htsig0=1 htsig1=1
[EQ][FLOW] abs=426 wifi_start=0 in_frame=1 sym_idx=11 consumed=11 produced=0
[EQ][PRE_EXTRACT] d_sym_idx=11, in_frame=1
[EQ][POST_EQUALIZE] d_sym_idx=11
[EQ][STDERR_DIRECT] Entering direct mixed-mode header detection
[EQ][IDX_CHECK] d_sym_idx=11, condition=0
[EQ][DIRECT_PATH] Entering direct mixed-mode header detection
[EQ][STDERR_BEFORE_GATE] Reached before gate check
[EQ][BEFORE_GATE] Reached before gate check
[EQ][TEST_INSERT] Added new debug output
[EQ][DEBUG_TEST] ======== DEBUG ENTRY ========
[EQ][DEBUG] Checking HT-SIG parse condition: d_sym_idx=11, kHtSig1Rel=5, d_have_ht_header=0
[EQ][DEBUG] valid flags: lltf0=1, lltf1=1, lsig=1, htsig0=1, htsig1=1
[EQ][WHILE_LOOP] iter consumed=12, d_sym_idx=12
[EQ][PRE_EXTRACT] d_sym_idx=12, in_frame=1
[EQ][POST_EQUALIZE] d_sym_idx=12
[EQ][STDERR_DIRECT] Entering direct mixed-mode header detection
[EQ][GATE_DETAIL] d_sym_idx=11, kHtSig1Rel=5, d_have_ht_header=0
[EQ][GATE_DETAIL] valid flags: lltf0=1 lltf1=1 lsig=1 htsig0=1 htsig1=1
[EQ][IDX_CHECK] d_sym_idx=12, condition=0
[EQ][DIRECT_PATH] Entering direct mixed-mode header detection
[EQ][STDERR_BEFORE_GATE] Reached before gate check
[EQ][BEFORE_GATE] Reached before gate check
[EQ][TEST_INSERT] Added new debug output
[EQ][DEBUG_TEST] ======== DEBUG ENTRY ========
[EQ][DEBUG] Checking HT-SIG parse condition: d_sym_idx=12, kHtSig1Rel=5, d_have_ht_header=0
[EQ][DEBUG] valid flags: lltf0=1, lltf1=1, lsig=1, htsig0=1, htsig1=1
[EQ][WHILE_LOOP] iter consumed=13, d_sym_idx=13
[EQ][PRE_EXTRACT] d_sym_idx=13, in_frame=1
[EQ][POST_EQUALIZE] d_sym_idx=13
[EQ][STDERR_DIRECT] Entering direct mixed-mode header detection
[EQ][GATE_DETAIL] d_sym_idx=12, kHtSig1Rel=5, d_have_ht_header=0
[EQ][GATE_DETAIL] valid flags: lltf0=1 lltf1=1 lsig=1 htsig0=1 htsig1=1
[EQ][IDX_CHECK] d_sym_idx=13, condition=0
[EQ][DIRECT_PATH] Entering direct mixed-mode header detection
[EQ][STDERR_BEFORE_GATE] Reached before gate check
[EQ][BEFORE_GATE] Reached before gate check
[EQ][TEST_INSERT] Added new debug output
[EQ][DEBUG_TEST] ======== DEBUG ENTRY ========
[EQ][DEBUG] Checking HT-SIG parse condition: d_sym_idx=13, kHtSig1Rel=5, d_have_ht_header=0
[EQ][DEBUG] valid flags: lltf0=1, lltf1=1, lsig=1, htsig0=1, htsig1=1
[EQ][ENTER] general_work called nin=1 nout=32
[EQ][GATE_DETAIL] d_sym_idx=13, kHtSig1Rel=5, d_have_ht_header=0
[EQ][GATE_DETAIL] valid flags: lltf0=1 lltf1=1 lsig=1 htsig0=1 htsig1=1
[EQ][WHILE_ENTER] consumed=0, n_in=1
[EQ][WHILE_LOOP] iter consumed=0, d_sym_idx=14
[EQ][FLOW] abs=429 wifi_start=0 in_frame=1 sym_idx=14 consumed=0 produced=0
[EQ][PRE_EXTRACT] d_sym_idx=14, in_frame=1
[EQ][POST_EQUALIZE] d_sym_idx=14
[EQ][STDERR_DIRECT] Entering direct mixed-mode header detection
[EQ][IDX_CHECK] d_sym_idx=14, condition=0
[EQ][DIRECT_PATH] Entering direct mixed-mode header detection
[EQ][STDERR_BEFORE_GATE] Reached before gate check
[EQ][BEFORE_GATE] Reached before gate check
[EQ][TEST_INSERT] Added new debug output
[EQ][DEBUG_TEST] ======== DEBUG ENTRY ========
[EQ][DEBUG] Checking HT-SIG parse condition: d_sym_idx=14, kHtSig1Rel=5, d_have_ht_header=0
[EQ][DEBUG] valid flags: lltf0=1, lltf1=1, lsig=1, htsig0=1, htsig1=1
[EQ][GATE_DETAIL] d_sym_idx=14, kHtSig1Rel=5, d_have_ht_header=0
[EQ][GATE_DETAIL] valid flags: lltf0=1 lltf1=1 lsig=1 htsig0=1 htsig1=1
message_debug :info: The `print_pdu` port is deprecated and will be removed; forwarding to `print`.
[MAPPER] handle_msg called
***** VERBOSE PDU DEBUG PRINT ******
((encoding . 0) (crc_included . #t))
[MAPPER] meta=pdu length =         38 bytes
pdu vector contents = 
0000: 08 00 00 00 42 42 42 42 42 42 23 23 23 23 23 23 
0010: ff ff ff ff ff ff 10 01 78 78 78 78 78 78 78 78 
0020: 78 78 ((encoding . 0) (crc_included . #t))
[MAPPER] meta fields: mcs=0 len=-1 psdu_len=-1
[MAPPER] using MCS=0
[MAPPER] HT mode enabled, effective MCS: 0
53 b0 e7 00 
************************************
[TX][HTDATA0][PUNCTURED] bits52=0000000000110111111111000010001111010000001000001010
[TX][HTDATA0][INTERLEAVED] bits52=0110010001000101011001100110011001000011100010010000
[TX][HTDATA0] bits52=0110010001000101011001100110011001000011100010010000
[TX][PUNCTURED-ALL] nbits=676 first64=0000000000110111111111000010001111010000001000001010000101100001 last64=0101100010011011110000011101101111001011111001100101111001101001
[TX][INTERLEAVED-ALL] nbits=676 first64=0110010001000101011001100110011001000011100010010000000101000000 last64=1110101011111111001111111111101011000101011101100001000011101001
[TX][HTDATA0][PUNCTURED] keep existing first-frame reference /tmp/wifi_tx_punctured0_bits52.txt
[TX][HTDATA0][INTERLEAVED] keep existing first-frame reference /tmp/wifi_tx_interleaved0_bits52.txt
[TX][HTDATA0] keep existing first-frame reference /tmp/wifi_tx_data0_bits52.txt
[TX][PUNCTURED-ALL] keep existing first-frame reference /tmp/wifi_tx_punctured_all_bits.txt
[TX][INTERLEAVED-ALL] keep existing first-frame reference /tmp/wifi_tx_interleaved_all_bits.txt
[TX][PUNCTURED-ALL] updated /tmp/wifi_tx_punctured_all_bits.last.txt
[TX][INTERLEAVED-ALL] updated /tmp/wifi_tx_interleaved_all_bits.last.txt
[MAPPER] frame: ht_mode=1 psdu=38 n_sym=13 n_data_bits=338 n_encoded_bits=676 data_carriers=52 out_symbols=676
[HT-HEADER] general_work called ninput=676 noutput=32688
[TX][LSIG] raw24=110100110010000000000000
[TX][LSIG] enc48=110110001010100111001100100011011100000000000000
[TX][LSIG] intl48=110011011001000011010100011000000010011001100000
[TX][HTSIG] fields: mcs=0 len=38 bw40=0 agg=0 sgi=0 stbc=0 adv=0 nltf=0 crc=0x0d
[TX][HTSIG] raw48=000000000110010000000000000000000010110000000000
[TX][HTSIG] enc96=000000000000000000110110111100100011011100000000000000000000000000001110111001101110101100000000
[TX][HTSIG] intl96=000000111110010000000011100110000000000010011000000000011011110000000001100100000000001011101000
[TX][HTHDR][OUTBUF] lsig48=110011011001000011010100011000000010011001100000
[TX][HTHDR][OUTBUF] htsig1_48=000000111110010000000011100110000000000010011000
[TX][HTHDR][OUTBUF] htsig2_48=000000011011110000000001100100000000001011101000
[SYNC-SHORT] general_work called: noutput=16 ninput=2288 threshold=0.010 state=1
SHORT copied 16
[SYNC-LONG] general_work: ninput[0]=16 ninput[1]=320 noutput=16 state=1
LONG ninput[0] 16   ninput[1] 320  noutput 16   state 1
produced : 16 consumed: 16
[SYNC-SHORT] general_work called: noutput=1024 ninput=2272 threshold=0.010 state=1
sync_short :info: frame start at in: 38437 out: 38964
SHORT Frame!
SHORT copied 548
[SYNC-SHORT] general_work called: noutput=1024 ninput=1724 threshold=0.010 state=1
[SYNC-LONG] general_work: ninput[0]=548 ninput[1]=320 noutput=256 state=1
LONG ninput[0] 548   ninput[1] 320  noutput 256   state 1
produced : 256 consumed: 320
sync_short :info: frame start at in: 38918 out: 39445
SHORT Frame!
[SYNC-LONG] general_work: ninput[0]=228 ninput[1]=548 noutput=128 state=1
SHORT copied 481
[SYNC-SHORT] general_work called: noutput=1024 ninput=1243 threshold=0.010 state=1
LONG ninput[0] 228   ninput[1] 548  noutput 128   state 1
produced : 128 consumed: 160
[SYNC-LONG] general_work: ninput[0]=549 ninput[1]=869 noutput=512 state=1
LONG ninput[0] 549   ninput[1] 869  noutput 512   state 1sync_short :info: frame start at in: 39399 out: 39926

SHORT Frame!
SHORT copied 481
[SYNC-SHORT] general_work called: noutput=512 ninput=762 threshold=0.010 state=1
produced : 52 consumed: 68
[EQ][ENTER] general_work called nin=4 nout=128
[EQ][WHILE_ENTER] consumed=0, n_in=4
[EQ][WHILE_LOOP] iter consumed=0, d_sym_idx=15
sync_short :info: frame start at in: 39880 out: 40407
[EQ][FLOW] abs=430 wifi_start=0 in_frame=1 sym_idx=15 consumed=0 produced=0
[EQ][PRE_EXTRACT] d_sym_idx=15, in_frame=1
[EQ][IDX_CHECK] d_sym_idx=15, condition=0
SHORT Frame!
SHORT copied 481
[SYNC-LONG] general_work: ninput[0]=962 ninput[1]=1282 noutput=512 state=1
[EQ][POST_EQUALIZE] d_sym_idx=15
LONG ninput[0] 962   ninput[1] 1282  noutput 512   state 1
[SYNC-LONG] Received wifi_start tag: freq_offset=-0.029 offset=38437 nread=38437
LONG: ignore retrigger tag during COPY nread=38437 d_count=1415 guard=3072 tag_offset=38437
[SYNC-SHORT] general_work called: noutput=256 ninput=281 threshold=0.010 state=1
[EQ][STDERR_DIRECT] Entering direct mixed-mode header detection
[EQ][DIRECT_PATH] Entering direct mixed-mode header detection
[EQ][STDERR_BEFORE_GATE] Reached before gate check
[EQ][BEFORE_GATE] Reached before gate check
[EQ][TEST_INSERT] Added new debug output
[EQ][DEBUG_TEST] ======== DEBUG ENTRY ========
[EQ][DEBUG] Checking HT-SIG parse condition: d_sym_idx=15, kHtSig1Rel=5, d_have_ht_header=0
SHORT copied [EQ][DEBUG] valid flags: lltf0=1, lltf1=1, lsig=1, htsig0=1, htsig1=1
[EQ][WHILE_LOOP] iter consumed=1, d_sym_idx=16
[EQ][GATE_DETAIL] d_sym_idx=15, kHtSig1Rel=5, d_have_ht_header=0
[EQ][GATE_DETAIL] valid flags: lltf0=1 lltf1=1 lsig=1 htsig0=1 htsig1=1
[EQ][FLOW] abs=431 wifi_start=0 in_frame=1 sym_idx=16 consumed=1 produced=0
[EQ][PRE_EXTRACT] d_sym_idx=16, in_frame=1
[EQ][POST_EQUALIZE] d_sym_idx=16
[EQ][STDERR_DIRECT] Entering direct mixed-mode header detection
[EQ][IDX_CHECK] d_sym_idx=16, condition=0
[EQ][DIRECT_PATH] Entering direct mixed-mode header detection
[EQ][STDERR_BEFORE_GATE] Reached before gate check
[EQ][BEFORE_GATE] Reached before gate check
[EQ][TEST_INSERT] Added new debug output
[EQ][DEBUG_TEST] ======== DEBUG ENTRY ========
[EQ][DEBUG] Checking HT-SIG parse condition: d_sym_idx=16, kHtSig1Rel=5, d_have_ht_header=0
[EQ][DEBUG] valid flags: lltf0=1, lltf1=1, lsig=1, htsig0=1, htsig1=1
[EQ][WHILE_LOOP] iter consumed=2, d_sym_idx=17
[EQ][GATE_DETAIL] d_sym_idx=16, kHtSig1Rel=5, d_have_ht_header=0
[EQ][GATE_DETAIL] valid flags: lltf0=1 lltf1=1 lsig=1 htsig0=1 htsig1=1
[EQ][FLOW] abs=432 wifi_start=0 in_frame=1 sym_idx=17 consumed=2 produced=0
[EQ][PRE_EXTRACT] d_sym_idx=17, in_frame=1
[EQ][POST_EQUALIZE] d_sym_idx=17
[EQ][STDERR_DIRECT] Entering direct mixed-mode header detection
[EQ][IDX_CHECK] d_sym_idx=17, condition=0
[EQ][DIRECT_PATH] Entering direct mixed-mode header detection
[EQ][STDERR_BEFORE_GATE] Reached before gate check
[EQ][BEFORE_GATE] Reached before gate check
[EQ][TEST_INSERT] Added new debug output
[EQ][DEBUG_TEST] ======== DEBUG ENTRY ========
[EQ][DEBUG] Checking HT-SIG parse condition: d_sym_idx=17, kHtSig1Rel=5, d_have_ht_header=0
[EQ][DEBUG] valid flags: lltf0=1, lltf1=1, lsig=1, htsig0=1, htsig1=1
[EQ][WHILE_LOOP] iter consumed=3, d_sym_idx=18
[EQ][GATE_DETAIL] d_sym_idx=17, kHtSig1Rel=5, d_have_ht_header=0
[EQ][GATE_DETAIL] valid flags: lltf0=1 lltf1=1 lsig=1 htsig0=1 htsig1=1
256[EQ][FLOW] abs=433 wifi_start=0 in_frame=1 sym_idx=18 consumed=3 produced=0
[EQ][PRE_EXTRACT] d_sym_idx=18, in_frame=1
produced : [EQ][IDX_CHECK] d_sym_idx=18, condition=0
512 consumed: 640
[EQ][POST_EQUALIZE] d_sym_idx=18
[EQ][STDERR_DIRECT] Entering direct mixed-mode header detection
[EQ][DIRECT_PATH] Entering direct mixed-mode header detection
[EQ][STDERR_BEFORE_GATE] Reached before gate check

[EQ][BEFORE_GATE] Reached before gate check
[SYNC-LONG] general_work: ninput[0]=803 ninput[1]=1123 noutput=512 state=1
LONG ninput[0] 803   ninput[1] 1123  noutput [EQ][TEST_INSERT] Added new debug output
512   state 1
[SYNC-SHORT] general_work called: noutput=8 ninput=25 threshold=0.010 state=1
SHORT copied 8
[SYNC-SHORT] general_work called: noutput=1 ninput=17 threshold=0.010 state=1
SHORT copied 1
[EQ][DEBUG_TEST] ======== DEBUG ENTRY ========
[EQ][DEBUG] Checking HT-SIG parse condition: d_sym_idx=18, kHtSig1Rel=5, d_have_ht_header=0
[EQ][DEBUG] valid flags: lltf0=1, lltf1=1, lsig=1, htsig0=1, htsig1=1
[EQ][GATE_DETAIL] d_sym_idx=18, kHtSig1Rel=5, d_have_ht_header=0
[EQ][GATE_DETAIL] valid flags: lltf0=1 lltf1=1 lsig=1 htsig0=1 htsig1=1
produced : 258 consumed: 322
[SYNC-LONG] general_work: ninput[0]=746 ninput[1]=1066 noutput=512 state=1
LONG ninput[0] 746   ninput[1] 1066  noutput 512   state 1
[SYNC-LONG] Received wifi_start tag: freq_offset=0.122 offset=39399 nread=39399
LONG: ignore retrigger tag during COPY nread=39399 d_count=2185 guard=3072 tag_offset=39399
[EQ][ENTER] general_work called nin=11 nout=512
[EQ][WHILE_ENTER] consumed=0, n_in=11
[EQ][WHILE_LOOP] iter consumed=0, d_sym_idx=19
[EQ][FLOW] abs=434 wifi_start=0 in_frame=1 sym_idx=19 consumed=0 produced=0
[EQ][PRE_EXTRACT] d_sym_idx=19, in_frame=1
[EQ][POST_EQUALIZE] d_sym_idx=19
[EQ][STDERR_DIRECT] Entering direct mixed-mode header detection
[EQ][IDX_CHECK] d_sym_idx=19, condition=0
[EQ][DIRECT_PATH] Entering direct mixed-mode header detection
[EQ][STDERR_BEFORE_GATE] Reached before gate check
[EQ][BEFORE_GATE] Reached before gate check
[EQ][TEST_INSERT] Added new debug output
[EQ][DEBUG_TEST] ======== DEBUG ENTRY ========
[EQ][DEBUG] Checking HT-SIG parse condition: d_sym_idx=19, kHtSig1Rel=5, d_have_ht_header=0
[EQ][DEBUG] valid flags: lltf0=1, lltf1=1, lsig=1, htsig0=1, htsig1=1
produced : [EQ][WHILE_LOOP] iter consumed=1, d_sym_idx=20
[EQ][GATE_DETAIL] d_sym_idx=19, kHtSig1Rel=5, d_have_ht_header=0
[EQ][GATE_DETAIL] valid flags: lltf0=1 lltf1=1 lsig=1 htsig0=1 htsig1=1
[EQ][FLOW] abs=435 wifi_start=0 in_frame=1 sym_idx=20 consumed=1 produced=0
[EQ][PRE_EXTRACT] d_sym_idx=20, in_frame=1
512[EQ][IDX_CHECK] d_sym_idx=20, condition=0
 consumed: 640
[EQ][POST_EQUALIZE] d_sym_idx=20
[EQ][STDERR_DIRECT] Entering direct mixed-mode header detection
[EQ][DIRECT_PATH] Entering direct mixed-mode header detection
[EQ][STDERR_BEFORE_GATE] Reached before gate check
[EQ][BEFORE_GATE] Reached before gate check
[EQ][TEST_INSERT] Added new debug output
[EQ][DEBUG_TEST] ======== DEBUG ENTRY ========
[EQ][DEBUG] Checking HT-SIG parse condition: d_sym_idx=20, kHtSig1Rel=5, d_have_ht_header=0
[EQ][DEBUG] valid flags: lltf0=1, lltf1=1, lsig=1, htsig0=1, htsig1=1
[SYNC-LONG] general_work: ninput[0]=106 ninput[1]=426 noutput=64 state=1
[EQ][WHILE_LOOP] iter consumed=2, d_sym_idx=21
[EQ][GATE_DETAIL] d_sym_idx=20, kHtSig1Rel=5, d_have_ht_header=0
[EQ][GATE_DETAIL] valid flags: lltf0=1 lltf1=1 lsig=1 htsig0=1 htsig1=1
LONG ninput[0] 106   ninput[1] 426  noutput 64   state 1
produced : 64 consumed: 80
[EQ][FLOW] abs=436 wifi_start=0 in_frame=1 sym_idx=21 consumed=2 produced=0
[EQ][PRE_EXTRACT] d_sym_idx=21, in_frame=1
[EQ][POST_EQUALIZE] d_sym_idx=21
[EQ][STDERR_DIRECT] Entering direct mixed-mode header detection
[EQ][IDX_CHECK] d_sym_idx=21, condition=0
[EQ][DIRECT_PATH] Entering direct mixed-mode header detection
[EQ][STDERR_BEFORE_GATE] Reached before gate check
[EQ][BEFORE_GATE] Reached before gate check
[SYNC-LONG] general_work: ninput[0]=26 ninput[1]=346 noutput=16 state=1
[EQ][TEST_INSERT] Added new debug output
[EQ][DEBUG_TEST] ======== DEBUG ENTRY ========
[EQ][DEBUG] Checking HT-SIG parse condition: d_sym_idx=21, kHtSig1Rel=5, d_have_ht_header=0
[EQ][DEBUG] valid flags: lltf0=1, lltf1=1, lsig=1, htsig0=1, htsig1=1
[EQ][WHILE_LOOP] iter consumed=3, d_sym_idx=22
[EQ][GATE_DETAIL] d_sym_idx=21, kHtSig1Rel=5, d_have_ht_header=0
[EQ][GATE_DETAIL] valid flags: lltf0=1 lltf1=1 lsig=1 htsig0=1 htsig1=1
[EQ][FLOW] abs=437 wifi_start=0 in_frame=1 sym_idx=22 consumed=3 produced=0
[EQ][PRE_EXTRACT] d_sym_idx=22, in_frame=1
[EQ][POST_EQUALIZE] d_sym_idx=22
[EQ][STDERR_DIRECT] Entering direct mixed-mode header detection
[EQ][IDX_CHECK] d_sym_idx=22, condition=0
[EQ][DIRECT_PATH] Entering direct mixed-mode header detection
[EQ][STDERR_BEFORE_GATE] Reached before gate check
LONG ninput[0] [EQ][BEFORE_GATE] Reached before gate check
26   ninput[1] 346  noutput 16   state 1
produced : 16 consumed: 16
[SYNC-LONG] general_work: ninput[0]=10 ninput[1]=330 noutput=8 state=1
[EQ][TEST_INSERT] Added new debug output
[EQ][DEBUG_TEST] ======== DEBUG ENTRY ========
[EQ][DEBUG] Checking HT-SIG parse condition: d_sym_idx=22, kHtSig1Rel=5, d_have_ht_header=0
LONG ninput[0] [EQ][DEBUG] valid flags: lltf0=1, lltf1=1, lsig=1, htsig0=1, htsig1=1
[EQ][WHILE_LOOP] iter consumed=4, d_sym_idx=23
[EQ][GATE_DETAIL] d_sym_idx=22, kHtSig1Rel=5, d_have_ht_header=0
[EQ][GATE_DETAIL] valid flags: lltf0=1 lltf1=1 lsig=1 htsig0=1 htsig1=1
[EQ][FLOW] abs=438 wifi_start=0 in_frame=1 sym_idx=23 consumed=4 produced=0
[EQ][PRE_EXTRACT] d_sym_idx=23, in_frame=1
[EQ][POST_EQUALIZE] d_sym_idx=23
[EQ][STDERR_DIRECT] Entering direct mixed-mode header detection
[EQ][IDX_CHECK] d_sym_idx=23, condition=0
10   ninput[1] 330  noutput 8   state 1
[EQ][DIRECT_PATH] Entering direct mixed-mode header detection
produced : 8 consumed: 8
[SYNC-LONG] general_work: ninput[0]=2 ninput[1]=322 noutput=2 state=1
LONG ninput[0] 2   ninput[1] 322  noutput 2   state 1
produced : 2 consumed: 2
[EQ][STDERR_BEFORE_GATE] Reached before gate check
[EQ][BEFORE_GATE] Reached before gate check
[EQ][TEST_INSERT] Added new debug output
[EQ][DEBUG_TEST] ======== DEBUG ENTRY ========
[EQ][DEBUG] Checking HT-SIG parse condition: d_sym_idx=23, kHtSig1Rel=5, d_have_ht_header=0
[EQ][DEBUG] valid flags: lltf0=1, lltf1=1, lsig=1, htsig0=1, htsig1=1
[EQ][WHILE_LOOP] iter consumed=5, d_sym_idx=24
[EQ][GATE_DETAIL] d_sym_idx=23, kHtSig1Rel=5, d_have_ht_header=0
[EQ][GATE_DETAIL] valid flags: lltf0=1 lltf1=1 lsig=1 htsig0=1 htsig1=1
[EQ][FLOW] abs=439 wifi_start=0 in_frame=1 sym_idx=24 consumed=5 produced=0
[EQ][PRE_EXTRACT] d_sym_idx=24, in_frame=1
[EQ][POST_EQUALIZE] d_sym_idx=24
[EQ][STDERR_DIRECT] Entering direct mixed-mode header detection
[EQ][IDX_CHECK] d_sym_idx=24, condition=0
[EQ][DIRECT_PATH] Entering direct mixed-mode header detection
[EQ][STDERR_BEFORE_GATE] Reached before gate check
[EQ][BEFORE_GATE] Reached before gate check
[EQ][TEST_INSERT] Added new debug output
[EQ][DEBUG_TEST] ======== DEBUG ENTRY ========
[EQ][DEBUG] Checking HT-SIG parse condition: d_sym_idx=24, kHtSig1Rel=5, d_have_ht_header=0
[EQ][DEBUG] valid flags: lltf0=1, lltf1=1, lsig=1, htsig0=1, htsig1=1
[EQ][WHILE_LOOP] iter consumed=6, d_sym_idx=25
[EQ][GATE_DETAIL] d_sym_idx=24, kHtSig1Rel=5, d_have_ht_header=0
[EQ][GATE_DETAIL] valid flags: lltf0=1 lltf1=1 lsig=1 htsig0=1 htsig1=1
[EQ][FLOW] abs=440 wifi_start=0 in_frame=1 sym_idx=25 consumed=6 produced=0
[EQ][PRE_EXTRACT] d_sym_idx=25, in_frame=1
[EQ][POST_EQUALIZE] d_sym_idx=25
[EQ][STDERR_DIRECT] Entering direct mixed-mode header detection
[EQ][IDX_CHECK] d_sym_idx=25, condition=0
[EQ][DIRECT_PATH] Entering direct mixed-mode header detection
[EQ][STDERR_BEFORE_GATE] Reached before gate check
[EQ][BEFORE_GATE] Reached before gate check
[EQ][TEST_INSERT] Added new debug output
[EQ][DEBUG_TEST] ======== DEBUG ENTRY ========
[EQ][DEBUG] Checking HT-SIG parse condition: d_sym_idx=25, kHtSig1Rel=5, d_have_ht_header=0
[EQ][DEBUG] valid flags: lltf0=1, lltf1=1, lsig=1, htsig0=1, htsig1=1
[EQ][WHILE_LOOP] iter consumed=7, d_sym_idx=26
[EQ][GATE_DETAIL] d_sym_idx=25, kHtSig1Rel=5, d_have_ht_header=0
[EQ][GATE_DETAIL] valid flags: lltf0=1 lltf1=1 lsig=1 htsig0=1 htsig1=1
[EQ][FLOW] abs=441 wifi_start=0 in_frame=1 sym_idx=26 consumed=7 produced=0
[EQ][PRE_EXTRACT] d_sym_idx=26, in_frame=1
[EQ][POST_EQUALIZE] d_sym_idx=26
[EQ][STDERR_DIRECT] Entering direct mixed-mode header detection
[EQ][IDX_CHECK] d_sym_idx=26, condition=0
[EQ][DIRECT_PATH] Entering direct mixed-mode header detection
[EQ][STDERR_BEFORE_GATE] Reached before gate check
[EQ][BEFORE_GATE] Reached before gate check
[EQ][TEST_INSERT] Added new debug output
[EQ][DEBUG_TEST] ======== DEBUG ENTRY ========
[EQ][DEBUG] Checking HT-SIG parse condition: d_sym_idx=26, kHtSig1Rel=5, d_have_ht_header=0
[EQ][DEBUG] valid flags: lltf0=1, lltf1=1, lsig=1, htsig0=1, htsig1=1
[EQ][WHILE_LOOP] iter consumed=8, d_sym_idx=27
[EQ][GATE_DETAIL] d_sym_idx=26, kHtSig1Rel=5, d_have_ht_header=0
[EQ][GATE_DETAIL] valid flags: lltf0=1 lltf1=1 lsig=1 htsig0=1 htsig1=1
[EQ][FLOW] abs=442 wifi_start=0 in_frame=1 sym_idx=27 consumed=8 produced=0
[EQ][PRE_EXTRACT] d_sym_idx=27, in_frame=1
[EQ][POST_EQUALIZE] d_sym_idx=27
[EQ][STDERR_DIRECT] Entering direct mixed-mode header detection
[EQ][IDX_CHECK] d_sym_idx=27, condition=0
[EQ][DIRECT_PATH] Entering direct mixed-mode header detection
[EQ][STDERR_BEFORE_GATE] Reached before gate check
[EQ][BEFORE_GATE] Reached before gate check
[EQ][TEST_INSERT] Added new debug output
[EQ][DEBUG_TEST] ======== DEBUG ENTRY ========
[EQ][DEBUG] Checking HT-SIG parse condition: d_sym_idx=27, kHtSig1Rel=5, d_have_ht_header=0
[EQ][DEBUG] valid flags: lltf0=1, lltf1=1, lsig=1, htsig0=1, htsig1=1
[EQ][WHILE_LOOP] iter consumed=9, d_sym_idx=28
[EQ][GATE_DETAIL] d_sym_idx=27, kHtSig1Rel=5, d_have_ht_header=0
[EQ][GATE_DETAIL] valid flags: lltf0=1 lltf1=1 lsig=1 htsig0=1 htsig1=1
[EQ][FLOW] abs=443 wifi_start=0 in_frame=1 sym_idx=28 consumed=9 produced=0
[EQ][PRE_EXTRACT] d_sym_idx=28, in_frame=1
[EQ][POST_EQUALIZE] d_sym_idx=28
[EQ][STDERR_DIRECT] Entering direct mixed-mode header detection
[EQ][IDX_CHECK] d_sym_idx=28, condition=0
[EQ][DIRECT_PATH] Entering direct mixed-mode header detection
[EQ][STDERR_BEFORE_GATE] Reached before gate check
[EQ][BEFORE_GATE] Reached before gate check
[EQ][TEST_INSERT] Added new debug output
[EQ][DEBUG_TEST] ======== DEBUG ENTRY ========
[EQ][DEBUG] Checking HT-SIG parse condition: d_sym_idx=28, kHtSig1Rel=5, d_have_ht_header=0
[EQ][DEBUG] valid flags: lltf0=1, lltf1=1, lsig=1, htsig0=1, htsig1=1
[EQ][WHILE_LOOP] iter consumed=10, d_sym_idx=29
[EQ][GATE_DETAIL] d_sym_idx=28, kHtSig1Rel=5, d_have_ht_header=0
[EQ][GATE_DETAIL] valid flags: lltf0=1 lltf1=1 lsig=1 htsig0=1 htsig1=1
[EQ][FLOW] abs=444 wifi_start=0 in_frame=1 sym_idx=29 consumed=10 produced=0
[EQ][PRE_EXTRACT] d_sym_idx=29, in_frame=1
[EQ][POST_EQUALIZE] d_sym_idx=29
[EQ][STDERR_DIRECT] Entering direct mixed-mode header detection
[EQ][IDX_CHECK] d_sym_idx=29, condition=0
[EQ][DIRECT_PATH] Entering direct mixed-mode header detection
[EQ][STDERR_BEFORE_GATE] Reached before gate check
[EQ][BEFORE_GATE] Reached before gate check
[EQ][TEST_INSERT] Added new debug output
[EQ][DEBUG_TEST] ======== DEBUG ENTRY ========
[EQ][DEBUG] Checking HT-SIG parse condition: d_sym_idx=29, kHtSig1Rel=5, d_have_ht_header=0
[EQ][DEBUG] valid flags: lltf0=1, lltf1=1, lsig=1, htsig0=1, htsig1=1
[EQ][ENTER] general_work called nin=13 nout=512
[EQ][GATE_DETAIL] d_sym_idx=29, kHtSig1Rel=5, d_have_ht_header=0
[EQ][GATE_DETAIL] valid flags: lltf0=1 lltf1=1 lsig=1 htsig0=1 htsig1=1
[EQ][WHILE_ENTER] consumed=0, n_in=13
[EQ][WHILE_LOOP] iter consumed=0, d_sym_idx=30
[EQ][FLOW] abs=445 wifi_start=0 in_frame=1 sym_idx=30 consumed=0 produced=0
[EQ][PRE_EXTRACT] d_sym_idx=30, in_frame=1
[EQ][POST_EQUALIZE] d_sym_idx=30
[EQ][STDERR_DIRECT] Entering direct mixed-mode header detection
[EQ][IDX_CHECK] d_sym_idx=30, condition=0
[EQ][DIRECT_PATH] Entering direct mixed-mode header detection
[EQ][STDERR_BEFORE_GATE] Reached before gate check
[EQ][BEFORE_GATE] Reached before gate check
[EQ][TEST_INSERT] Added new debug output
[EQ][DEBUG_TEST] ======== DEBUG ENTRY ========
[EQ][DEBUG] Checking HT-SIG parse condition: d_sym_idx=30, kHtSig1Rel=5, d_have_ht_header=0
[EQ][DEBUG] valid flags: lltf0=1, lltf1=1, lsig=1, htsig0=1, htsig1=1
[EQ][WHILE_LOOP] iter consumed=1, d_sym_idx=31
[EQ][GATE_DETAIL] d_sym_idx=30, kHtSig1Rel=5, d_have_ht_header=0
[EQ][GATE_DETAIL] valid flags: lltf0=1 lltf1=1 lsig=1 htsig0=1 htsig1=1
[EQ][FLOW] abs=446 wifi_start=0 in_frame=1 sym_idx=31 consumed=1 produced=0
[EQ][PRE_EXTRACT] d_sym_idx=31, in_frame=1
[EQ][POST_EQUALIZE] d_sym_idx=31
[EQ][STDERR_DIRECT] Entering direct mixed-mode header detection
[EQ][IDX_CHECK] d_sym_idx=31, condition=0
[EQ][DIRECT_PATH] Entering direct mixed-mode header detection
[EQ][STDERR_BEFORE_GATE] Reached before gate check
[EQ][BEFORE_GATE] Reached before gate check
[EQ][TEST_INSERT] Added new debug output
[EQ][DEBUG_TEST] ======== DEBUG ENTRY ========
[EQ][DEBUG] Checking HT-SIG parse condition: d_sym_idx=31, kHtSig1Rel=5, d_have_ht_header=0
[EQ][DEBUG] valid flags: lltf0=1, lltf1=1, lsig=1, htsig0=1, htsig1=1
[EQ][WHILE_LOOP] iter consumed=2, d_sym_idx=32
[EQ][GATE_DETAIL] d_sym_idx=31, kHtSig1Rel=5, d_have_ht_header=0
[EQ][GATE_DETAIL] valid flags: lltf0=1 lltf1=1 lsig=1 htsig0=1 htsig1=1
[EQ][FLOW] abs=447 wifi_start=0 in_frame=1 sym_idx=32 consumed=2 produced=0
[EQ][PRE_EXTRACT] d_sym_idx=32, in_frame=1
[EQ][POST_EQUALIZE] d_sym_idx=32
[EQ][STDERR_DIRECT] Entering direct mixed-mode header detection
[EQ][IDX_CHECK] d_sym_idx=32, condition=0
[EQ][DIRECT_PATH] Entering direct mixed-mode header detection
[EQ][STDERR_BEFORE_GATE] Reached before gate check
[EQ][BEFORE_GATE] Reached before gate check
[EQ][TEST_INSERT] Added new debug output
[EQ][DEBUG_TEST] ======== DEBUG ENTRY ========
[EQ][DEBUG] Checking HT-SIG parse condition: d_sym_idx=32, kHtSig1Rel=5, d_have_ht_header=0
[EQ][DEBUG] valid flags: lltf0=1, lltf1=1, lsig=1, htsig0=1, htsig1=1
[EQ][WHILE_LOOP] iter consumed=3, d_sym_idx=33
[EQ][GATE_DETAIL] d_sym_idx=32, kHtSig1Rel=5, d_have_ht_header=0
[EQ][GATE_DETAIL] valid flags: lltf0=1 lltf1=1 lsig=1 htsig0=1 htsig1=1
[EQ][FLOW] abs=448 wifi_start=0 in_frame=1 sym_idx=33 consumed=3 produced=0
[EQ][PRE_EXTRACT] d_sym_idx=33, in_frame=1
[EQ][POST_EQUALIZE] d_sym_idx=33
[EQ][STDERR_DIRECT] Entering direct mixed-mode header detection
[EQ][IDX_CHECK] d_sym_idx=33, condition=0
[EQ][DIRECT_PATH] Entering direct mixed-mode header detection
[EQ][STDERR_BEFORE_GATE] Reached before gate check
[EQ][BEFORE_GATE] Reached before gate check
[EQ][TEST_INSERT] Added new debug output
[EQ][DEBUG_TEST] ======== DEBUG ENTRY ========
[EQ][DEBUG] Checking HT-SIG parse condition: d_sym_idx=33, kHtSig1Rel=5, d_have_ht_header=0
[EQ][DEBUG] valid flags: lltf0=1, lltf1=1, lsig=1, htsig0=1, htsig1=1
[EQ][WHILE_LOOP] iter consumed=4, d_sym_idx=34
[EQ][GATE_DETAIL] d_sym_idx=33, kHtSig1Rel=5, d_have_ht_header=0
[EQ][GATE_DETAIL] valid flags: lltf0=1 lltf1=1 lsig=1 htsig0=1 htsig1=1
[EQ][FLOW] abs=449 wifi_start=0 in_frame=1 sym_idx=34 consumed=4 produced=0
[EQ][PRE_EXTRACT] d_sym_idx=34, in_frame=1
[EQ][POST_EQUALIZE] d_sym_idx=34
[EQ][STDERR_DIRECT] Entering direct mixed-mode header detection
[EQ][IDX_CHECK] d_sym_idx=34, condition=0
[EQ][DIRECT_PATH] Entering direct mixed-mode header detection
[EQ][STDERR_BEFORE_GATE] Reached before gate check
[EQ][BEFORE_GATE] Reached before gate check
[EQ][TEST_INSERT] Added new debug output
[EQ][DEBUG_TEST] ======== DEBUG ENTRY ========
[EQ][DEBUG] Checking HT-SIG parse condition: d_sym_idx=34, kHtSig1Rel=5, d_have_ht_header=0
[EQ][DEBUG] valid flags: lltf0=1, lltf1=1, lsig=1, htsig0=1, htsig1=1
[EQ][WHILE_LOOP] iter consumed=5, d_sym_idx=35
[EQ][GATE_DETAIL] d_sym_idx=34, kHtSig1Rel=5, d_have_ht_header=0
[EQ][GATE_DETAIL] valid flags: lltf0=1 lltf1=1 lsig=1 htsig0=1 htsig1=1
[EQ][FLOW] abs=450 wifi_start=0 in_frame=1 sym_idx=35 consumed=5 produced=0
[EQ][PRE_EXTRACT] d_sym_idx=35, in_frame=1
[EQ][POST_EQUALIZE] d_sym_idx=35
[EQ][STDERR_DIRECT] Entering direct mixed-mode header detection
[EQ][IDX_CHECK] d_sym_idx=35, condition=0
[EQ][DIRECT_PATH] Entering direct mixed-mode header detection
[EQ][STDERR_BEFORE_GATE] Reached before gate check
[EQ][BEFORE_GATE] Reached before gate check
[EQ][TEST_INSERT] Added new debug output
[EQ][DEBUG_TEST] ======== DEBUG ENTRY ========
[EQ][DEBUG] Checking HT-SIG parse condition: d_sym_idx=35, kHtSig1Rel=5, d_have_ht_header=0
[EQ][DEBUG] valid flags: lltf0=1, lltf1=1, lsig=1, htsig0=1, htsig1=1
[EQ][WHILE_LOOP] iter consumed=6, d_sym_idx=36
[EQ][GATE_DETAIL] d_sym_idx=35, kHtSig1Rel=5, d_have_ht_header=0
[EQ][GATE_DETAIL] valid flags: lltf0=1 lltf1=1 lsig=1 htsig0=1 htsig1=1
[EQ][FLOW] abs=451 wifi_start=0 in_frame=1 sym_idx=36 consumed=6 produced=0
[EQ][PRE_EXTRACT] d_sym_idx=36, in_frame=1
[EQ][POST_EQUALIZE] d_sym_idx=36
[EQ][STDERR_DIRECT] Entering direct mixed-mode header detection
[EQ][IDX_CHECK] d_sym_idx=36, condition=0
[EQ][DIRECT_PATH] Entering direct mixed-mode header detection
[EQ][STDERR_BEFORE_GATE] Reached before gate check
[EQ][BEFORE_GATE] Reached before gate check
[EQ][TEST_INSERT] Added new debug output
[EQ][DEBUG_TEST] ======== DEBUG ENTRY ========
[EQ][DEBUG] Checking HT-SIG parse condition: d_sym_idx=36, kHtSig1Rel=5, d_have_ht_header=0
[EQ][DEBUG] valid flags: lltf0=1, lltf1=1, lsig=1, htsig0=1, htsig1=1
[EQ][WHILE_LOOP] iter consumed=7, d_sym_idx=37
[EQ][GATE_DETAIL] d_sym_idx=36, kHtSig1Rel=5, d_have_ht_header=0
[EQ][GATE_DETAIL] valid flags: lltf0=1 lltf1=1 lsig=1 htsig0=1 htsig1=1
[EQ][FLOW] abs=452 wifi_start=0 in_frame=1 sym_idx=37 consumed=7 produced=0
[EQ][PRE_EXTRACT] d_sym_idx=37, in_frame=1
[EQ][POST_EQUALIZE] d_sym_idx=37
[EQ][STDERR_DIRECT] Entering direct mixed-mode header detection
[EQ][IDX_CHECK] d_sym_idx=37, condition=0
[EQ][DIRECT_PATH] Entering direct mixed-mode header detection
[EQ][STDERR_BEFORE_GATE] Reached before gate check
[EQ][BEFORE_GATE] Reached before gate check
[EQ][TEST_INSERT] Added new debug output
[EQ][DEBUG_TEST] ======== DEBUG ENTRY ========
[EQ][DEBUG] Checking HT-SIG parse condition: d_sym_idx=37, kHtSig1Rel=5, d_have_ht_header=0
[EQ][DEBUG] valid flags: lltf0=1, lltf1=1, lsig=1, htsig0=1, htsig1=1
[EQ][WHILE_LOOP] iter consumed=8, d_sym_idx=38
[EQ][GATE_DETAIL] d_sym_idx=37, kHtSig1Rel=5, d_have_ht_header=0
[EQ][GATE_DETAIL] valid flags: lltf0=1 lltf1=1 lsig=1 htsig0=1 htsig1=1
[EQ][FLOW] abs=453 wifi_start=0 in_frame=1 sym_idx=38 consumed=8 produced=0
[EQ][PRE_EXTRACT] d_sym_idx=38, in_frame=1
[EQ][POST_EQUALIZE] d_sym_idx=38
[EQ][STDERR_DIRECT] Entering direct mixed-mode header detection
[EQ][IDX_CHECK] d_sym_idx=38, condition=0
[EQ][DIRECT_PATH] Entering direct mixed-mode header detection
[EQ][STDERR_BEFORE_GATE] Reached before gate check
[EQ][BEFORE_GATE] Reached before gate check
[EQ][TEST_INSERT] Added new debug output
[EQ][DEBUG_TEST] ======== DEBUG ENTRY ========
[EQ][DEBUG] Checking HT-SIG parse condition: d_sym_idx=38, kHtSig1Rel=5, d_have_ht_header=0
[EQ][DEBUG] valid flags: lltf0=1, lltf1=1, lsig=1, htsig0=1, htsig1=1
[EQ][WHILE_LOOP] iter consumed=9, d_sym_idx=39
[EQ][GATE_DETAIL] d_sym_idx=38, kHtSig1Rel=5, d_have_ht_header=0
[EQ][GATE_DETAIL] valid flags: lltf0=1 lltf1=1 lsig=1 htsig0=1 htsig1=1
[EQ][FLOW] abs=454 wifi_start=0 in_frame=1 sym_idx=39 consumed=9 produced=0
[EQ][PRE_EXTRACT] d_sym_idx=39, in_frame=1
[EQ][POST_EQUALIZE] d_sym_idx=39
[EQ][STDERR_DIRECT] Entering direct mixed-mode header detection
[EQ][IDX_CHECK] d_sym_idx=39, condition=0
[EQ][DIRECT_PATH] Entering direct mixed-mode header detection
[EQ][STDERR_BEFORE_GATE] Reached before gate check
[EQ][BEFORE_GATE] Reached before gate check
[EQ][TEST_INSERT] Added new debug output
[EQ][DEBUG_TEST] ======== DEBUG ENTRY ========
[EQ][DEBUG] Checking HT-SIG parse condition: d_sym_idx=39, kHtSig1Rel=5, d_have_ht_header=0
[EQ][DEBUG] valid flags: lltf0=1, lltf1=1, lsig=1, htsig0=1, htsig1=1
[EQ][WHILE_LOOP] iter consumed=10, d_sym_idx=40
[EQ][GATE_DETAIL] d_sym_idx=39, kHtSig1Rel=5, d_have_ht_header=0
[EQ][GATE_DETAIL] valid flags: lltf0=1 lltf1=1 lsig=1 htsig0=1 htsig1=1
[EQ][FLOW] abs=455 wifi_start=0 in_frame=1 sym_idx=40 consumed=10 produced=0
[EQ][PRE_EXTRACT] d_sym_idx=40, in_frame=1
[EQ][POST_EQUALIZE] d_sym_idx=40
[EQ][STDERR_DIRECT] Entering direct mixed-mode header detection
[EQ][IDX_CHECK] d_sym_idx=40, condition=0
[EQ][DIRECT_PATH] Entering direct mixed-mode header detection
[EQ][STDERR_BEFORE_GATE] Reached before gate check
[EQ][BEFORE_GATE] Reached before gate check
[EQ][TEST_INSERT] Added new debug output
[EQ][DEBUG_TEST] ======== DEBUG ENTRY ========
[EQ][DEBUG] Checking HT-SIG parse condition: d_sym_idx=40, kHtSig1Rel=5, d_have_ht_header=0
[EQ][DEBUG] valid flags: lltf0=1, lltf1=1, lsig=1, htsig0=1, htsig1=1
[EQ][WHILE_LOOP] iter consumed=11, d_sym_idx=41
[EQ][GATE_DETAIL] d_sym_idx=40, kHtSig1Rel=5, d_have_ht_header=0
[EQ][GATE_DETAIL] valid flags: lltf0=1 lltf1=1 lsig=1 htsig0=1 htsig1=1
[EQ][FLOW] abs=456 wifi_start=0 in_frame=1 sym_idx=41 consumed=11 produced=0
[EQ][PRE_EXTRACT] d_sym_idx=41, in_frame=1
[EQ][POST_EQUALIZE] d_sym_idx=41
[EQ][STDERR_DIRECT] Entering direct mixed-mode header detection
[EQ][IDX_CHECK] d_sym_idx=41, condition=0
[EQ][DIRECT_PATH] Entering direct mixed-mode header detection
[EQ][STDERR_BEFORE_GATE] Reached before gate check
[EQ][BEFORE_GATE] Reached before gate check
[EQ][TEST_INSERT] Added new debug output
[EQ][DEBUG_TEST] ======== DEBUG ENTRY ========
[EQ][DEBUG] Checking HT-SIG parse condition: d_sym_idx=41, kHtSig1Rel=5, d_have_ht_header=0
[EQ][DEBUG] valid flags: lltf0=1, lltf1=1, lsig=1, htsig0=1, htsig1=1
[EQ][WHILE_LOOP] iter consumed=12, d_sym_idx=42
[EQ][PRE_EXTRACT] d_sym_idx=42, in_frame=1
[EQ][POST_EQUALIZE] d_sym_idx=42
[EQ][STDERR_DIRECT] Entering direct mixed-mode header detection
[EQ][GATE_DETAIL] d_sym_idx=41, kHtSig1Rel=5, d_have_ht_header=0
[EQ][GATE_DETAIL] valid flags: lltf0=1 lltf1=1 lsig=1 htsig0=1 htsig1=1
[EQ][IDX_CHECK] d_sym_idx=42, condition=0
[EQ][DIRECT_PATH] Entering direct mixed-mode header detection
[EQ][STDERR_BEFORE_GATE] Reached before gate check
[EQ][BEFORE_GATE] Reached before gate check
[EQ][TEST_INSERT] Added new debug output
[EQ][DEBUG_TEST] ======== DEBUG ENTRY ========
[EQ][DEBUG] Checking HT-SIG parse condition: d_sym_idx=42, kHtSig1Rel=5, d_have_ht_header=0
[EQ][DEBUG] valid flags: lltf0=1, lltf1=1, lsig=1, htsig0=1, htsig1=1
[EQ][GATE_DETAIL] d_sym_idx=42, kHtSig1Rel=5, d_have_ht_header=0
[EQ][GATE_DETAIL] valid flags: lltf0=1 lltf1=1 lsig=1 htsig0=1 htsig1=1
message_debug :info: The `print_pdu` port is deprecated and will be removed; forwarding to `print`.
***** VERBOSE PDU DEBUG PRINT ******
((encoding . 0) (crc_included . #t))
pdu length =         38 bytes
pdu vector contents = 
0000: 08 00 00 00 42 42 42 42 42 42 23 23 23 [MAPPER] handle_msg called23 
23 23 
0010: ff ff ff ff ff ff 20 01 78 [MAPPER] meta=78 78 78 78 78 78 78 
0020: 78 78 57 86 ce 14 
************************************
((encoding . 0) (crc_included . #t))
[MAPPER] meta fields: mcs=0 len=-1 psdu_len=-1
[MAPPER] using MCS=0
[MAPPER] HT mode enabled, effective MCS: 0
[TX][HTDATA0][PUNCTURED] bits52=0000001101000101110000010001011000010001001101101011
[TX][HTDATA0][INTERLEAVED] bits52=0101001001000111011100001001100100001011010000010001
[TX][HTDATA0] bits52=0101001001000111011100001001100100001011010000010001
[TX][PUNCTURED-ALL] nbits=676 first64=0000001101000101110000010001011000010001001101101011001100101011 last64=1101011110000001001010110011010101110000111010110111001101101110
[TX][INTERLEAVED-ALL] nbits=676 first64=0101001001000111011100001001100100001011010000010001001101111000 last64=0100001011000001010001101011011100001111000111100111110110110010
[TX][HTDATA0][PUNCTURED] keep existing first-frame reference /tmp/wifi_tx_punctured0_bits52.txt
[TX][HTDATA0][INTERLEAVED] keep existing first-frame reference /tmp/wifi_tx_interleaved0_bits52.txt
[TX][HTDATA0] keep existing first-frame reference /tmp/wifi_tx_data0_bits52.txt
[TX][PUNCTURED-ALL] keep existing first-frame reference /tmp/wifi_tx_punctured_all_bits.txt
[TX][INTERLEAVED-ALL] keep existing first-frame reference /tmp/wifi_tx_interleaved_all_bits.txt
[TX][PUNCTURED-ALL] updated /tmp/wifi_tx_punctured_all_bits.last.txt
[TX][INTERLEAVED-ALL] updated /tmp/wifi_tx_interleaved_all_bits.last.txt
[MAPPER] frame: ht_mode=1 psdu=38 n_sym=13 n_data_bits=338 n_encoded_bits=676 data_carriers=52 out_symbols=676
[HT-HEADER] general_work called ninput=676 noutput=32688
[TX][LSIG] raw24=110100110010000000000000
[TX][LSIG] enc48=110110001010100111001100100011011100000000000000
[TX][LSIG] intl48=110011011001000011010100011000000010011001100000
[TX][HTSIG] fields: mcs=0 len=38 bw40=0 agg=0 sgi=0 stbc=0 adv=0 nltf=0 crc=0x0d
[TX][HTSIG] raw48=000000000110010000000000000000000010110000000000
[TX][HTSIG] enc96=000000000000000000110110111100100011011100000000000000000000000000001110111001101110101100000000
[TX][HTSIG] intl96=000000111110010000000011100110000000000010011000000000011011110000000001100100000000001011101000
[TX][HTHDR][OUTBUF] lsig48=110011011001000011010100011000000010011001100000
[TX][HTHDR][OUTBUF] htsig1_48=000000111110010000000011100110000000000010011000
[TX][HTHDR][OUTBUF] htsig2_48=000000011011110000000001100100000000001011101000
[SYNC-SHORT] general_work called: noutput=16 ninput=2288 threshold=0.010 state=1
SHORT copied 16
[SYNC-LONG] general_work: ninput[0]=16 ninput[1]=320 noutput=16 state=1
LONG ninput[0] 16   ninput[1] 320  noutput 16   state 1
produced : 16 consumed: 16
[SYNC-SHORT] general_work called: noutput=1024 ninput=2272 threshold=0.010 state=1
sync_short :info: frame start at in: 40698 out: 41225
SHORT Frame!
SHORT copied 537
[SYNC-SHORT] general_work called: noutput=1024 ninput=1735 threshold=0.010 state=1
[SYNC-LONG] general_work: ninput[0]=537 ninput[1]=320 noutput=256 state=1
LONG ninput[0] 537   ninput[1] 320  noutput 256   state 1
produced : 256 consumed: 320
sync_short :info: frame start at in: 41179 out: 41706
SHORT Frame!
SHORT copied 481
[SYNC-LONG] general_work: ninput[0]=217 ninput[1]=537 noutput=128 state=1
LONG ninput[0] 217   ninput[1] 537  noutput 128   state 1
[SYNC-SHORT] general_work called: noutput=1024 ninput=1254 threshold=0.010 state=1
produced : 128 consumed: 160
[SYNC-LONG] general_work: ninput[0]=538 ninput[1]=377 noutput=256 state=1
LONG ninput[0] 538   ninput[1] 377  noutput 256   state 1
produced : 41 consumed: 57
[SYNC-LONG] general_work: ninput[0]=481 ninput[1]=801 noutput=256 state=1
sync_short :info: frame start at in: 41660 out: 42187
SHORT Frame!
SHORT copied 481
[SYNC-SHORT] general_work called: noutput=512 ninput=773 threshold=0.010 state=1
LONG ninput[0] 481   ninput[1] 801  noutput 256   state 1
[SYNC-LONG] Received wifi_start tag: freq_offset=-0.029 offset=40698 nread=40698
produced : 36 consumed: 0
[SYNC-LONG] general_work: ninput[0]=962 ninput[1]=1185 noutput=4096 state=0
LONG ninput[0] 962   ninput[1] 1185  noutput 4096   state 0
[SYNC-LONG] Received wifi_start tag: freq_offset=-0.029 offset=40698 nread=40698
sync_short :info: frame start at in: 42141 out: 42668
SHORT Frame!
SHORT copied 481
[EQ][ENTER] general_work called nin=7 nout=256
[EQ][WHILE_ENTER] consumed=0, n_in=7
[EQ][WHILE_LOOP] iter consumed=0, d_sym_idx=43
[SYNC-SHORT] general_work called: noutput=256 ninput=292 threshold=0.010 state=1
[EQ][FLOW] abs=458 wifi_start=0 in_frame=1 sym_idx=43 consumed=0 produced=0
[EQ][PRE_EXTRACT] d_sym_idx=43, in_frame=1
[EQ][POST_EQUALIZE] d_sym_idx=43
[EQ][STDERR_DIRECT] Entering direct mixed-mode header detection
[EQ][IDX_CHECK] d_sym_idx=43, condition=0
[EQ][DIRECT_PATH] Entering direct mixed-mode header detection
[EQ][STDERR_BEFORE_GATE] Reached before gate check
[EQ][BEFORE_GATE] Reached before gate check
[EQ][TEST_INSERT] Added new debug output
[EQ][DEBUG_TEST] ======== DEBUG ENTRY ========
[EQ][DEBUG] Checking HT-SIG parse condition: d_sym_idx=43, kHtSig1Rel=5, d_have_ht_header=0
[EQ][DEBUG] valid flags: lltf0=1, lltf1=1, lsig=1, htsig0=1, htsig1=1
SHORT copied [EQ][WHILE_LOOP] iter consumed=1, d_sym_idx=44
[EQ][GATE_DETAIL] d_sym_idx=43, kHtSig1Rel=5, d_have_ht_header=0
[EQ][GATE_DETAIL] valid flags: lltf0=1 lltf1=1 lsig=1 htsig0=1 htsig1=1
[EQ][FLOW] abs=459 wifi_start=0 in_frame=1 sym_idx=44 consumed=1 produced=0
[EQ][PRE_EXTRACT] d_sym_idx=44, in_frame=1
[EQ][IDX_CHECK] d_sym_idx=44, condition=0
256
[EQ][POST_EQUALIZE] d_sym_idx=44
[EQ][STDERR_DIRECT] Entering direct mixed-mode header detection
[EQ][DIRECT_PATH] Entering direct mixed-mode header detection
[SYNC-SHORT] general_work called: noutput=16 ninput=36 threshold=0.010 state=1
SHORT copied 16
[SYNC-SHORT] general_work called: noutput=4 ninput=20 threshold=0.010 state=1
SHORT copied 4
[EQ][STDERR_BEFORE_GATE] Reached before gate check
[EQ][BEFORE_GATE] Reached before gate check
[EQ][TEST_INSERT] Added new debug output
[EQ][DEBUG_TEST] ======== DEBUG ENTRY ========
[EQ][DEBUG] Checking HT-SIG parse condition: d_sym_idx=44, kHtSig1Rel=5, d_have_ht_header=0
[EQ][DEBUG] valid flags: lltf0=1, lltf1=1, lsig=1, htsig0=1, htsig1=1
[EQ][WHILE_LOOP] iter consumed=2, d_sym_idx=45
[EQ][GATE_DETAIL] d_sym_idx=44, kHtSig1Rel=5, d_have_ht_header=0
[EQ][GATE_DETAIL] valid flags: lltf0=1 lltf1=1 lsig=1 htsig0=1 htsig1=1
[EQ][FLOW] abs=460 wifi_start=0 in_frame=1 sym_idx=45 consumed=2 produced=0
[EQ][PRE_EXTRACT] d_sym_idx=45, in_frame=1
[EQ][POST_EQUALIZE] d_sym_idx=45
[EQ][STDERR_DIRECT] Entering direct mixed-mode header detection
[EQ][IDX_CHECK] d_sym_idx=45, condition=0
[EQ][DIRECT_PATH] Entering direct mixed-mode header detection
[EQ][STDERR_BEFORE_GATE] Reached before gate check
[EQ][BEFORE_GATE] Reached before gate check
[EQ][TEST_INSERT] Added new debug output
[EQ][DEBUG_TEST] ======== DEBUG ENTRY ========
[EQ][DEBUG] Checking HT-SIG parse condition: d_sym_idx=45, kHtSig1Rel=5, d_have_ht_header=0
[EQ][DEBUG] valid flags: lltf0=1, lltf1=1, lsig=1, htsig0=1, htsig1=1
[EQ][WHILE_LOOP] iter consumed=3, d_sym_idx=46
[EQ][GATE_DETAIL] d_sym_idx=45, kHtSig1Rel=5, d_have_ht_header=0
[EQ][GATE_DETAIL] valid flags: lltf0=1 lltf1=1 lsig=1 htsig0=1 htsig1=1
[EQ][FLOW] abs=461 wifi_start=0 in_frame=1 sym_idx=46 consumed=3 produced=0
[EQ][PRE_EXTRACT] d_sym_idx=46, in_frame=1
[EQ][POST_EQUALIZE] d_sym_idx=46
[EQ][STDERR_DIRECT] Entering direct mixed-mode header detection
[EQ][IDX_CHECK] d_sym_idx=46, condition=0
[EQ][DIRECT_PATH] Entering direct mixed-mode header detection
[EQ][STDERR_BEFORE_GATE] Reached before gate check
[EQ][BEFORE_GATE] Reached before gate check
[EQ][TEST_INSERT] Added new debug output
[EQ][DEBUG_TEST] ======== DEBUG ENTRY ========
[EQ][DEBUG] Checking HT-SIG parse condition: d_sym_idx=46, kHtSig1Rel=5, d_have_ht_header=0
[EQ][DEBUG] valid flags: lltf0=1, lltf1=1, lsig=1, htsig0=1, htsig1=1
[EQ][WHILE_LOOP] iter consumed=4, d_sym_idx=47
[EQ][GATE_DETAIL] d_sym_idx=46, kHtSig1Rel=5, d_have_ht_header=0
[EQ][GATE_DETAIL] valid flags: lltf0=1 lltf1=1 lsig=1 htsig0=1 htsig1=1
[EQ][FLOW] abs=462 wifi_start=0 in_frame=1 sym_idx=47 consumed=4 produced=0
[EQ][PRE_EXTRACT] d_sym_idx=47, in_frame=1
[EQ][POST_EQUALIZE] d_sym_idx=47
[EQ][STDERR_DIRECT] Entering direct mixed-mode header detection
[EQ][IDX_CHECK] d_sym_idx=47, condition=0
sync_long :info: LONG: frame start at 190
[EQ][DIRECT_PATH] Entering direct mixed-mode header detection
produced : 0 consumed: 320
[EQ][STDERR_BEFORE_GATE] Reached before gate check
[EQ][BEFORE_GATE] Reached before gate check
[EQ][TEST_INSERT] Added new debug output
[EQ][DEBUG_TEST] ======== DEBUG ENTRY ========
[EQ][DEBUG] Checking HT-SIG parse condition: d_sym_idx=47, kHtSig1Rel=5, d_have_ht_header=0
[EQ][DEBUG] valid flags: lltf0=1, lltf1=1, lsig=1, htsig0=1, htsig1=1
[EQ][WHILE_LOOP] iter consumed=5, d_sym_idx=48
[EQ][GATE_DETAIL] d_sym_idx=47, kHtSig1Rel=5, d_have_ht_header=0
[EQ][GATE_DETAIL] valid flags: lltf0=1 lltf1=1 lsig=1 htsig0=1 htsig1=1
[EQ][FLOW] abs=463 wifi_start=0 in_frame=1 sym_idx=48 consumed=5 produced=0
[EQ][PRE_EXTRACT] d_sym_idx=48, in_frame=1
[EQ][POST_EQUALIZE] d_sym_idx=48
[EQ][STDERR_DIRECT] Entering direct mixed-mode header detection
[EQ][IDX_CHECK] d_sym_idx=48, condition=0
[EQ][DIRECT_PATH] Entering direct mixed-mode header detection
[EQ][STDERR_BEFORE_GATE] Reached before gate check
[EQ][BEFORE_GATE] Reached before gate check
[EQ][TEST_INSERT] Added new debug output
[EQ][DEBUG_TEST] ======== DEBUG ENTRY ========
[EQ][DEBUG] Checking HT-SIG parse condition: d_sym_idx=48, kHtSig1Rel=5, d_have_ht_header=0
[EQ][DEBUG] valid flags: lltf0=1, lltf1=1, lsig=1, htsig0=1, htsig1=1
[SYNC-LONG] general_work: ninput[0]=1399 ninput[1]=1719 noutput=1024 state=1
[EQ][WHILE_LOOP] iter consumed=6, d_sym_idx=49
[EQ][GATE_DETAIL] d_sym_idx=48, kHtSig1Rel=5, d_have_ht_header=0
[EQ][GATE_DETAIL] valid flags: lltf0=1 lltf1=1 lsig=1 htsig0=1 htsig1=1
LONG ninput[0] 1399   ninput[1] 1719  noutput 1024   state 1
[EQ][FLOW] abs=464 wifi_start=0 in_frame=1 sym_idx=49 consumed=6 produced=0
[EQ][PRE_EXTRACT] d_sym_idx=49, in_frame=1
[EQ][POST_EQUALIZE] d_sym_idx=49
[EQ][STDERR_DIRECT] Entering direct mixed-mode header detection
[EQ][IDX_CHECK] d_sym_idx=49, condition=0
[EQ][DIRECT_PATH] Entering direct mixed-mode header detection
[EQ][STDERR_BEFORE_GATE] Reached before gate check
produced : [EQ][BEFORE_GATE] Reached before gate check
[EQ][TEST_INSERT] Added new debug output
[EQ][DEBUG_TEST] ======== DEBUG ENTRY ========
[EQ][DEBUG] Checking HT-SIG parse condition: d_sym_idx=49, kHtSig1Rel=5, d_have_ht_header=0
[EQ][DEBUG] valid flags: lltf0=1, lltf1=1, lsig=1, htsig0=1, htsig1=1
[EQ][ENTER] general_work called nin=1 nout=32
[EQ][GATE_DETAIL] d_sym_idx=49, kHtSig1Rel=5, d_have_ht_header=0
[EQ][GATE_DETAIL] valid flags: lltf0=1 lltf1=1 lsig=1 htsig0=1 htsig1=1
[EQ][WHILE_ENTER] consumed=0, n_in=1
[EQ][WHILE_LOOP] iter consumed=0, d_sym_idx=50
0 consumed: 161
[EQ][FLOW] abs=465 wifi_start=0 in_frame=1 sym_idx=50 consumed=0 produced=0
[SYNC-LONG] general_work: ninput[0]=1238 ninput[1]=1558 noutput=1024 state=1
LONG ninput[0] 1238   ninput[1] 1558  noutput 1024   state 1
[SYNC-LONG] Received wifi_start tag: freq_offset=0.009 offset=41179 nread=41179
LONG: ignore retrigger tag during COPY nread=41179 d_count=0 guard=3072 tag_offset=41179
[EQ][PRE_EXTRACT] d_sym_idx=50, in_frame=1
[EQ][POST_EQUALIZE] d_sym_idx=50
[EQ][STDERR_DIRECT] Entering direct mixed-mode header detection
[EQ][IDX_CHECK] d_sym_idx=50, condition=0
[EQ][DIRECT_PATH] Entering direct mixed-mode header detection
[EQ][STDERR_BEFORE_GATE] Reached before gate check
[EQ][BEFORE_GATE] Reached before gate check
[EQ][TEST_INSERT] Added new debug output
[EQ][DEBUG_TEST] ======== DEBUG ENTRY ========
[EQ][DEBUG] Checking HT-SIG parse condition: d_sym_idx=50, kHtSig1Rel=5, d_have_ht_header=0
[EQ][DEBUG] valid flags: lltf0=1, lltf1=1, lsig=1, htsig0=1, htsig1=1
[EQ][GATE_DETAIL] d_sym_idx=50, kHtSig1Rel=5, d_have_ht_header=0
[EQ][GATE_DETAIL] valid flags: lltf0=1 lltf1=1 lsig=1 htsig0=1 htsig1=1
produced : 985 consumed: 1238
[EQ][ENTER] general_work called nin=15 nout=512

----------------------------------------------------------------------
Tag Debug: 
Input Stream: 00
  Offset: 29824  Source: sync_long     Key: wifi_start   Value: -5.47059e-06
----------------------------------------------------------------------

----------------------------------------------------------------------
Tag Debug: eq_in_tagdbg
Input Stream: 00
  Offset: 466  Source: sync_long     Key: wifi_start   Value: -5.47059e-06
----------------------------------------------------------------------
[EQ][TAG] wifi_start at offset=466 freq_offset=-0.000005
[EQ][WHILE_ENTER] consumed=0, n_in=15
[EQ][WHILE_LOOP] iter consumed=0, d_sym_idx=51
[EQ][FLOW] abs=466 wifi_start=1 in_frame=1 sym_idx=51 consumed=0 produced=0
[EQ][FLOW] frame-takeover abs=466 allow=1
[EQ][PRE_EXTRACT] d_sym_idx=0, in_frame=1
[EXTRACT_CALL] sym_idx=0, type=OTHER
[EQ][IDX_CHECK] d_sym_idx=0, condition=1
[EQ][VALID_SET] d_sym_idx=0, valid=1
[EQ][SYM_IDX] sym_idx=0, type=UNKNOWN
[EQ][POST_EQUALIZE] d_sym_idx=0
[EQ][RAW_BITS] sym_idx=0 bits52=0000000000000000000000000000000000000000000000000000
[EQ][STDERR_DIRECT] Entering direct mixed-mode header detection
[EQ][DIRECT_PATH] Entering direct mixed-mode header detection
[EQ][STDERR_BEFORE_GATE] Reached before gate check
[EQ][BEFORE_GATE] Reached before gate check
[EQ][TEST_INSERT] Added new debug output
[EQ][DEBUG_TEST] ======== DEBUG ENTRY ========
[EQ][DEBUG] Checking HT-SIG parse condition: d_sym_idx=0, kHtSig1Rel=5, d_have_ht_header=0
[EQ][DEBUG] valid flags: lltf0=0, lltf1=0, lsig=0, htsig0=0, htsig1=0
[EQ][WHILE_LOOP] iter consumed=1, d_sym_idx=1
[EQ][GATE_DETAIL] d_sym_idx=0, kHtSig1Rel=5, d_have_ht_header=0
[EQ][GATE_DETAIL] valid flags: lltf0=0 lltf1=0 lsig=0 htsig0=0 htsig1=0
[EQ][FLOW] abs=467 wifi_start=0 in_frame=1 sym_idx=1 consumed=1 produced=0
[EQ][PRE_EXTRACT] d_sym_idx=1, in_frame=1
[EXTRACT_CALL] sym_idx=1, type=L-LTF0
[EQ][IDX_CHECK] d_sym_idx=1, condition=1
[EQ][VALID_SET] d_sym_idx=1, valid=1
[EQ][SYM_IDX] sym_idx=1, type=L-LTF0
[EQ][POST_EQUALIZE] d_sym_idx=1
[EQ][RAW_BITS] sym_idx=1 bits52=0000000000000000000000000000000000000000000000000000
[EQ][STDERR_DIRECT] Entering direct mixed-mode header detection
[EQ][DIRECT_PATH] Entering direct mixed-mode header detection
[EQ][STDERR_BEFORE_GATE] Reached before gate check
[EQ][BEFORE_GATE] Reached before gate check
[EQ][TEST_INSERT] Added new debug output
[EQ][DEBUG_TEST] ======== DEBUG ENTRY ========
[EQ][DEBUG] Checking HT-SIG parse condition: d_sym_idx=1, kHtSig1Rel=5, d_have_ht_header=0
[EQ][DEBUG] valid flags: lltf0=1, lltf1=0, lsig=0, htsig0=0, htsig1=0
[EQ][WHILE_LOOP] iter consumed=2, d_sym_idx=2
[EQ][GATE_DETAIL] d_sym_idx=1, kHtSig1Rel=5, d_have_ht_header=0
[EQ][GATE_DETAIL] valid flags: lltf0=1 lltf1=0 lsig=0 htsig0=0 htsig1=0
[EQ][FLOW] abs=468 wifi_start=0 in_frame=1 sym_idx=2 consumed=2 produced=0
[EQ][PRE_EXTRACT] d_sym_idx=2, in_frame=1
[EXTRACT_CALL] sym_idx=2, type=L-LTF1
[EQ][IDX_CHECK] d_sym_idx=2, condition=1
[EQ][VALID_SET] d_sym_idx=2, valid=1
[EQ][SYM_IDX] sym_idx=2, type=L-LTF1
[EQ][POST_EQUALIZE] d_sym_idx=2
[EQ][RAW_BITS] sym_idx=2 bits52=0011001101100100001101010001100000001001100110000011
[EQ][STDERR_DIRECT] Entering direct mixed-mode header detection
[EQ][DIRECT_PATH] Entering direct mixed-mode header detection
[EQ][STDERR_BEFORE_GATE] Reached before gate check
[EQ][BEFORE_GATE] Reached before gate check
[EQ][TEST_INSERT] Added new debug output
[EQ][DEBUG_TEST] ======== DEBUG ENTRY ========
[EQ][DEBUG] Checking HT-SIG parse condition: d_sym_idx=2, kHtSig1Rel=5, d_have_ht_header=0
[EQ][DEBUG] valid flags: lltf0=1, lltf1=1, lsig=0, htsig0=0, htsig1=0
[EQ][WHILE_LOOP] iter consumed=3, d_sym_idx=3
[EQ][GATE_DETAIL] d_sym_idx=2, kHtSig1Rel=5, d_have_ht_header=0
[EQ][GATE_DETAIL] valid flags: lltf0=1 lltf1=1 lsig=0 htsig0=0 htsig1=0
[EQ][FLOW] abs=469 wifi_start=0 in_frame=1 sym_idx=3 consumed=3 produced=0
[EQ][PRE_EXTRACT] d_sym_idx=3, in_frame=1
[EXTRACT_CALL] sym_idx=3, type=L-SIG
[EQ][IDX_CHECK] d_sym_idx=3, condition=1
[EQ][VALID_SET] d_sym_idx=3, valid=1
[EQ][SYM_IDX] sym_idx=3, type=L-SIG
[EQ][POST_EQUALIZE] d_sym_idx=3
[EQ][RAW_BITS] sym_idx=3 bits52=0000000011111001000000001110011000000000001001100011
[EQ][STDERR_DIRECT] Entering direct mixed-mode header detection
[EQ][DIRECT_PATH] Entering direct mixed-mode header detection
[EQ][STDERR_BEFORE_GATE] Reached before gate check
[EQ][BEFORE_GATE] Reached before gate check
[EQ][GATE] sym=3 want_htsig1=5 valid={lltf0=1 lltf1=1 lsig=1 htsig0=0 htsig1=0} have_ht=0
[EQ][TEST_INSERT] Added new debug output
[EQ][DEBUG_TEST] ======== DEBUG ENTRY ========
[EQ][DEBUG] Checking HT-SIG parse condition: d_sym_idx=3, kHtSig1Rel=5, d_have_ht_header=0
[EQ][DEBUG] valid flags: lltf0=1, lltf1=1, lsig=1, htsig0=0, htsig1=0
[EQ][WHILE_LOOP] iter consumed=4, d_sym_idx=4
[EQ][GATE_DETAIL] d_sym_idx=3, kHtSig1Rel=5, d_have_ht_header=0
[EQ][GATE_DETAIL] valid flags: lltf0=1 lltf1=1 lsig=1 htsig0=0 htsig1=0
[EQ][FLOW] abs=470 wifi_start=0 in_frame=1 sym_idx=4 consumed=4 produced=0
[EQ][PRE_EXTRACT] d_sym_idx=4, in_frame=1
[EXTRACT_CALL] sym_idx=4, type=HT-SIG0
[EQ][IDX_CHECK] d_sym_idx=4, condition=1
[EQ][VALID_SET] d_sym_idx=4, valid=1
[EQ][SYM_IDX] sym_idx=4, type=HT-SIG0
[EQ][POST_EQUALIZE] d_sym_idx=4
[EQ][RAW_BITS] sym_idx=4 bits52=0001111111010000001101111001101101111111011001011111
[EQ][STDERR_DIRECT] Entering direct mixed-mode header detection
[EQ][DIRECT_PATH] Entering direct mixed-mode header detection
[EQ][STDERR_BEFORE_GATE] Reached before gate check
[EQ][BEFORE_GATE] Reached before gate check
[EQ][GATE] sym=4 want_htsig1=5 valid={lltf0=1 lltf1=1 lsig=1 htsig0=1 htsig1=0} have_ht=0
[EQ][TEST_INSERT] Added new debug output
[EQ][DEBUG_TEST] ======== DEBUG ENTRY ========
[EQ][DEBUG] Checking HT-SIG parse condition: d_sym_idx=4, kHtSig1Rel=5, d_have_ht_header=0
[EQ][DEBUG] valid flags: lltf0=1, lltf1=1, lsig=1, htsig0=1, htsig1=0
[EQ][WHILE_LOOP] iter consumed=5, d_sym_idx=5
[EQ][GATE_DETAIL] d_sym_idx=4, kHtSig1Rel=5, d_have_ht_header=0
[EQ][GATE_DETAIL] valid flags: lltf0=1 lltf1=1 lsig=1 htsig0=1 htsig1=0
[EQ][FLOW] abs=471 wifi_start=0 in_frame=1 sym_idx=5 consumed=5 produced=0
[EQ][PRE_EXTRACT] d_sym_idx=5, in_frame=1
[EXTRACT_CALL] sym_idx=5, type=HT-SIG1
[EQ][IDX_CHECK] d_sym_idx=5, condition=1
[EQ][VALID_SET] d_sym_idx=5, valid=1
[EQ][SYM_IDX] sym_idx=5, type=HT-SIG1
[EQ][POST_EQUALIZE] d_sym_idx=5
[EQ][RAW_BITS] sym_idx=5 bits52=1101010010010000110111110010011001100010110110000100
[EQ][STDERR_DIRECT] Entering direct mixed-mode header detection
[EQ][DIRECT_PATH] Entering direct mixed-mode header detection
[EQ][STDERR_BEFORE_GATE] Reached before gate check
[EQ][BEFORE_GATE] Reached before gate check
[EQ][GATE] sym=5 want_htsig1=5 valid={lltf0=1 lltf1=1 lsig=1 htsig0=1 htsig1=1} have_ht=0
[EQ][TEST_INSERT] Added new debug output
[EQ][DEBUG_TEST] ======== DEBUG ENTRY ========
[EQ][DEBUG] Checking HT-SIG parse condition: d_sym_idx=5, kHtSig1Rel=5, d_have_ht_header=0
[EQ][DEBUG] valid flags: lltf0=1, lltf1=1, lsig=1, htsig0=1, htsig1=1
[EQ][GATE_DETAIL] d_sym_idx=5, kHtSig1Rel=5, d_have_ht_header=0
[EQ][GATE_DETAIL] valid flags: lltf0=1 lltf1=1 lsig=1 htsig0=1 htsig1=1
[EQ][DEBUG_BLOCK] ENTERING HT-SIG PARSE BLOCK
[RX][LLTF-DBG] L-LTF0 valid=1, L-LTF1 valid=1
[RX][LLTF-DBG] L-LTF0 avg_mag=8.8729, L-LTF1 avg_mag=8.8685
[RX][LLTF-DBG] L-LTF0[0:3]: 8.789∠0.003 8.818∠0.002 8.921∠-3.140 8.914∠-3.139 
[RX][LLTF-DBG] L-LTF1[0:3]: 8.827∠-0.002 8.850∠-0.001 8.895∠-3.137 8.891∠-3.137 
[CHAN_EST][DEBUG] L-LTF0 average magnitude: 8.8729
[CHAN_EST][DEBUG] L-LTF1 average magnitude: 8.8685
[CHAN_EST][LLTF_COMPARE] First 20 data subcarriers:
  i=0 sc=-26: expected=1, avg=8.808+0.006i (mag=8.808, phase=0.001), received0=8.789+0.026i received1=8.827+-0.014i
  i=1 sc=-25: expected=1, avg=8.834+0.001i (mag=8.834, phase=0.000), received0=8.818+0.014i received1=8.850+-0.011i
  i=2 sc=-24: expected=-1, avg=-8.908+-0.031i (mag=8.908, phase=-3.138), received0=-8.921+-0.019i received1=-8.895+-0.043i
  i=3 sc=-23: expected=-1, avg=-8.902+-0.031i (mag=8.902, phase=-3.138), received0=-8.914+-0.020i received1=-8.891+-0.041i
  i=4 sc=-22: expected=1, avg=8.854+0.001i (mag=8.854, phase=0.000), received0=8.844+0.006i received1=8.864+-0.004i
  i=5 sc=-20: expected=-1, avg=-0.019+-0.013i (mag=0.023, phase=-2.552), received0=-8.900+-0.024i received1=8.862+-0.002i
  i=6 sc=-19: expected=1, avg=-0.016+-0.016i (mag=0.023, phase=-2.362), received0=8.850+0.004i received1=-8.883+-0.036i
  i=7 sc=-18: expected=-1, avg=-0.014+-0.012i (mag=0.019, phase=-2.448), received0=-8.899+-0.025i received1=8.870+0.001i
  i=8 sc=-17: expected=1, avg=8.864+0.002i (mag=8.864, phase=0.000), received0=8.858+0.002i received1=8.869+0.002i
  i=9 sc=-16: expected=1, avg=-0.012+-0.016i (mag=0.020, phase=-2.227), received0=8.857+0.002i received1=-8.881+-0.034i
  i=10 sc=-15: expected=1, avg=-0.010+-0.016i (mag=0.019, phase=-2.142), received0=8.857+0.002i received1=-8.877+-0.034i
  i=11 sc=-14: expected=1, avg=8.865+0.002i (mag=8.865, phase=0.000), received0=8.859+0.002i received1=8.871+0.002i
  i=12 sc=-13: expected=1, avg=-0.009+-0.015i (mag=0.018, phase=-2.099), received0=8.862+0.002i received1=-8.880+-0.033i
  i=13 sc=-12: expected=1, avg=-0.008+-0.015i (mag=0.017, phase=-2.069), received0=8.861+0.002i received1=-8.878+-0.032i
  i=14 sc=-11: expected=-1, avg=-8.881+-0.029i (mag=8.881, phase=-3.138), received0=-8.888+-0.027i received1=-8.874+-0.031i
  i=15 sc=-10: expected=-1, avg=-8.878+-0.029i (mag=8.878, phase=-3.138), received0=-8.884+-0.028i received1=-8.872+-0.031i
  i=16 sc=-9: expected=1, avg=8.871+0.002i (mag=8.871, phase=0.000), received0=8.866+0.000i received1=8.876+0.004i
  i=17 sc=-8: expected=1, avg=8.873+0.002i (mag=8.873, phase=0.000), received0=8.868+0.000i received1=8.878+0.004i
  i=18 sc=-6: expected=1, avg=-0.002+-0.015i (mag=0.015, phase=-1.729), received0=8.867+0.000i received1=-8.872+-0.030i
  i=19 sc=-5: expected=-1, avg=-0.002+-0.011i (mag=0.011, phase=-1.714), received0=-8.879+-0.027i received1=8.876+0.006i
[CHAN_EST] Average channel magnitude: 4.4445
[CHAN_EST] Channel magnitude range: [0.0106, 8.9078]
[CHAN_EST] Channel phase range: [-2.362, 2.812] rad
[CHAN_EST] Zero magnitude subcarriers: 0/52
[CHAN_EST][SC0] H=8.808+0.006i, mag=8.808, phase=0.001
[CHAN_EST][SC1] H=8.834+0.001i, mag=8.834, phase=0.000
[CHAN_EST][SC2] H=8.908+0.031i, mag=8.908, phase=0.003
[CHAN_EST][SC3] H=8.902+0.031i, mag=8.902, phase=0.003
[CHAN_EST][SC4] H=8.854+0.001i, mag=8.854, phase=0.000
[CHAN_EST][SC5] H=0.019+0.013i, mag=0.023, phase=0.589
[CHAN_EST][SC6] H=-0.016+-0.016i, mag=0.023, phase=-2.362
[CHAN_EST][SC7] H=0.014+0.012i, mag=0.019, phase=0.694
[CHAN_EST][SC8] H=8.864+0.002i, mag=8.864, phase=0.000
[CHAN_EST][SC9] H=-0.012+-0.016i, mag=0.020, phase=-2.227
[EQ_HEADER] CPE estimate: -0.819 rad, rot=0.683+0.731i
[EQ_HEADER][WARNING] Weak channel at SC-20 (idx=5): H_mag=0.0228, skipping
[EQ_HEADER][WARNING] Weak channel at SC-19 (idx=6): H_mag=0.0230, skipping
[EQ_HEADER][WARNING] Weak channel at SC-18 (idx=7): H_mag=0.0187, skipping
[EQ_HEADER][WARNING] Weak channel at SC-16 (idx=9): H_mag=0.0202, skipping
[EQ_HEADER][WARNING] Weak channel at SC-15 (idx=10): H_mag=0.0190, skipping
[EQ_HEADER][WARNING] Weak channel at SC-13 (idx=12): H_mag=0.0177, skipping
[EQ_HEADER][WARNING] Weak channel at SC-12 (idx=13): H_mag=0.0172, skipping
[EQ_HEADER][WARNING] Weak channel at SC-6 (idx=18): H_mag=0.0152, skipping
[EQ_HEADER][WARNING] Weak channel at SC-5 (idx=19): H_mag=0.0110, skipping
[EQ_HEADER][WARNING] Weak channel at SC-4 (idx=20): H_mag=0.0145, skipping
[EQ_HEADER][WARNING] Weak channel at SC-2 (idx=22): H_mag=0.0147, skipping
[EQ_HEADER][WARNING] Weak channel at SC-1 (idx=23): H_mag=0.0148, skipping
[EQ_HEADER][WARNING] Weak channel at SC1 (idx=24): H_mag=0.0146, skipping
[EQ_HEADER][WARNING] Weak channel at SC2 (idx=25): H_mag=0.0106, skipping
[EQ_HEADER][WARNING] Weak channel at SC3 (idx=26): H_mag=0.0106, skipping
[EQ_HEADER][WARNING] Weak channel at SC4 (idx=27): H_mag=0.0147, skipping
[EQ_HEADER][WARNING] Weak channel at SC5 (idx=28): H_mag=0.0149, skipping
[EQ_HEADER][WARNING] Weak channel at SC9 (idx=31): H_mag=0.0149, skipping
[EQ_HEADER][WARNING] Weak channel at SC12 (idx=34): H_mag=0.0146, skipping
[EQ_HEADER][WARNING] Weak channel at SC20 (idx=42): H_mag=0.0225, skipping
[EQ_HEADER][WARNING] Weak channel at SC23 (idx=44): H_mag=0.0326, skipping
[EQ_HEADER][WARNING] Weak channel at SC24 (idx=45): H_mag=0.0367, skipping
[EQ_HEADER][WARNING] Weak channel at SC25 (idx=46): H_mag=0.0428, skipping
[EQ_HEADER][WARNING] Weak channel at SC26 (idx=47): H_mag=0.0509, skipping
[EQ_HEADER] Zero-magnitude H subcarriers: 0/48
[EQ_HEADER] Average RX magnitude: 8.8702
[EQ_HEADER] Average EQ magnitude: 0.5002
[EQ_HEADER] First 10 bits: 0000011111
[EQ_HEADER][SC0] rx=-8.867+-0.053i, eq=-0.684+-0.739i, bit=0
[EQ_HEADER][SC1] rx=-8.881+-0.045i, eq=-0.683+-0.738i, bit=0
[EQ_HEADER][SC2] rx=-8.878+-0.041i, eq=-0.680+-0.729i, bit=0
[EQ_HEADER][SC3] rx=-8.879+-0.040i, eq=-0.680+-0.729i, bit=0
[EQ_HEADER][SC4] rx=-8.879+-0.038i, eq=-0.682+-0.736i, bit=0
[EQ_HEADER] CPE estimate: 1.604 rad, rot=-0.033+-0.999i
[EQ_HEADER][WARNING] Weak channel at SC-20 (idx=5): H_mag=0.0228, skipping
[EQ_HEADER][WARNING] Weak channel at SC-19 (idx=6): H_mag=0.0230, skipping
[EQ_HEADER][WARNING] Weak channel at SC-18 (idx=7): H_mag=0.0187, skipping
[EQ_HEADER][WARNING] Weak channel at SC-16 (idx=9): H_mag=0.0202, skipping
[EQ_HEADER][WARNING] Weak channel at SC-15 (idx=10): H_mag=0.0190, skipping
[EQ_HEADER][WARNING] Weak channel at SC-13 (idx=12): H_mag=0.0177, skipping
[EQ_HEADER][WARNING] Weak channel at SC-12 (idx=13): H_mag=0.0172, skipping
[EQ_HEADER][WARNING] Weak channel at SC-6 (idx=18): H_mag=0.0152, skipping
[EQ_HEADER][WARNING] Weak channel at SC-5 (idx=19): H_mag=0.0110, skipping
[EQ_HEADER][WARNING] Weak channel at SC-4 (idx=20): H_mag=0.0145, skipping
[EQ_HEADER][WARNING] Weak channel at SC-2 (idx=22): H_mag=0.0147, skipping
[EQ_HEADER][WARNING] Weak channel at SC-1 (idx=23): H_mag=0.0148, skipping
[EQ_HEADER][WARNING] Weak channel at SC1 (idx=24): H_mag=0.0146, skipping
[EQ_HEADER][WARNING] Weak channel at SC2 (idx=25): H_mag=0.0106, skipping
[EQ_HEADER][WARNING] Weak channel at SC3 (idx=26): H_mag=0.0106, skipping
[EQ_HEADER][WARNING] Weak channel at SC4 (idx=27): H_mag=0.0147, skipping
[EQ_HEADER][WARNING] Weak channel at SC5 (idx=28): H_mag=0.0149, skipping
[EQ_HEADER][WARNING] Weak channel at SC9 (idx=31): H_mag=0.0149, skipping
[EQ_HEADER][WARNING] Weak channel at SC12 (idx=34): H_mag=0.0146, skipping
[EQ_HEADER][WARNING] Weak channel at SC20 (idx=42): H_mag=0.0225, skipping
[EQ_HEADER][WARNING] Weak channel at SC23 (idx=44): H_mag=0.0326, skipping
[EQ_HEADER][WARNING] Weak channel at SC24 (idx=45): H_mag=0.0367, skipping
[EQ_HEADER][WARNING] Weak channel at SC25 (idx=46): H_mag=0.0428, skipping
[EQ_HEADER][WARNING] Weak channel at SC26 (idx=47): H_mag=0.0509, skipping
[EQ_HEADER] Zero-magnitude H subcarriers: 0/48
[EQ_HEADER] Average RX magnitude: 7.3068
[EQ_HEADER] Average EQ magnitude: 0.3849
[EQ_HEADER] First 10 bits: 1111111111
[EQ_HEADER][SC0] rx=-0.077+2.396i, eq=0.272+-0.000i, bit=1
[EQ_HEADER][SC1] rx=2.530+2.242i, eq=0.244+-0.295i, bit=1
[EQ_HEADER][SC2] rx=4.680+2.120i, eq=0.219+-0.534i, bit=1
[EQ_HEADER][SC3] rx=7.360+1.972i, eq=0.191+-0.834i, bit=1
[EQ_HEADER][SC4] rx=14.240+1.597i, eq=0.127+-1.613i, bit=1
[EQ_HEADER] CPE estimate: -1.366 rad, rot=0.203+0.979i
[EQ_HEADER][WARNING] Weak channel at SC-20 (idx=5): H_mag=0.0228, skipping
[EQ_HEADER][WARNING] Weak channel at SC-19 (idx=6): H_mag=0.0230, skipping
[EQ_HEADER][WARNING] Weak channel at SC-18 (idx=7): H_mag=0.0187, skipping
[EQ_HEADER][WARNING] Weak channel at SC-16 (idx=9): H_mag=0.0202, skipping
[EQ_HEADER][WARNING] Weak channel at SC-15 (idx=10): H_mag=0.0190, skipping
[EQ_HEADER][WARNING] Weak channel at SC-13 (idx=12): H_mag=0.0177, skipping
[EQ_HEADER][WARNING] Weak channel at SC-12 (idx=13): H_mag=0.0172, skipping
[EQ_HEADER][WARNING] Weak channel at SC-6 (idx=18): H_mag=0.0152, skipping
[EQ_HEADER][WARNING] Weak channel at SC-5 (idx=19): H_mag=0.0110, skipping
[EQ_HEADER][WARNING] Weak channel at SC-4 (idx=20): H_mag=0.0145, skipping
[EQ_HEADER][WARNING] Weak channel at SC-2 (idx=22): H_mag=0.0147, skipping
[EQ_HEADER][WARNING] Weak channel at SC-1 (idx=23): H_mag=0.0148, skipping
[EQ_HEADER][WARNING] Weak channel at SC1 (idx=24): H_mag=0.0146, skipping
[EQ_HEADER][WARNING] Weak channel at SC2 (idx=25): H_mag=0.0106, skipping
[EQ_HEADER][WARNING] Weak channel at SC3 (idx=26): H_mag=0.0106, skipping
[EQ_HEADER][WARNING] Weak channel at SC4 (idx=27): H_mag=0.0147, skipping
[EQ_HEADER][WARNING] Weak channel at SC5 (idx=28): H_mag=0.0149, skipping
[EQ_HEADER][WARNING] Weak channel at SC9 (idx=31): H_mag=0.0149, skipping
[EQ_HEADER][WARNING] Weak channel at SC12 (idx=34): H_mag=0.0146, skipping
[EQ_HEADER][WARNING] Weak channel at SC20 (idx=42): H_mag=0.0225, skipping
[EQ_HEADER][WARNING] Weak channel at SC23 (idx=44): H_mag=0.0326, skipping
[EQ_HEADER][WARNING] Weak channel at SC24 (idx=45): H_mag=0.0367, skipping
[EQ_HEADER][WARNING] Weak channel at SC25 (idx=46): H_mag=0.0428, skipping
[EQ_HEADER][WARNING] Weak channel at SC26 (idx=47): H_mag=0.0509, skipping
[EQ_HEADER] Zero-magnitude H subcarriers: 0/48
[EQ_HEADER] Average RX magnitude: 7.6849
[EQ_HEADER] Average EQ magnitude: 0.4130
[EQ_HEADER] First 10 bits: 0101011101
[EQ_HEADER][SC0] rx=-10.376+-1.388i, eq=-0.086+-1.185i, bit=0
[EQ_HEADER][SC1] rx=8.075+-0.792i, eq=0.274+0.877i, bit=1
[EQ_HEADER][SC2] rx=-9.307+-1.351i, eq=-0.068+-1.054i, bit=0
[EQ_HEADER][SC3] rx=8.708+-0.769i, eq=0.287+0.939i, bit=1
[EQ_HEADER][SC4] rx=-8.760+-1.334i, eq=-0.054+-0.999i, bit=0
[RX][CHAN-EST] Hhdr52: avg_mag=4.4445 avg_phase=0.0011 rad phase_var=4.9251
[RX][CHAN-EST] Hhdr52[0:5]: 8.808∠0.001 8.834∠0.000 8.908∠0.003 8.902∠0.003 8.854∠0.000 0.023∠0.589 
[RX][HDRDBG] rel=3 raw48=000000111110010000000011100110000000000010011000
[RX][HDRDBG] rel=3 eq48 =000001111110110000111011111110010010000010111111
[RX][HDRDBG] rel=3 deintl48=000000011010010100110110111110111011111101001011
[RX][HDRDBG] rel=3 bit-errors: raw->eq=13 eq->deintl=20
[RX][HDRDBG] rel=4 raw48=011111110100000011011110011011011111110110010111
[RX][HDRDBG] rel=4 eq48 =111111111111111111111111111111111111111111111111
[RX][HDRDBG] rel=4 deintl48=111111111111111111111111111111111111111111111111
[RX][HDRDBG] rel=4 bit-errors: raw->eq=17 eq->deintl=0
[RX][HDRDBG] rel=5 raw48=010100100100001101111100100110011000101101100001
[RX][HDRDBG] rel=5 eq48 =010101110110111101111111111110111110101111111111
[RX][HDRDBG] rel=5 deintl48=001111011110011110111111011111111011111101111111
[RX][HDRDBG] rel=5 bit-errors: raw->eq=17 eq->deintl=14
[EQ_HEADER] CPE estimate: -0.819 rad, rot=0.683+0.731i
[EQ_HEADER][WARNING] Weak channel at SC-20 (idx=5): H_mag=0.0228, skipping
[EQ_HEADER][WARNING] Weak channel at SC-19 (idx=6): H_mag=0.0230, skipping
[EQ_HEADER][WARNING] Weak channel at SC-18 (idx=7): H_mag=0.0187, skipping
[EQ_HEADER][WARNING] Weak channel at SC-16 (idx=9): H_mag=0.0202, skipping
[EQ_HEADER][WARNING] Weak channel at SC-15 (idx=10): H_mag=0.0190, skipping
[EQ_HEADER][WARNING] Weak channel at SC-13 (idx=12): H_mag=0.0177, skipping
[EQ_HEADER][WARNING] Weak channel at SC-12 (idx=13): H_mag=0.0172, skipping
[EQ_HEADER][WARNING] Weak channel at SC-6 (idx=18): H_mag=0.0152, skipping
[EQ_HEADER][WARNING] Weak channel at SC-5 (idx=19): H_mag=0.0110, skipping
[EQ_HEADER][WARNING] Weak channel at SC-4 (idx=20): H_mag=0.0145, skipping
[EQ_HEADER][WARNING] Weak channel at SC-2 (idx=22): H_mag=0.0147, skipping
[EQ_HEADER][WARNING] Weak channel at SC-1 (idx=23): H_mag=0.0148, skipping
[EQ_HEADER][WARNING] Weak channel at SC1 (idx=24): H_mag=0.0146, skipping
[EQ_HEADER][WARNING] Weak channel at SC2 (idx=25): H_mag=0.0106, skipping
[EQ_HEADER][WARNING] Weak channel at SC3 (idx=26): H_mag=0.0106, skipping
[EQ_HEADER][WARNING] Weak channel at SC4 (idx=27): H_mag=0.0147, skipping
[EQ_HEADER][WARNING] Weak channel at SC5 (idx=28): H_mag=0.0149, skipping
[EQ_HEADER][WARNING] Weak channel at SC9 (idx=31): H_mag=0.0149, skipping
[EQ_HEADER][WARNING] Weak channel at SC12 (idx=34): H_mag=0.0146, skipping
[EQ_HEADER][WARNING] Weak channel at SC20 (idx=42): H_mag=0.0225, skipping
[EQ_HEADER][WARNING] Weak channel at SC23 (idx=44): H_mag=0.0326, skipping
[EQ_HEADER][WARNING] Weak channel at SC24 (idx=45): H_mag=0.0367, skipping
[EQ_HEADER][WARNING] Weak channel at SC25 (idx=46): H_mag=0.0428, skipping
[EQ_HEADER][WARNING] Weak channel at SC26 (idx=47): H_mag=0.0509, skipping
[EQ_HEADER] Zero-magnitude H subcarriers: 0/48
[EQ_HEADER] Average RX magnitude: 8.8702
[EQ_HEADER] Average EQ magnitude: 0.5002
[EQ_HEADER] First 10 bits: 0000011111
[EQ_HEADER][SC0] rx=-8.867+-0.053i, eq=-0.684+-0.739i, bit=0
[EQ_HEADER][SC1] rx=-8.881+-0.045i, eq=-0.683+-0.738i, bit=0
[EQ_HEADER][SC2] rx=-8.878+-0.041i, eq=-0.680+-0.729i, bit=0
[EQ_HEADER][SC3] rx=-8.879+-0.040i, eq=-0.680+-0.729i, bit=0
[EQ_HEADER][SC4] rx=-8.879+-0.038i, eq=-0.682+-0.736i, bit=0
[EQ_HEADER] CPE estimate: -0.819 rad, rot=0.683+0.731i
[EQ_HEADER][WARNING] Weak channel at SC-20 (idx=5): H_mag=0.0228, skipping
[EQ_HEADER][WARNING] Weak channel at SC-19 (idx=6): H_mag=0.0230, skipping
[EQ_HEADER][WARNING] Weak channel at SC-18 (idx=7): H_mag=0.0187, skipping
[EQ_HEADER][WARNING] Weak channel at SC-16 (idx=9): H_mag=0.0202, skipping
[EQ_HEADER][WARNING] Weak channel at SC-15 (idx=10): H_mag=0.0190, skipping
[EQ_HEADER][WARNING] Weak channel at SC-13 (idx=12): H_mag=0.0177, skipping
[EQ_HEADER][WARNING] Weak channel at SC-12 (idx=13): H_mag=0.0172, skipping
[EQ_HEADER][WARNING] Weak channel at SC-6 (idx=18): H_mag=0.0152, skipping
[EQ_HEADER][WARNING] Weak channel at SC-5 (idx=19): H_mag=0.0110, skipping
[EQ_HEADER][WARNING] Weak channel at SC-4 (idx=20): H_mag=0.0145, skipping
[EQ_HEADER][WARNING] Weak channel at SC-2 (idx=22): H_mag=0.0147, skipping
[EQ_HEADER][WARNING] Weak channel at SC-1 (idx=23): H_mag=0.0148, skipping
[EQ_HEADER][WARNING] Weak channel at SC1 (idx=24): H_mag=0.0146, skipping
[EQ_HEADER][WARNING] Weak channel at SC2 (idx=25): H_mag=0.0106, skipping
[EQ_HEADER][WARNING] Weak channel at SC3 (idx=26): H_mag=0.0106, skipping
[EQ_HEADER][WARNING] Weak channel at SC4 (idx=27): H_mag=0.0147, skipping
[EQ_HEADER][WARNING] Weak channel at SC5 (idx=28): H_mag=0.0149, skipping
[EQ_HEADER][WARNING] Weak channel at SC9 (idx=31): H_mag=0.0149, skipping
[EQ_HEADER][WARNING] Weak channel at SC12 (idx=34): H_mag=0.0146, skipping
[EQ_HEADER][WARNING] Weak channel at SC20 (idx=42): H_mag=0.0225, skipping
[EQ_HEADER][WARNING] Weak channel at SC23 (idx=44): H_mag=0.0326, skipping
[EQ_HEADER][WARNING] Weak channel at SC24 (idx=45): H_mag=0.0367, skipping
[EQ_HEADER][WARNING] Weak channel at SC25 (idx=46): H_mag=0.0428, skipping
[EQ_HEADER][WARNING] Weak channel at SC26 (idx=47): H_mag=0.0509, skipping
[EQ_HEADER] Zero-magnitude H subcarriers: 0/48
[EQ_HEADER] Average RX magnitude: 8.8702
[EQ_HEADER] Average EQ magnitude: 0.5002
[EQ_HEADER] First 10 bits: 0000011111
[EQ_HEADER][SC0] rx=-8.867+-0.053i, eq=-0.684+-0.739i, bit=0
[EQ_HEADER][SC1] rx=-8.881+-0.045i, eq=-0.683+-0.738i, bit=0
[EQ_HEADER][SC2] rx=-8.878+-0.041i, eq=-0.680+-0.729i, bit=0
[EQ_HEADER][SC3] rx=-8.879+-0.040i, eq=-0.680+-0.729i, bit=0
[EQ_HEADER][SC4] rx=-8.879+-0.038i, eq=-0.682+-0.736i, bit=0
[EQ_HEADER] CPE estimate: 1.604 rad, rot=-0.033+-0.999i
[EQ_HEADER][WARNING] Weak channel at SC-20 (idx=5): H_mag=0.0228, skipping
[EQ_HEADER][WARNING] Weak channel at SC-19 (idx=6): H_mag=0.0230, skipping
[EQ_HEADER][WARNING] Weak channel at SC-18 (idx=7): H_mag=0.0187, skipping
[EQ_HEADER][WARNING] Weak channel at SC-16 (idx=9): H_mag=0.0202, skipping
[EQ_HEADER][WARNING] Weak channel at SC-15 (idx=10): H_mag=0.0190, skipping
[EQ_HEADER][WARNING] Weak channel at SC-13 (idx=12): H_mag=0.0177, skipping
[EQ_HEADER][WARNING] Weak channel at SC-12 (idx=13): H_mag=0.0172, skipping
[EQ_HEADER][WARNING] Weak channel at SC-6 (idx=18): H_mag=0.0152, skipping
[EQ_HEADER][WARNING] Weak channel at SC-5 (idx=19): H_mag=0.0110, skipping
[EQ_HEADER][WARNING] Weak channel at SC-4 (idx=20): H_mag=0.0145, skipping
[EQ_HEADER][WARNING] Weak channel at SC-2 (idx=22): H_mag=0.0147, skipping
[EQ_HEADER][WARNING] Weak channel at SC-1 (idx=23): H_mag=0.0148, skipping
[EQ_HEADER][WARNING] Weak channel at SC1 (idx=24): H_mag=0.0146, skipping
[EQ_HEADER][WARNING] Weak channel at SC2 (idx=25): H_mag=0.0106, skipping
[EQ_HEADER][WARNING] Weak channel at SC3 (idx=26): H_mag=0.0106, skipping
[EQ_HEADER][WARNING] Weak channel at SC4 (idx=27): H_mag=0.0147, skipping
[EQ_HEADER][WARNING] Weak channel at SC5 (idx=28): H_mag=0.0149, skipping
[EQ_HEADER][WARNING] Weak channel at SC9 (idx=31): H_mag=0.0149, skipping
[EQ_HEADER][WARNING] Weak channel at SC12 (idx=34): H_mag=0.0146, skipping
[EQ_HEADER][WARNING] Weak channel at SC20 (idx=42): H_mag=0.0225, skipping
[EQ_HEADER][WARNING] Weak channel at SC23 (idx=44): H_mag=0.0326, skipping
[EQ_HEADER][WARNING] Weak channel at SC24 (idx=45): H_mag=0.0367, skipping
[EQ_HEADER][WARNING] Weak channel at SC25 (idx=46): H_mag=0.0428, skipping
[EQ_HEADER][WARNING] Weak channel at SC26 (idx=47): H_mag=0.0509, skipping
[EQ_HEADER] Zero-magnitude H subcarriers: 0/48
[EQ_HEADER] Average RX magnitude: 7.3068
[EQ_HEADER] Average EQ magnitude: 0.3849
[EQ_HEADER] First 10 bits: 1111111111
[EQ_HEADER][SC0] rx=-0.077+2.396i, eq=0.272+-0.000i, bit=1
[EQ_HEADER][SC1] rx=2.530+2.242i, eq=0.244+-0.295i, bit=1
[EQ_HEADER][SC2] rx=4.680+2.120i, eq=0.219+-0.534i, bit=1
[EQ_HEADER][SC3] rx=7.360+1.972i, eq=0.191+-0.834i, bit=1
[EQ_HEADER][SC4] rx=14.240+1.597i, eq=0.127+-1.613i, bit=1
[EQ_HEADER] CPE estimate: -1.366 rad, rot=0.203+0.979i
[EQ_HEADER][WARNING] Weak channel at SC-20 (idx=5): H_mag=0.0228, skipping
[EQ_HEADER][WARNING] Weak channel at SC-19 (idx=6): H_mag=0.0230, skipping
[EQ_HEADER][WARNING] Weak channel at SC-18 (idx=7): H_mag=0.0187, skipping
[EQ_HEADER][WARNING] Weak channel at SC-16 (idx=9): H_mag=0.0202, skipping
[EQ_HEADER][WARNING] Weak channel at SC-15 (idx=10): H_mag=0.0190, skipping
[EQ_HEADER][WARNING] Weak channel at SC-13 (idx=12): H_mag=0.0177, skipping
[EQ_HEADER][WARNING] Weak channel at SC-12 (idx=13): H_mag=0.0172, skipping
[EQ_HEADER][WARNING] Weak channel at SC-6 (idx=18): H_mag=0.0152, skipping
[EQ_HEADER][WARNING] Weak channel at SC-5 (idx=19): H_mag=0.0110, skipping
[EQ_HEADER][WARNING] Weak channel at SC-4 (idx=20): H_mag=0.0145, skipping
[EQ_HEADER][WARNING] Weak channel at SC-2 (idx=22): H_mag=0.0147, skipping
[EQ_HEADER][WARNING] Weak channel at SC-1 (idx=23): H_mag=0.0148, skipping
[EQ_HEADER][WARNING] Weak channel at SC1 (idx=24): H_mag=0.0146, skipping
[EQ_HEADER][WARNING] Weak channel at SC2 (idx=25): H_mag=0.0106, skipping
[EQ_HEADER][WARNING] Weak channel at SC3 (idx=26): H_mag=0.0106, skipping
[EQ_HEADER][WARNING] Weak channel at SC4 (idx=27): H_mag=0.0147, skipping
[EQ_HEADER][WARNING] Weak channel at SC5 (idx=28): H_mag=0.0149, skipping
[EQ_HEADER][WARNING] Weak channel at SC9 (idx=31): H_mag=0.0149, skipping
[EQ_HEADER][WARNING] Weak channel at SC12 (idx=34): H_mag=0.0146, skipping
[EQ_HEADER][WARNING] Weak channel at SC20 (idx=42): H_mag=0.0225, skipping
[EQ_HEADER][WARNING] Weak channel at SC23 (idx=44): H_mag=0.0326, skipping
[EQ_HEADER][WARNING] Weak channel at SC24 (idx=45): H_mag=0.0367, skipping
[EQ_HEADER][WARNING] Weak channel at SC25 (idx=46): H_mag=0.0428, skipping
[EQ_HEADER][WARNING] Weak channel at SC26 (idx=47): H_mag=0.0509, skipping
[EQ_HEADER] Zero-magnitude H subcarriers: 0/48
[EQ_HEADER] Average RX magnitude: 7.6849
[EQ_HEADER] Average EQ magnitude: 0.4130
[EQ_HEADER] First 10 bits: 0101011101
[EQ_HEADER][SC0] rx=-10.376+-1.388i, eq=-0.086+-1.185i, bit=0
[EQ_HEADER][SC1] rx=8.075+-0.792i, eq=0.274+0.877i, bit=1
[EQ_HEADER][SC2] rx=-9.307+-1.351i, eq=-0.068+-1.054i, bit=0
[EQ_HEADER][SC3] rx=8.708+-0.769i, eq=0.287+0.939i, bit=1
[EQ_HEADER][SC4] rx=-8.760+-1.334i, eq=-0.054+-0.999i, bit=0
[PARSE_HT_SIG] CRC: received=0x8a, calculated=0xff
[PARSE_HT_SIG] CRC mismatch
[EQ_HEADER] CPE estimate: 1.604 rad, rot=-0.033+-0.999i
[EQ_HEADER][WARNING] Weak channel at SC-20 (idx=5): H_mag=0.0228, skipping
[EQ_HEADER][WARNING] Weak channel at SC-19 (idx=6): H_mag=0.0230, skipping
[EQ_HEADER][WARNING] Weak channel at SC-18 (idx=7): H_mag=0.0187, skipping
[EQ_HEADER][WARNING] Weak channel at SC-16 (idx=9): H_mag=0.0202, skipping
[EQ_HEADER][WARNING] Weak channel at SC-15 (idx=10): H_mag=0.0190, skipping
[EQ_HEADER][WARNING] Weak channel at SC-13 (idx=12): H_mag=0.0177, skipping
[EQ_HEADER][WARNING] Weak channel at SC-12 (idx=13): H_mag=0.0172, skipping
[EQ_HEADER][WARNING] Weak channel at SC-6 (idx=18): H_mag=0.0152, skipping
[EQ_HEADER][WARNING] Weak channel at SC-5 (idx=19): H_mag=0.0110, skipping
[EQ_HEADER][WARNING] Weak channel at SC-4 (idx=20): H_mag=0.0145, skipping
[EQ_HEADER][WARNING] Weak channel at SC-2 (idx=22): H_mag=0.0147, skipping
[EQ_HEADER][WARNING] Weak channel at SC-1 (idx=23): H_mag=0.0148, skipping
[EQ_HEADER][WARNING] Weak channel at SC1 (idx=24): H_mag=0.0146, skipping
[EQ_HEADER][WARNING] Weak channel at SC2 (idx=25): H_mag=0.0106, skipping
[EQ_HEADER][WARNING] Weak channel at SC3 (idx=26): H_mag=0.0106, skipping
[EQ_HEADER][WARNING] Weak channel at SC4 (idx=27): H_mag=0.0147, skipping
[EQ_HEADER][WARNING] Weak channel at SC5 (idx=28): H_mag=0.0149, skipping
[EQ_HEADER][WARNING] Weak channel at SC9 (idx=31): H_mag=0.0149, skipping
[EQ_HEADER][WARNING] Weak channel at SC12 (idx=34): H_mag=0.0146, skipping
[EQ_HEADER][WARNING] Weak channel at SC20 (idx=42): H_mag=0.0225, skipping
[EQ_HEADER][WARNING] Weak channel at SC23 (idx=44): H_mag=0.0326, skipping
[EQ_HEADER][WARNING] Weak channel at SC24 (idx=45): H_mag=0.0367, skipping
[EQ_HEADER][WARNING] Weak channel at SC25 (idx=46): H_mag=0.0428, skipping
[EQ_HEADER][WARNING] Weak channel at SC26 (idx=47): H_mag=0.0509, skipping
[EQ_HEADER] Zero-magnitude H subcarriers: 0/48
[EQ_HEADER] Average RX magnitude: 7.3068
[EQ_HEADER] Average EQ magnitude: 0.3849
[EQ_HEADER] First 10 bits: 1111111111
[EQ_HEADER][SC0] rx=-0.077+2.396i, eq=0.272+-0.000i, bit=1
[EQ_HEADER][SC1] rx=2.530+2.242i, eq=0.244+-0.295i, bit=1
[EQ_HEADER][SC2] rx=4.680+2.120i, eq=0.219+-0.534i, bit=1
[EQ_HEADER][SC3] rx=7.360+1.972i, eq=0.191+-0.834i, bit=1
[EQ_HEADER][SC4] rx=14.240+1.597i, eq=0.127+-1.613i, bit=1
[EQ_HEADER] CPE estimate: -1.366 rad, rot=0.203+0.979i
[EQ_HEADER][WARNING] Weak channel at SC-20 (idx=5): H_mag=0.0228, skipping
[EQ_HEADER][WARNING] Weak channel at SC-19 (idx=6): H_mag=0.0230, skipping
[EQ_HEADER][WARNING] Weak channel at SC-18 (idx=7): H_mag=0.0187, skipping
[EQ_HEADER][WARNING] Weak channel at SC-16 (idx=9): H_mag=0.0202, skipping
[EQ_HEADER][WARNING] Weak channel at SC-15 (idx=10): H_mag=0.0190, skipping
[EQ_HEADER][WARNING] Weak channel at SC-13 (idx=12): H_mag=0.0177, skipping
[EQ_HEADER][WARNING] Weak channel at SC-12 (idx=13): H_mag=0.0172, skipping
[EQ_HEADER][WARNING] Weak channel at SC-6 (idx=18): H_mag=0.0152, skipping
[EQ_HEADER][WARNING] Weak channel at SC-5 (idx=19): H_mag=0.0110, skipping
[EQ_HEADER][WARNING] Weak channel at SC-4 (idx=20): H_mag=0.0145, skipping
[EQ_HEADER][WARNING] Weak channel at SC-2 (idx=22): H_mag=0.0147, skipping
[EQ_HEADER][WARNING] Weak channel at SC-1 (idx=23): H_mag=0.0148, skipping
[EQ_HEADER][WARNING] Weak channel at SC1 (idx=24): H_mag=0.0146, skipping
[EQ_HEADER][WARNING] Weak channel at SC2 (idx=25): H_mag=0.0106, skipping
[EQ_HEADER][WARNING] Weak channel at SC3 (idx=26): H_mag=0.0106, skipping
[EQ_HEADER][WARNING] Weak channel at SC4 (idx=27): H_mag=0.0147, skipping
[EQ_HEADER][WARNING] Weak channel at SC5 (idx=28): H_mag=0.0149, skipping
[EQ_HEADER][WARNING] Weak channel at SC9 (idx=31): H_mag=0.0149, skipping
[EQ_HEADER][WARNING] Weak channel at SC12 (idx=34): H_mag=0.0146, skipping
[EQ_HEADER][WARNING] Weak channel at SC20 (idx=42): H_mag=0.0225, skipping
[EQ_HEADER][WARNING] Weak channel at SC23 (idx=44): H_mag=0.0326, skipping
[EQ_HEADER][WARNING] Weak channel at SC24 (idx=45): H_mag=0.0367, skipping
[EQ_HEADER][WARNING] Weak channel at SC25 (idx=46): H_mag=0.0428, skipping
[EQ_HEADER][WARNING] Weak channel at SC26 (idx=47): H_mag=0.0509, skipping
[EQ_HEADER] Zero-magnitude H subcarriers: 0/48
[EQ_HEADER] Average RX magnitude: 7.6849
[EQ_HEADER] Average EQ magnitude: 0.4130
[EQ_HEADER] First 10 bits: 0101011101
[EQ_HEADER][SC0] rx=-10.376+-1.388i, eq=-0.086+-1.185i, bit=0
[EQ_HEADER][SC1] rx=8.075+-0.792i, eq=0.274+0.877i, bit=1
[EQ_HEADER][SC2] rx=-9.307+-1.351i, eq=-0.068+-1.054i, bit=0
[EQ_HEADER][SC3] rx=8.708+-0.769i, eq=0.287+0.939i, bit=1
[EQ_HEADER][SC4] rx=-8.760+-1.334i, eq=-0.054+-0.999i, bit=0
[PARSE_HT_SIG] CRC: received=0x00, calculated=0xf5
[PARSE_HT_SIG] CRC mismatch
[EQ_HEADER] CPE estimate: 1.604 rad, rot=-0.033+-0.999i
[EQ_HEADER][WARNING] Weak channel at SC-20 (idx=5): H_mag=0.0228, skipping
[EQ_HEADER][WARNING] Weak channel at SC-19 (idx=6): H_mag=0.0230, skipping
[EQ_HEADER][WARNING] Weak channel at SC-18 (idx=7): H_mag=0.0187, skipping
[EQ_HEADER][WARNING] Weak channel at SC-16 (idx=9): H_mag=0.0202, skipping
[EQ_HEADER][WARNING] Weak channel at SC-15 (idx=10): H_mag=0.0190, skipping
[EQ_HEADER][WARNING] Weak channel at SC-13 (idx=12): H_mag=0.0177, skipping
[EQ_HEADER][WARNING] Weak channel at SC-12 (idx=13): H_mag=0.0172, skipping
[EQ_HEADER][WARNING] Weak channel at SC-6 (idx=18): H_mag=0.0152, skipping
[EQ_HEADER][WARNING] Weak channel at SC-5 (idx=19): H_mag=0.0110, skipping
[EQ_HEADER][WARNING] Weak channel at SC-4 (idx=20): H_mag=0.0145, skipping
[EQ_HEADER][WARNING] Weak channel at SC-2 (idx=22): H_mag=0.0147, skipping
[EQ_HEADER][WARNING] Weak channel at SC-1 (idx=23): H_mag=0.0148, skipping
[EQ_HEADER][WARNING] Weak channel at SC1 (idx=24): H_mag=0.0146, skipping
[EQ_HEADER][WARNING] Weak channel at SC2 (idx=25): H_mag=0.0106, skipping
[EQ_HEADER][WARNING] Weak channel at SC3 (idx=26): H_mag=0.0106, skipping
[EQ_HEADER][WARNING] Weak channel at SC4 (idx=27): H_mag=0.0147, skipping
[EQ_HEADER][WARNING] Weak channel at SC5 (idx=28): H_mag=0.0149, skipping
[EQ_HEADER][WARNING] Weak channel at SC9 (idx=31): H_mag=0.0149, skipping
[EQ_HEADER][WARNING] Weak channel at SC12 (idx=34): H_mag=0.0146, skipping
[EQ_HEADER][WARNING] Weak channel at SC20 (idx=42): H_mag=0.0225, skipping
[EQ_HEADER][WARNING] Weak channel at SC23 (idx=44): H_mag=0.0326, skipping
[EQ_HEADER][WARNING] Weak channel at SC24 (idx=45): H_mag=0.0367, skipping
[EQ_HEADER][WARNING] Weak channel at SC25 (idx=46): H_mag=0.0428, skipping
[EQ_HEADER][WARNING] Weak channel at SC26 (idx=47): H_mag=0.0509, skipping
[EQ_HEADER] Zero-magnitude H subcarriers: 0/48
[EQ_HEADER] Average RX magnitude: 7.3068
[EQ_HEADER] Average EQ magnitude: 0.3849
[EQ_HEADER] First 10 bits: 1111111111
[EQ_HEADER][SC0] rx=-0.077+2.396i, eq=0.272+-0.000i, bit=1
[EQ_HEADER][SC1] rx=2.530+2.242i, eq=0.244+-0.295i, bit=1
[EQ_HEADER][SC2] rx=4.680+2.120i, eq=0.219+-0.534i, bit=1
[EQ_HEADER][SC3] rx=7.360+1.972i, eq=0.191+-0.834i, bit=1
[EQ_HEADER][SC4] rx=14.240+1.597i, eq=0.127+-1.613i, bit=1
[EQ_HEADER] CPE estimate: -1.366 rad, rot=0.203+0.979i
[EQ_HEADER][WARNING] Weak channel at SC-20 (idx=5): H_mag=0.0228, skipping
[EQ_HEADER][WARNING] Weak channel at SC-19 (idx=6): H_mag=0.0230, skipping
[EQ_HEADER][WARNING] Weak channel at SC-18 (idx=7): H_mag=0.0187, skipping
[EQ_HEADER][WARNING] Weak channel at SC-16 (idx=9): H_mag=0.0202, skipping
[EQ_HEADER][WARNING] Weak channel at SC-15 (idx=10): H_mag=0.0190, skipping
[EQ_HEADER][WARNING] Weak channel at SC-13 (idx=12): H_mag=0.0177, skipping
[EQ_HEADER][WARNING] Weak channel at SC-12 (idx=13): H_mag=0.0172, skipping
[EQ_HEADER][WARNING] Weak channel at SC-6 (idx=18): H_mag=0.0152, skipping
[EQ_HEADER][WARNING] Weak channel at SC-5 (idx=19): H_mag=0.0110, skipping
[EQ_HEADER][WARNING] Weak channel at SC-4 (idx=20): H_mag=0.0145, skipping
[EQ_HEADER][WARNING] Weak channel at SC-2 (idx=22): H_mag=0.0147, skipping
[EQ_HEADER][WARNING] Weak channel at SC-1 (idx=23): H_mag=0.0148, skipping
[EQ_HEADER][WARNING] Weak channel at SC1 (idx=24): H_mag=0.0146, skipping
[EQ_HEADER][WARNING] Weak channel at SC2 (idx=25): H_mag=0.0106, skipping
[EQ_HEADER][WARNING] Weak channel at SC3 (idx=26): H_mag=0.0106, skipping
[EQ_HEADER][WARNING] Weak channel at SC4 (idx=27): H_mag=0.0147, skipping
[EQ_HEADER][WARNING] Weak channel at SC5 (idx=28): H_mag=0.0149, skipping
[EQ_HEADER][WARNING] Weak channel at SC9 (idx=31): H_mag=0.0149, skipping
[EQ_HEADER][WARNING] Weak channel at SC12 (idx=34): H_mag=0.0146, skipping
[EQ_HEADER][WARNING] Weak channel at SC20 (idx=42): H_mag=0.0225, skipping
[EQ_HEADER][WARNING] Weak channel at SC23 (idx=44): H_mag=0.0326, skipping
[EQ_HEADER][WARNING] Weak channel at SC24 (idx=45): H_mag=0.0367, skipping
[EQ_HEADER][WARNING] Weak channel at SC25 (idx=46): H_mag=0.0428, skipping
[EQ_HEADER][WARNING] Weak channel at SC26 (idx=47): H_mag=0.0509, skipping
[EQ_HEADER] Zero-magnitude H subcarriers: 0/48
[EQ_HEADER] Average RX magnitude: 7.6849
[EQ_HEADER] Average EQ magnitude: 0.4130
[EQ_HEADER] First 10 bits: 0101011101
[EQ_HEADER][SC0] rx=-10.376+-1.388i, eq=-0.086+-1.185i, bit=0
[EQ_HEADER][SC1] rx=8.075+-0.792i, eq=0.274+0.877i, bit=1
[EQ_HEADER][SC2] rx=-9.307+-1.351i, eq=-0.068+-1.054i, bit=0
[EQ_HEADER][SC3] rx=8.708+-0.769i, eq=0.287+0.939i, bit=1
[EQ_HEADER][SC4] rx=-8.760+-1.334i, eq=-0.054+-0.999i, bit=0
[PARSE_HT_SIG] CRC: received=0x8a, calculated=0x29
[PARSE_HT_SIG] CRC mismatch
[EQ_HEADER] CPE estimate: 1.604 rad, rot=-0.033+-0.999i
[EQ_HEADER][WARNING] Weak channel at SC-20 (idx=5): H_mag=0.0228, skipping
[EQ_HEADER][WARNING] Weak channel at SC-19 (idx=6): H_mag=0.0230, skipping
[EQ_HEADER][WARNING] Weak channel at SC-18 (idx=7): H_mag=0.0187, skipping
[EQ_HEADER][WARNING] Weak channel at SC-16 (idx=9): H_mag=0.0202, skipping
[EQ_HEADER][WARNING] Weak channel at SC-15 (idx=10): H_mag=0.0190, skipping
[EQ_HEADER][WARNING] Weak channel at SC-13 (idx=12): H_mag=0.0177, skipping
[EQ_HEADER][WARNING] Weak channel at SC-12 (idx=13): H_mag=0.0172, skipping
[EQ_HEADER][WARNING] Weak channel at SC-6 (idx=18): H_mag=0.0152, skipping
[EQ_HEADER][WARNING] Weak channel at SC-5 (idx=19): H_mag=0.0110, skipping
[EQ_HEADER][WARNING] Weak channel at SC-4 (idx=20): H_mag=0.0145, skipping
[EQ_HEADER][WARNING] Weak channel at SC-2 (idx=22): H_mag=0.0147, skipping
[EQ_HEADER][WARNING] Weak channel at SC-1 (idx=23): H_mag=0.0148, skipping
[EQ_HEADER][WARNING] Weak channel at SC1 (idx=24): H_mag=0.0146, skipping
[EQ_HEADER][WARNING] Weak channel at SC2 (idx=25): H_mag=0.0106, skipping
[EQ_HEADER][WARNING] Weak channel at SC3 (idx=26): H_mag=0.0106, skipping
[EQ_HEADER][WARNING] Weak channel at SC4 (idx=27): H_mag=0.0147, skipping
[EQ_HEADER][WARNING] Weak channel at SC5 (idx=28): H_mag=0.0149, skipping
[EQ_HEADER][WARNING] Weak channel at SC9 (idx=31): H_mag=0.0149, skipping
[EQ_HEADER][WARNING] Weak channel at SC12 (idx=34): H_mag=0.0146, skipping
[EQ_HEADER][WARNING] Weak channel at SC20 (idx=42): H_mag=0.0225, skipping
[EQ_HEADER][WARNING] Weak channel at SC23 (idx=44): H_mag=0.0326, skipping
[EQ_HEADER][WARNING] Weak channel at SC24 (idx=45): H_mag=0.0367, skipping
[EQ_HEADER][WARNING] Weak channel at SC25 (idx=46): H_mag=0.0428, skipping
[EQ_HEADER][WARNING] Weak channel at SC26 (idx=47): H_mag=0.0509, skipping
[EQ_HEADER] Zero-magnitude H subcarriers: 0/48
[EQ_HEADER] Average RX magnitude: 7.3068
[EQ_HEADER] Average EQ magnitude: 0.3849
[EQ_HEADER] First 10 bits: 1111111111
[EQ_HEADER][SC0] rx=-0.077+2.396i, eq=0.272+-0.000i, bit=1
[EQ_HEADER][SC1] rx=2.530+2.242i, eq=0.244+-0.295i, bit=1
[EQ_HEADER][SC2] rx=4.680+2.120i, eq=0.219+-0.534i, bit=1
[EQ_HEADER][SC3] rx=7.360+1.972i, eq=0.191+-0.834i, bit=1
[EQ_HEADER][SC4] rx=14.240+1.597i, eq=0.127+-1.613i, bit=1
[EQ_HEADER] CPE estimate: -1.366 rad, rot=0.203+0.979i
[EQ_HEADER][WARNING] Weak channel at SC-20 (idx=5): H_mag=0.0228, skipping
[EQ_HEADER][WARNING] Weak channel at SC-19 (idx=6): H_mag=0.0230, skipping
[EQ_HEADER][WARNING] Weak channel at SC-18 (idx=7): H_mag=0.0187, skipping
[EQ_HEADER][WARNING] Weak channel at SC-16 (idx=9): H_mag=0.0202, skipping
[EQ_HEADER][WARNING] Weak channel at SC-15 (idx=10): H_mag=0.0190, skipping
[EQ_HEADER][WARNING] Weak channel at SC-13 (idx=12): H_mag=0.0177, skipping
[EQ_HEADER][WARNING] Weak channel at SC-12 (idx=13): H_mag=0.0172, skipping
[EQ_HEADER][WARNING] Weak channel at SC-6 (idx=18): H_mag=0.0152, skipping
[EQ_HEADER][WARNING] Weak channel at SC-5 (idx=19): H_mag=0.0110, skipping
[EQ_HEADER][WARNING] Weak channel at SC-4 (idx=20): H_mag=0.0145, skipping
[EQ_HEADER][WARNING] Weak channel at SC-2 (idx=22): H_mag=0.0147, skipping
[EQ_HEADER][WARNING] Weak channel at SC-1 (idx=23): H_mag=0.0148, skipping
[EQ_HEADER][WARNING] Weak channel at SC1 (idx=24): H_mag=0.0146, skipping
[EQ_HEADER][WARNING] Weak channel at SC2 (idx=25): H_mag=0.0106, skipping
[EQ_HEADER][WARNING] Weak channel at SC3 (idx=26): H_mag=0.0106, skipping
[EQ_HEADER][WARNING] Weak channel at SC4 (idx=27): H_mag=0.0147, skipping
[EQ_HEADER][WARNING] Weak channel at SC5 (idx=28): H_mag=0.0149, skipping
[EQ_HEADER][WARNING] Weak channel at SC9 (idx=31): H_mag=0.0149, skipping
[EQ_HEADER][WARNING] Weak channel at SC12 (idx=34): H_mag=0.0146, skipping
[EQ_HEADER][WARNING] Weak channel at SC20 (idx=42): H_mag=0.0225, skipping
[EQ_HEADER][WARNING] Weak channel at SC23 (idx=44): H_mag=0.0326, skipping
[EQ_HEADER][WARNING] Weak channel at SC24 (idx=45): H_mag=0.0367, skipping
[EQ_HEADER][WARNING] Weak channel at SC25 (idx=46): H_mag=0.0428, skipping
[EQ_HEADER][WARNING] Weak channel at SC26 (idx=47): H_mag=0.0509, skipping
[EQ_HEADER] Zero-magnitude H subcarriers: 0/48
[EQ_HEADER] Average RX magnitude: 7.6849
[EQ_HEADER] Average EQ magnitude: 0.4130
[EQ_HEADER] First 10 bits: 0101011101
[EQ_HEADER][SC0] rx=-10.376+-1.388i, eq=-0.086+-1.185i, bit=0
[EQ_HEADER][SC1] rx=8.075+-0.792i, eq=0.274+0.877i, bit=1
[EQ_HEADER][SC2] rx=-9.307+-1.351i, eq=-0.068+-1.054i, bit=0
[EQ_HEADER][SC3] rx=8.708+-0.769i, eq=0.287+0.939i, bit=1
[EQ_HEADER][SC4] rx=-8.760+-1.334i, eq=-0.054+-0.999i, bit=0
[PARSE_HT_SIG] CRC: received=0x00, calculated=0xb2
[PARSE_HT_SIG] CRC mismatch
[EQ][HT-SIG][DEBUG] L-SIG bits (48): 000000001111100100000000111001100000000000100110
[EQ][HT-SIG][DEBUG] HT-SIG0 bits (48): 000111111101000000110111100110110111111101100101
[EQ][HT-SIG][DEBUG] HT-SIG1 bits (48): 110101001001000011011111001001100110001011011000
[EQ][HT-SIG] parse failed: lsig=3 htsig=4/5
[EQ][WHILE_LOOP] iter consumed=6, d_sym_idx=6
[EQ][FLOW] abs=472 wifi_start=0 in_frame=1 sym_idx=6 consumed=6 produced=0
[EQ][PRE_EXTRACT] d_sym_idx=6, in_frame=1
[EXTRACT_CALL] sym_idx=6, type=OTHER
[EQ][IDX_CHECK] d_sym_idx=6, condition=1
[EQ][VALID_SET] d_sym_idx=6, valid=1
[EQ][SYM_IDX] sym_idx=6, type=UNKNOWN
[EQ][POST_EQUALIZE] d_sym_idx=6
[EQ][RAW_BITS] sym_idx=6 bits52=0011101110100000110011101010010010100101101110001111
[EQ][STDERR_DIRECT] Entering direct mixed-mode header detection
[EQ][DIRECT_PATH] Entering direct mixed-mode header detection
[EQ][STDERR_BEFORE_GATE] Reached before gate check
[EQ][BEFORE_GATE] Reached before gate check
[EQ][GATE] sym=6 want_htsig1=5 valid={lltf0=1 lltf1=1 lsig=1 htsig0=1 htsig1=1} have_ht=0
[EQ][TEST_INSERT] Added new debug output
[EQ][DEBUG_TEST] ======== DEBUG ENTRY ========
[EQ][DEBUG] Checking HT-SIG parse condition: d_sym_idx=6, kHtSig1Rel=5, d_have_ht_header=0
[EQ][DEBUG] valid flags: lltf0=1, lltf1=1, lsig=1, htsig0=1, htsig1=1
[EQ][WHILE_LOOP] iter consumed=7, d_sym_idx=7
[EQ][GATE_DETAIL] d_sym_idx=6, kHtSig1Rel=5, d_have_ht_header=0
[EQ][GATE_DETAIL] valid flags: lltf0=1 lltf1=1 lsig=1 htsig0=1 htsig1=1
[EQ][FLOW] abs=473 wifi_start=0 in_frame=1 sym_idx=7 consumed=7 produced=0
[EQ][PRE_EXTRACT] d_sym_idx=7, in_frame=1
[EXTRACT_CALL] sym_idx=7, type=OTHER
[EQ][IDX_CHECK] d_sym_idx=7, condition=1
[EQ][VALID_SET] d_sym_idx=7, valid=1
[EQ][SYM_IDX] sym_idx=7, type=UNKNOWN
[EQ][POST_EQUALIZE] d_sym_idx=7
[EQ][RAW_BITS] sym_idx=7 bits52=0011011010000111010101100010101010011001011000101000
[EQ][STDERR_DIRECT] Entering direct mixed-mode header detection
[EQ][DIRECT_PATH] Entering direct mixed-mode header detection
[EQ][STDERR_BEFORE_GATE] Reached before gate check
[EQ][BEFORE_GATE] Reached before gate check
[EQ][TEST_INSERT] Added new debug output
[EQ][DEBUG_TEST] ======== DEBUG ENTRY ========
[EQ][DEBUG] Checking HT-SIG parse condition: d_sym_idx=7, kHtSig1Rel=5, d_have_ht_header=0
[EQ][DEBUG] valid flags: lltf0=1, lltf1=1, lsig=1, htsig0=1, htsig1=1
[EQ][WHILE_LOOP] iter consumed=8, d_sym_idx=8
[EQ][GATE_DETAIL] d_sym_idx=7, kHtSig1Rel=5, d_have_ht_header=0
[EQ][GATE_DETAIL] valid flags: lltf0=1 lltf1=1 lsig=1 htsig0=1 htsig1=1
[EQ][FLOW] abs=474 wifi_start=0 in_frame=1 sym_idx=8 consumed=8 produced=0
[EQ][PRE_EXTRACT] d_sym_idx=8, in_frame=1
[EQ][POST_EQUALIZE] d_sym_idx=8
[EQ][STDERR_DIRECT] Entering direct mixed-mode header detection
[EQ][IDX_CHECK] d_sym_idx=8, condition=0
[EQ][DIRECT_PATH] Entering direct mixed-mode header detection
[EQ][STDERR_BEFORE_GATE] Reached before gate check
[EQ][BEFORE_GATE] Reached before gate check
[EQ][TEST_INSERT] Added new debug output
[EQ][DEBUG_TEST] ======== DEBUG ENTRY ========
[EQ][DEBUG] Checking HT-SIG parse condition: d_sym_idx=8, kHtSig1Rel=5, d_have_ht_header=0
[EQ][DEBUG] valid flags: lltf0=1, lltf1=1, lsig=1, htsig0=1, htsig1=1
[EQ][WHILE_LOOP] iter consumed=9, d_sym_idx=9
[EQ][GATE_DETAIL] d_sym_idx=8, kHtSig1Rel=5, d_have_ht_header=0
[EQ][GATE_DETAIL] valid flags: lltf0=1 lltf1=1 lsig=1 htsig0=1 htsig1=1
[EQ][FLOW] abs=475 wifi_start=0 in_frame=1 sym_idx=9 consumed=9 produced=0
[EQ][PRE_EXTRACT] d_sym_idx=9, in_frame=1
[EQ][POST_EQUALIZE] d_sym_idx=9
[EQ][STDERR_DIRECT] Entering direct mixed-mode header detection
[EQ][IDX_CHECK] d_sym_idx=9, condition=0
[EQ][DIRECT_PATH] Entering direct mixed-mode header detection
[EQ][STDERR_BEFORE_GATE] Reached before gate check
[EQ][BEFORE_GATE] Reached before gate check
[EQ][TEST_INSERT] Added new debug output
[EQ][DEBUG_TEST] ======== DEBUG ENTRY ========
[EQ][DEBUG] Checking HT-SIG parse condition: d_sym_idx=9, kHtSig1Rel=5, d_have_ht_header=0
[EQ][DEBUG] valid flags: lltf0=1, lltf1=1, lsig=1, htsig0=1, htsig1=1
[EQ][WHILE_LOOP] iter consumed=10, d_sym_idx=10
[EQ][GATE_DETAIL] d_sym_idx=9, kHtSig1Rel=5, d_have_ht_header=0
[EQ][GATE_DETAIL] valid flags: lltf0=1 lltf1=1 lsig=1 htsig0=1 htsig1=1
[EQ][FLOW] abs=476 wifi_start=0 in_frame=1 sym_idx=10 consumed=10 produced=0
[EQ][PRE_EXTRACT] d_sym_idx=10, in_frame=1
[EQ][POST_EQUALIZE] d_sym_idx=10
[EQ][STDERR_DIRECT] Entering direct mixed-mode header detection
[EQ][IDX_CHECK] d_sym_idx=10, condition=0
[EQ][DIRECT_PATH] Entering direct mixed-mode header detection
[EQ][STDERR_BEFORE_GATE] Reached before gate check
[EQ][BEFORE_GATE] Reached before gate check
[EQ][TEST_INSERT] Added new debug output
[EQ][DEBUG_TEST] ======== DEBUG ENTRY ========
[EQ][DEBUG] Checking HT-SIG parse condition: d_sym_idx=10, kHtSig1Rel=5, d_have_ht_header=0
[EQ][DEBUG] valid flags: lltf0=1, lltf1=1, lsig=1, htsig0=1, htsig1=1
[EQ][WHILE_LOOP] iter consumed=11, d_sym_idx=11
[EQ][GATE_DETAIL] d_sym_idx=10, kHtSig1Rel=5, d_have_ht_header=0
[EQ][GATE_DETAIL] valid flags: lltf0=1 lltf1=1 lsig=1 htsig0=1 htsig1=1
[EQ][FLOW] abs=477 wifi_start=0 in_frame=1 sym_idx=11 consumed=11 produced=0
[EQ][PRE_EXTRACT] d_sym_idx=11, in_frame=1
[EQ][POST_EQUALIZE] d_sym_idx=11
[EQ][STDERR_DIRECT] Entering direct mixed-mode header detection
[EQ][IDX_CHECK] d_sym_idx=11, condition=0
[EQ][DIRECT_PATH] Entering direct mixed-mode header detection
[EQ][STDERR_BEFORE_GATE] Reached before gate check
[EQ][BEFORE_GATE] Reached before gate check
[EQ][TEST_INSERT] Added new debug output
[EQ][DEBUG_TEST] ======== DEBUG ENTRY ========
[EQ][DEBUG] Checking HT-SIG parse condition: d_sym_idx=11, kHtSig1Rel=5, d_have_ht_header=0
[EQ][DEBUG] valid flags: lltf0=1, lltf1=1, lsig=1, htsig0=1, htsig1=1
[EQ][WHILE_LOOP] iter consumed=12, d_sym_idx=12
[EQ][PRE_EXTRACT] d_sym_idx=12, in_frame=1
[EQ][POST_EQUALIZE] d_sym_idx=12
[EQ][STDERR_DIRECT] Entering direct mixed-mode header detection
[EQ][GATE_DETAIL] d_sym_idx=11, kHtSig1Rel=5, d_have_ht_header=0
[EQ][GATE_DETAIL] valid flags: lltf0=1 lltf1=1 lsig=1 htsig0=1 htsig1=1
[EQ][IDX_CHECK] d_sym_idx=12, condition=0
[EQ][DIRECT_PATH] Entering direct mixed-mode header detection
[EQ][STDERR_BEFORE_GATE] Reached before gate check
[EQ][BEFORE_GATE] Reached before gate check
[EQ][TEST_INSERT] Added new debug output
[EQ][DEBUG_TEST] ======== DEBUG ENTRY ========
[EQ][DEBUG] Checking HT-SIG parse condition: d_sym_idx=12, kHtSig1Rel=5, d_have_ht_header=0
[EQ][DEBUG] valid flags: lltf0=1, lltf1=1, lsig=1, htsig0=1, htsig1=1
[EQ][WHILE_LOOP] iter consumed=13, d_sym_idx=13
[EQ][PRE_EXTRACT] d_sym_idx=13, in_frame=1
[EQ][POST_EQUALIZE] d_sym_idx=13
[EQ][STDERR_DIRECT] Entering direct mixed-mode header detection
[EQ][GATE_DETAIL] d_sym_idx=12, kHtSig1Rel=5, d_have_ht_header=0
[EQ][GATE_DETAIL] valid flags: lltf0=1 lltf1=1 lsig=1 htsig0=1 htsig1=1
[EQ][IDX_CHECK] d_sym_idx=13, condition=0
[EQ][DIRECT_PATH] Entering direct mixed-mode header detection
[EQ][STDERR_BEFORE_GATE] Reached before gate check
[EQ][BEFORE_GATE] Reached before gate check
[EQ][TEST_INSERT] Added new debug output
[EQ][DEBUG_TEST] ======== DEBUG ENTRY ========
[EQ][DEBUG] Checking HT-SIG parse condition: d_sym_idx=13, kHtSig1Rel=5, d_have_ht_header=0
[EQ][DEBUG] valid flags: lltf0=1, lltf1=1, lsig=1, htsig0=1, htsig1=1
[EQ][WHILE_LOOP] iter consumed=14, d_sym_idx=14
[EQ][PRE_EXTRACT] d_sym_idx=14, in_frame=1
[EQ][POST_EQUALIZE] d_sym_idx=14
[EQ][STDERR_DIRECT] Entering direct mixed-mode header detection
[EQ][GATE_DETAIL] d_sym_idx=13, kHtSig1Rel=5, d_have_ht_header=0
[EQ][GATE_DETAIL] valid flags: lltf0=1 lltf1=1 lsig=1 htsig0=1 htsig1=1
[EQ][IDX_CHECK] d_sym_idx=14, condition=0
[EQ][DIRECT_PATH] Entering direct mixed-mode header detection
[EQ][STDERR_BEFORE_GATE] Reached before gate check
[EQ][BEFORE_GATE] Reached before gate check
[EQ][TEST_INSERT] Added new debug output
[EQ][DEBUG_TEST] ======== DEBUG ENTRY ========
[EQ][DEBUG] Checking HT-SIG parse condition: d_sym_idx=14, kHtSig1Rel=5, d_have_ht_header=0
[EQ][DEBUG] valid flags: lltf0=1, lltf1=1, lsig=1, htsig0=1, htsig1=1
[EQ][GATE_DETAIL] d_sym_idx=14, kHtSig1Rel=5, d_have_ht_header=0
[EQ][GATE_DETAIL] valid flags: lltf0=1 lltf1=1 lsig=1 htsig0=1 htsig1=1
[MAPPER] handle_msg called
message_debug :info: The `print_pdu` port is deprecated and will be removed; forwarding to `print`.
[MAPPER] meta=***** VERBOSE PDU DEBUG PRINT ******
((encoding . 0) (crc_included . #t))
pdu length =         38 bytes
pdu vector contents = 
((encoding . 0) (crc_included . #t))
[MAPPER] meta fields: mcs=0 len=-1 psdu_len=-1
[MAPPER] using MCS=0
[MAPPER] HT mode enabled, effective MCS: 0
0000: 08 00 00 00 42 42 42 42 42 42 23 23 23 23 23 23 
0010: ff ff ff ff ff ff 30 01 78 78 78 78 78 78 78 78 
0020: 78 78 ab 6b d6 18 
************************************
[TX][HTDATA0][PUNCTURED] bits52=0011101011011100110110111010100011000101000110011100
[TX][HTDATA0][INTERLEAVED] bits52=0111000010101100110100011110011010011101010111101000
[TX][HTDATA0] bits52=0111000010101100110100011110011010011101010111101000
[TX][PUNCTURED-ALL] nbits=676 first64=0011101011011100110110111010100011000101000110011100110011101001 last64=1111000010111011001010001111101101111011000000000011101000000011
[TX][INTERLEAVED-ALL] nbits=676 first64=0111000010101100110100011110011010011101010111101000101010010111 last64=0000111111011111011111001101000001001100000011000100010001011011
[TX][HTDATA0][PUNCTURED] keep existing first-frame reference /tmp/wifi_tx_punctured0_bits52.txt
[TX][HTDATA0][INTERLEAVED] keep existing first-frame reference /tmp/wifi_tx_interleaved0_bits52.txt
[TX][HTDATA0] keep existing first-frame reference /tmp/wifi_tx_data0_bits52.txt
[TX][PUNCTURED-ALL] keep existing first-frame reference /tmp/wifi_tx_punctured_all_bits.txt
[TX][INTERLEAVED-ALL] keep existing first-frame reference /tmp/wifi_tx_interleaved_all_bits.txt
[TX][PUNCTURED-ALL] updated /tmp/wifi_tx_punctured_all_bits.last.txt
[TX][INTERLEAVED-ALL] updated /tmp/wifi_tx_interleaved_all_bits.last.txt
[MAPPER] frame: ht_mode=1 psdu=38 n_sym=13 n_data_bits=338 n_encoded_bits=676 data_carriers=52 out_symbols=676
[HT-HEADER] general_work called ninput=676 noutput=32688
[TX][LSIG] raw24=110100110010000000000000
[TX][LSIG] enc48=110110001010100111001100100011011100000000000000
[TX][LSIG] intl48=110011011001000011010100011000000010011001100000
[TX][HTSIG] fields: mcs=0 len=38 bw40=0 agg=0 sgi=0 stbc=0 adv=0 nltf=0 crc=0x0d
[TX][HTSIG] raw48=000000000110010000000000000000000010110000000000
[TX][HTSIG] enc96=000000000000000000110110111100100011011100000000000000000000000000001110111001101110101100000000
[TX][HTSIG] intl96=000000111110010000000011100110000000000010011000000000011011110000000001100100000000001011101000
[TX][HTHDR][OUTBUF] lsig48=110011011001000011010100011000000010011001100000
[TX][HTHDR][OUTBUF] htsig1_48=000000111110010000000011100110000000000010011000
[TX][HTHDR][OUTBUF] htsig2_48=000000011011110000000001100100000000001011101000
[SYNC-SHORT] general_work called: noutput=8 ninput=2256 threshold=0.010 state=1
SHORT copied 8
[SYNC-SHORT] general_work called: noutput=2048 ninput=2248 threshold=0.010 state=1
sync_short :info: frame start at in: 42622 out: 43149
[SYNC-LONG] general_work: ninput[0]=8 ninput[1]=320 noutput=8 state=1
SHORT Frame!
SHORT copied 197
[SYNC-SHORT] general_work called: noutput=1024 ninput=2051 threshold=0.010 state=1
LONG ninput[0] 8   ninput[1] 320  noutput 8   state 1
produced : 8 consumed: 8
sync_short :info: frame start at in: 43103 out: 43630
SHORT Frame!
SHORT copied 481
[SYNC-LONG] general_work: ninput[0]=197 ninput[1]=517 noutput=128 state=1
LONG ninput[0] 197   ninput[1] 517  noutput 128   state 1
produced : 128 consumed: 160
[SYNC-SHORT] general_work called: noutput=1024 ninput=1570 threshold=0.010 state=1
[SYNC-LONG] general_work: ninput[0]=518 ninput[1]=838 noutput=512 state=1
LONG ninput[0] 518   ninput[1] 838  noutput 512   state 1
produced : 31 consumed: 37
[SYNC-LONG] general_work: ninput[0]=481 ninput[1]=801 noutput=256 state=1
sync_short :info: frame start at in: 43584 out: 44111
LONG ninput[0] SHORT Frame!
SHORT copied 481
[SYNC-SHORT] general_work called: noutput=1024 ninput=1089 threshold=0.010 state=1
481   ninput[1] 801  noutput 256   state 1
[SYNC-LONG] Received wifi_start tag: freq_offset=-0.067 offset=42622 nread=42622
LONG: ignore retrigger tag during COPY nread=42622 d_count=1152 guard=3072 tag_offset=42622
produced : 256 consumed: 314
sync_short :info: frame start at in: 44065 out: 44592
SHORT Frame!
SHORT copied 481
[SYNC-LONG] general_work: ninput[0]=648 ninput[1]=968 noutput=512 state=1
LONG ninput[0] 648   ninput[1] 968  noutput 512   state 1
[SYNC-SHORT] general_work called: noutput=512 ninput=608 threshold=0.010 state=1
produced : 128 consumed: 167
[EQ][ENTER] general_work called nin=3 nout=128
[EQ][WHILE_ENTER] consumed=0, n_in=3
[EQ][WHILE_LOOP] iter consumed=0, d_sym_idx=15
[EQ][FLOW] abs=481 wifi_start=0 in_frame=1 sym_idx=15 consumed=0 produced=0
[EQ][PRE_EXTRACT] d_sym_idx=15, in_frame=1
[EQ][IDX_CHECK] d_sym_idx=15, condition=0
sync_short :info: frame start at in: 44546 out: 45073
SHORT Frame!
[EQ][POST_EQUALIZE] d_sym_idx=15
SHORT copied 481
[EQ][STDERR_DIRECT] Entering direct mixed-mode header detection
[EQ][DIRECT_PATH] Entering direct mixed-mode header detection
[EQ][STDERR_BEFORE_GATE] Reached before gate check
[EQ][BEFORE_GATE] Reached before gate check
[EQ][TEST_INSERT] Added new debug output
[EQ][DEBUG_TEST] ======== DEBUG ENTRY ========
[EQ][DEBUG] Checking HT-SIG parse condition: d_sym_idx=15, kHtSig1Rel=5, d_have_ht_header=0
[EQ][DEBUG] valid flags: lltf0=1, lltf1=1, lsig=1, htsig0=1, htsig1=1
[EQ][WHILE_LOOP] iter consumed=1, d_sym_idx=16
[EQ][GATE_DETAIL] d_sym_idx=15, kHtSig1Rel=5, d_have_ht_header=0
[EQ][GATE_DETAIL] valid flags: lltf0=1 lltf1=1 lsig=1 htsig0=1 htsig1=1
[EQ][FLOW] abs=482 wifi_start=0 in_frame=1 sym_idx=16 consumed=1 produced=0
[EQ][PRE_EXTRACT] d_sym_idx=16, in_frame=1
[EQ][POST_EQUALIZE] d_sym_idx=16
[EQ][STDERR_DIRECT] Entering direct mixed-mode header detection
[EQ][IDX_CHECK] d_sym_idx=16, condition=0
[EQ][DIRECT_PATH] Entering direct mixed-mode header detection
[EQ][STDERR_BEFORE_GATE] Reached before gate check
[EQ][BEFORE_GATE] Reached before gate check
[EQ][TEST_INSERT] Added new debug output
[EQ][DEBUG_TEST] ======== DEBUG ENTRY ========
[EQ][DEBUG] Checking HT-SIG parse condition: d_sym_idx=16, kHtSig1Rel=5, d_have_ht_header=0
[EQ][DEBUG] valid flags: lltf0=1, lltf1=1, lsig=1, htsig0=1, htsig1=1
[EQ][WHILE_LOOP] iter consumed=2, d_sym_idx=17
[EQ][GATE_DETAIL] d_sym_idx=16, kHtSig1Rel=5, d_have_ht_header=0
[EQ][GATE_DETAIL] valid flags: lltf0=1 lltf1=1 lsig=1 htsig0=1 htsig1=1
[EQ][FLOW] abs=483 wifi_start=0 in_frame=1 sym_idx=17 consumed=2 produced=0
[EQ][PRE_EXTRACT] d_sym_idx=17, in_frame=1
[SYNC-LONG] general_work: ninput[0]=1443 ninput[1]=1763 noutput=1024 state=1
LONG ninput[0] 1443   ninput[1] 1763  noutput 1024   state 1
[SYNC-SHORT] general_work called: noutput=64 ninput=127 threshold=0.010 state=1
[EQ][POST_EQUALIZE] d_sym_idx=17
[EQ][IDX_CHECK] d_sym_idx=17, condition=0
SHORT copied 64
[EQ][STDERR_DIRECT] Entering direct mixed-mode header detection
[EQ][DIRECT_PATH] Entering direct mixed-mode header detection
[SYNC-LONG] Received wifi_start tag: freq_offset=-0.184 offset=43103 nread=43103
LONG: ignore retrigger tag during COPY nread=43103 d_count=1536 guard=3072 tag_offset=43103
[EQ][STDERR_BEFORE_GATE] Reached before gate check
[EQ][BEFORE_GATE] Reached before gate check
[EQ][TEST_INSERT] Added new debug output
[EQ][DEBUG_TEST] ======== DEBUG ENTRY ========
[EQ][DEBUG] Checking HT-SIG parse condition: d_sym_idx=17, kHtSig1Rel=5, d_have_ht_header=0
[EQ][DEBUG] valid flags: lltf0=1, lltf1=1, lsig=1, htsig0=1, htsig1=1
[EQ][ENTER] general_work called nin=6 nout=256
[EQ][GATE_DETAIL] d_sym_idx=17, kHtSig1Rel=5, d_have_ht_header=0
[EQ][GATE_DETAIL] valid flags: lltf0=1 lltf1=1 lsig=1 htsig0=1 htsig1=1
[EQ][WHILE_ENTER] consumed=0, n_in=6
[EQ][WHILE_LOOP] iter consumed=0, d_sym_idx=18
[EQ][FLOW] abs=484 wifi_start=0 in_frame=1 sym_idx=18 consumed=0 produced=0
[EQ][PRE_EXTRACT] d_sym_idx=18, in_frame=1
[EQ][POST_EQUALIZE] d_sym_idx=18
[EQ][STDERR_DIRECT] Entering direct mixed-mode header detection
[EQ][IDX_CHECK] d_sym_idx=18, condition=0
[EQ][DIRECT_PATH] Entering direct mixed-mode header detection
[EQ][STDERR_BEFORE_GATE] Reached before gate check
[SYNC-SHORT] general_work called: noutput=32 ninput=63 threshold=0.010 state=1
SHORT copied 32
[EQ][BEFORE_GATE] Reached before gate check
[SYNC-SHORT] general_work called: noutput=8 ninput=31 threshold=0.010 state=1
[EQ][TEST_INSERT] Added new debug output
[EQ][DEBUG_TEST] ======== DEBUG ENTRY ========
[EQ][DEBUG] Checking HT-SIG parse condition: d_sym_idx=18, kHtSig1Rel=5, d_have_ht_header=0
[EQ][DEBUG] valid flags: lltf0=1, lltf1=1, lsig=1, htsig0=1, htsig1=1
[EQ][WHILE_LOOP] iter consumed=1, d_sym_idx=19
[EQ][GATE_DETAIL] d_sym_idx=18, kHtSig1Rel=5, d_have_ht_header=0
[EQ][GATE_DETAIL] valid flags: lltf0=1 lltf1=1 lsig=1 htsig0=1 htsig1=1
[EQ][FLOW] abs=485 wifi_start=0 in_frame=1 sym_idx=19 consumed=1 produced=0
[EQ][PRE_EXTRACT] d_sym_idx=19, in_frame=1
[EQ][POST_EQUALIZE] d_sym_idx=19
[EQ][STDERR_DIRECT] Entering direct mixed-mode header detection
[EQ][IDX_CHECK] d_sym_idx=19, condition=0
[EQ][DIRECT_PATH] Entering direct mixed-mode header detection
[EQ][STDERR_BEFORE_GATE] Reached before gate check
SHORT copied 8
[SYNC-SHORT] general_work called: noutput=4 ninput=23 threshold=0.010 state=1
SHORT copied 4
[SYNC-SHORT] general_work called: noutput=2 ninput=19 threshold=0.010 state=1
produced : 1024 consumed: 1273
SHORT copied 2
[SYNC-SHORT] general_work called: noutput=1 ninput=17 threshold=0.010 state=1
[EQ][BEFORE_GATE] Reached before gate check
SHORT copied 1
[SYNC-LONG] general_work: ninput[0]=280 ninput[1]=598 noutput=256 state=1
LONG ninput[0] 280   ninput[1] 598  noutput 256   state 1
[EQ][TEST_INSERT] Added new debug output
[EQ][DEBUG_TEST] ======== DEBUG ENTRY ========
[EQ][DEBUG] Checking HT-SIG parse condition: d_sym_idx=19, kHtSig1Rel=5, d_have_ht_header=0
[EQ][DEBUG] valid flags: lltf0=1, lltf1=1, lsig=1, htsig0=1, htsig1=1
produced : [EQ][GATE_DETAIL] d_sym_idx=19, kHtSig1Rel=5, d_have_ht_header=0
128 consumed: 170
[SYNC-LONG] general_work: ninput[0]=111 ninput[1]=431 noutput=64 state=1
[EQ][GATE_DETAIL] valid flags: lltf0=1 lltf1=1 lsig=1 htsig0=1 htsig1=1
LONG ninput[0] 111   ninput[1] 431  noutput 64   state 1
[EQ][WHILE_LOOP] iter consumed=2, d_sym_idx=20
[SYNC-LONG] Received wifi_start tag: freq_offset=0.101 offset=44546 nread=44546
LONG: ignore retrigger tag during COPY nread=44546 d_count=2688 guard=3072 tag_offset=44546
produced : 64 consumed: 70
[EQ][FLOW] abs=486 wifi_start=0 in_frame=1 sym_idx=20 consumed=2 produced=0
[EQ][PRE_EXTRACT] d_sym_idx=20, in_frame=1
[EQ][POST_EQUALIZE] d_sym_idx=20
[EQ][STDERR_DIRECT] Entering direct mixed-mode header detection
[EQ][IDX_CHECK] d_sym_idx=20, condition=0
[EQ][DIRECT_PATH] Entering direct mixed-mode header detection
[EQ][STDERR_BEFORE_GATE] Reached before gate check
[EQ][BEFORE_GATE] Reached before gate check
[SYNC-LONG] general_work: ninput[0]=41 ninput[1]=361 noutput=32 state=1
[EQ][TEST_INSERT] Added new debug output
[EQ][DEBUG_TEST] ======== DEBUG ENTRY ========
[EQ][DEBUG] Checking HT-SIG parse condition: d_sym_idx=20, kHtSig1Rel=5, d_have_ht_header=0
[EQ][DEBUG] valid flags: lltf0=1, lltf1=1, lsig=1, htsig0=1, htsig1=1
[EQ][WHILE_LOOP] iter consumed=3, d_sym_idx=21
[EQ][GATE_DETAIL] d_sym_idx=20, kHtSig1Rel=5, d_have_ht_header=0
LONG ninput[0] [EQ][GATE_DETAIL] valid flags: lltf0=1 lltf1=1 lsig=1 htsig0=1 htsig1=1
41   ninput[1] 361  noutput 32   state 1
produced : 25 consumed: 41
[EQ][FLOW] abs=487 wifi_start=0 in_frame=1 sym_idx=21 consumed=3 produced=0
[EQ][PRE_EXTRACT] d_sym_idx=21, in_frame=1
[EQ][POST_EQUALIZE] d_sym_idx=21
[EQ][STDERR_DIRECT] Entering direct mixed-mode header detection
[EQ][IDX_CHECK] d_sym_idx=21, condition=0
[EQ][DIRECT_PATH] Entering direct mixed-mode header detection
[EQ][STDERR_BEFORE_GATE] Reached before gate check
[EQ][BEFORE_GATE] Reached before gate check
[EQ][TEST_INSERT] Added new debug output
[EQ][DEBUG_TEST] ======== DEBUG ENTRY ========
[EQ][DEBUG] Checking HT-SIG parse condition: d_sym_idx=21, kHtSig1Rel=5, d_have_ht_header=0
[EQ][DEBUG] valid flags: lltf0=1, lltf1=1, lsig=1, htsig0=1, htsig1=1
[EQ][WHILE_LOOP] iter consumed=4, d_sym_idx=22
[EQ][GATE_DETAIL] d_sym_idx=21, kHtSig1Rel=5, d_have_ht_header=0
[EQ][GATE_DETAIL] valid flags: lltf0=1 lltf1=1 lsig=1 htsig0=1 htsig1=1
[EQ][FLOW] abs=488 wifi_start=0 in_frame=1 sym_idx=22 consumed=4 produced=0
[EQ][PRE_EXTRACT] d_sym_idx=22, in_frame=1
[EQ][POST_EQUALIZE] d_sym_idx=22
[EQ][STDERR_DIRECT] Entering direct mixed-mode header detection
[EQ][IDX_CHECK] d_sym_idx=22, condition=0
[EQ][DIRECT_PATH] Entering direct mixed-mode header detection
[EQ][STDERR_BEFORE_GATE] Reached before gate check
[EQ][BEFORE_GATE] Reached before gate check
[EQ][TEST_INSERT] Added new debug output
[EQ][DEBUG_TEST] ======== DEBUG ENTRY ========
[EQ][DEBUG] Checking HT-SIG parse condition: d_sym_idx=22, kHtSig1Rel=5, d_have_ht_header=0
[EQ][DEBUG] valid flags: lltf0=1, lltf1=1, lsig=1, htsig0=1, htsig1=1
[EQ][WHILE_LOOP] iter consumed=5, d_sym_idx=23
[EQ][GATE_DETAIL] d_sym_idx=22, kHtSig1Rel=5, d_have_ht_header=0
[EQ][GATE_DETAIL] valid flags: lltf0=1 lltf1=1 lsig=1 htsig0=1 htsig1=1
[EQ][FLOW] abs=489 wifi_start=0 in_frame=1 sym_idx=23 consumed=5 produced=0
[EQ][PRE_EXTRACT] d_sym_idx=23, in_frame=1
[EQ][POST_EQUALIZE] d_sym_idx=23
[EQ][STDERR_DIRECT] Entering direct mixed-mode header detection
[EQ][IDX_CHECK] d_sym_idx=23, condition=0
[EQ][DIRECT_PATH] Entering direct mixed-mode header detection
[EQ][STDERR_BEFORE_GATE] Reached before gate check
[EQ][BEFORE_GATE] Reached before gate check
[EQ][TEST_INSERT] Added new debug output
[EQ][DEBUG_TEST] ======== DEBUG ENTRY ========
[EQ][DEBUG] Checking HT-SIG parse condition: d_sym_idx=23, kHtSig1Rel=5, d_have_ht_header=0
[EQ][DEBUG] valid flags: lltf0=1, lltf1=1, lsig=1, htsig0=1, htsig1=1
[EQ][ENTER] general_work called nin=19 nout=512
[EQ][GATE_DETAIL] d_sym_idx=23, kHtSig1Rel=5, d_have_ht_header=0
[EQ][GATE_DETAIL] valid flags: lltf0=1 lltf1=1 lsig=1 htsig0=1 htsig1=1
[EQ][WHILE_ENTER] consumed=0, n_in=19
[EQ][WHILE_LOOP] iter consumed=0, d_sym_idx=24
[EQ][FLOW] abs=490 wifi_start=0 in_frame=1 sym_idx=24 consumed=0 produced=0
[EQ][PRE_EXTRACT] d_sym_idx=24, in_frame=1
[EQ][POST_EQUALIZE] d_sym_idx=24
[EQ][STDERR_DIRECT] Entering direct mixed-mode header detection
[EQ][IDX_CHECK] d_sym_idx=24, condition=0
[EQ][DIRECT_PATH] Entering direct mixed-mode header detection
[EQ][STDERR_BEFORE_GATE] Reached before gate check
[EQ][BEFORE_GATE] Reached before gate check
[EQ][TEST_INSERT] Added new debug output
[EQ][DEBUG_TEST] ======== DEBUG ENTRY ========
[EQ][DEBUG] Checking HT-SIG parse condition: d_sym_idx=24, kHtSig1Rel=5, d_have_ht_header=0
[EQ][DEBUG] valid flags: lltf0=1, lltf1=1, lsig=1, htsig0=1, htsig1=1
[EQ][WHILE_LOOP] iter consumed=1, d_sym_idx=25
[EQ][GATE_DETAIL] d_sym_idx=24, kHtSig1Rel=5, d_have_ht_header=0
[EQ][GATE_DETAIL] valid flags: lltf0=1 lltf1=1 lsig=1 htsig0=1 htsig1=1
[EQ][FLOW] abs=491 wifi_start=0 in_frame=1 sym_idx=25 consumed=1 produced=0
[EQ][PRE_EXTRACT] d_sym_idx=25, in_frame=1
[EQ][POST_EQUALIZE] d_sym_idx=25
[EQ][STDERR_DIRECT] Entering direct mixed-mode header detection
[EQ][IDX_CHECK] d_sym_idx=25, condition=0
[EQ][DIRECT_PATH] Entering direct mixed-mode header detection
[EQ][STDERR_BEFORE_GATE] Reached before gate check
[EQ][BEFORE_GATE] Reached before gate check
[EQ][TEST_INSERT] Added new debug output
[EQ][DEBUG_TEST] ======== DEBUG ENTRY ========
[EQ][DEBUG] Checking HT-SIG parse condition: d_sym_idx=25, kHtSig1Rel=5, d_have_ht_header=0
[EQ][DEBUG] valid flags: lltf0=1, lltf1=1, lsig=1, htsig0=1, htsig1=1
[EQ][WHILE_LOOP] iter consumed=2, d_sym_idx=26
[EQ][GATE_DETAIL] d_sym_idx=25, kHtSig1Rel=5, d_have_ht_header=0
[EQ][GATE_DETAIL] valid flags: lltf0=1 lltf1=1 lsig=1 htsig0=1 htsig1=1
[EQ][FLOW] abs=492 wifi_start=0 in_frame=1 sym_idx=26 consumed=2 produced=0
[EQ][PRE_EXTRACT] d_sym_idx=26, in_frame=1
[EQ][POST_EQUALIZE] d_sym_idx=26
[EQ][STDERR_DIRECT] Entering direct mixed-mode header detection
[EQ][IDX_CHECK] d_sym_idx=26, condition=0
[EQ][DIRECT_PATH] Entering direct mixed-mode header detection
[EQ][STDERR_BEFORE_GATE] Reached before gate check
[EQ][BEFORE_GATE] Reached before gate check
[EQ][TEST_INSERT] Added new debug output
[EQ][DEBUG_TEST] ======== DEBUG ENTRY ========
[EQ][DEBUG] Checking HT-SIG parse condition: d_sym_idx=26, kHtSig1Rel=5, d_have_ht_header=0
[EQ][DEBUG] valid flags: lltf0=1, lltf1=1, lsig=1, htsig0=1, htsig1=1
[EQ][WHILE_LOOP] iter consumed=3, d_sym_idx=27
[EQ][GATE_DETAIL] d_sym_idx=26, kHtSig1Rel=5, d_have_ht_header=0
[EQ][GATE_DETAIL] valid flags: lltf0=1 lltf1=1 lsig=1 htsig0=1 htsig1=1
[EQ][FLOW] abs=493 wifi_start=0 in_frame=1 sym_idx=27 consumed=3 produced=0
[EQ][PRE_EXTRACT] d_sym_idx=27, in_frame=1
[EQ][POST_EQUALIZE] d_sym_idx=27
[EQ][STDERR_DIRECT] Entering direct mixed-mode header detection
[EQ][IDX_CHECK] d_sym_idx=27, condition=0
[EQ][DIRECT_PATH] Entering direct mixed-mode header detection
[EQ][STDERR_BEFORE_GATE] Reached before gate check
[EQ][BEFORE_GATE] Reached before gate check
[EQ][TEST_INSERT] Added new debug output
[EQ][DEBUG_TEST] ======== DEBUG ENTRY ========
[EQ][DEBUG] Checking HT-SIG parse condition: d_sym_idx=27, kHtSig1Rel=5, d_have_ht_header=0
[EQ][DEBUG] valid flags: lltf0=1, lltf1=1, lsig=1, htsig0=1, htsig1=1
[EQ][WHILE_LOOP] iter consumed=4, d_sym_idx=28
[EQ][GATE_DETAIL] d_sym_idx=27, kHtSig1Rel=5, d_have_ht_header=0
[EQ][GATE_DETAIL] valid flags: lltf0=1 lltf1=1 lsig=1 htsig0=1 htsig1=1
[EQ][FLOW] abs=494 wifi_start=0 in_frame=1 sym_idx=28 consumed=4 produced=0
[EQ][PRE_EXTRACT] d_sym_idx=28, in_frame=1
[EQ][POST_EQUALIZE] d_sym_idx=28
[EQ][STDERR_DIRECT] Entering direct mixed-mode header detection
[EQ][IDX_CHECK] d_sym_idx=28, condition=0
[EQ][DIRECT_PATH] Entering direct mixed-mode header detection
[EQ][STDERR_BEFORE_GATE] Reached before gate check
[EQ][BEFORE_GATE] Reached before gate check
[EQ][TEST_INSERT] Added new debug output
[EQ][DEBUG_TEST] ======== DEBUG ENTRY ========
[EQ][DEBUG] Checking HT-SIG parse condition: d_sym_idx=28, kHtSig1Rel=5, d_have_ht_header=0
[EQ][DEBUG] valid flags: lltf0=1, lltf1=1, lsig=1, htsig0=1, htsig1=1
[EQ][WHILE_LOOP] iter consumed=5, d_sym_idx=29
[EQ][GATE_DETAIL] d_sym_idx=28, kHtSig1Rel=5, d_have_ht_header=0
[EQ][GATE_DETAIL] valid flags: lltf0=1 lltf1=1 lsig=1 htsig0=1 htsig1=1
[EQ][FLOW] abs=495 wifi_start=0 in_frame=1 sym_idx=29 consumed=5 produced=0
[EQ][PRE_EXTRACT] d_sym_idx=29, in_frame=1
[EQ][POST_EQUALIZE] d_sym_idx=29
[EQ][STDERR_DIRECT] Entering direct mixed-mode header detection
[EQ][IDX_CHECK] d_sym_idx=29, condition=0
[EQ][DIRECT_PATH] Entering direct mixed-mode header detection
[EQ][STDERR_BEFORE_GATE] Reached before gate check
[EQ][BEFORE_GATE] Reached before gate check
[EQ][TEST_INSERT] Added new debug output
[EQ][DEBUG_TEST] ======== DEBUG ENTRY ========
[EQ][DEBUG] Checking HT-SIG parse condition: d_sym_idx=29, kHtSig1Rel=5, d_have_ht_header=0
[EQ][DEBUG] valid flags: lltf0=1, lltf1=1, lsig=1, htsig0=1, htsig1=1
[EQ][WHILE_LOOP] iter consumed=6, d_sym_idx=30
[EQ][GATE_DETAIL] d_sym_idx=29, kHtSig1Rel=5, d_have_ht_header=0
[EQ][GATE_DETAIL] valid flags: lltf0=1 lltf1=1 lsig=1 htsig0=1 htsig1=1
[EQ][FLOW] abs=496 wifi_start=0 in_frame=1 sym_idx=30 consumed=6 produced=0
[EQ][PRE_EXTRACT] d_sym_idx=30, in_frame=1
[EQ][POST_EQUALIZE] d_sym_idx=30
[EQ][STDERR_DIRECT] Entering direct mixed-mode header detection
[EQ][IDX_CHECK] d_sym_idx=30, condition=0
[EQ][DIRECT_PATH] Entering direct mixed-mode header detection
[EQ][STDERR_BEFORE_GATE] Reached before gate check
[EQ][BEFORE_GATE] Reached before gate check
[EQ][TEST_INSERT] Added new debug output
[EQ][DEBUG_TEST] ======== DEBUG ENTRY ========
[EQ][DEBUG] Checking HT-SIG parse condition: d_sym_idx=30, kHtSig1Rel=5, d_have_ht_header=0
[EQ][DEBUG] valid flags: lltf0=1, lltf1=1, lsig=1, htsig0=1, htsig1=1
[EQ][WHILE_LOOP] iter consumed=7, d_sym_idx=31
[EQ][GATE_DETAIL] d_sym_idx=30, kHtSig1Rel=5, d_have_ht_header=0
[EQ][GATE_DETAIL] valid flags: lltf0=1 lltf1=1 lsig=1 htsig0=1 htsig1=1
[EQ][FLOW] abs=497 wifi_start=0 in_frame=1 sym_idx=31 consumed=7 produced=0
[EQ][PRE_EXTRACT] d_sym_idx=31, in_frame=1
[EQ][POST_EQUALIZE] d_sym_idx=31
[EQ][STDERR_DIRECT] Entering direct mixed-mode header detection
[EQ][IDX_CHECK] d_sym_idx=31, condition=0
[EQ][DIRECT_PATH] Entering direct mixed-mode header detection
[EQ][STDERR_BEFORE_GATE] Reached before gate check
[EQ][BEFORE_GATE] Reached before gate check
[EQ][TEST_INSERT] Added new debug output
[EQ][DEBUG_TEST] ======== DEBUG ENTRY ========
[EQ][DEBUG] Checking HT-SIG parse condition: d_sym_idx=31, kHtSig1Rel=5, d_have_ht_header=0
[EQ][DEBUG] valid flags: lltf0=1, lltf1=1, lsig=1, htsig0=1, htsig1=1
[EQ][WHILE_LOOP] iter consumed=8, d_sym_idx=32
[EQ][GATE_DETAIL] d_sym_idx=31, kHtSig1Rel=5, d_have_ht_header=0
[EQ][GATE_DETAIL] valid flags: lltf0=1 lltf1=1 lsig=1 htsig0=1 htsig1=1
[EQ][FLOW] abs=498 wifi_start=0 in_frame=1 sym_idx=32 consumed=8 produced=0
[EQ][PRE_EXTRACT] d_sym_idx=32, in_frame=1
[EQ][POST_EQUALIZE] d_sym_idx=32
[EQ][STDERR_DIRECT] Entering direct mixed-mode header detection
[EQ][IDX_CHECK] d_sym_idx=32, condition=0
[EQ][DIRECT_PATH] Entering direct mixed-mode header detection
[EQ][STDERR_BEFORE_GATE] Reached before gate check
[EQ][BEFORE_GATE] Reached before gate check
[EQ][TEST_INSERT] Added new debug output
[EQ][DEBUG_TEST] ======== DEBUG ENTRY ========
[EQ][DEBUG] Checking HT-SIG parse condition: d_sym_idx=32, kHtSig1Rel=5, d_have_ht_header=0
[EQ][DEBUG] valid flags: lltf0=1, lltf1=1, lsig=1, htsig0=1, htsig1=1
[EQ][WHILE_LOOP] iter consumed=9, d_sym_idx=33
[EQ][GATE_DETAIL] d_sym_idx=32, kHtSig1Rel=5, d_have_ht_header=0
[EQ][GATE_DETAIL] valid flags: lltf0=1 lltf1=1 lsig=1 htsig0=1 htsig1=1
[EQ][FLOW] abs=499 wifi_start=0 in_frame=1 sym_idx=33 consumed=9 produced=0
[EQ][PRE_EXTRACT] d_sym_idx=33, in_frame=1
[EQ][POST_EQUALIZE] d_sym_idx=33
[EQ][STDERR_DIRECT] Entering direct mixed-mode header detection
[EQ][IDX_CHECK] d_sym_idx=33, condition=0
[EQ][DIRECT_PATH] Entering direct mixed-mode header detection
[EQ][STDERR_BEFORE_GATE] Reached before gate check
[EQ][BEFORE_GATE] Reached before gate check
[EQ][TEST_INSERT] Added new debug output
[EQ][DEBUG_TEST] ======== DEBUG ENTRY ========
[EQ][DEBUG] Checking HT-SIG parse condition: d_sym_idx=33, kHtSig1Rel=5, d_have_ht_header=0
[EQ][DEBUG] valid flags: lltf0=1, lltf1=1, lsig=1, htsig0=1, htsig1=1
[EQ][WHILE_LOOP] iter consumed=10, d_sym_idx=34
[EQ][GATE_DETAIL] d_sym_idx=33, kHtSig1Rel=5, d_have_ht_header=0
[EQ][GATE_DETAIL] valid flags: lltf0=1 lltf1=1 lsig=1 htsig0=1 htsig1=1
[EQ][FLOW] abs=500 wifi_start=0 in_frame=1 sym_idx=34 consumed=10 produced=0
[EQ][PRE_EXTRACT] d_sym_idx=34, in_frame=1
[EQ][POST_EQUALIZE] d_sym_idx=34
[EQ][STDERR_DIRECT] Entering direct mixed-mode header detection
[EQ][IDX_CHECK] d_sym_idx=34, condition=0
[EQ][DIRECT_PATH] Entering direct mixed-mode header detection
[EQ][STDERR_BEFORE_GATE] Reached before gate check
[EQ][BEFORE_GATE] Reached before gate check
[EQ][TEST_INSERT] Added new debug output
[EQ][DEBUG_TEST] ======== DEBUG ENTRY ========
[EQ][DEBUG] Checking HT-SIG parse condition: d_sym_idx=34, kHtSig1Rel=5, d_have_ht_header=0
[EQ][DEBUG] valid flags: lltf0=1, lltf1=1, lsig=1, htsig0=1, htsig1=1
[EQ][WHILE_LOOP] iter consumed=11, d_sym_idx=35
[EQ][GATE_DETAIL] d_sym_idx=34, kHtSig1Rel=5, d_have_ht_header=0
[EQ][GATE_DETAIL] valid flags: lltf0=1 lltf1=1 lsig=1 htsig0=1 htsig1=1
[EQ][FLOW] abs=501 wifi_start=0 in_frame=1 sym_idx=35 consumed=11 produced=0
[EQ][PRE_EXTRACT] d_sym_idx=35, in_frame=1
[EQ][POST_EQUALIZE] d_sym_idx=35
[EQ][STDERR_DIRECT] Entering direct mixed-mode header detection
[EQ][IDX_CHECK] d_sym_idx=35, condition=0
[EQ][DIRECT_PATH] Entering direct mixed-mode header detection
[EQ][STDERR_BEFORE_GATE] Reached before gate check
[EQ][BEFORE_GATE] Reached before gate check
[EQ][TEST_INSERT] Added new debug output
[EQ][DEBUG_TEST] ======== DEBUG ENTRY ========
[EQ][DEBUG] Checking HT-SIG parse condition: d_sym_idx=35, kHtSig1Rel=5, d_have_ht_header=0
[EQ][DEBUG] valid flags: lltf0=1, lltf1=1, lsig=1, htsig0=1, htsig1=1
[EQ][WHILE_LOOP] iter consumed=12, d_sym_idx=36
[EQ][PRE_EXTRACT] d_sym_idx=36, in_frame=1
[EQ][POST_EQUALIZE] d_sym_idx=36
[EQ][STDERR_DIRECT] Entering direct mixed-mode header detection
[EQ][GATE_DETAIL] d_sym_idx=35, kHtSig1Rel=5, d_have_ht_header=0
[EQ][GATE_DETAIL] valid flags: lltf0=1 lltf1=1 lsig=1 htsig0=1 htsig1=1
[EQ][IDX_CHECK] d_sym_idx=36, condition=0
[EQ][DIRECT_PATH] Entering direct mixed-mode header detection
[EQ][STDERR_BEFORE_GATE] Reached before gate check
[EQ][BEFORE_GATE] Reached before gate check
[EQ][TEST_INSERT] Added new debug output
[EQ][DEBUG_TEST] ======== DEBUG ENTRY ========
[EQ][DEBUG] Checking HT-SIG parse condition: d_sym_idx=36, kHtSig1Rel=5, d_have_ht_header=0
[EQ][DEBUG] valid flags: lltf0=1, lltf1=1, lsig=1, htsig0=1, htsig1=1
[EQ][WHILE_LOOP] iter consumed=13, d_sym_idx=37
[EQ][PRE_EXTRACT] d_sym_idx=37, in_frame=1
[EQ][POST_EQUALIZE] d_sym_idx=37
[EQ][STDERR_DIRECT] Entering direct mixed-mode header detection
[EQ][GATE_DETAIL] d_sym_idx=36, kHtSig1Rel=5, d_have_ht_header=0
[EQ][GATE_DETAIL] valid flags: lltf0=1 lltf1=1 lsig=1 htsig0=1 htsig1=1
[EQ][IDX_CHECK] d_sym_idx=37, condition=0
[EQ][DIRECT_PATH] Entering direct mixed-mode header detection
[EQ][STDERR_BEFORE_GATE] Reached before gate check
[EQ][BEFORE_GATE] Reached before gate check
[EQ][TEST_INSERT] Added new debug output
[EQ][DEBUG_TEST] ======== DEBUG ENTRY ========
[EQ][DEBUG] Checking HT-SIG parse condition: d_sym_idx=37, kHtSig1Rel=5, d_have_ht_header=0
[EQ][DEBUG] valid flags: lltf0=1, lltf1=1, lsig=1, htsig0=1, htsig1=1
[EQ][WHILE_LOOP] iter consumed=14, d_sym_idx=38
[EQ][PRE_EXTRACT] d_sym_idx=38, in_frame=1
[EQ][POST_EQUALIZE] d_sym_idx=38
[EQ][STDERR_DIRECT] Entering direct mixed-mode header detection
[EQ][GATE_DETAIL] d_sym_idx=37, kHtSig1Rel=5, d_have_ht_header=0
[EQ][GATE_DETAIL] valid flags: lltf0=1 lltf1=1 lsig=1 htsig0=1 htsig1=1
[EQ][IDX_CHECK] d_sym_idx=38, condition=0
[EQ][DIRECT_PATH] Entering direct mixed-mode header detection
[EQ][STDERR_BEFORE_GATE] Reached before gate check
[EQ][BEFORE_GATE] Reached before gate check
[EQ][TEST_INSERT] Added new debug output
[EQ][DEBUG_TEST] ======== DEBUG ENTRY ========
[EQ][DEBUG] Checking HT-SIG parse condition: d_sym_idx=38, kHtSig1Rel=5, d_have_ht_header=0
[EQ][DEBUG] valid flags: lltf0=1, lltf1=1, lsig=1, htsig0=1, htsig1=1
[EQ][WHILE_LOOP] iter consumed=15, d_sym_idx=39
[EQ][PRE_EXTRACT] d_sym_idx=39, in_frame=1
[EQ][POST_EQUALIZE] d_sym_idx=39
[EQ][STDERR_DIRECT] Entering direct mixed-mode header detection
[EQ][GATE_DETAIL] d_sym_idx=38, kHtSig1Rel=5, d_have_ht_header=0
[EQ][GATE_DETAIL] valid flags: lltf0=1 lltf1=1 lsig=1 htsig0=1 htsig1=1
[EQ][IDX_CHECK] d_sym_idx=39, condition=0
[EQ][DIRECT_PATH] Entering direct mixed-mode header detection
[EQ][STDERR_BEFORE_GATE] Reached before gate check
[EQ][BEFORE_GATE] Reached before gate check
[EQ][TEST_INSERT] Added new debug output
[EQ][DEBUG_TEST] ======== DEBUG ENTRY ========
[EQ][DEBUG] Checking HT-SIG parse condition: d_sym_idx=39, kHtSig1Rel=5, d_have_ht_header=0
[EQ][DEBUG] valid flags: lltf0=1, lltf1=1, lsig=1, htsig0=1, htsig1=1
[EQ][WHILE_LOOP] iter consumed=16, d_sym_idx=40
[EQ][PRE_EXTRACT] d_sym_idx=40, in_frame=1
[EQ][POST_EQUALIZE] d_sym_idx=40
[EQ][STDERR_DIRECT] Entering direct mixed-mode header detection
[EQ][GATE_DETAIL] d_sym_idx=39, kHtSig1Rel=5, d_have_ht_header=0
[EQ][GATE_DETAIL] valid flags: lltf0=1 lltf1=1 lsig=1 htsig0=1 htsig1=1
[EQ][IDX_CHECK] d_sym_idx=40, condition=0
[EQ][DIRECT_PATH] Entering direct mixed-mode header detection
[EQ][STDERR_BEFORE_GATE] Reached before gate check
[EQ][BEFORE_GATE] Reached before gate check
[EQ][TEST_INSERT] Added new debug output
[EQ][DEBUG_TEST] ======== DEBUG ENTRY ========
[EQ][DEBUG] Checking HT-SIG parse condition: d_sym_idx=40, kHtSig1Rel=5, d_have_ht_header=0
[EQ][DEBUG] valid flags: lltf0=1, lltf1=1, lsig=1, htsig0=1, htsig1=1
[EQ][WHILE_LOOP] iter consumed=17, d_sym_idx=41
[EQ][PRE_EXTRACT] d_sym_idx=41, in_frame=1
[EQ][POST_EQUALIZE] d_sym_idx=41
[EQ][STDERR_DIRECT] Entering direct mixed-mode header detection
[EQ][GATE_DETAIL] d_sym_idx=40, kHtSig1Rel=5, d_have_ht_header=0
[EQ][GATE_DETAIL] valid flags: lltf0=1 lltf1=1 lsig=1 htsig0=1 htsig1=1
[EQ][IDX_CHECK] d_sym_idx=41, condition=0
[EQ][DIRECT_PATH] Entering direct mixed-mode header detection
[EQ][STDERR_BEFORE_GATE] Reached before gate check
[EQ][BEFORE_GATE] Reached before gate check
[EQ][TEST_INSERT] Added new debug output
[EQ][DEBUG_TEST] ======== DEBUG ENTRY ========
[EQ][DEBUG] Checking HT-SIG parse condition: d_sym_idx=41, kHtSig1Rel=5, d_have_ht_header=0
[EQ][DEBUG] valid flags: lltf0=1, lltf1=1, lsig=1, htsig0=1, htsig1=1
[EQ][WHILE_LOOP] iter consumed=18, d_sym_idx=42
[EQ][PRE_EXTRACT] d_sym_idx=42, in_frame=1
[EQ][POST_EQUALIZE] d_sym_idx=42
[EQ][STDERR_DIRECT] Entering direct mixed-mode header detection
[EQ][GATE_DETAIL] d_sym_idx=41, kHtSig1Rel=5, d_have_ht_header=0
[EQ][GATE_DETAIL] valid flags: lltf0=1 lltf1=1 lsig=1 htsig0=1 htsig1=1
[EQ][IDX_CHECK] d_sym_idx=42, condition=0
[EQ][DIRECT_PATH] Entering direct mixed-mode header detection
[EQ][STDERR_BEFORE_GATE] Reached before gate check
[EQ][BEFORE_GATE] Reached before gate check
[EQ][TEST_INSERT] Added new debug output
[EQ][DEBUG_TEST] ======== DEBUG ENTRY ========
[EQ][DEBUG] Checking HT-SIG parse condition: d_sym_idx=42, kHtSig1Rel=5, d_have_ht_header=0
[EQ][DEBUG] valid flags: lltf0=1, lltf1=1, lsig=1, htsig0=1, htsig1=1
[EQ][GATE_DETAIL] d_sym_idx=42, kHtSig1Rel=5, d_have_ht_header=0
[EQ][GATE_DETAIL] valid flags: lltf0=1 lltf1=1 lsig=1 htsig0=1 htsig1=1
[MAPPER] handle_msg called
message_debug :info: The `print_pdu` port is deprecated and will be removed; forwarding to `print`.
[MAPPER] meta=***** VERBOSE PDU DEBUG PRINT ******
((encoding . 0) (crc_included . #t))
pdu length =         38 bytes
pdu vector contents = 
0000: 08 00 00 00 42 42 42 42 42 42 23 23 23 23 23 23 
0010: ff ff ff ff ff ff 40 01 78 78 78 78 78 78 78 78 
0020: 78 78 5f ea 9c 3c 
************************************
((encoding . 0) (crc_included . #t))
[MAPPER] meta fields: mcs=0 len=-1 psdu_len=-1
[MAPPER] using MCS=0
[MAPPER] HT mode enabled, effective MCS: 0
[TX][HTDATA0][PUNCTURED] bits52=0011100110101110111001101001110100000100000011111101
[TX][HTDATA0][INTERLEAVED] bits52=0100011010101110110001110001100111010101100101101001
[TX][HTDATA0] bits52=0100011010101110110001110001100111010101100101101001
[TX][PUNCTURED-ALL] nbits=676 first64=0011100110101110111001101001110100000100000011111101111010100011 last64=0100100101110010010100001001101110110000000011010001011100000100
[TX][INTERLEAVED-ALL] nbits=676 first64=0100011010101110110001110001100111010101100101101001100010101111 last64=1001001100010001000011010101000111000110111000000110010100001000
[TX][HTDATA0][PUNCTURED] keep existing first-frame reference /tmp/wifi_tx_punctured0_bits52.txt
[TX][HTDATA0][INTERLEAVED] keep existing first-frame reference /tmp/wifi_tx_interleaved0_bits52.txt
[TX][HTDATA0] keep existing first-frame reference /tmp/wifi_tx_data0_bits52.txt
[TX][PUNCTURED-ALL] keep existing first-frame reference /tmp/wifi_tx_punctured_all_bits.txt
[TX][INTERLEAVED-ALL] keep existing first-frame reference /tmp/wifi_tx_interleaved_all_bits.txt
[TX][PUNCTURED-ALL] updated /tmp/wifi_tx_punctured_all_bits.last.txt
[TX][INTERLEAVED-ALL] updated /tmp/wifi_tx_interleaved_all_bits.last.txt
[MAPPER] frame: ht_mode=1 psdu=38 n_sym=13 n_data_bits=338 n_encoded_bits=676 data_carriers=52 out_symbols=676
[HT-HEADER] general_work called ninput=676 noutput=32688
[TX][LSIG] raw24=110100110010000000000000
[TX][LSIG] enc48=110110001010100111001100100011011100000000000000
[TX][LSIG] intl48=110011011001000011010100011000000010011001100000
[TX][HTSIG] fields: mcs=0 len=38 bw40=0 agg=0 sgi=0 stbc=0 adv=0 nltf=0 crc=0x0d
[TX][HTSIG] raw48=000000000110010000000000000000000010110000000000
[TX][HTSIG] enc96=000000000000000000110110111100100011011100000000000000000000000000001110111001101110101100000000
[TX][HTSIG] intl96=000000111110010000000011100110000000000010011000000000011011110000000001100100000000001011101000
[TX][HTHDR][OUTBUF] lsig48=110011011001000011010100011000000010011001100000
[TX][HTHDR][OUTBUF] htsig1_48=000000111110010000000011100110000000000010011000
[TX][HTHDR][OUTBUF] htsig2_48=000000011011110000000001100100000000001011101000
[SYNC-SHORT] general_work called: noutput=2048 ninput=2288 threshold=0.010 state=1
sync_short :info: frame start at in: 45027 out: 45554
SHORT Frame!
SHORT copied 370
[SYNC-SHORT] general_work called: noutput=1024 ninput=1918 threshold=0.010 state=1
[SYNC-LONG] general_work: ninput[0]=370 ninput[1]=320 noutput=256 state=1
LONG ninput[0] 370   ninput[1] 320  noutput 256   state 1
sync_short :info: frame start at in: 45508 out: 46035
SHORT Frame!
produced : SHORT copied 256481
 consumed: 320
[SYNC-LONG] general_work: ninput[0]=50 ninput[1]=352 noutput=32 state=1
LONG ninput[0] 50   ninput[1] 352  noutput 32   state 1
[SYNC-SHORT] general_work called: noutput=1024 ninput=1437 threshold=0.010 state=1
produced : 32 consumed: 32
[SYNC-LONG] general_work: ninput[0]=499 ninput[1]=816 noutput=256 state=1
LONG ninput[0] 499   ninput[1] 816  noutput 256   state 1
produced : 7 consumed: 18
sync_short :info: frame start at in: 45989 out: 46516
[SYNC-LONG] general_work: ninput[0]=481 ninput[1]=801 noutput=256 state=1
SHORT Frame!
SHORT copied 481
[SYNC-SHORT] general_work called: noutput=512 ninput=956 threshold=0.010 state=1
LONG ninput[0] 481   ninput[1] 801  noutput 256   state 1
[SYNC-LONG] Received wifi_start tag: freq_offset=0.071 offset=45027 nread=45027
produced : 0 consumed: 0
[SYNC-LONG] general_work: ninput[0]=962 ninput[1]=801 noutput=4096 state=0
LONG ninput[0] 962   ninput[1] 801  noutput 4096   state 0
[SYNC-LONG] Received wifi_start tag: freq_offset=0.071 offset=45027 nread=45027
[EQ][ENTER] general_work called nin=5 nout=256
sync_short :info: frame start at in: 46470 out: 46997
SHORT Frame!
[EQ][WHILE_ENTER] consumed=0, n_in=5
SHORT copied 481
[EQ][WHILE_LOOP] iter consumed=0, d_sym_idx=43
[SYNC-SHORT] general_work called: noutput=256 ninput=475 threshold=0.010 state=1
[EQ][FLOW] abs=509 wifi_start=0 in_frame=1 sym_idx=43 consumed=0 produced=0
[EQ][PRE_EXTRACT] d_sym_idx=43, in_frame=1
[EQ][POST_EQUALIZE] d_sym_idx=43
[EQ][STDERR_DIRECT] Entering direct mixed-mode header detection
[EQ][IDX_CHECK] d_sym_idx=43, condition=0
[EQ][DIRECT_PATH] Entering direct mixed-mode header detection
[EQ][STDERR_BEFORE_GATE] Reached before gate check
[EQ][BEFORE_GATE] Reached before gate check
[EQ][TEST_INSERT] Added new debug output
[EQ][DEBUG_TEST] ======== DEBUG ENTRY ========
[EQ][DEBUG] Checking HT-SIG parse condition: d_sym_idx=43, kHtSig1Rel=5, d_have_ht_header=0
[EQ][DEBUG] valid flags: lltf0=1, lltf1=1, lsig=1, htsig0=1, htsig1=1
[EQ][WHILE_LOOP] iter consumed=1, d_sym_idx=44
[EQ][GATE_DETAIL] d_sym_idx=43, kHtSig1Rel=5, d_have_ht_header=0
[EQ][GATE_DETAIL] valid flags: lltf0=1 lltf1=1 lsig=1 htsig0=1 htsig1=1
SHORT copied 256
[SYNC-SHORT] general_work called: noutput=128 ninput=219 threshold=0.010 state=1
[EQ][FLOW] abs=510 wifi_start=0 in_frame=1 sym_idx=44 consumed=1 produced=0
[EQ][PRE_EXTRACT] d_sym_idx=44, in_frame=1
[EQ][POST_EQUALIZE] d_sym_idx=44
[EQ][STDERR_DIRECT] Entering direct mixed-mode header detection
[EQ][IDX_CHECK] d_sym_idx=44, condition=0
[EQ][DIRECT_PATH] Entering direct mixed-mode header detection
[EQ][STDERR_BEFORE_GATE] Reached before gate check
SHORT copied [EQ][BEFORE_GATE] Reached before gate check
[EQ][TEST_INSERT] Added new debug output
[EQ][DEBUG_TEST] ======== DEBUG ENTRY ========
[EQ][DEBUG] Checking HT-SIG parse condition: d_sym_idx=44, kHtSig1Rel=5, d_have_ht_header=0
[EQ][DEBUG] valid flags: lltf0=1, lltf1=1, lsig=1, htsig0=1, htsig1=1
[EQ][WHILE_LOOP] iter consumed=2, d_sym_idx=45
[EQ][GATE_DETAIL] d_sym_idx=44, kHtSig1Rel=5, d_have_ht_header=0
[EQ][GATE_DETAIL] valid flags: lltf0=1 lltf1=1 lsig=1 htsig0=1 htsig1=1
[EQ][FLOW] abs=511 wifi_start=0 in_frame=1 sym_idx=45 consumed=2 produced=0
[EQ][PRE_EXTRACT] d_sym_idx=45, in_frame=1
[EQ][POST_EQUALIZE] d_sym_idx=45
[EQ][IDX_CHECK] d_sym_idx=45, condition=0
128
[EQ][STDERR_DIRECT] Entering direct mixed-mode header detection
sync_long :info: LONG: frame start at 320
[SYNC-SHORT] general_work called: noutput=64 ninput=91 threshold=0.010 state=1
produced : 0 consumed: 320
SHORT copied 64
[SYNC-LONG] general_work: ninput[0]=1507 ninput[1]=1699 noutput=1024 state=1
LONG ninput[0] 1507   ninput[1] 1699  noutput 1024   state 1
[SYNC-SHORT] general_work called: noutput=8 ninput=27 threshold=0.010 state=1
[EQ][DIRECT_PATH] Entering direct mixed-mode header detection
[EQ][STDERR_BEFORE_GATE] Reached before gate check
[EQ][BEFORE_GATE] Reached before gate check
[EQ][TEST_INSERT] Added new debug output
[EQ][DEBUG_TEST] ======== DEBUG ENTRY ========
[EQ][DEBUG] Checking HT-SIG parse condition: d_sym_idx=45, kHtSig1Rel=5, d_have_ht_header=0
[EQ][DEBUG] valid flags: lltf0=1, lltf1=1, lsig=1, htsig0=1, htsig1=1
[EQ][WHILE_LOOP] iter consumed=3, d_sym_idx=46
[EQ][GATE_DETAIL] d_sym_idx=45, kHtSig1Rel=5, d_have_ht_header=0
[EQ][GATE_DETAIL] valid flags: lltf0=1 lltf1=1 lsig=1 htsig0=1 htsig1=1
[EQ][FLOW] abs=512 wifi_start=0 in_frame=1 sym_idx=46 consumed=3 produced=0
[EQ][PRE_EXTRACT] d_sym_idx=46, in_frame=1
[EQ][POST_EQUALIZE] d_sym_idx=46
[EQ][STDERR_DIRECT] Entering direct mixed-mode header detection
[EQ][IDX_CHECK] d_sym_idx=46, condition=0
[EQ][DIRECT_PATH] Entering direct mixed-mode header detection
[EQ][STDERR_BEFORE_GATE] Reached before gate check
[EQ][BEFORE_GATE] Reached before gate check
[EQ][TEST_INSERT] Added new debug output
[EQ][DEBUG_TEST] ======== DEBUG ENTRY ========
[EQ][DEBUG] Checking HT-SIG parse condition: d_sym_idx=46, kHtSig1Rel=5, d_have_ht_header=0
[EQ][DEBUG] valid flags: lltf0=1, lltf1=1, lsig=1, htsig0=1, htsig1=1
[EQ][WHILE_LOOP] iter consumed=4, d_sym_idx=47
[EQ][GATE_DETAIL] d_sym_idx=46, kHtSig1Rel=5, d_have_ht_header=0
[EQ][GATE_DETAIL] valid flags: lltf0=1 lltf1=1 lsig=1 htsig0=1 htsig1=1
[EQ][FLOW] abs=513 wifi_start=0 in_frame=1 sym_idx=47 consumed=4 produced=0
[EQ][PRE_EXTRACT] d_sym_idx=47, in_frame=1
SHORT copied [EQ][IDX_CHECK] d_sym_idx=47, condition=0
8
[EQ][POST_EQUALIZE] d_sym_idx=47
[EQ][STDERR_DIRECT] Entering direct mixed-mode header detection
[EQ][DIRECT_PATH] Entering direct mixed-mode header detection
[EQ][STDERR_BEFORE_GATE] Reached before gate check
[EQ][BEFORE_GATE] Reached before gate check
[SYNC-SHORT] general_work called: noutput=2 ninput=19 threshold=0.010 state=1
[EQ][TEST_INSERT] Added new debug output
[EQ][DEBUG_TEST] ======== DEBUG ENTRY ========
[EQ][DEBUG] Checking HT-SIG parse condition: d_sym_idx=47, kHtSig1Rel=5, d_have_ht_header=0
[EQ][DEBUG] valid flags: lltf0=1, lltf1=1, lsig=1, htsig0=1, htsig1=1
[EQ][GATE_DETAIL] d_sym_idx=47, kHtSig1Rel=5, d_have_ht_header=0
SHORT copied 2[EQ][GATE_DETAIL] valid flags: lltf0=1 lltf1=1 lsig=1 htsig0=1 htsig1=1

[SYNC-SHORT] general_work called: noutput=1 ninput=17 threshold=0.010 state=1
produced : 0 consumed: 161
[SYNC-LONG] general_work: ninput[0]=1420 ninput[1]=1730 noutput=1024 state=1
LONG ninput[0] 1420   ninput[1] 1730  noutput 1024   state 1
[SYNC-LONG] Received wifi_start tag: freq_offset=0.152 offset=45508 nread=45508
SHORT copied LONG: ignore retrigger tag during COPY nread=45508 d_count=10
 guard=3072 tag_offset=45508
produced : 1024 consumed: 1407
[SYNC-LONG] general_work: ninput[0]=14 ninput[1]=334 noutput=8 state=1
LONG ninput[0] 14   ninput[1] 334  noutput 8   state 1
produced : 0 consumed: 14
[EQ][ENTER] general_work called nin=16 nout=512

----------------------------------------------------------------------
Tag Debug: 
Input Stream: 00
  Offset: 32896  Source: sync_long     Key: wifi_start   Value: 0.100078
----------------------------------------------------------------------
[EQ][TAG] wifi_start at offset=514 freq_offset=0.100078
[EQ][WHILE_ENTER] consumed=0, n_in=16
[EQ][WHILE_LOOP] iter consumed=0, d_sym_idx=48

----------------------------------------------------------------------
Tag Debug: eq_in_tagdbg
Input Stream: 00
  Offset: 514  Source: sync_long     Key: wifi_start   Value: 0.100078
----------------------------------------------------------------------
[EQ][FLOW] abs=514 wifi_start=1 in_frame=1 sym_idx=48 consumed=0 produced=0
[EQ][FLOW] frame-takeover abs=514 allow=1
[EQ][PRE_EXTRACT] d_sym_idx=0, in_frame=1
[EXTRACT_CALL] sym_idx=0, type=OTHER
[EQ][IDX_CHECK] d_sym_idx=0, condition=1
[EQ][VALID_SET] d_sym_idx=0, valid=1
[EQ][SYM_IDX] sym_idx=0, type=UNKNOWN
[EQ][POST_EQUALIZE] d_sym_idx=0
[EQ][RAW_BITS] sym_idx=0 bits52=0000000000000000000000000000000000000000000000000000
[EQ][STDERR_DIRECT] Entering direct mixed-mode header detection
[EQ][DIRECT_PATH] Entering direct mixed-mode header detection
[EQ][STDERR_BEFORE_GATE] Reached before gate check
[EQ][BEFORE_GATE] Reached before gate check
[EQ][TEST_INSERT] Added new debug output
[EQ][DEBUG_TEST] ======== DEBUG ENTRY ========
[EQ][DEBUG] Checking HT-SIG parse condition: d_sym_idx=0, kHtSig1Rel=5, d_have_ht_header=0
[EQ][DEBUG] valid flags: lltf0=0, lltf1=0, lsig=0, htsig0=0, htsig1=0
[EQ][WHILE_LOOP] iter consumed=1, d_sym_idx=1
[EQ][GATE_DETAIL] d_sym_idx=0, kHtSig1Rel=5, d_have_ht_header=0
[EQ][GATE_DETAIL] valid flags: lltf0=0 lltf1=0 lsig=0 htsig0=0 htsig1=0
[EQ][FLOW] abs=515 wifi_start=0 in_frame=1 sym_idx=1 consumed=1 produced=0
[EQ][PRE_EXTRACT] d_sym_idx=1, in_frame=1
[EXTRACT_CALL] sym_idx=1, type=L-LTF0
[EQ][IDX_CHECK] d_sym_idx=1, condition=1
[EQ][VALID_SET] d_sym_idx=1, valid=1
[EQ][SYM_IDX] sym_idx=1, type=L-LTF0
[EQ][POST_EQUALIZE] d_sym_idx=1
[EQ][RAW_BITS] sym_idx=1 bits52=0000000000000000000000000000000000000000000000000000
[EQ][STDERR_DIRECT] Entering direct mixed-mode header detection
[EQ][DIRECT_PATH] Entering direct mixed-mode header detection
[EQ][STDERR_BEFORE_GATE] Reached before gate check
[EQ][BEFORE_GATE] Reached before gate check
[EQ][TEST_INSERT] Added new debug output
[EQ][DEBUG_TEST] ======== DEBUG ENTRY ========
[EQ][DEBUG] Checking HT-SIG parse condition: d_sym_idx=1, kHtSig1Rel=5, d_have_ht_header=0
[EQ][DEBUG] valid flags: lltf0=1, lltf1=0, lsig=0, htsig0=0, htsig1=0
[EQ][WHILE_LOOP] iter consumed=2, d_sym_idx=2
[EQ][GATE_DETAIL] d_sym_idx=1, kHtSig1Rel=5, d_have_ht_header=0
[EQ][GATE_DETAIL] valid flags: lltf0=1 lltf1=0 lsig=0 htsig0=0 htsig1=0
[EQ][FLOW] abs=516 wifi_start=0 in_frame=1 sym_idx=2 consumed=2 produced=0
[EQ][PRE_EXTRACT] d_sym_idx=2, in_frame=1
[EXTRACT_CALL] sym_idx=2, type=L-LTF1
[EQ][IDX_CHECK] d_sym_idx=2, condition=1
[EQ][VALID_SET] d_sym_idx=2, valid=1
[EQ][SYM_IDX] sym_idx=2, type=L-LTF1
[EQ][POST_EQUALIZE] d_sym_idx=2
[EQ][RAW_BITS] sym_idx=2 bits52=0011111000011111100010101101011000111101011100111011
[EQ][STDERR_DIRECT] Entering direct mixed-mode header detection
[EQ][DIRECT_PATH] Entering direct mixed-mode header detection
[EQ][STDERR_BEFORE_GATE] Reached before gate check
[EQ][BEFORE_GATE] Reached before gate check
[EQ][TEST_INSERT] Added new debug output
[EQ][DEBUG_TEST] ======== DEBUG ENTRY ========
[EQ][DEBUG] Checking HT-SIG parse condition: d_sym_idx=2, kHtSig1Rel=5, d_have_ht_header=0
[EQ][DEBUG] valid flags: lltf0=1, lltf1=1, lsig=0, htsig0=0, htsig1=0
[EQ][WHILE_LOOP] iter consumed=3, d_sym_idx=3
[EQ][GATE_DETAIL] d_sym_idx=2, kHtSig1Rel=5, d_have_ht_header=0
[EQ][GATE_DETAIL] valid flags: lltf0=1 lltf1=1 lsig=0 htsig0=0 htsig1=0
[EQ][FLOW] abs=517 wifi_start=0 in_frame=1 sym_idx=3 consumed=3 produced=0
[EQ][PRE_EXTRACT] d_sym_idx=3, in_frame=1
[EXTRACT_CALL] sym_idx=3, type=L-SIG
[EQ][IDX_CHECK] d_sym_idx=3, condition=1
[EQ][VALID_SET] d_sym_idx=3, valid=1
[EQ][SYM_IDX] sym_idx=3, type=L-SIG
[EQ][POST_EQUALIZE] d_sym_idx=3
[EQ][RAW_BITS] sym_idx=3 bits52=0100101000000011010001101000001111110000100100010110
[EQ][STDERR_DIRECT] Entering direct mixed-mode header detection
[EQ][DIRECT_PATH] Entering direct mixed-mode header detection
[EQ][STDERR_BEFORE_GATE] Reached before gate check
[EQ][BEFORE_GATE] Reached before gate check
[EQ][GATE] sym=3 want_htsig1=5 valid={lltf0=1 lltf1=1 lsig=1 htsig0=0 htsig1=0} have_ht=0
[EQ][TEST_INSERT] Added new debug output
[EQ][DEBUG_TEST] ======== DEBUG ENTRY ========
[EQ][DEBUG] Checking HT-SIG parse condition: d_sym_idx=3, kHtSig1Rel=5, d_have_ht_header=0
[EQ][DEBUG] valid flags: lltf0=1, lltf1=1, lsig=1, htsig0=0, htsig1=0
[EQ][WHILE_LOOP] iter consumed=4, d_sym_idx=4
[EQ][GATE_DETAIL] d_sym_idx=3, kHtSig1Rel=5, d_have_ht_header=0
[EQ][GATE_DETAIL] valid flags: lltf0=1 lltf1=1 lsig=1 htsig0=0 htsig1=0
[EQ][FLOW] abs=518 wifi_start=0 in_frame=1 sym_idx=4 consumed=4 produced=0
[EQ][PRE_EXTRACT] d_sym_idx=4, in_frame=1
[EXTRACT_CALL] sym_idx=4, type=HT-SIG0
[EQ][IDX_CHECK] d_sym_idx=4, condition=1
[EQ][VALID_SET] d_sym_idx=4, valid=1
[EQ][SYM_IDX] sym_idx=4, type=HT-SIG0
[EQ][POST_EQUALIZE] d_sym_idx=4
[EQ][RAW_BITS] sym_idx=4 bits52=1001110111111111111011001101111111001000111111000010
[EQ][STDERR_DIRECT] Entering direct mixed-mode header detection
[EQ][DIRECT_PATH] Entering direct mixed-mode header detection
[EQ][STDERR_BEFORE_GATE] Reached before gate check
[EQ][BEFORE_GATE] Reached before gate check
[EQ][GATE] sym=4 want_htsig1=5 valid={lltf0=1 lltf1=1 lsig=1 htsig0=1 htsig1=0} have_ht=0
[EQ][TEST_INSERT] Added new debug output
[EQ][DEBUG_TEST] ======== DEBUG ENTRY ========
[EQ][DEBUG] Checking HT-SIG parse condition: d_sym_idx=4, kHtSig1Rel=5, d_have_ht_header=0
[EQ][DEBUG] valid flags: lltf0=1, lltf1=1, lsig=1, htsig0=1, htsig1=0
[EQ][WHILE_LOOP] iter consumed=5, d_sym_idx=5
[EQ][GATE_DETAIL] d_sym_idx=4, kHtSig1Rel=5, d_have_ht_header=0
[EQ][GATE_DETAIL] valid flags: lltf0=1 lltf1=1 lsig=1 htsig0=1 htsig1=0
[EQ][FLOW] abs=519 wifi_start=0 in_frame=1 sym_idx=5 consumed=5 produced=0
[EQ][PRE_EXTRACT] d_sym_idx=5, in_frame=1
[EXTRACT_CALL] sym_idx=5, type=HT-SIG1
[EQ][IDX_CHECK] d_sym_idx=5, condition=1
[EQ][VALID_SET] d_sym_idx=5, valid=1
[EQ][SYM_IDX] sym_idx=5, type=HT-SIG1
[EQ][POST_EQUALIZE] d_sym_idx=5
[EQ][RAW_BITS] sym_idx=5 bits52=0111011001010110000011011010100010101010010011111101
[EQ][STDERR_DIRECT] Entering direct mixed-mode header detection
[EQ][DIRECT_PATH] Entering direct mixed-mode header detection
[EQ][STDERR_BEFORE_GATE] Reached before gate check
[EQ][BEFORE_GATE] Reached before gate check
[EQ][GATE] sym=5 want_htsig1=5 valid={lltf0=1 lltf1=1 lsig=1 htsig0=1 htsig1=1} have_ht=0
[EQ][TEST_INSERT] Added new debug output
[EQ][DEBUG_TEST] ======== DEBUG ENTRY ========
[EQ][DEBUG] Checking HT-SIG parse condition: d_sym_idx=5, kHtSig1Rel=5, d_have_ht_header=0
[EQ][DEBUG] valid flags: lltf0=1, lltf1=1, lsig=1, htsig0=1, htsig1=1
[EQ][GATE_DETAIL] d_sym_idx=5, kHtSig1Rel=5, d_have_ht_header=0
[EQ][GATE_DETAIL] valid flags: lltf0=1 lltf1=1 lsig=1 htsig0=1 htsig1=1
[EQ][DEBUG_BLOCK] ENTERING HT-SIG PARSE BLOCK
[RX][LLTF-DBG] L-LTF0 valid=1, L-LTF1 valid=1
[RX][LLTF-DBG] L-LTF0 avg_mag=8.5344, L-LTF1 avg_mag=7.6257
[RX][LLTF-DBG] L-LTF0[0:3]: 9.157∠3.030 8.636∠0.005 9.217∠0.103 8.485∠-2.960 
[RX][LLTF-DBG] L-LTF1[0:3]: 5.989∠2.611 10.671∠-1.506 2.360∠1.391 13.869∠-0.510 
[CHAN_EST][DEBUG] L-LTF0 average magnitude: 8.5344
[CHAN_EST][DEBUG] L-LTF1 average magnitude: 7.6257
[CHAN_EST][LLTF_COMPARE] First 20 data subcarriers:
  i=0 sc=-26: expected=1, avg=-7.132+2.028i (mag=7.415, phase=2.865), received0=-9.100+1.022i received1=-5.164+3.033i
  i=1 sc=-25: expected=1, avg=4.664+-5.301i (mag=7.061, phase=-0.849), received0=8.636+0.046i received1=0.692+-10.649i
  i=2 sc=-24: expected=-1, avg=4.795+1.634i (mag=5.066, phase=0.328), received0=9.169+0.947i received1=0.421+2.322i
  i=3 sc=-23: expected=-1, avg=1.878+-4.156i (mag=4.560, phase=-1.146), received0=-8.345+-1.535i received1=12.101+-6.776i
  i=4 sc=-22: expected=1, avg=-5.736+-3.531i (mag=6.735, phase=-2.590), received0=-8.611+-2.482i received1=-2.860+-4.579i
  i=5 sc=-20: expected=-1, avg=-5.069+-2.559i (mag=5.678, phase=-2.674), received0=-7.753+-4.005i received1=-2.384+-1.113i
  i=6 sc=-19: expected=1, avg=-2.051+1.252i (mag=2.403, phase=2.594), received0=7.563+5.106i received1=-11.665+-2.602i
  i=7 sc=-18: expected=-1, avg=-4.306+1.638i (mag=4.607, phase=2.778), received0=-6.573+-5.237i received1=-2.039+8.512i
  i=8 sc=-17: expected=1, avg=-4.812+-1.411i (mag=5.015, phase=-2.856), received0=-6.212+-6.039i received1=-3.412+3.216i
  i=9 sc=-16: expected=1, avg=-3.639+-7.918i (mag=8.714, phase=-2.002), received0=-5.683+-6.730i received1=-1.595+-9.106i
  i=10 sc=-15: expected=1, avg=-3.118+-5.886i (mag=6.661, phase=-2.058), received0=-5.069+-7.363i received1=-1.167+-4.409i
  i=11 sc=-14: expected=1, avg=-7.597+-1.744i (mag=7.795, phase=-2.916), received0=-4.399+-7.965i received1=-10.795+4.477i
  i=12 sc=-13: expected=1, avg=-2.050+-10.383i (mag=10.584, phase=-1.766), received0=-3.714+-8.636i received1=-0.386+-12.131i
  i=13 sc=-12: expected=1, avg=4.158+4.995i (mag=6.499, phase=0.877), received0=2.407+8.095i received1=5.909+1.896i
  i=14 sc=-11: expected=-1, avg=3.945+2.792i (mag=4.832, phase=0.616), received0=1.722+8.885i received1=6.167+-3.302i
  i=15 sc=-10: expected=-1, avg=-4.123+2.770i (mag=4.967, phase=2.550), received0=-0.968+-8.577i received1=-7.277+14.117i
  i=16 sc=-9: expected=1, avg=0.740+-1.696i (mag=1.850, phase=-1.159), received0=-0.125+-9.102i received1=1.606+5.711i
  i=17 sc=-8: expected=1, avg=0.405+3.464i (mag=3.488, phase=1.454), received0=-0.908+8.762i received1=1.718+-1.834i
  i=18 sc=-6: expected=1, avg=3.381+4.453i (mag=5.591, phase=0.922), received0=-2.651+8.585i received1=9.412+0.322i
  i=19 sc=-5: expected=-1, avg=-0.879+-8.907i (mag=8.950, phase=-1.669), received0=3.157+-7.941i received1=-4.915+-9.872i
[CHAN_EST] Average channel magnitude: 5.6262
[CHAN_EST] Channel magnitude range: [0.6619, 13.2308]
[CHAN_EST] Channel phase range: [-2.916, 3.136] rad
[CHAN_EST] Zero magnitude subcarriers: 0/52
[CHAN_EST][SC0] H=-7.132+2.028i, mag=7.415, phase=2.865
[CHAN_EST][SC1] H=4.664+-5.301i, mag=7.061, phase=-0.849
[CHAN_EST][SC2] H=-4.795+-1.634i, mag=5.066, phase=-2.813
[CHAN_EST][SC3] H=-1.878+4.156i, mag=4.560, phase=1.995
[CHAN_EST][SC4] H=-5.736+-3.531i, mag=6.735, phase=-2.590
[CHAN_EST][SC5] H=5.069+2.559i, mag=5.678, phase=0.468
[CHAN_EST][SC6] H=-2.051+1.252i, mag=2.403, phase=2.594
[CHAN_EST][SC7] H=4.306+-1.638i, mag=4.607, phase=-0.363
[CHAN_EST][SC8] H=-4.812+-1.411i, mag=5.015, phase=-2.856
[CHAN_EST][SC9] H=-3.639+-7.918i, mag=8.714, phase=-2.002
[EQ_HEADER] CPE estimate: 1.890 rad, rot=-0.313+-0.950i
[EQ_HEADER] Zero-magnitude H subcarriers: 0/48
[EQ_HEADER] Average RX magnitude: 7.8470
[EQ_HEADER] Average EQ magnitude: 1.8350
[EQ_HEADER] First 10 bits: 0101111100
[EQ_HEADER][SC0] rx=6.988+9.129i, eq=-1.191+0.993i, bit=0
[EQ_HEADER][SC1] rx=-7.696+6.034i, eq=0.186+1.372i, bit=1
[EQ_HEADER][SC2] rx=3.483+7.358i, eq=-0.744+1.424i, bit=0
[EQ_HEADER][SC3] rx=-8.177+1.324i, eq=1.124+-1.427i, bit=1
[EQ_HEADER][SC4] rx=-2.012+-6.806i, eq=0.423+-0.965i, bit=1
[EQ_HEADER] CPE estimate: 0.834 rad, rot=0.672+-0.741i
[EQ_HEADER] Zero-magnitude H subcarriers: 0/48
[EQ_HEADER] Average RX magnitude: 7.9777
[EQ_HEADER] Average EQ magnitude: 1.8519
[EQ_HEADER] First 10 bits: 0100111010
[EQ_HEADER][SC0] rx=9.984+-5.236i, eq=-0.769+1.311i, bit=0
[EQ_HEADER][SC1] rx=7.194+5.924i, eq=1.006+0.854i, bit=1
[EQ_HEADER][SC2] rx=-2.746+2.443i, eq=-0.227+-0.689i, bit=0
[EQ_HEADER][SC3] rx=13.525+2.997i, eq=-2.621+-1.536i, bit=0
[EQ_HEADER][SC4] rx=11.182+-3.671i, eq=0.231+1.732i, bit=1
[EQ_HEADER] CPE estimate: -0.176 rad, rot=0.984+0.175i
[EQ_HEADER] Zero-magnitude H subcarriers: 0/48
[EQ_HEADER] Average RX magnitude: 7.4480
[EQ_HEADER] Average EQ magnitude: 1.7632
[EQ_HEADER] First 10 bits: 1100100011
[EQ_HEADER][SC0] rx=-6.039+-1.442i, eq=0.647+0.532i, bit=1
[EQ_HEADER][SC1] rx=1.093+-7.549i, eq=0.994+-0.422i, bit=1
[EQ_HEADER][SC2] rx=6.258+-1.929i, eq=-1.163+0.564i, bit=0
[EQ_HEADER][SC3] rx=7.294+-12.467i, eq=-3.043+-0.879i, bit=0
[EQ_HEADER][SC4] rx=-1.723+0.027i, eq=0.236+-0.098i, bit=1
[RX][CHAN-EST] Hhdr52: avg_mag=5.6262 avg_phase=-2.6305 rad phase_var=2.9513
[RX][CHAN-EST] Hhdr52[0:5]: 7.415∠2.865 7.061∠-0.849 5.066∠-2.813 4.560∠1.995 6.735∠-2.590 5.678∠0.468 
[RX][HDRDBG] rel=3 raw48=101000011111110111001111101000001101110111011111
[RX][HDRDBG] rel=3 eq48 =010111110010100010101110110111000010000011010000
[RX][HDRDBG] rel=3 deintl48=010100011100110110110100011011100011110010000000
[RX][HDRDBG] rel=3 bit-errors: raw->eq=31 eq->deintl=20
[RX][HDRDBG] rel=4 raw48=110111001000111110101011101000000000010101000011
[RX][HDRDBG] rel=4 eq48 =010011101011110111110011000011101000100101000101
[RX][HDRDBG] rel=4 deintl48=011110010010101100110011100001100100110111010101
[RX][HDRDBG] rel=4 bit-errors: raw->eq=19 eq->deintl=18
[RX][HDRDBG] rel=5 raw48=011100100010100000100100000011011011001110010100
[RX][HDRDBG] rel=5 eq48 =110010001101111001110111101000111001000110101011
[RX][HDRDBG] rel=5 deintl48=101110010011100010010011111100011100101100111011
[RX][HDRDBG] rel=5 bit-errors: raw->eq=28 eq->deintl=22
[EQ_HEADER] CPE estimate: 1.890 rad, rot=-0.313+-0.950i
[EQ_HEADER] Zero-magnitude H subcarriers: 0/48
[EQ_HEADER] Average RX magnitude: 7.8470
[EQ_HEADER] Average EQ magnitude: 1.8350
[EQ_HEADER] First 10 bits: 0101111100
[EQ_HEADER][SC0] rx=6.988+9.129i, eq=-1.191+0.993i, bit=0
[EQ_HEADER][SC1] rx=-7.696+6.034i, eq=0.186+1.372i, bit=1
[EQ_HEADER][SC2] rx=3.483+7.358i, eq=-0.744+1.424i, bit=0
[EQ_HEADER][SC3] rx=-8.177+1.324i, eq=1.124+-1.427i, bit=1
[EQ_HEADER][SC4] rx=-2.012+-6.806i, eq=0.423+-0.965i, bit=1
[EQ_HEADER] CPE estimate: 1.890 rad, rot=-0.313+-0.950i
[EQ_HEADER] Zero-magnitude H subcarriers: 0/48
[EQ_HEADER] Average RX magnitude: 7.8470
[EQ_HEADER] Average EQ magnitude: 1.8350
[EQ_HEADER] First 10 bits: 0101111100
[EQ_HEADER][SC0] rx=6.988+9.129i, eq=-1.191+0.993i, bit=0
[EQ_HEADER][SC1] rx=-7.696+6.034i, eq=0.186+1.372i, bit=1
[EQ_HEADER][SC2] rx=3.483+7.358i, eq=-0.744+1.424i, bit=0
[EQ_HEADER][SC3] rx=-8.177+1.324i, eq=1.124+-1.427i, bit=1
[EQ_HEADER][SC4] rx=-2.012+-6.806i, eq=0.423+-0.965i, bit=1
[EQ][HT-SIG][DEBUG] L-SIG bits (48): 010010100000001101000110100000111111000010010001
[EQ][HT-SIG][DEBUG] HT-SIG0 bits (48): 100111011111111111101100110111111100100011111100
[EQ][HT-SIG][DEBUG] HT-SIG1 bits (48): 011101100101011000001101101010001010101001001111
[EQ][HT-SIG] parse failed: lsig=3 htsig=4/5
[EQ][WHILE_LOOP] iter consumed=6, d_sym_idx=6
[EQ][FLOW] abs=520 wifi_start=0 in_frame=1 sym_idx=6 consumed=6 produced=0
[EQ][PRE_EXTRACT] d_sym_idx=6, in_frame=1
[EXTRACT_CALL] sym_idx=6, type=OTHER
[EQ][IDX_CHECK] d_sym_idx=6, condition=1
[EQ][VALID_SET] d_sym_idx=6, valid=1
[EQ][SYM_IDX] sym_idx=6, type=UNKNOWN
[EQ][POST_EQUALIZE] d_sym_idx=6
[EQ][RAW_BITS] sym_idx=6 bits52=0110001000001001010001110010110000101100010011000000
[EQ][STDERR_DIRECT] Entering direct mixed-mode header detection
[EQ][DIRECT_PATH] Entering direct mixed-mode header detection
[EQ][STDERR_BEFORE_GATE] Reached before gate check
[EQ][BEFORE_GATE] Reached before gate check
[EQ][GATE] sym=6 want_htsig1=5 valid={lltf0=1 lltf1=1 lsig=1 htsig0=1 htsig1=1} have_ht=0
[EQ][TEST_INSERT] Added new debug output
[EQ][DEBUG_TEST] ======== DEBUG ENTRY ========
[EQ][DEBUG] Checking HT-SIG parse condition: d_sym_idx=6, kHtSig1Rel=5, d_have_ht_header=0
[EQ][DEBUG] valid flags: lltf0=1, lltf1=1, lsig=1, htsig0=1, htsig1=1
[EQ][WHILE_LOOP] iter consumed=7, d_sym_idx=7
[EQ][GATE_DETAIL] d_sym_idx=6, kHtSig1Rel=5, d_have_ht_header=0
[EQ][GATE_DETAIL] valid flags: lltf0=1 lltf1=1 lsig=1 htsig0=1 htsig1=1
[EQ][FLOW] abs=521 wifi_start=0 in_frame=1 sym_idx=7 consumed=7 produced=0
[EQ][PRE_EXTRACT] d_sym_idx=7, in_frame=1
[EXTRACT_CALL] sym_idx=7, type=OTHER
[EQ][IDX_CHECK] d_sym_idx=7, condition=1
[EQ][VALID_SET] d_sym_idx=7, valid=1
[EQ][SYM_IDX] sym_idx=7, type=UNKNOWN
[EQ][POST_EQUALIZE] d_sym_idx=7
[EQ][RAW_BITS] sym_idx=7 bits52=0101001011110100100101011010000101001101010011001100
[EQ][STDERR_DIRECT] Entering direct mixed-mode header detection
[EQ][DIRECT_PATH] Entering direct mixed-mode header detection
[EQ][STDERR_BEFORE_GATE] Reached before gate check
[EQ][BEFORE_GATE] Reached before gate check
[EQ][TEST_INSERT] Added new debug output
[EQ][DEBUG_TEST] ======== DEBUG ENTRY ========
[EQ][DEBUG] Checking HT-SIG parse condition: d_sym_idx=7, kHtSig1Rel=5, d_have_ht_header=0
[EQ][DEBUG] valid flags: lltf0=1, lltf1=1, lsig=1, htsig0=1, htsig1=1
[EQ][WHILE_LOOP] iter consumed=8, d_sym_idx=8
[EQ][GATE_DETAIL] d_sym_idx=7, kHtSig1Rel=5, d_have_ht_header=0
[EQ][GATE_DETAIL] valid flags: lltf0=1 lltf1=1 lsig=1 htsig0=1 htsig1=1
[EQ][FLOW] abs=522 wifi_start=0 in_frame=1 sym_idx=8 consumed=8 produced=0
[EQ][PRE_EXTRACT] d_sym_idx=8, in_frame=1
[EQ][POST_EQUALIZE] d_sym_idx=8
[EQ][STDERR_DIRECT] Entering direct mixed-mode header detection
[EQ][IDX_CHECK] d_sym_idx=8, condition=0
[EQ][DIRECT_PATH] Entering direct mixed-mode header detection
[EQ][STDERR_BEFORE_GATE] Reached before gate check
[EQ][BEFORE_GATE] Reached before gate check
[EQ][TEST_INSERT] Added new debug output
[EQ][DEBUG_TEST] ======== DEBUG ENTRY ========
[EQ][DEBUG] Checking HT-SIG parse condition: d_sym_idx=8, kHtSig1Rel=5, d_have_ht_header=0
[EQ][DEBUG] valid flags: lltf0=1, lltf1=1, lsig=1, htsig0=1, htsig1=1
[EQ][WHILE_LOOP] iter consumed=9, d_sym_idx=9
[EQ][GATE_DETAIL] d_sym_idx=8, kHtSig1Rel=5, d_have_ht_header=0
[EQ][GATE_DETAIL] valid flags: lltf0=1 lltf1=1 lsig=1 htsig0=1 htsig1=1
[EQ][FLOW] abs=523 wifi_start=0 in_frame=1 sym_idx=9 consumed=9 produced=0
[EQ][PRE_EXTRACT] d_sym_idx=9, in_frame=1
[EQ][POST_EQUALIZE] d_sym_idx=9
[EQ][STDERR_DIRECT] Entering direct mixed-mode header detection
[EQ][IDX_CHECK] d_sym_idx=9, condition=0
[EQ][DIRECT_PATH] Entering direct mixed-mode header detection
[EQ][STDERR_BEFORE_GATE] Reached before gate check
[EQ][BEFORE_GATE] Reached before gate check
[EQ][TEST_INSERT] Added new debug output
[EQ][DEBUG_TEST] ======== DEBUG ENTRY ========
[EQ][DEBUG] Checking HT-SIG parse condition: d_sym_idx=9, kHtSig1Rel=5, d_have_ht_header=0
[EQ][DEBUG] valid flags: lltf0=1, lltf1=1, lsig=1, htsig0=1, htsig1=1
[EQ][WHILE_LOOP] iter consumed=10, d_sym_idx=10
[EQ][GATE_DETAIL] d_sym_idx=9, kHtSig1Rel=5, d_have_ht_header=0
[EQ][GATE_DETAIL] valid flags: lltf0=1 lltf1=1 lsig=1 htsig0=1 htsig1=1
[EQ][FLOW] abs=524 wifi_start=0 in_frame=1 sym_idx=10 consumed=10 produced=0
[EQ][PRE_EXTRACT] d_sym_idx=10, in_frame=1
[EQ][POST_EQUALIZE] d_sym_idx=10
[EQ][STDERR_DIRECT] Entering direct mixed-mode header detection
[EQ][IDX_CHECK] d_sym_idx=10, condition=0
[EQ][DIRECT_PATH] Entering direct mixed-mode header detection
[EQ][STDERR_BEFORE_GATE] Reached before gate check
[EQ][BEFORE_GATE] Reached before gate check
[EQ][TEST_INSERT] Added new debug output
[EQ][DEBUG_TEST] ======== DEBUG ENTRY ========
[EQ][DEBUG] Checking HT-SIG parse condition: d_sym_idx=10, kHtSig1Rel=5, d_have_ht_header=0
[EQ][DEBUG] valid flags: lltf0=1, lltf1=1, lsig=1, htsig0=1, htsig1=1
[EQ][WHILE_LOOP] iter consumed=11, d_sym_idx=11
[EQ][GATE_DETAIL] d_sym_idx=10, kHtSig1Rel=5, d_have_ht_header=0
[EQ][GATE_DETAIL] valid flags: lltf0=1 lltf1=1 lsig=1 htsig0=1 htsig1=1
[EQ][FLOW] abs=525 wifi_start=0 in_frame=1 sym_idx=11 consumed=11 produced=0
[EQ][PRE_EXTRACT] d_sym_idx=11, in_frame=1
[EQ][POST_EQUALIZE] d_sym_idx=11
[EQ][STDERR_DIRECT] Entering direct mixed-mode header detection
[EQ][IDX_CHECK] d_sym_idx=11, condition=0
[EQ][DIRECT_PATH] Entering direct mixed-mode header detection
[EQ][STDERR_BEFORE_GATE] Reached before gate check
[EQ][BEFORE_GATE] Reached before gate check
[EQ][TEST_INSERT] Added new debug output
[EQ][DEBUG_TEST] ======== DEBUG ENTRY ========
[EQ][DEBUG] Checking HT-SIG parse condition: d_sym_idx=11, kHtSig1Rel=5, d_have_ht_header=0
[EQ][DEBUG] valid flags: lltf0=1, lltf1=1, lsig=1, htsig0=1, htsig1=1
[EQ][WHILE_LOOP] iter consumed=12, d_sym_idx=12
[EQ][PRE_EXTRACT] d_sym_idx=12, in_frame=1
[EQ][POST_EQUALIZE] d_sym_idx=12
[EQ][STDERR_DIRECT] Entering direct mixed-mode header detection
[EQ][GATE_DETAIL] d_sym_idx=11, kHtSig1Rel=5, d_have_ht_header=0
[EQ][GATE_DETAIL] valid flags: lltf0=1 lltf1=1 lsig=1 htsig0=1 htsig1=1
[EQ][IDX_CHECK] d_sym_idx=12, condition=0
[EQ][DIRECT_PATH] Entering direct mixed-mode header detection
[EQ][STDERR_BEFORE_GATE] Reached before gate check
[EQ][BEFORE_GATE] Reached before gate check
[EQ][TEST_INSERT] Added new debug output
[EQ][DEBUG_TEST] ======== DEBUG ENTRY ========
[EQ][DEBUG] Checking HT-SIG parse condition: d_sym_idx=12, kHtSig1Rel=5, d_have_ht_header=0
[EQ][DEBUG] valid flags: lltf0=1, lltf1=1, lsig=1, htsig0=1, htsig1=1
[EQ][WHILE_LOOP] iter consumed=13, d_sym_idx=13
[EQ][PRE_EXTRACT] d_sym_idx=13, in_frame=1
[EQ][POST_EQUALIZE] d_sym_idx=13
[EQ][STDERR_DIRECT] Entering direct mixed-mode header detection
[EQ][GATE_DETAIL] d_sym_idx=12, kHtSig1Rel=5, d_have_ht_header=0
[EQ][GATE_DETAIL] valid flags: lltf0=1 lltf1=1 lsig=1 htsig0=1 htsig1=1
[EQ][IDX_CHECK] d_sym_idx=13, condition=0
[EQ][DIRECT_PATH] Entering direct mixed-mode header detection
[EQ][STDERR_BEFORE_GATE] Reached before gate check
[EQ][BEFORE_GATE] Reached before gate check
[EQ][TEST_INSERT] Added new debug output
[EQ][DEBUG_TEST] ======== DEBUG ENTRY ========
[EQ][DEBUG] Checking HT-SIG parse condition: d_sym_idx=13, kHtSig1Rel=5, d_have_ht_header=0
[EQ][DEBUG] valid flags: lltf0=1, lltf1=1, lsig=1, htsig0=1, htsig1=1
[EQ][WHILE_LOOP] iter consumed=14, d_sym_idx=14
[EQ][PRE_EXTRACT] d_sym_idx=14, in_frame=1
[EQ][POST_EQUALIZE] d_sym_idx=14
[EQ][STDERR_DIRECT] Entering direct mixed-mode header detection
[EQ][GATE_DETAIL] d_sym_idx=13, kHtSig1Rel=5, d_have_ht_header=0
[EQ][GATE_DETAIL] valid flags: lltf0=1 lltf1=1 lsig=1 htsig0=1 htsig1=1
[EQ][IDX_CHECK] d_sym_idx=14, condition=0
[EQ][DIRECT_PATH] Entering direct mixed-mode header detection
[EQ][STDERR_BEFORE_GATE] Reached before gate check
[EQ][BEFORE_GATE] Reached before gate check
[EQ][TEST_INSERT] Added new debug output
[EQ][DEBUG_TEST] ======== DEBUG ENTRY ========
[EQ][DEBUG] Checking HT-SIG parse condition: d_sym_idx=14, kHtSig1Rel=5, d_have_ht_header=0
[EQ][DEBUG] valid flags: lltf0=1, lltf1=1, lsig=1, htsig0=1, htsig1=1
[EQ][WHILE_LOOP] iter consumed=15, d_sym_idx=15
[EQ][PRE_EXTRACT] d_sym_idx=15, in_frame=1
[EQ][POST_EQUALIZE] d_sym_idx=15
[EQ][STDERR_DIRECT] Entering direct mixed-mode header detection
[EQ][GATE_DETAIL] d_sym_idx=14, kHtSig1Rel=5, d_have_ht_header=0
[EQ][GATE_DETAIL] valid flags: lltf0=1 lltf1=1 lsig=1 htsig0=1 htsig1=1
[EQ][IDX_CHECK] d_sym_idx=15, condition=0
[EQ][DIRECT_PATH] Entering direct mixed-mode header detection
[EQ][STDERR_BEFORE_GATE] Reached before gate check
[EQ][BEFORE_GATE] Reached before gate check
[EQ][TEST_INSERT] Added new debug output
[EQ][DEBUG_TEST] ======== DEBUG ENTRY ========
[EQ][DEBUG] Checking HT-SIG parse condition: d_sym_idx=15, kHtSig1Rel=5, d_have_ht_header=0
[EQ][DEBUG] valid flags: lltf0=1, lltf1=1, lsig=1, htsig0=1, htsig1=1
[EQ][GATE_DETAIL] d_sym_idx=15, kHtSig1Rel=5, d_have_ht_header=0
[EQ][GATE_DETAIL] valid flags: lltf0=1 lltf1=1 lsig=1 htsig0=1 htsig1=1
[MAPPER] handle_msg called
message_debug :info: The `print_pdu` port is deprecated and will be removed; forwarding to `print`.
[MAPPER] meta=***** VERBOSE PDU DEBUG PRINT ******
((encoding . 0) (crc_included . #t))
pdu length =         38 bytes
pdu vector contents = 
0000: 08 00 00 00 42 42 42 42 42 42 23 23 23 23 23 23 
0010: ff ff ff ff ff ff 50 01 78 78 78 78 78 78 78 78 
0020: 78 78 a3 07 84 30 
************************************
((encoding . 0) (crc_included . #t))
[MAPPER] meta fields: mcs=0 len=-1 psdu_len=-1
[MAPPER] using MCS=0
[MAPPER] HT mode enabled, effective MCS: 0
[TX][HTDATA0][PUNCTURED] bits52=0011011100010100001011110111111111000001010000011000
[TX][HTDATA0][INTERLEAVED] bits52=0111001010111010001011101010111001010101010010000100
[TX][HTDATA0] bits52=0111001010111010001011101010111001010101010010000100
[TX][PUNCTURED-ALL] nbits=676 first64=0011011100010100001011110111111111000001010000011000010111000001 last64=1111100010010000110100001011101011101100001101001000111000011110
[TX][INTERLEAVED-ALL] nbits=676 first64=0111001010111010001011101010111001010101010010000100001010000100 last64=0100001000110000010101010101101011100000111001010101001101011100
[TX][HTDATA0][PUNCTURED] keep existing first-frame reference /tmp/wifi_tx_punctured0_bits52.txt
[TX][HTDATA0][INTERLEAVED] keep existing first-frame reference /tmp/wifi_tx_interleaved0_bits52.txt
[TX][HTDATA0] keep existing first-frame reference /tmp/wifi_tx_data0_bits52.txt
[TX][PUNCTURED-ALL] keep existing first-frame reference /tmp/wifi_tx_punctured_all_bits.txt
[TX][INTERLEAVED-ALL] keep existing first-frame reference /tmp/wifi_tx_interleaved_all_bits.txt
[TX][PUNCTURED-ALL] updated /tmp/wifi_tx_punctured_all_bits.last.txt
[TX][INTERLEAVED-ALL] updated /tmp/wifi_tx_interleaved_all_bits.last.txt
[MAPPER] frame: ht_mode=1 psdu=38 n_sym=13 n_data_bits=338 n_encoded_bits=676 data_carriers=52 out_symbols=676
[HT-HEADER] general_work called ninput=676 noutput=32688
[TX][LSIG] raw24=110100110010000000000000
[TX][LSIG] enc48=110110001010100111001100100011011100000000000000
[TX][LSIG] intl48=110011011001000011010100011000000010011001100000
[TX][HTSIG] fields: mcs=0 len=38 bw40=0 agg=0 sgi=0 stbc=0 adv=0 nltf=0 crc=0x0d
[TX][HTSIG] raw48=000000000110010000000000000000000010110000000000
[TX][HTSIG] enc96=000000000000000000110110111100100011011100000000000000000000000000001110111001101110101100000000
[TX][HTSIG] intl96=000000111110010000000011100110000000000010011000000000011011110000000001100100000000001011101000
[TX][HTHDR][OUTBUF] lsig48=110011011001000011010100011000000010011001100000
[TX][HTHDR][OUTBUF] htsig1_48=000000111110010000000011100110000000000010011000
[TX][HTHDR][OUTBUF] htsig2_48=000000011011110000000001100100000000001011101000
[SYNC-SHORT] general_work called: noutput=16 ninput=2288 threshold=0.010 state=1
SHORT copied 16
[SYNC-LONG] general_work: ninput[0]=16 ninput[1]=320 noutput=16 state=1
LONG ninput[0] 16   ninput[1] 320  noutput 16   state 1
[SYNC-SHORT] general_work called: noutput=2048 ninput=2272 threshold=0.010 state=1
produced : 14 consumed: 16
sync_short :info: frame start at in: 46951 out: 47478
SHORT Frame!
SHORT copied 6
[SYNC-SHORT] general_work called: noutput=2048 ninput=2266 threshold=0.010 state=1
[SYNC-LONG] general_work: ninput[0]=6 ninput[1]=320 noutput=4 state=1
LONG ninput[0] 6   ninput[1] 320  noutput 4   state 1
produced : 4 consumed: 4
[SYNC-LONG] general_work: ninput[0]=2 ninput[1]=322 noutput=2 state=1
LONG ninput[0] 2   ninput[1] 322  noutput 2   state 1
produced : 2 consumed: 2
sync_short :info: frame start at in: 47481 out: 48008
SHORT Frame!
SHORT copied 530
[SYNC-SHORT] general_work called: noutput=1024 ninput=1736 threshold=0.010 state=1
[SYNC-LONG] general_work: ninput[0]=530 ninput[1]=320 noutput=256 state=1
LONG ninput[0] 530   ninput[1] 320  noutput 256   state 1
[SYNC-LONG] Received wifi_start tag: freq_offset=0.185 offset=46951 nread=46951
LONG: ignore retrigger tag during COPY nread=46951 d_count=1044 guard=3072 tag_offset=46951
sync_short :info: frame start at in: 47962 out: 48489
SHORT Frame!
SHORT copied 481
[SYNC-SHORT] general_work called: noutput=1024 ninput=1255 threshold=0.010 state=1
produced : 256 consumed: 320
[SYNC-LONG] general_work: ninput[0]=691 ninput[1]=530 noutput=512 state=1
LONG ninput[0] 691   ninput[1] 530  noutput 512   state 1
produced : 172 consumed: 210
sync_short :info: frame start at in: 48443 out: 48970
SHORT Frame!
SHORT copied 481
[SYNC-SHORT] general_work called: noutput=512 ninput=774 threshold=0.010 state=1
[SYNC-LONG] general_work: ninput[0]=962 ninput[1]=801 noutput=512 state=1
LONG ninput[0] 962   ninput[1] 801  noutput 512   state 1
[SYNC-LONG] Received wifi_start tag: freq_offset=-0.029 offset=47481 nread=47481
LONG: ignore retrigger tag during COPY nread=47481 d_count=1472 guard=3072 tag_offset=47481
sync_short :info: frame start at in: 48924 out: 49451
SHORT Frame!
SHORT copied 481
[SYNC-SHORT] general_work called: noutput=256 ninput=293 threshold=0.010 state=1
[EQ][ENTER] general_work called nin=7 nout=256
produced : 512 consumed: 634
SHORT copied 256
[EQ][WHILE_ENTER] consumed=0, n_in=7
[EQ][WHILE_LOOP] iter consumed=0, d_sym_idx=16
[EQ][FLOW] abs=530 wifi_start=0 in_frame=1 sym_idx=16 consumed=0 produced=0
[EQ][PRE_EXTRACT] d_sym_idx=16, in_frame=1
[SYNC-LONG] general_work: ninput[0]=809 ninput[1]=1096 noutput=512 state=1
[EQ][IDX_CHECK] d_sym_idx=16, condition=0
LONG ninput[0] 809   ninput[1] 1096  noutput 512   state 1
[SYNC-SHORT] general_work called: noutput=16 ninput=37 threshold=0.010 state=1
SHORT copied 16
[EQ][POST_EQUALIZE] d_sym_idx=16
[EQ][STDERR_DIRECT] Entering direct mixed-mode header detection
[EQ][DIRECT_PATH] Entering direct mixed-mode header detection
[EQ][STDERR_BEFORE_GATE] Reached before gate check
produced : 256 consumed: 328
[SYNC-SHORT] general_work called: noutput=4 ninput=21 threshold=0.010 state=1
SHORT copied 4
[EQ][BEFORE_GATE] Reached before gate check
[EQ][TEST_INSERT] Added new debug output
[EQ][DEBUG_TEST] ======== DEBUG ENTRY ========
[EQ][DEBUG] Checking HT-SIG parse condition: d_sym_idx=16, kHtSig1Rel=5, d_have_ht_header=0
[EQ][DEBUG] valid flags: lltf0=1, lltf1=1, lsig=1, htsig0=1, htsig1=1
[EQ][WHILE_LOOP] iter consumed=1, d_sym_idx=17
[EQ][GATE_DETAIL] d_sym_idx=16, kHtSig1Rel=5, d_have_ht_header=0
[EQ][GATE_DETAIL] valid flags: lltf0=1 lltf1=1 lsig=1 htsig0=1 htsig1=1
[EQ][FLOW] abs=531 wifi_start=0 in_frame=1 sym_idx=17 consumed=1 produced=0
[SYNC-LONG] general_work: ninput[0]=757 ninput[1]=1073 noutput=512 state=1
[EQ][PRE_EXTRACT] d_sym_idx=17, in_frame=1
LONG ninput[0] 757   ninput[1] 1073  noutput 512   state 1
[SYNC-LONG] Received wifi_start tag: freq_offset=-0.061 offset=48443 nread=48443
LONG: ignore retrigger tag during COPY nread=48443 d_count=2240 guard=3072 tag_offset=48443
[SYNC-SHORT] general_work called: noutput=1 ninput=17 threshold=0.010 state=1
SHORT copied 1
[EQ][POST_EQUALIZE] d_sym_idx=17
[EQ][STDERR_DIRECT] Entering direct mixed-mode header detection
[EQ][IDX_CHECK] d_sym_idx=17, condition=0
[EQ][DIRECT_PATH] Entering direct mixed-mode header detection
[EQ][STDERR_BEFORE_GATE] Reached before gate check
[EQ][BEFORE_GATE] Reached before gate check
[EQ][TEST_INSERT] Added new debug output
[EQ][DEBUG_TEST] ======== DEBUG ENTRY ========
[EQ][DEBUG] Checking HT-SIG parse condition: d_sym_idx=17, kHtSig1Rel=5, d_have_ht_header=0
[EQ][DEBUG] valid flags: lltf0=1, lltf1=1, lsig=1, htsig0=1, htsig1=1
[EQ][WHILE_LOOP] iter consumed=2, d_sym_idx=18
[EQ][GATE_DETAIL] d_sym_idx=17, kHtSig1Rel=5, d_have_ht_header=0
[EQ][GATE_DETAIL] valid flags: lltf0=1 lltf1=1 lsig=1 htsig0=1 htsig1=1
[EQ][FLOW] abs=532 wifi_start=0 in_frame=1 sym_idx=18 consumed=2 produced=0
[EQ][PRE_EXTRACT] d_sym_idx=18, in_frame=1
produced : 512 consumed: 632
[EQ][POST_EQUALIZE] d_sym_idx=18
[EQ][STDERR_DIRECT] Entering direct mixed-mode header detection
[EQ][IDX_CHECK] d_sym_idx=18, condition=0
[EQ][DIRECT_PATH] Entering direct mixed-mode header detection
[EQ][STDERR_BEFORE_GATE] Reached before gate check
[EQ][BEFORE_GATE] Reached before gate check
[EQ][TEST_INSERT] Added new debug output
[EQ][DEBUG_TEST] ======== DEBUG ENTRY ========
[EQ][DEBUG] Checking HT-SIG parse condition: d_sym_idx=18, kHtSig1Rel=5, d_have_ht_header=0
[EQ][DEBUG] valid flags: lltf0=1, lltf1=1, lsig=1, htsig0=1, htsig1=1
[SYNC-LONG] general_work: ninput[0]=126 ninput[1]=446 noutput=64 state=1
[EQ][WHILE_LOOP] iter consumed=3, d_sym_idx=19
[EQ][GATE_DETAIL] d_sym_idx=18, kHtSig1Rel=5, d_have_ht_header=0
[EQ][GATE_DETAIL] valid flags: lltf0=1 lltf1=1 lsig=1 htsig0=1 htsig1=1
LONG ninput[0] 126   ninput[1] 446  noutput 64   state 1
produced : 64 consumed: 80
[SYNC-LONG] general_work: ninput[0]=46 ninput[1]=366 noutput=32 state=1
[EQ][FLOW] abs=533 wifi_start=0 in_frame=1 sym_idx=19 consumed=3 produced=0
[EQ][PRE_EXTRACT] d_sym_idx=19, in_frame=1
LONG ninput[0] 46   ninput[1] 366  noutput 32   state 1
produced : 30 consumed: 46
[EQ][POST_EQUALIZE] d_sym_idx=19
[EQ][STDERR_DIRECT] Entering direct mixed-mode header detection
[EQ][IDX_CHECK] d_sym_idx=19, condition=0
[EQ][DIRECT_PATH] Entering direct mixed-mode header detection
[EQ][STDERR_BEFORE_GATE] Reached before gate check
[EQ][BEFORE_GATE] Reached before gate check
[EQ][TEST_INSERT] Added new debug output
[EQ][DEBUG_TEST] ======== DEBUG ENTRY ========
[EQ][DEBUG] Checking HT-SIG parse condition: d_sym_idx=19, kHtSig1Rel=5, d_have_ht_header=0
[EQ][DEBUG] valid flags: lltf0=1, lltf1=1, lsig=1, htsig0=1, htsig1=1
[EQ][WHILE_LOOP] iter consumed=4, d_sym_idx=20
[EQ][GATE_DETAIL] d_sym_idx=19, kHtSig1Rel=5, d_have_ht_header=0
[EQ][GATE_DETAIL] valid flags: lltf0=1 lltf1=1 lsig=1 htsig0=1 htsig1=1
[EQ][FLOW] abs=534 wifi_start=0 in_frame=1 sym_idx=20 consumed=4 produced=0
[EQ][PRE_EXTRACT] d_sym_idx=20, in_frame=1
[EQ][POST_EQUALIZE] d_sym_idx=20
[EQ][STDERR_DIRECT] Entering direct mixed-mode header detection
[EQ][IDX_CHECK] d_sym_idx=20, condition=0
[EQ][DIRECT_PATH] Entering direct mixed-mode header detection
[EQ][STDERR_BEFORE_GATE] Reached before gate check
[EQ][BEFORE_GATE] Reached before gate check
[EQ][TEST_INSERT] Added new debug output
[EQ][DEBUG_TEST] ======== DEBUG ENTRY ========
[EQ][DEBUG] Checking HT-SIG parse condition: d_sym_idx=20, kHtSig1Rel=5, d_have_ht_header=0
[EQ][DEBUG] valid flags: lltf0=1, lltf1=1, lsig=1, htsig0=1, htsig1=1
[EQ][WHILE_LOOP] iter consumed=5, d_sym_idx=21
[EQ][GATE_DETAIL] d_sym_idx=20, kHtSig1Rel=5, d_have_ht_header=0
[EQ][GATE_DETAIL] valid flags: lltf0=1 lltf1=1 lsig=1 htsig0=1 htsig1=1
[EQ][FLOW] abs=535 wifi_start=0 in_frame=1 sym_idx=21 consumed=5 produced=0
[EQ][PRE_EXTRACT] d_sym_idx=21, in_frame=1
[EQ][POST_EQUALIZE] d_sym_idx=21
[EQ][STDERR_DIRECT] Entering direct mixed-mode header detection
[EQ][IDX_CHECK] d_sym_idx=21, condition=0
[EQ][DIRECT_PATH] Entering direct mixed-mode header detection
[EQ][STDERR_BEFORE_GATE] Reached before gate check
[EQ][BEFORE_GATE] Reached before gate check
[EQ][TEST_INSERT] Added new debug output
[EQ][DEBUG_TEST] ======== DEBUG ENTRY ========
[EQ][DEBUG] Checking HT-SIG parse condition: d_sym_idx=21, kHtSig1Rel=5, d_have_ht_header=0
[EQ][DEBUG] valid flags: lltf0=1, lltf1=1, lsig=1, htsig0=1, htsig1=1
[EQ][WHILE_LOOP] iter consumed=6, d_sym_idx=22
[EQ][GATE_DETAIL] d_sym_idx=21, kHtSig1Rel=5, d_have_ht_header=0
[EQ][GATE_DETAIL] valid flags: lltf0=1 lltf1=1 lsig=1 htsig0=1 htsig1=1
[EQ][FLOW] abs=536 wifi_start=0 in_frame=1 sym_idx=22 consumed=6 produced=0
[EQ][PRE_EXTRACT] d_sym_idx=22, in_frame=1
[EQ][POST_EQUALIZE] d_sym_idx=22
[EQ][STDERR_DIRECT] Entering direct mixed-mode header detection
[EQ][IDX_CHECK] d_sym_idx=22, condition=0
[EQ][DIRECT_PATH] Entering direct mixed-mode header detection
[EQ][STDERR_BEFORE_GATE] Reached before gate check
[EQ][BEFORE_GATE] Reached before gate check
[EQ][TEST_INSERT] Added new debug output
[EQ][DEBUG_TEST] ======== DEBUG ENTRY ========
[EQ][DEBUG] Checking HT-SIG parse condition: d_sym_idx=22, kHtSig1Rel=5, d_have_ht_header=0
[EQ][DEBUG] valid flags: lltf0=1, lltf1=1, lsig=1, htsig0=1, htsig1=1
[EQ][ENTER] general_work called nin=21 nout=1024
[EQ][GATE_DETAIL] d_sym_idx=22, kHtSig1Rel=5, d_have_ht_header=0
[EQ][GATE_DETAIL] valid flags: lltf0=1 lltf1=1 lsig=1 htsig0=1 htsig1=1
[EQ][WHILE_ENTER] consumed=0, n_in=21
[EQ][WHILE_LOOP] iter consumed=0, d_sym_idx=23
[EQ][FLOW] abs=537 wifi_start=0 in_frame=1 sym_idx=23 consumed=0 produced=0
[EQ][PRE_EXTRACT] d_sym_idx=23, in_frame=1
[EQ][POST_EQUALIZE] d_sym_idx=23
[EQ][STDERR_DIRECT] Entering direct mixed-mode header detection
[EQ][IDX_CHECK] d_sym_idx=23, condition=0
[EQ][DIRECT_PATH] Entering direct mixed-mode header detection
[EQ][STDERR_BEFORE_GATE] Reached before gate check
[EQ][BEFORE_GATE] Reached before gate check
[EQ][TEST_INSERT] Added new debug output
[EQ][DEBUG_TEST] ======== DEBUG ENTRY ========
[EQ][DEBUG] Checking HT-SIG parse condition: d_sym_idx=23, kHtSig1Rel=5, d_have_ht_header=0
[EQ][DEBUG] valid flags: lltf0=1, lltf1=1, lsig=1, htsig0=1, htsig1=1
[EQ][WHILE_LOOP] iter consumed=1, d_sym_idx=24
[EQ][GATE_DETAIL] d_sym_idx=23, kHtSig1Rel=5, d_have_ht_header=0
[EQ][GATE_DETAIL] valid flags: lltf0=1 lltf1=1 lsig=1 htsig0=1 htsig1=1
[EQ][FLOW] abs=538 wifi_start=0 in_frame=1 sym_idx=24 consumed=1 produced=0
[EQ][PRE_EXTRACT] d_sym_idx=24, in_frame=1
[EQ][POST_EQUALIZE] d_sym_idx=24
[EQ][STDERR_DIRECT] Entering direct mixed-mode header detection
[EQ][IDX_CHECK] d_sym_idx=24, condition=0
[EQ][DIRECT_PATH] Entering direct mixed-mode header detection
[EQ][STDERR_BEFORE_GATE] Reached before gate check
[EQ][BEFORE_GATE] Reached before gate check
[EQ][TEST_INSERT] Added new debug output
[EQ][DEBUG_TEST] ======== DEBUG ENTRY ========
[EQ][DEBUG] Checking HT-SIG parse condition: d_sym_idx=24, kHtSig1Rel=5, d_have_ht_header=0
[EQ][DEBUG] valid flags: lltf0=1, lltf1=1, lsig=1, htsig0=1, htsig1=1
[EQ][WHILE_LOOP] iter consumed=2, d_sym_idx=25
[EQ][GATE_DETAIL] d_sym_idx=24, kHtSig1Rel=5, d_have_ht_header=0
[EQ][GATE_DETAIL] valid flags: lltf0=1 lltf1=1 lsig=1 htsig0=1 htsig1=1
[EQ][FLOW] abs=539 wifi_start=0 in_frame=1 sym_idx=25 consumed=2 produced=0
[EQ][PRE_EXTRACT] d_sym_idx=25, in_frame=1
[EQ][POST_EQUALIZE] d_sym_idx=25
[EQ][STDERR_DIRECT] Entering direct mixed-mode header detection
[EQ][IDX_CHECK] d_sym_idx=25, condition=0
[EQ][DIRECT_PATH] Entering direct mixed-mode header detection
[EQ][STDERR_BEFORE_GATE] Reached before gate check
[EQ][BEFORE_GATE] Reached before gate check
[EQ][TEST_INSERT] Added new debug output
[EQ][DEBUG_TEST] ======== DEBUG ENTRY ========
[EQ][DEBUG] Checking HT-SIG parse condition: d_sym_idx=25, kHtSig1Rel=5, d_have_ht_header=0
[EQ][DEBUG] valid flags: lltf0=1, lltf1=1, lsig=1, htsig0=1, htsig1=1
[EQ][WHILE_LOOP] iter consumed=3, d_sym_idx=26
[EQ][GATE_DETAIL] d_sym_idx=25, kHtSig1Rel=5, d_have_ht_header=0
[EQ][GATE_DETAIL] valid flags: lltf0=1 lltf1=1 lsig=1 htsig0=1 htsig1=1
[EQ][FLOW] abs=540 wifi_start=0 in_frame=1 sym_idx=26 consumed=3 produced=0
[EQ][PRE_EXTRACT] d_sym_idx=26, in_frame=1
[EQ][POST_EQUALIZE] d_sym_idx=26
[EQ][STDERR_DIRECT] Entering direct mixed-mode header detection
[EQ][IDX_CHECK] d_sym_idx=26, condition=0
[EQ][DIRECT_PATH] Entering direct mixed-mode header detection
[EQ][STDERR_BEFORE_GATE] Reached before gate check
[EQ][BEFORE_GATE] Reached before gate check
[EQ][TEST_INSERT] Added new debug output
[EQ][DEBUG_TEST] ======== DEBUG ENTRY ========
[EQ][DEBUG] Checking HT-SIG parse condition: d_sym_idx=26, kHtSig1Rel=5, d_have_ht_header=0
[EQ][DEBUG] valid flags: lltf0=1, lltf1=1, lsig=1, htsig0=1, htsig1=1
[EQ][WHILE_LOOP] iter consumed=4, d_sym_idx=27
[EQ][GATE_DETAIL] d_sym_idx=26, kHtSig1Rel=5, d_have_ht_header=0
[EQ][GATE_DETAIL] valid flags: lltf0=1 lltf1=1 lsig=1 htsig0=1 htsig1=1
[EQ][FLOW] abs=541 wifi_start=0 in_frame=1 sym_idx=27 consumed=4 produced=0
[EQ][PRE_EXTRACT] d_sym_idx=27, in_frame=1
[EQ][POST_EQUALIZE] d_sym_idx=27
[EQ][STDERR_DIRECT] Entering direct mixed-mode header detection
[EQ][IDX_CHECK] d_sym_idx=27, condition=0
[EQ][DIRECT_PATH] Entering direct mixed-mode header detection
[EQ][STDERR_BEFORE_GATE] Reached before gate check
[EQ][BEFORE_GATE] Reached before gate check
[EQ][TEST_INSERT] Added new debug output
[EQ][DEBUG_TEST] ======== DEBUG ENTRY ========
[EQ][DEBUG] Checking HT-SIG parse condition: d_sym_idx=27, kHtSig1Rel=5, d_have_ht_header=0
[EQ][DEBUG] valid flags: lltf0=1, lltf1=1, lsig=1, htsig0=1, htsig1=1
[EQ][WHILE_LOOP] iter consumed=5, d_sym_idx=28
[EQ][GATE_DETAIL] d_sym_idx=27, kHtSig1Rel=5, d_have_ht_header=0
[EQ][GATE_DETAIL] valid flags: lltf0=1 lltf1=1 lsig=1 htsig0=1 htsig1=1
[EQ][FLOW] abs=542 wifi_start=0 in_frame=1 sym_idx=28 consumed=5 produced=0
[EQ][PRE_EXTRACT] d_sym_idx=28, in_frame=1
[EQ][POST_EQUALIZE] d_sym_idx=28
[EQ][STDERR_DIRECT] Entering direct mixed-mode header detection
[EQ][IDX_CHECK] d_sym_idx=28, condition=0
[EQ][DIRECT_PATH] Entering direct mixed-mode header detection
[EQ][STDERR_BEFORE_GATE] Reached before gate check
[EQ][BEFORE_GATE] Reached before gate check
[EQ][TEST_INSERT] Added new debug output
[EQ][DEBUG_TEST] ======== DEBUG ENTRY ========
[EQ][DEBUG] Checking HT-SIG parse condition: d_sym_idx=28, kHtSig1Rel=5, d_have_ht_header=0
[EQ][DEBUG] valid flags: lltf0=1, lltf1=1, lsig=1, htsig0=1, htsig1=1
[EQ][WHILE_LOOP] iter consumed=6, d_sym_idx=29
[EQ][GATE_DETAIL] d_sym_idx=28, kHtSig1Rel=5, d_have_ht_header=0
[EQ][GATE_DETAIL] valid flags: lltf0=1 lltf1=1 lsig=1 htsig0=1 htsig1=1
[EQ][FLOW] abs=543 wifi_start=0 in_frame=1 sym_idx=29 consumed=6 produced=0
[EQ][PRE_EXTRACT] d_sym_idx=29, in_frame=1
[EQ][POST_EQUALIZE] d_sym_idx=29
[EQ][STDERR_DIRECT] Entering direct mixed-mode header detection
[EQ][IDX_CHECK] d_sym_idx=29, condition=0
[EQ][DIRECT_PATH] Entering direct mixed-mode header detection
[EQ][STDERR_BEFORE_GATE] Reached before gate check
[EQ][BEFORE_GATE] Reached before gate check
[EQ][TEST_INSERT] Added new debug output
[EQ][DEBUG_TEST] ======== DEBUG ENTRY ========
[EQ][DEBUG] Checking HT-SIG parse condition: d_sym_idx=29, kHtSig1Rel=5, d_have_ht_header=0
[EQ][DEBUG] valid flags: lltf0=1, lltf1=1, lsig=1, htsig0=1, htsig1=1
[EQ][WHILE_LOOP] iter consumed=7, d_sym_idx=30
[EQ][GATE_DETAIL] d_sym_idx=29, kHtSig1Rel=5, d_have_ht_header=0
[EQ][GATE_DETAIL] valid flags: lltf0=1 lltf1=1 lsig=1 htsig0=1 htsig1=1
[EQ][FLOW] abs=544 wifi_start=0 in_frame=1 sym_idx=30 consumed=7 produced=0
[EQ][PRE_EXTRACT] d_sym_idx=30, in_frame=1
[EQ][POST_EQUALIZE] d_sym_idx=30
[EQ][STDERR_DIRECT] Entering direct mixed-mode header detection
[EQ][IDX_CHECK] d_sym_idx=30, condition=0
[EQ][DIRECT_PATH] Entering direct mixed-mode header detection
[EQ][STDERR_BEFORE_GATE] Reached before gate check
[EQ][BEFORE_GATE] Reached before gate check
[EQ][TEST_INSERT] Added new debug output
[EQ][DEBUG_TEST] ======== DEBUG ENTRY ========
[EQ][DEBUG] Checking HT-SIG parse condition: d_sym_idx=30, kHtSig1Rel=5, d_have_ht_header=0
[EQ][DEBUG] valid flags: lltf0=1, lltf1=1, lsig=1, htsig0=1, htsig1=1
[EQ][WHILE_LOOP] iter consumed=8, d_sym_idx=31
[EQ][GATE_DETAIL] d_sym_idx=30, kHtSig1Rel=5, d_have_ht_header=0
[EQ][GATE_DETAIL] valid flags: lltf0=1 lltf1=1 lsig=1 htsig0=1 htsig1=1
[EQ][FLOW] abs=545 wifi_start=0 in_frame=1 sym_idx=31 consumed=8 produced=0
[EQ][PRE_EXTRACT] d_sym_idx=31, in_frame=1
[EQ][POST_EQUALIZE] d_sym_idx=31
[EQ][STDERR_DIRECT] Entering direct mixed-mode header detection
[EQ][IDX_CHECK] d_sym_idx=31, condition=0
[EQ][DIRECT_PATH] Entering direct mixed-mode header detection
[EQ][STDERR_BEFORE_GATE] Reached before gate check
[EQ][BEFORE_GATE] Reached before gate check
[EQ][TEST_INSERT] Added new debug output
[EQ][DEBUG_TEST] ======== DEBUG ENTRY ========
[EQ][DEBUG] Checking HT-SIG parse condition: d_sym_idx=31, kHtSig1Rel=5, d_have_ht_header=0
[EQ][DEBUG] valid flags: lltf0=1, lltf1=1, lsig=1, htsig0=1, htsig1=1
[EQ][WHILE_LOOP] iter consumed=9, d_sym_idx=32
[EQ][GATE_DETAIL] d_sym_idx=31, kHtSig1Rel=5, d_have_ht_header=0
[EQ][GATE_DETAIL] valid flags: lltf0=1 lltf1=1 lsig=1 htsig0=1 htsig1=1
[EQ][FLOW] abs=546 wifi_start=0 in_frame=1 sym_idx=32 consumed=9 produced=0
[EQ][PRE_EXTRACT] d_sym_idx=32, in_frame=1
[EQ][POST_EQUALIZE] d_sym_idx=32
[EQ][STDERR_DIRECT] Entering direct mixed-mode header detection
[EQ][IDX_CHECK] d_sym_idx=32, condition=0
[EQ][DIRECT_PATH] Entering direct mixed-mode header detection
[EQ][STDERR_BEFORE_GATE] Reached before gate check
[EQ][BEFORE_GATE] Reached before gate check
[EQ][TEST_INSERT] Added new debug output
[EQ][DEBUG_TEST] ======== DEBUG ENTRY ========
[EQ][DEBUG] Checking HT-SIG parse condition: d_sym_idx=32, kHtSig1Rel=5, d_have_ht_header=0
[EQ][DEBUG] valid flags: lltf0=1, lltf1=1, lsig=1, htsig0=1, htsig1=1
[EQ][WHILE_LOOP] iter consumed=10, d_sym_idx=33
[EQ][GATE_DETAIL] d_sym_idx=32, kHtSig1Rel=5, d_have_ht_header=0
[EQ][GATE_DETAIL] valid flags: lltf0=1 lltf1=1 lsig=1 htsig0=1 htsig1=1
[EQ][FLOW] abs=547 wifi_start=0 in_frame=1 sym_idx=33 consumed=10 produced=0
[EQ][PRE_EXTRACT] d_sym_idx=33, in_frame=1
[EQ][POST_EQUALIZE] d_sym_idx=33
[EQ][STDERR_DIRECT] Entering direct mixed-mode header detection
[EQ][IDX_CHECK] d_sym_idx=33, condition=0
[EQ][DIRECT_PATH] Entering direct mixed-mode header detection
[EQ][STDERR_BEFORE_GATE] Reached before gate check
[EQ][BEFORE_GATE] Reached before gate check
[EQ][TEST_INSERT] Added new debug output
[EQ][DEBUG_TEST] ======== DEBUG ENTRY ========
[EQ][DEBUG] Checking HT-SIG parse condition: d_sym_idx=33, kHtSig1Rel=5, d_have_ht_header=0
[EQ][DEBUG] valid flags: lltf0=1, lltf1=1, lsig=1, htsig0=1, htsig1=1
[EQ][WHILE_LOOP] iter consumed=11, d_sym_idx=34
[EQ][GATE_DETAIL] d_sym_idx=33, kHtSig1Rel=5, d_have_ht_header=0
[EQ][GATE_DETAIL] valid flags: lltf0=1 lltf1=1 lsig=1 htsig0=1 htsig1=1
[EQ][FLOW] abs=548 wifi_start=0 in_frame=1 sym_idx=34 consumed=11 produced=0
[EQ][PRE_EXTRACT] d_sym_idx=34, in_frame=1
[EQ][POST_EQUALIZE] d_sym_idx=34
[EQ][STDERR_DIRECT] Entering direct mixed-mode header detection
[EQ][IDX_CHECK] d_sym_idx=34, condition=0
[EQ][DIRECT_PATH] Entering direct mixed-mode header detection
[EQ][STDERR_BEFORE_GATE] Reached before gate check
[EQ][BEFORE_GATE] Reached before gate check
[EQ][TEST_INSERT] Added new debug output
[EQ][DEBUG_TEST] ======== DEBUG ENTRY ========
[EQ][DEBUG] Checking HT-SIG parse condition: d_sym_idx=34, kHtSig1Rel=5, d_have_ht_header=0
[EQ][DEBUG] valid flags: lltf0=1, lltf1=1, lsig=1, htsig0=1, htsig1=1
[EQ][WHILE_LOOP] iter consumed=12, d_sym_idx=35
[EQ][PRE_EXTRACT] d_sym_idx=35, in_frame=1
[EQ][POST_EQUALIZE] d_sym_idx=35
[EQ][STDERR_DIRECT] Entering direct mixed-mode header detection
[EQ][GATE_DETAIL] d_sym_idx=34, kHtSig1Rel=5, d_have_ht_header=0
[EQ][GATE_DETAIL] valid flags: lltf0=1 lltf1=1 lsig=1 htsig0=1 htsig1=1
[EQ][IDX_CHECK] d_sym_idx=35, condition=0
[EQ][DIRECT_PATH] Entering direct mixed-mode header detection
[EQ][STDERR_BEFORE_GATE] Reached before gate check
[EQ][BEFORE_GATE] Reached before gate check
[EQ][TEST_INSERT] Added new debug output
[EQ][DEBUG_TEST] ======== DEBUG ENTRY ========
[EQ][DEBUG] Checking HT-SIG parse condition: d_sym_idx=35, kHtSig1Rel=5, d_have_ht_header=0
[EQ][DEBUG] valid flags: lltf0=1, lltf1=1, lsig=1, htsig0=1, htsig1=1
[EQ][WHILE_LOOP] iter consumed=13, d_sym_idx=36
[EQ][PRE_EXTRACT] d_sym_idx=36, in_frame=1
[EQ][POST_EQUALIZE] d_sym_idx=36
[EQ][STDERR_DIRECT] Entering direct mixed-mode header detection
[EQ][GATE_DETAIL] d_sym_idx=35, kHtSig1Rel=5, d_have_ht_header=0
[EQ][GATE_DETAIL] valid flags: lltf0=1 lltf1=1 lsig=1 htsig0=1 htsig1=1
[EQ][IDX_CHECK] d_sym_idx=36, condition=0
[EQ][DIRECT_PATH] Entering direct mixed-mode header detection
[EQ][STDERR_BEFORE_GATE] Reached before gate check
[EQ][BEFORE_GATE] Reached before gate check
[EQ][TEST_INSERT] Added new debug output
[EQ][DEBUG_TEST] ======== DEBUG ENTRY ========
[EQ][DEBUG] Checking HT-SIG parse condition: d_sym_idx=36, kHtSig1Rel=5, d_have_ht_header=0
[EQ][DEBUG] valid flags: lltf0=1, lltf1=1, lsig=1, htsig0=1, htsig1=1
[EQ][WHILE_LOOP] iter consumed=14, d_sym_idx=37
[EQ][PRE_EXTRACT] d_sym_idx=37, in_frame=1
[EQ][POST_EQUALIZE] d_sym_idx=37
[EQ][STDERR_DIRECT] Entering direct mixed-mode header detection
[EQ][GATE_DETAIL] d_sym_idx=36, kHtSig1Rel=5, d_have_ht_header=0
[EQ][GATE_DETAIL] valid flags: lltf0=1 lltf1=1 lsig=1 htsig0=1 htsig1=1
[EQ][IDX_CHECK] d_sym_idx=37, condition=0
[EQ][DIRECT_PATH] Entering direct mixed-mode header detection
[EQ][STDERR_BEFORE_GATE] Reached before gate check
[EQ][BEFORE_GATE] Reached before gate check
[EQ][TEST_INSERT] Added new debug output
[EQ][DEBUG_TEST] ======== DEBUG ENTRY ========
[EQ][DEBUG] Checking HT-SIG parse condition: d_sym_idx=37, kHtSig1Rel=5, d_have_ht_header=0
[EQ][DEBUG] valid flags: lltf0=1, lltf1=1, lsig=1, htsig0=1, htsig1=1
[EQ][WHILE_LOOP] iter consumed=15, d_sym_idx=38
[EQ][PRE_EXTRACT] d_sym_idx=38, in_frame=1
[EQ][POST_EQUALIZE] d_sym_idx=38
[EQ][STDERR_DIRECT] Entering direct mixed-mode header detection
[EQ][GATE_DETAIL] d_sym_idx=37, kHtSig1Rel=5, d_have_ht_header=0
[EQ][GATE_DETAIL] valid flags: lltf0=1 lltf1=1 lsig=1 htsig0=1 htsig1=1
[EQ][IDX_CHECK] d_sym_idx=38, condition=0
[EQ][DIRECT_PATH] Entering direct mixed-mode header detection
[EQ][STDERR_BEFORE_GATE] Reached before gate check
[EQ][BEFORE_GATE] Reached before gate check
[EQ][TEST_INSERT] Added new debug output
[EQ][DEBUG_TEST] ======== DEBUG ENTRY ========
[EQ][DEBUG] Checking HT-SIG parse condition: d_sym_idx=38, kHtSig1Rel=5, d_have_ht_header=0
[EQ][DEBUG] valid flags: lltf0=1, lltf1=1, lsig=1, htsig0=1, htsig1=1
[EQ][WHILE_LOOP] iter consumed=16, d_sym_idx=39
[EQ][PRE_EXTRACT] d_sym_idx=39, in_frame=1
[EQ][POST_EQUALIZE] d_sym_idx=39
[EQ][STDERR_DIRECT] Entering direct mixed-mode header detection
[EQ][GATE_DETAIL] d_sym_idx=38, kHtSig1Rel=5, d_have_ht_header=0
[EQ][GATE_DETAIL] valid flags: lltf0=1 lltf1=1 lsig=1 htsig0=1 htsig1=1
[EQ][IDX_CHECK] d_sym_idx=39, condition=0
[EQ][DIRECT_PATH] Entering direct mixed-mode header detection
[EQ][STDERR_BEFORE_GATE] Reached before gate check
[EQ][BEFORE_GATE] Reached before gate check
[EQ][TEST_INSERT] Added new debug output
[EQ][DEBUG_TEST] ======== DEBUG ENTRY ========
[EQ][DEBUG] Checking HT-SIG parse condition: d_sym_idx=39, kHtSig1Rel=5, d_have_ht_header=0
[EQ][DEBUG] valid flags: lltf0=1, lltf1=1, lsig=1, htsig0=1, htsig1=1
[EQ][WHILE_LOOP] iter consumed=17, d_sym_idx=40
[EQ][PRE_EXTRACT] d_sym_idx=40, in_frame=1
[EQ][POST_EQUALIZE] d_sym_idx=40
[EQ][STDERR_DIRECT] Entering direct mixed-mode header detection
[EQ][GATE_DETAIL] d_sym_idx=39, kHtSig1Rel=5, d_have_ht_header=0
[EQ][GATE_DETAIL] valid flags: lltf0=1 lltf1=1 lsig=1 htsig0=1 htsig1=1
[EQ][IDX_CHECK] d_sym_idx=40, condition=0
[EQ][DIRECT_PATH] Entering direct mixed-mode header detection
[EQ][STDERR_BEFORE_GATE] Reached before gate check
[EQ][BEFORE_GATE] Reached before gate check
[EQ][TEST_INSERT] Added new debug output
[EQ][DEBUG_TEST] ======== DEBUG ENTRY ========
[EQ][DEBUG] Checking HT-SIG parse condition: d_sym_idx=40, kHtSig1Rel=5, d_have_ht_header=0
[EQ][DEBUG] valid flags: lltf0=1, lltf1=1, lsig=1, htsig0=1, htsig1=1
[EQ][WHILE_LOOP] iter consumed=18, d_sym_idx=41
[EQ][PRE_EXTRACT] d_sym_idx=41, in_frame=1
[EQ][POST_EQUALIZE] d_sym_idx=41
[EQ][STDERR_DIRECT] Entering direct mixed-mode header detection
[EQ][GATE_DETAIL] d_sym_idx=40, kHtSig1Rel=5, d_have_ht_header=0
[EQ][GATE_DETAIL] valid flags: lltf0=1 lltf1=1 lsig=1 htsig0=1 htsig1=1
[EQ][IDX_CHECK] d_sym_idx=41, condition=0
[EQ][DIRECT_PATH] Entering direct mixed-mode header detection
[EQ][STDERR_BEFORE_GATE] Reached before gate check
[EQ][BEFORE_GATE] Reached before gate check
[EQ][TEST_INSERT] Added new debug output
[EQ][DEBUG_TEST] ======== DEBUG ENTRY ========
[EQ][DEBUG] Checking HT-SIG parse condition: d_sym_idx=41, kHtSig1Rel=5, d_have_ht_header=0
[EQ][DEBUG] valid flags: lltf0=1, lltf1=1, lsig=1, htsig0=1, htsig1=1
[EQ][WHILE_LOOP] iter consumed=19, d_sym_idx=42
[EQ][PRE_EXTRACT] d_sym_idx=42, in_frame=1
[EQ][POST_EQUALIZE] d_sym_idx=42
[EQ][STDERR_DIRECT] Entering direct mixed-mode header detection
[EQ][GATE_DETAIL] d_sym_idx=41, kHtSig1Rel=5, d_have_ht_header=0
[EQ][GATE_DETAIL] valid flags: lltf0=1 lltf1=1 lsig=1 htsig0=1 htsig1=1
[EQ][IDX_CHECK] d_sym_idx=42, condition=0
[EQ][DIRECT_PATH] Entering direct mixed-mode header detection
[EQ][STDERR_BEFORE_GATE] Reached before gate check
[EQ][BEFORE_GATE] Reached before gate check
[EQ][TEST_INSERT] Added new debug output
[EQ][DEBUG_TEST] ======== DEBUG ENTRY ========
[EQ][DEBUG] Checking HT-SIG parse condition: d_sym_idx=42, kHtSig1Rel=5, d_have_ht_header=0
[EQ][DEBUG] valid flags: lltf0=1, lltf1=1, lsig=1, htsig0=1, htsig1=1
[EQ][WHILE_LOOP] iter consumed=20, d_sym_idx=43
[EQ][PRE_EXTRACT] d_sym_idx=43, in_frame=1
[EQ][POST_EQUALIZE] d_sym_idx=43
[EQ][STDERR_DIRECT] Entering direct mixed-mode header detection
[EQ][GATE_DETAIL] d_sym_idx=42, kHtSig1Rel=5, d_have_ht_header=0
[EQ][GATE_DETAIL] valid flags: lltf0=1 lltf1=1 lsig=1 htsig0=1 htsig1=1
[EQ][IDX_CHECK] d_sym_idx=43, condition=0
[EQ][DIRECT_PATH] Entering direct mixed-mode header detection
[EQ][STDERR_BEFORE_GATE] Reached before gate check
[EQ][BEFORE_GATE] Reached before gate check
[EQ][TEST_INSERT] Added new debug output
[EQ][DEBUG_TEST] ======== DEBUG ENTRY ========
[EQ][DEBUG] Checking HT-SIG parse condition: d_sym_idx=43, kHtSig1Rel=5, d_have_ht_header=0
[EQ][DEBUG] valid flags: lltf0=1, lltf1=1, lsig=1, htsig0=1, htsig1=1
[EQ][GATE_DETAIL] d_sym_idx=43, kHtSig1Rel=5, d_have_ht_header=0
[EQ][GATE_DETAIL] valid flags: lltf0=1 lltf1=1 lsig=1 htsig0=1 htsig1=1
message_debug :info: The `print_pdu` port is deprecated and will be removed; forwarding to `print`.
[MAPPER] handle_msg called
***** VERBOSE PDU DEBUG PRINT ******
((encoding . 0) (crc_included . #t))
pdu length =         38 bytes
pdu vector contents = 
0000: 08 00 00 00 42 42 42 42 42 42 23 23 23 23 23 23 
0010: ff ff ff ff ff ff 60 [MAPPER] meta=01 78 78 78 78 78 78 78 78 
0020: 78 78 a7 31 ad 24 
************************************
((encoding . 0) (crc_included . #t))
[MAPPER] meta fields: mcs=0 len=-1 psdu_len=-1
[MAPPER] using MCS=0
[MAPPER] HT mode enabled, effective MCS: 0
[TX][HTDATA0][PUNCTURED] bits52=0011010001100110000100100100101000000000010101111001
[TX][HTDATA0][INTERLEAVED] bits52=0100010010111000001110000101000100011101100000000101
[TX][HTDATA0] bits52=0100010010111000001110000101000100011101100000000101
[TX][PUNCTURED-ALL] nbits=676 first64=0011010001100110000100100100101000000000010101111001011110001011 last64=0111011110001010001110100101010001010111001110011010001100011001
[TX][INTERLEAVED-ALL] nbits=676 first64=0100010010111000001110000101000100011101100000000101000010111100 last64=1110101000001110001011000001011100101010100011010011111000000111
[TX][HTDATA0][PUNCTURED] keep existing first-frame reference /tmp/wifi_tx_punctured0_bits52.txt
[TX][HTDATA0][INTERLEAVED] keep existing first-frame reference /tmp/wifi_tx_interleaved0_bits52.txt
[TX][HTDATA0] keep existing first-frame reference /tmp/wifi_tx_data0_bits52.txt
[TX][PUNCTURED-ALL] keep existing first-frame reference /tmp/wifi_tx_punctured_all_bits.txt
[TX][INTERLEAVED-ALL] keep existing first-frame reference /tmp/wifi_tx_interleaved_all_bits.txt
[TX][PUNCTURED-ALL] updated /tmp/wifi_tx_punctured_all_bits.last.txt
[TX][INTERLEAVED-ALL] updated /tmp/wifi_tx_interleaved_all_bits.last.txt
[MAPPER] frame: ht_mode=1 psdu=38 n_sym=13 n_data_bits=338 n_encoded_bits=676 data_carriers=52 out_symbols=676
[HT-HEADER] general_work called ninput=676 noutput=32688
[TX][LSIG] raw24=110100110010000000000000
[TX][LSIG] enc48=110110001010100111001100100011011100000000000000
[TX][LSIG] intl48=110011011001000011010100011000000010011001100000
[TX][HTSIG] fields: mcs=0 len=38 bw40=0 agg=0 sgi=0 stbc=0 adv=0 nltf=0 crc=0x0d
[TX][HTSIG] raw48=000000000110010000000000000000000010110000000000
[TX][HTSIG] enc96=000000000000000000110110111100100011011100000000000000000000000000001110111001101110101100000000
[TX][HTSIG] intl96=000000111110010000000011100110000000000010011000000000011011110000000001100100000000001011101000
[TX][HTHDR][OUTBUF] lsig48=110011011001000011010100011000000010011001100000
[TX][HTHDR][OUTBUF] htsig1_48=000000111110010000000011100110000000000010011000
[TX][HTHDR][OUTBUF] htsig2_48=000000011011110000000001100100000000001011101000
[SYNC-SHORT] general_work called: noutput=16 ninput=2256 threshold=0.010 state=1
SHORT copied 16
[SYNC-LONG] general_work: ninput[0]=16 ninput[1]=320 noutput=16 state=1
LONG ninput[0] 16   ninput[1] 320  noutput 16   state 1
produced : 16 consumed: 16
[SYNC-SHORT] general_work called: noutput=2048 ninput=2240 threshold=0.010 state=1
sync_short :info: frame start at in: 49405 out: 49932
SHORT Frame!
SHORT copied 188
[SYNC-SHORT] general_work called: noutput=1024 ninput=2052 threshold=0.010 state=1
[SYNC-LONG] general_work: ninput[0]=188 ninput[1]=320 noutput=128 state=1
LONG ninput[0] 188   ninput[1] 320  noutput 128   state 1
produced : 128 consumed: 160
sync_short :info: frame start at in: 49886 out: 50413
SHORT Frame!
SHORT copied 481
[SYNC-LONG] general_work: ninput[0]=28 ninput[1]=348 noutput=16 state=1
LONG ninput[0] 28   ninput[1] 348  noutput 16   state 1
produced : 16 consumed: 16
[SYNC-SHORT] general_work called: noutput=1024 ninput=1571 threshold=0.010 state=1
[SYNC-LONG] general_work: ninput[0]=493 ninput[1]=332 noutput=256 state=1
LONG ninput[0] 493   ninput[1] 332  noutput 256   state 1
produced : 2 consumed: 12
sync_short :info: frame start at in: 50367 out: 50894
SHORT Frame!
SHORT copied 481
[SYNC-LONG] general_work: ninput[0]=481 ninput[1]=801 noutput=256 state=1
LONG ninput[0] 481   ninput[1] 801  noutput 256   state 1
[SYNC-LONG] Received wifi_start tag: freq_offset=-0.072 offset=49405 nread=49405
LONG: ignore retrigger tag during COPY nread=49405 d_count=3008 guard=3072 tag_offset=49405
[SYNC-SHORT] general_work called: noutput=1024 ninput=1090 threshold=0.010 state=1
produced : 256 consumed: 310
[EQ][ENTER] general_work called nin=3 nout=128
[EQ][WHILE_ENTER] consumed=0, n_in=3
[EQ][WHILE_LOOP] iter consumed=0, d_sym_idx=44
[EQ][FLOW] abs=558 wifi_start=0 in_frame=1 sym_idx=44 consumed=0 produced=0
[EQ][PRE_EXTRACT] d_sym_idx=44, in_frame=1
sync_short :info: frame start at in: 50848 out: 51375
[SYNC-LONG] general_work: ninput[0]=652 ninput[1]=972 noutput=512 state=1
LONG ninput[0] 652   ninput[1] 972  noutput 512   state 1
SHORT Frame!
SHORT copied 481
produced : 128 consumed: 171
[SYNC-SHORT] general_work called: noutput=512 ninput=609 threshold=0.010 state=1
[SYNC-LONG] general_work: ninput[0]=962 ninput[1]=801 noutput=512 state=1
[EQ][IDX_CHECK] d_sym_idx=44, condition=0
LONG ninput[0] 962   ninput[1] 801  noutput 512   state 1
[SYNC-LONG] Received wifi_start tag: freq_offset=-0.184 offset=49886 nread=49886
produced : 0 consumed: 0
[EQ][POST_EQUALIZE] d_sym_idx=44
[EQ][STDERR_DIRECT] Entering direct mixed-mode header detection
[EQ][DIRECT_PATH] Entering direct mixed-mode header detection
[EQ][STDERR_BEFORE_GATE] Reached before gate check
[EQ][BEFORE_GATE] Reached before gate check
[SYNC-LONG] general_work: ninput[0]=962 ninput[1]=801 noutput=4096 state=0
[EQ][TEST_INSERT] Added new debug output
[EQ][DEBUG_TEST] ======== DEBUG ENTRY ========
[EQ][DEBUG] Checking HT-SIG parse condition: d_sym_idx=44, kHtSig1Rel=5, d_have_ht_header=0
[EQ][DEBUG] valid flags: lltf0=1, lltf1=1, lsig=1, htsig0=1, htsig1=1
[EQ][WHILE_LOOP] iter consumed=1, d_sym_idx=45
[EQ][GATE_DETAIL] d_sym_idx=44, kHtSig1Rel=5, d_have_ht_header=0
[EQ][GATE_DETAIL] valid flags: lltf0=1 lltf1=1 lsig=1 htsig0=1 htsig1=1
LONG ninput[0] sync_short :info: frame start at in: 51329 out: 51856
962   ninput[1] [EQ][FLOW] abs=559 wifi_start=0 in_frame=1 sym_idx=45 consumed=1 produced=0
[EQ][PRE_EXTRACT] d_sym_idx=45, in_frame=1
SHORT Frame!
[EQ][IDX_CHECK] d_sym_idx=45, condition=0
SHORT copied 481
[EQ][POST_EQUALIZE] d_sym_idx=45
801  noutput 4096   state 0
[EQ][STDERR_DIRECT] Entering direct mixed-mode header detection
[SYNC-LONG] Received wifi_start tag: freq_offset=-0.184 offset=49886 nread=49886
[EQ][DIRECT_PATH] Entering direct mixed-mode header detection
[EQ][STDERR_BEFORE_GATE] Reached before gate check
[EQ][BEFORE_GATE] Reached before gate check
[EQ][TEST_INSERT] Added new debug output
[EQ][DEBUG_TEST] ======== DEBUG ENTRY ========
[EQ][DEBUG] Checking HT-SIG parse condition: d_sym_idx=45, kHtSig1Rel=5, d_have_ht_header=0
[EQ][DEBUG] valid flags: lltf0=1, lltf1=1, lsig=1, htsig0=1, htsig1=1
[SYNC-SHORT] general_work called: noutput=64 ninput=128 threshold=0.010 state=1
[EQ][GATE_DETAIL] d_sym_idx=45, kHtSig1Rel=5, d_have_ht_header=0
[EQ][GATE_DETAIL] valid flags: lltf0=1 lltf1=1 lsig=1 htsig0=1 htsig1=1
SHORT copied 64
[EQ][WHILE_LOOP] iter consumed=2, d_sym_idx=46
[SYNC-SHORT] general_work called: noutput=32 ninput=64 threshold=0.010 state=1
SHORT copied 32
[SYNC-SHORT] general_work called: noutput=16 ninput=32 threshold=0.010 state=1
[EQ][FLOW] abs=560 wifi_start=0 in_frame=1 sym_idx=46 consumed=2 produced=0
[EQ][PRE_EXTRACT] d_sym_idx=46, in_frame=1
SHORT copied 16
[EQ][POST_EQUALIZE] d_sym_idx=46
[EQ][STDERR_DIRECT] Entering direct mixed-mode header detection
[EQ][IDX_CHECK] d_sym_idx=46, condition=0
[EQ][DIRECT_PATH] Entering direct mixed-mode header detection
[EQ][STDERR_BEFORE_GATE] Reached before gate check
[EQ][BEFORE_GATE] Reached before gate check
[EQ][TEST_INSERT] Added new debug output
[EQ][DEBUG_TEST] ======== DEBUG ENTRY ========
[EQ][DEBUG] Checking HT-SIG parse condition: d_sym_idx=46, kHtSig1Rel=5, d_have_ht_header=0
[EQ][DEBUG] valid flags: lltf0=1, lltf1=1, lsig=1, htsig0=1, htsig1=1
[EQ][ENTER] general_work called nin=6 nout=256
[EQ][GATE_DETAIL] d_sym_idx=46, kHtSig1Rel=5, d_have_ht_header=0
[EQ][GATE_DETAIL] valid flags: lltf0=1 lltf1=1 lsig=1 htsig0=1 htsig1=1
[EQ][WHILE_ENTER] consumed=0, n_in=6
[EQ][WHILE_LOOP] iter consumed=0, d_sym_idx=47
[EQ][FLOW] abs=561 wifi_start=0 in_frame=1 sym_idx=47 consumed=0 produced=0
[EQ][PRE_EXTRACT] d_sym_idx=47, in_frame=1
[EQ][POST_EQUALIZE] d_sym_idx=47
[EQ][STDERR_DIRECT] Entering direct mixed-mode header detection
[EQ][IDX_CHECK] d_sym_idx=47, condition=0
[EQ][DIRECT_PATH] Entering direct mixed-mode header detection
[EQ][STDERR_BEFORE_GATE] Reached before gate check
sync_long :info: LONG: frame start at 41
produced : 0 consumed: [EQ][BEFORE_GATE] Reached before gate check
320[EQ][TEST_INSERT] Added new debug output
[EQ][DEBUG_TEST] ======== DEBUG ENTRY ========
[EQ][DEBUG] Checking HT-SIG parse condition: d_sym_idx=47, kHtSig1Rel=5, d_have_ht_header=0
[EQ][DEBUG] valid flags: lltf0=1, lltf1=1, lsig=1, htsig0=1, htsig1=1
[EQ][WHILE_LOOP] iter consumed=1, d_sym_idx=48
[EQ][GATE_DETAIL] d_sym_idx=47, kHtSig1Rel=5, d_have_ht_header=0
[EQ][GATE_DETAIL] valid flags: lltf0=1 lltf1=1 lsig=1 htsig0=1 htsig1=1
[EQ][FLOW] abs=562 wifi_start=0 in_frame=1 sym_idx=48 consumed=1 produced=0
[EQ][PRE_EXTRACT] d_sym_idx=48, in_frame=1
[EQ][POST_EQUALIZE] d_sym_idx=48
[EQ][STDERR_DIRECT] Entering direct mixed-mode header detection
[EQ][IDX_CHECK] d_sym_idx=48, condition=0

[SYNC-LONG] general_work: ninput[0]=1235 ninput[1]=1555 noutput=1024 state=1
LONG ninput[0] 1235   ninput[1] 1555  noutput 1024   state 1
[EQ][DIRECT_PATH] Entering direct mixed-mode header detection
[EQ][STDERR_BEFORE_GATE] Reached before gate check
[EQ][BEFORE_GATE] Reached before gate check
[EQ][TEST_INSERT] Added new debug output
[EQ][DEBUG_TEST] ======== DEBUG ENTRY ========
[EQ][DEBUG] Checking HT-SIG parse condition: d_sym_idx=48, kHtSig1Rel=5, d_have_ht_header=0
[EQ][DEBUG] valid flags: lltf0=1, lltf1=1, lsig=1, htsig0=1, htsig1=1
[EQ][WHILE_LOOP] iter consumed=2, d_sym_idx=49
[EQ][GATE_DETAIL] d_sym_idx=48, kHtSig1Rel=5, d_have_ht_header=0
[EQ][GATE_DETAIL] valid flags: lltf0=1 lltf1=1 lsig=1 htsig0=1 htsig1=1
[EQ][FLOW] abs=563 wifi_start=0 in_frame=1 sym_idx=49 consumed=2 produced=0
[EQ][PRE_EXTRACT] d_sym_idx=49, in_frame=1
[EQ][IDX_CHECK] d_sym_idx=49, condition=0
produced : 120 consumed: 161
[EQ][POST_EQUALIZE] d_sym_idx=49
[EQ][STDERR_DIRECT] Entering direct mixed-mode header detection
[EQ][DIRECT_PATH] Entering direct mixed-mode header detection
[EQ][STDERR_BEFORE_GATE] Reached before gate check
[EQ][BEFORE_GATE] Reached before gate check
[EQ][TEST_INSERT] Added new debug output
[EQ][DEBUG_TEST] ======== DEBUG ENTRY ========
[EQ][DEBUG] Checking HT-SIG parse condition: d_sym_idx=49, kHtSig1Rel=5, d_have_ht_header=0
[EQ][DEBUG] valid flags: lltf0=1, lltf1=1, lsig=1, htsig0=1, htsig1=1
[EQ][WHILE_LOOP] iter consumed=3, d_sym_idx=50
[SYNC-LONG] general_work: ninput[0]=1074 ninput[1]=1394 noutput=1024 state=1
[EQ][GATE_DETAIL] d_sym_idx=49, kHtSig1Rel=5, d_have_ht_header=0
[EQ][GATE_DETAIL] valid flags: lltf0=1 lltf1=1 lsig=1 htsig0=1 htsig1=1
LONG ninput[0] 1074   ninput[1] 1394  noutput 1024   state 1
[SYNC-LONG] Received wifi_start tag: freq_offset=-0.031 offset=50367 nread=50367
LONG: ignore retrigger tag during COPY nread=50367 d_count=120 guard=3072 tag_offset=50367

----------------------------------------------------------------------
Tag Debug: 
Input Stream: 00
  Offset: 36288  Source: sync_long     Key: wifi_start   Value: -0.19635
----------------------------------------------------------------------
[EQ][FLOW] abs=564 wifi_start=0 in_frame=1 sym_idx=50 consumed=3 produced=0
[EQ][PRE_EXTRACT] d_sym_idx=50, in_frame=1
[EQ][POST_EQUALIZE] d_sym_idx=50
[EQ][STDERR_DIRECT] Entering direct mixed-mode header detection
[EQ][IDX_CHECK] d_sym_idx=50, condition=0
[EQ][DIRECT_PATH] Entering direct mixed-mode header detection
[EQ][STDERR_BEFORE_GATE] Reached before gate check
[EQ][BEFORE_GATE] Reached before gate check
[EQ][TEST_INSERT] Added new debug output
[EQ][DEBUG_TEST] ======== DEBUG ENTRY ========
[EQ][DEBUG] Checking HT-SIG parse condition: d_sym_idx=50, kHtSig1Rel=5, d_have_ht_header=0
[EQ][DEBUG] valid flags: lltf0=1, lltf1=1, lsig=1, htsig0=1, htsig1=1
[EQ][WHILE_LOOP] iter consumed=4, d_sym_idx=51
[EQ][GATE_DETAIL] d_sym_idx=50, kHtSig1Rel=5, d_have_ht_header=0
[EQ][GATE_DETAIL] valid flags: lltf0=1 lltf1=1 lsig=1 htsig0=1 htsig1=1
[EQ][FLOW] abs=565 wifi_start=0 in_frame=1 sym_idx=51 consumed=4 produced=0
[EQ][PRE_EXTRACT] d_sym_idx=51, in_frame=1
[EQ][POST_EQUALIZE] d_sym_idx=51
[EQ][STDERR_DIRECT] Entering direct mixed-mode header detection
[EQ][IDX_CHECK] d_sym_idx=51, condition=0
[EQ][DIRECT_PATH] Entering direct mixed-mode header detection
[EQ][STDERR_BEFORE_GATE] Reached before gate check
[EQ][BEFORE_GATE] Reached before gate check
[EQ][TEST_INSERT] Added new debug output
[EQ][DEBUG_TEST] ======== DEBUG ENTRY ========
[EQ][DEBUG] Checking HT-SIG parse condition: d_sym_idx=51, kHtSig1Rel=5, d_have_ht_header=0
[EQ][DEBUG] valid flags: lltf0=1, lltf1=1, lsig=1, htsig0=1, htsig1=1
[EQ][WHILE_LOOP] iter consumed=5, d_sym_idx=52
[EQ][GATE_DETAIL] d_sym_idx=51, kHtSig1Rel=5, d_have_ht_header=0
[EQ][GATE_DETAIL] valid flags: lltf0=1 lltf1=1 lsig=1 htsig0=1 htsig1=1
[EQ][FLOW] abs=566 wifi_start=0 in_frame=1 sym_idx=52 consumed=5 produced=0
[EQ][PRE_EXTRACT] d_sym_idx=52, in_frame=1
[EQ][POST_EQUALIZE] d_sym_idx=52
[EQ][STDERR_DIRECT] Entering direct mixed-mode header detection
[EQ][IDX_CHECK] d_sym_idx=52, condition=0
[EQ][DIRECT_PATH] Entering direct mixed-mode header detection
[EQ][STDERR_BEFORE_GATE] Reached before gate check
[EQ][BEFORE_GATE] Reached before gate check
[EQ][TEST_INSERT] Added new debug output
[EQ][DEBUG_TEST] ======== DEBUG ENTRY ========
[EQ][DEBUG] Checking HT-SIG parse condition: d_sym_idx=52, kHtSig1Rel=5, d_have_ht_header=0
[EQ][DEBUG] valid flags: lltf0=1, lltf1=1, lsig=1, htsig0=1, htsig1=1
produced : 850 consumed: 1074
[EQ][ENTER] general_work called nin=1 nout=32

----------------------------------------------------------------------
Tag Debug: eq_in_tagdbg
Input Stream: 00
  Offset: 567  Source: sync_long     Key: wifi_start   Value: -0.19635
----------------------------------------------------------------------
[EQ][GATE_DETAIL] d_sym_idx=52, kHtSig1Rel=5, d_have_ht_header=0
[EQ][GATE_DETAIL] valid flags: lltf0=1 lltf1=1 lsig=1 htsig0=1 htsig1=1
[EQ][TAG] wifi_start at offset=567 freq_offset=-0.196350
[EQ][WHILE_ENTER] consumed=0, n_in=1
[EQ][WHILE_LOOP] iter consumed=0, d_sym_idx=53
[EQ][FLOW] abs=567 wifi_start=1 in_frame=1 sym_idx=53 consumed=0 produced=0
[EQ][FLOW] frame-takeover abs=567 allow=1
[EQ][PRE_EXTRACT] d_sym_idx=0, in_frame=1
[EXTRACT_CALL] sym_idx=0, type=OTHER
[EQ][IDX_CHECK] d_sym_idx=0, condition=1
[EQ][VALID_SET] d_sym_idx=0, valid=1
[EQ][SYM_IDX] sym_idx=0, type=UNKNOWN
[EQ][POST_EQUALIZE] d_sym_idx=0
[EQ][RAW_BITS] sym_idx=0 bits52=0000000000000000000000000000000000000000000000000000
[EQ][STDERR_DIRECT] Entering direct mixed-mode header detection
[EQ][DIRECT_PATH] Entering direct mixed-mode header detection
[EQ][STDERR_BEFORE_GATE] Reached before gate check
[EQ][BEFORE_GATE] Reached before gate check
[EQ][TEST_INSERT] Added new debug output
[EQ][DEBUG_TEST] ======== DEBUG ENTRY ========
[EQ][DEBUG] Checking HT-SIG parse condition: d_sym_idx=0, kHtSig1Rel=5, d_have_ht_header=0
[EQ][DEBUG] valid flags: lltf0=0, lltf1=0, lsig=0, htsig0=0, htsig1=0
[EQ][ENTER] general_work called nin=14 nout=512
[EQ][GATE_DETAIL] d_sym_idx=0, kHtSig1Rel=5, d_have_ht_header=0
[EQ][GATE_DETAIL] valid flags: lltf0=0 lltf1=0 lsig=0 htsig0=0 htsig1=0
[EQ][WHILE_ENTER] consumed=0, n_in=14
[EQ][WHILE_LOOP] iter consumed=0, d_sym_idx=1
[EQ][FLOW] abs=568 wifi_start=0 in_frame=1 sym_idx=1 consumed=0 produced=0
[EQ][PRE_EXTRACT] d_sym_idx=1, in_frame=1
[EXTRACT_CALL] sym_idx=1, type=L-LTF0
[EQ][IDX_CHECK] d_sym_idx=1, condition=1
[EQ][VALID_SET] d_sym_idx=1, valid=1
[EQ][SYM_IDX] sym_idx=1, type=L-LTF0
[EQ][POST_EQUALIZE] d_sym_idx=1
[EQ][RAW_BITS] sym_idx=1 bits52=0000000000000000000000000000000000000000000000000000
[EQ][STDERR_DIRECT] Entering direct mixed-mode header detection
[EQ][DIRECT_PATH] Entering direct mixed-mode header detection
[EQ][STDERR_BEFORE_GATE] Reached before gate check
[EQ][BEFORE_GATE] Reached before gate check
[EQ][TEST_INSERT] Added new debug output
[EQ][DEBUG_TEST] ======== DEBUG ENTRY ========
[EQ][DEBUG] Checking HT-SIG parse condition: d_sym_idx=1, kHtSig1Rel=5, d_have_ht_header=0
[EQ][DEBUG] valid flags: lltf0=1, lltf1=0, lsig=0, htsig0=0, htsig1=0
[EQ][WHILE_LOOP] iter consumed=1, d_sym_idx=2
[EQ][GATE_DETAIL] d_sym_idx=1, kHtSig1Rel=5, d_have_ht_header=0
[EQ][GATE_DETAIL] valid flags: lltf0=1 lltf1=0 lsig=0 htsig0=0 htsig1=0
[EQ][FLOW] abs=569 wifi_start=0 in_frame=1 sym_idx=2 consumed=1 produced=0
[EQ][PRE_EXTRACT] d_sym_idx=2, in_frame=1
[EXTRACT_CALL] sym_idx=2, type=L-LTF1
[EQ][IDX_CHECK] d_sym_idx=2, condition=1
[EQ][VALID_SET] d_sym_idx=2, valid=1
[EQ][SYM_IDX] sym_idx=2, type=L-LTF1
[EQ][POST_EQUALIZE] d_sym_idx=2
[EQ][RAW_BITS] sym_idx=2 bits52=0111110100110110000000111010011010101100011010101111
[EQ][STDERR_DIRECT] Entering direct mixed-mode header detection
[EQ][DIRECT_PATH] Entering direct mixed-mode header detection
[EQ][STDERR_BEFORE_GATE] Reached before gate check
[EQ][BEFORE_GATE] Reached before gate check
[EQ][TEST_INSERT] Added new debug output
[EQ][DEBUG_TEST] ======== DEBUG ENTRY ========
[EQ][DEBUG] Checking HT-SIG parse condition: d_sym_idx=2, kHtSig1Rel=5, d_have_ht_header=0
[EQ][DEBUG] valid flags: lltf0=1, lltf1=1, lsig=0, htsig0=0, htsig1=0
[EQ][WHILE_LOOP] iter consumed=2, d_sym_idx=3
[EQ][GATE_DETAIL] d_sym_idx=2, kHtSig1Rel=5, d_have_ht_header=0
[EQ][GATE_DETAIL] valid flags: lltf0=1 lltf1=1 lsig=0 htsig0=0 htsig1=0
[EQ][FLOW] abs=570 wifi_start=0 in_frame=1 sym_idx=3 consumed=2 produced=0
[EQ][PRE_EXTRACT] d_sym_idx=3, in_frame=1
[EXTRACT_CALL] sym_idx=3, type=L-SIG
[EQ][IDX_CHECK] d_sym_idx=3, condition=1
[EQ][VALID_SET] d_sym_idx=3, valid=1
[EQ][SYM_IDX] sym_idx=3, type=L-SIG
[EQ][POST_EQUALIZE] d_sym_idx=3
[EQ][RAW_BITS] sym_idx=3 bits52=0000111110101110101101010011011001010001111110001000
[EQ][STDERR_DIRECT] Entering direct mixed-mode header detection
[EQ][DIRECT_PATH] Entering direct mixed-mode header detection
[EQ][STDERR_BEFORE_GATE] Reached before gate check
[EQ][BEFORE_GATE] Reached before gate check
[EQ][GATE] sym=3 want_htsig1=5 valid={lltf0=1 lltf1=1 lsig=1 htsig0=0 htsig1=0} have_ht=0
[EQ][TEST_INSERT] Added new debug output
[EQ][DEBUG_TEST] ======== DEBUG ENTRY ========
[EQ][DEBUG] Checking HT-SIG parse condition: d_sym_idx=3, kHtSig1Rel=5, d_have_ht_header=0
[EQ][DEBUG] valid flags: lltf0=1, lltf1=1, lsig=1, htsig0=0, htsig1=0
[EQ][WHILE_LOOP] iter consumed=3, d_sym_idx=4
[EQ][GATE_DETAIL] d_sym_idx=3, kHtSig1Rel=5, d_have_ht_header=0
[EQ][GATE_DETAIL] valid flags: lltf0=1 lltf1=1 lsig=1 htsig0=0 htsig1=0
[EQ][FLOW] abs=571 wifi_start=0 in_frame=1 sym_idx=4 consumed=3 produced=0
[EQ][PRE_EXTRACT] d_sym_idx=4, in_frame=1
[EXTRACT_CALL] sym_idx=4, type=HT-SIG0
[EQ][IDX_CHECK] d_sym_idx=4, condition=1
[EQ][VALID_SET] d_sym_idx=4, valid=1
[EQ][SYM_IDX] sym_idx=4, type=HT-SIG0
[EQ][POST_EQUALIZE] d_sym_idx=4
[EQ][RAW_BITS] sym_idx=4 bits52=1111000001110100110010101100100110101110001000100111
[EQ][STDERR_DIRECT] Entering direct mixed-mode header detection
[EQ][DIRECT_PATH] Entering direct mixed-mode header detection
[EQ][STDERR_BEFORE_GATE] Reached before gate check
[EQ][BEFORE_GATE] Reached before gate check
[EQ][GATE] sym=4 want_htsig1=5 valid={lltf0=1 lltf1=1 lsig=1 htsig0=1 htsig1=0} have_ht=0
[EQ][TEST_INSERT] Added new debug output
[EQ][DEBUG_TEST] ======== DEBUG ENTRY ========
[EQ][DEBUG] Checking HT-SIG parse condition: d_sym_idx=4, kHtSig1Rel=5, d_have_ht_header=0
[EQ][DEBUG] valid flags: lltf0=1, lltf1=1, lsig=1, htsig0=1, htsig1=0
[EQ][WHILE_LOOP] iter consumed=4, d_sym_idx=5
[EQ][GATE_DETAIL] d_sym_idx=4, kHtSig1Rel=5, d_have_ht_header=0
[EQ][GATE_DETAIL] valid flags: lltf0=1 lltf1=1 lsig=1 htsig0=1 htsig1=0
[EQ][FLOW] abs=572 wifi_start=0 in_frame=1 sym_idx=5 consumed=4 produced=0
[EQ][PRE_EXTRACT] d_sym_idx=5, in_frame=1
[EXTRACT_CALL] sym_idx=5, type=HT-SIG1
[EQ][IDX_CHECK] d_sym_idx=5, condition=1
[EQ][VALID_SET] d_sym_idx=5, valid=1
[EQ][SYM_IDX] sym_idx=5, type=HT-SIG1
[EQ][POST_EQUALIZE] d_sym_idx=5
[EQ][RAW_BITS] sym_idx=5 bits52=1111101111011011011101101000101001000000001010010000
[EQ][STDERR_DIRECT] Entering direct mixed-mode header detection
[EQ][DIRECT_PATH] Entering direct mixed-mode header detection
[EQ][STDERR_BEFORE_GATE] Reached before gate check
[EQ][BEFORE_GATE] Reached before gate check
[EQ][GATE] sym=5 want_htsig1=5 valid={lltf0=1 lltf1=1 lsig=1 htsig0=1 htsig1=1} have_ht=0
[EQ][TEST_INSERT] Added new debug output
[EQ][DEBUG_TEST] ======== DEBUG ENTRY ========
[EQ][DEBUG] Checking HT-SIG parse condition: d_sym_idx=5, kHtSig1Rel=5, d_have_ht_header=0
[EQ][DEBUG] valid flags: lltf0=1, lltf1=1, lsig=1, htsig0=1, htsig1=1
[EQ][GATE_DETAIL] d_sym_idx=5, kHtSig1Rel=5, d_have_ht_header=0
[EQ][GATE_DETAIL] valid flags: lltf0=1 lltf1=1 lsig=1 htsig0=1 htsig1=1
[EQ][DEBUG_BLOCK] ENTERING HT-SIG PARSE BLOCK
[RX][LLTF-DBG] L-LTF0 valid=1, L-LTF1 valid=1
[RX][LLTF-DBG] L-LTF0 avg_mag=8.3641, L-LTF1 avg_mag=8.3649
[RX][LLTF-DBG] L-LTF0[0:3]: 0.027∠0.105 0.026∠0.326 8.865∠1.961 8.893∠1.471 
[RX][LLTF-DBG] L-LTF1[0:3]: 0.020∠-1.229 0.018∠-1.071 8.877∠-1.178 8.886∠-1.668 
[CHAN_EST][DEBUG] L-LTF0 average magnitude: 8.3641
[CHAN_EST][DEBUG] L-LTF1 average magnitude: 8.3649
[CHAN_EST][LLTF_COMPARE] First 20 data subcarriers:
  i=0 sc=-26: expected=1, avg=0.017+-0.008i (mag=0.019, phase=-0.451), received0=0.027+0.003i received1=0.007+-0.019i
  i=1 sc=-25: expected=1, avg=0.017+-0.004i (mag=0.017, phase=-0.234), received0=0.024+0.008i received1=0.009+-0.016i
  i=2 sc=-24: expected=-1, avg=0.015+-0.000i (mag=0.015, phase=-0.027), received0=-3.371+8.199i received1=3.401+-8.200i
  i=3 sc=-23: expected=-1, avg=0.013+0.002i (mag=0.013, phase=0.156), received0=0.886+8.848i received1=-0.860+-8.844i
  i=4 sc=-22: expected=1, avg=0.011+0.004i (mag=0.011, phase=0.322), received0=-4.918+-7.363i received1=4.939+7.370i
  i=5 sc=-20: expected=-1, avg=0.007+0.005i (mag=0.009, phase=0.558), received0=8.883+0.014i received1=-8.868+-0.005i
  i=6 sc=-19: expected=1, avg=0.006+0.005i (mag=0.008, phase=0.655), received0=7.832+-4.171i received1=-7.819+4.180i
  i=7 sc=-18: expected=-1, avg=-4.925+7.382i (mag=8.874, phase=2.159), received0=-4.927+7.389i received1=-4.922+7.375i
  i=8 sc=-17: expected=1, avg=0.875+-8.826i (mag=8.870, phase=-1.472), received0=0.872+-8.820i received1=0.877+-8.833i
  i=9 sc=-16: expected=1, avg=3.400+8.206i (mag=8.883, phase=1.178), received0=3.398+8.212i received1=3.403+8.201i
  i=10 sc=-15: expected=1, avg=0.003+0.005i (mag=0.006, phase=1.056), received0=-6.862+-5.622i received1=6.868+5.632i
  i=11 sc=-14: expected=1, avg=-8.702+-1.727i (mag=8.871, phase=-2.946), received0=-8.705+-1.722i received1=-8.699+-1.732i
  i=12 sc=-13: expected=1, avg=-8.489+2.580i (mag=8.873, phase=2.847), received0=-8.493+2.584i received1=-8.486+2.576i
  i=13 sc=-12: expected=1, avg=0.001+0.004i (mag=0.005, phase=1.270), received0=-6.278+6.283i received1=6.281+-6.275i
  i=14 sc=-11: expected=-1, avg=-2.576+8.499i (mag=8.881, phase=1.865), received0=-2.580+8.502i received1=-2.572+8.495i
  i=15 sc=-10: expected=-1, avg=1.733+8.710i (mag=8.881, phase=1.374), received0=1.729+8.713i received1=1.736+8.707i
  i=16 sc=-9: expected=1, avg=0.001+0.004i (mag=0.004, phase=1.311), received0=-5.632+-6.854i received1=5.634+6.862i
  i=17 sc=-8: expected=1, avg=0.001+0.004i (mag=0.004, phase=1.330), received0=-8.200+-3.390i received1=8.202+3.398i
  i=18 sc=-6: expected=1, avg=0.001+0.004i (mag=0.004, phase=1.445), received0=7.378+-4.926i received1=-7.377+4.935i
  i=19 sc=-5: expected=-1, avg=-4.184+7.833i (mag=8.880, phase=2.061), received0=-4.188+7.834i received1=-4.181+7.832i
[CHAN_EST] Average channel magnitude: 3.9302
[CHAN_EST] Channel magnitude range: [0.0039, 8.8870]
[CHAN_EST] Channel phase range: [-2.986, 3.129] rad
[CHAN_EST] Zero magnitude subcarriers: 0/52
[CHAN_EST][SC0] H=0.017+-0.008i, mag=0.019, phase=-0.451
[CHAN_EST][SC1] H=0.017+-0.004i, mag=0.017, phase=-0.234
[CHAN_EST][SC2] H=-0.015+0.000i, mag=0.015, phase=3.115
[CHAN_EST][SC3] H=-0.013+-0.002i, mag=0.013, phase=-2.986
[CHAN_EST][SC4] H=0.011+0.004i, mag=0.011, phase=0.322
[CHAN_EST][SC5] H=-0.007+-0.005i, mag=0.009, phase=-2.583
[CHAN_EST][SC6] H=0.006+0.005i, mag=0.008, phase=0.655
[CHAN_EST][SC7] H=4.925+-7.382i, mag=8.874, phase=-0.983
[CHAN_EST][SC8] H=0.875+-8.826i, mag=8.870, phase=-1.472
[CHAN_EST][SC9] H=3.400+8.206i, mag=8.883, phase=1.178
[EQ_HEADER] CPE estimate: -2.376 rad, rot=-0.721+0.693i
[EQ_HEADER][WARNING] Weak channel at SC-26 (idx=0): H_mag=0.0188, skipping
[EQ_HEADER][WARNING] Weak channel at SC-25 (idx=1): H_mag=0.0170, skipping
[EQ_HEADER][WARNING] Weak channel at SC-24 (idx=2): H_mag=0.0151, skipping
[EQ_HEADER][WARNING] Weak channel at SC-23 (idx=3): H_mag=0.0132, skipping
[EQ_HEADER][WARNING] Weak channel at SC-22 (idx=4): H_mag=0.0114, skipping
[EQ_HEADER][WARNING] Weak channel at SC-20 (idx=5): H_mag=0.0087, skipping
[EQ_HEADER][WARNING] Weak channel at SC-19 (idx=6): H_mag=0.0077, skipping
[EQ_HEADER][WARNING] Weak channel at SC-15 (idx=10): H_mag=0.0058, skipping
[EQ_HEADER][WARNING] Weak channel at SC-12 (idx=13): H_mag=0.0045, skipping
[EQ_HEADER][WARNING] Weak channel at SC-9 (idx=16): H_mag=0.0039, skipping
[EQ_HEADER][WARNING] Weak channel at SC-8 (idx=17): H_mag=0.0041, skipping
[EQ_HEADER][WARNING] Weak channel at SC-6 (idx=18): H_mag=0.0042, skipping
[EQ_HEADER][WARNING] Weak channel at SC-1 (idx=23): H_mag=0.0044, skipping
[EQ_HEADER][WARNING] Weak channel at SC2 (idx=25): H_mag=0.0046, skipping
[EQ_HEADER][WARNING] Weak channel at SC8 (idx=30): H_mag=0.0041, skipping
[EQ_HEADER][WARNING] Weak channel at SC9 (idx=31): H_mag=0.0042, skipping
[EQ_HEADER][WARNING] Weak channel at SC10 (idx=32): H_mag=0.0043, skipping
[EQ_HEADER][WARNING] Weak channel at SC12 (idx=34): H_mag=0.0050, skipping
[EQ_HEADER][WARNING] Weak channel at SC13 (idx=35): H_mag=0.0054, skipping
[EQ_HEADER][WARNING] Weak channel at SC15 (idx=37): H_mag=0.0059, skipping
[EQ_HEADER][WARNING] Weak channel at SC16 (idx=38): H_mag=0.0060, skipping
[EQ_HEADER][WARNING] Weak channel at SC17 (idx=39): H_mag=0.0060, skipping
[EQ_HEADER][WARNING] Weak channel at SC18 (idx=40): H_mag=0.0062, skipping
[EQ_HEADER][WARNING] Weak channel at SC19 (idx=41): H_mag=0.0065, skipping
[EQ_HEADER][WARNING] Weak channel at SC20 (idx=42): H_mag=0.0069, skipping
[EQ_HEADER][WARNING] Weak channel at SC24 (idx=45): H_mag=0.0108, skipping
[EQ_HEADER] Zero-magnitude H subcarriers: 0/48
[EQ_HEADER] Average RX magnitude: 8.3226
[EQ_HEADER] Average EQ magnitude: 0.4583
[EQ_HEADER] First 10 bits: 1111111101
[EQ_HEADER][SC0] rx=-0.025+0.020i, eq=0.000+0.000i, bit=1
[EQ_HEADER][SC1] rx=-0.026+0.013i, eq=0.000+0.000i, bit=1
[EQ_HEADER][SC2] rx=3.366+-8.179i, eq=0.000+0.000i, bit=1
[EQ_HEADER][SC3] rx=-0.893+-8.831i, eq=0.000+0.000i, bit=1
[EQ_HEADER][SC4] rx=-4.950+-7.378i, eq=0.000+0.000i, bit=1
[EQ_HEADER] CPE estimate: 1.531 rad, rot=0.039+-0.999i
[EQ_HEADER][WARNING] Weak channel at SC-26 (idx=0): H_mag=0.0188, skipping
[EQ_HEADER][WARNING] Weak channel at SC-25 (idx=1): H_mag=0.0170, skipping
[EQ_HEADER][WARNING] Weak channel at SC-24 (idx=2): H_mag=0.0151, skipping
[EQ_HEADER][WARNING] Weak channel at SC-23 (idx=3): H_mag=0.0132, skipping
[EQ_HEADER][WARNING] Weak channel at SC-22 (idx=4): H_mag=0.0114, skipping
[EQ_HEADER][WARNING] Weak channel at SC-20 (idx=5): H_mag=0.0087, skipping
[EQ_HEADER][WARNING] Weak channel at SC-19 (idx=6): H_mag=0.0077, skipping
[EQ_HEADER][WARNING] Weak channel at SC-15 (idx=10): H_mag=0.0058, skipping
[EQ_HEADER][WARNING] Weak channel at SC-12 (idx=13): H_mag=0.0045, skipping
[EQ_HEADER][WARNING] Weak channel at SC-9 (idx=16): H_mag=0.0039, skipping
[EQ_HEADER][WARNING] Weak channel at SC-8 (idx=17): H_mag=0.0041, skipping
[EQ_HEADER][WARNING] Weak channel at SC-6 (idx=18): H_mag=0.0042, skipping
[EQ_HEADER][WARNING] Weak channel at SC-1 (idx=23): H_mag=0.0044, skipping
[EQ_HEADER][WARNING] Weak channel at SC2 (idx=25): H_mag=0.0046, skipping
[EQ_HEADER][WARNING] Weak channel at SC8 (idx=30): H_mag=0.0041, skipping
[EQ_HEADER][WARNING] Weak channel at SC9 (idx=31): H_mag=0.0042, skipping
[EQ_HEADER][WARNING] Weak channel at SC10 (idx=32): H_mag=0.0043, skipping
[EQ_HEADER][WARNING] Weak channel at SC12 (idx=34): H_mag=0.0050, skipping
[EQ_HEADER][WARNING] Weak channel at SC13 (idx=35): H_mag=0.0054, skipping
[EQ_HEADER][WARNING] Weak channel at SC15 (idx=37): H_mag=0.0059, skipping
[EQ_HEADER][WARNING] Weak channel at SC16 (idx=38): H_mag=0.0060, skipping
[EQ_HEADER][WARNING] Weak channel at SC17 (idx=39): H_mag=0.0060, skipping
[EQ_HEADER][WARNING] Weak channel at SC18 (idx=40): H_mag=0.0062, skipping
[EQ_HEADER][WARNING] Weak channel at SC19 (idx=41): H_mag=0.0065, skipping
[EQ_HEADER][WARNING] Weak channel at SC20 (idx=42): H_mag=0.0069, skipping
[EQ_HEADER][WARNING] Weak channel at SC24 (idx=45): H_mag=0.0108, skipping
[EQ_HEADER] Zero-magnitude H subcarriers: 0/48
[EQ_HEADER] Average RX magnitude: 8.3218
[EQ_HEADER] Average EQ magnitude: 0.4582
[EQ_HEADER] First 10 bits: 1111111111
[EQ_HEADER][SC0] rx=0.015+0.013i, eq=0.000+0.000i, bit=1
[EQ_HEADER][SC1] rx=0.011+0.015i, eq=0.000+0.000i, bit=1
[EQ_HEADER][SC2] rx=-3.385+8.203i, eq=0.000+0.000i, bit=1
[EQ_HEADER][SC3] rx=0.872+8.850i, eq=0.000+0.000i, bit=1
[EQ_HEADER][SC4] rx=4.929+7.392i, eq=0.000+0.000i, bit=1
[EQ_HEADER] CPE estimate: -2.661 rad, rot=-0.887+0.463i
[EQ_HEADER][WARNING] Weak channel at SC-26 (idx=0): H_mag=0.0188, skipping
[EQ_HEADER][WARNING] Weak channel at SC-25 (idx=1): H_mag=0.0170, skipping
[EQ_HEADER][WARNING] Weak channel at SC-24 (idx=2): H_mag=0.0151, skipping
[EQ_HEADER][WARNING] Weak channel at SC-23 (idx=3): H_mag=0.0132, skipping
[EQ_HEADER][WARNING] Weak channel at SC-22 (idx=4): H_mag=0.0114, skipping
[EQ_HEADER][WARNING] Weak channel at SC-20 (idx=5): H_mag=0.0087, skipping
[EQ_HEADER][WARNING] Weak channel at SC-19 (idx=6): H_mag=0.0077, skipping
[EQ_HEADER][WARNING] Weak channel at SC-15 (idx=10): H_mag=0.0058, skipping
[EQ_HEADER][WARNING] Weak channel at SC-12 (idx=13): H_mag=0.0045, skipping
[EQ_HEADER][WARNING] Weak channel at SC-9 (idx=16): H_mag=0.0039, skipping
[EQ_HEADER][WARNING] Weak channel at SC-8 (idx=17): H_mag=0.0041, skipping
[EQ_HEADER][WARNING] Weak channel at SC-6 (idx=18): H_mag=0.0042, skipping
[EQ_HEADER][WARNING] Weak channel at SC-1 (idx=23): H_mag=0.0044, skipping
[EQ_HEADER][WARNING] Weak channel at SC2 (idx=25): H_mag=0.0046, skipping
[EQ_HEADER][WARNING] Weak channel at SC8 (idx=30): H_mag=0.0041, skipping
[EQ_HEADER][WARNING] Weak channel at SC9 (idx=31): H_mag=0.0042, skipping
[EQ_HEADER][WARNING] Weak channel at SC10 (idx=32): H_mag=0.0043, skipping
[EQ_HEADER][WARNING] Weak channel at SC12 (idx=34): H_mag=0.0050, skipping
[EQ_HEADER][WARNING] Weak channel at SC13 (idx=35): H_mag=0.0054, skipping
[EQ_HEADER][WARNING] Weak channel at SC15 (idx=37): H_mag=0.0059, skipping
[EQ_HEADER][WARNING] Weak channel at SC16 (idx=38): H_mag=0.0060, skipping
[EQ_HEADER][WARNING] Weak channel at SC17 (idx=39): H_mag=0.0060, skipping
[EQ_HEADER][WARNING] Weak channel at SC18 (idx=40): H_mag=0.0062, skipping
[EQ_HEADER][WARNING] Weak channel at SC19 (idx=41): H_mag=0.0065, skipping
[EQ_HEADER][WARNING] Weak channel at SC20 (idx=42): H_mag=0.0069, skipping
[EQ_HEADER][WARNING] Weak channel at SC24 (idx=45): H_mag=0.0108, skipping
[EQ_HEADER] Zero-magnitude H subcarriers: 0/48
[EQ_HEADER] Average RX magnitude: 8.0494
[EQ_HEADER] Average EQ magnitude: 0.4474
[EQ_HEADER] First 10 bits: 1111111010
[EQ_HEADER][SC0] rx=1.900+-0.893i, eq=0.000+0.000i, bit=1
[EQ_HEADER][SC1] rx=2.349+-0.421i, eq=0.000+0.000i, bit=1
[EQ_HEADER][SC2] rx=5.829+-7.806i, eq=0.000+0.000i, bit=1
[EQ_HEADER][SC3] rx=2.839+10.023i, eq=0.000+0.000i, bit=1
[EQ_HEADER][SC4] rx=-3.911+-5.775i, eq=0.000+0.000i, bit=1
[RX][CHAN-EST] Hhdr52: avg_mag=3.9302 avg_phase=-2.3652 rad phase_var=2.0909
[RX][CHAN-EST] Hhdr52[0:5]: 0.019∠-0.451 0.017∠-0.234 0.015∠3.115 0.013∠-2.986 0.011∠0.322 0.009∠-2.583 
[RX][HDRDBG] rel=3 raw48=001000101000011100010111001001001111110000111001
[RX][HDRDBG] rel=3 eq48 =111111110110010111101011011001111011111111111101
[RX][HDRDBG] rel=3 deintl48=111110111101111101111111001111111001001111010111
[RX][HDRDBG] rel=3 bit-errors: raw->eq=25 eq->deintl=18
[RX][HDRDBG] rel=4 raw48=110111011110111011100000100110110000001101010010
[RX][HDRDBG] rel=4 eq48 =111111111111011111101011011001111011111111101101
[RX][HDRDBG] rel=4 deintl48=111110111101111101111111101111111100001111110111
[RX][HDRDBG] rel=4 bit-errors: raw->eq=26 eq->deintl=18
[RX][HDRDBG] rel=5 raw48=111100111101001100010001100101001011101101111111
[RX][HDRDBG] rel=5 eq48 =111111101011011011100101110101111111111111111111
[RX][HDRDBG] rel=5 deintl48=111111111101101111101011111011101111001111111011
[RX][HDRDBG] rel=5 bit-errors: raw->eq=18 eq->deintl=16
[EQ_HEADER] CPE estimate: -2.376 rad, rot=-0.721+0.693i
[EQ_HEADER][WARNING] Weak channel at SC-26 (idx=0): H_mag=0.0188, skipping
[EQ_HEADER][WARNING] Weak channel at SC-25 (idx=1): H_mag=0.0170, skipping
[EQ_HEADER][WARNING] Weak channel at SC-24 (idx=2): H_mag=0.0151, skipping
[EQ_HEADER][WARNING] Weak channel at SC-23 (idx=3): H_mag=0.0132, skipping
[EQ_HEADER][WARNING] Weak channel at SC-22 (idx=4): H_mag=0.0114, skipping
[EQ_HEADER][WARNING] Weak channel at SC-20 (idx=5): H_mag=0.0087, skipping
[EQ_HEADER][WARNING] Weak channel at SC-19 (idx=6): H_mag=0.0077, skipping
[EQ_HEADER][WARNING] Weak channel at SC-15 (idx=10): H_mag=0.0058, skipping
[EQ_HEADER][WARNING] Weak channel at SC-12 (idx=13): H_mag=0.0045, skipping
[EQ_HEADER][WARNING] Weak channel at SC-9 (idx=16): H_mag=0.0039, skipping
[EQ_HEADER][WARNING] Weak channel at SC-8 (idx=17): H_mag=0.0041, skipping
[EQ_HEADER][WARNING] Weak channel at SC-6 (idx=18): H_mag=0.0042, skipping
[EQ_HEADER][WARNING] Weak channel at SC-1 (idx=23): H_mag=0.0044, skipping
[EQ_HEADER][WARNING] Weak channel at SC2 (idx=25): H_mag=0.0046, skipping
[EQ_HEADER][WARNING] Weak channel at SC8 (idx=30): H_mag=0.0041, skipping
[EQ_HEADER][WARNING] Weak channel at SC9 (idx=31): H_mag=0.0042, skipping
[EQ_HEADER][WARNING] Weak channel at SC10 (idx=32): H_mag=0.0043, skipping
[EQ_HEADER][WARNING] Weak channel at SC12 (idx=34): H_mag=0.0050, skipping
[EQ_HEADER][WARNING] Weak channel at SC13 (idx=35): H_mag=0.0054, skipping
[EQ_HEADER][WARNING] Weak channel at SC15 (idx=37): H_mag=0.0059, skipping
[EQ_HEADER][WARNING] Weak channel at SC16 (idx=38): H_mag=0.0060, skipping
[EQ_HEADER][WARNING] Weak channel at SC17 (idx=39): H_mag=0.0060, skipping
[EQ_HEADER][WARNING] Weak channel at SC18 (idx=40): H_mag=0.0062, skipping
[EQ_HEADER][WARNING] Weak channel at SC19 (idx=41): H_mag=0.0065, skipping
[EQ_HEADER][WARNING] Weak channel at SC20 (idx=42): H_mag=0.0069, skipping
[EQ_HEADER][WARNING] Weak channel at SC24 (idx=45): H_mag=0.0108, skipping
[EQ_HEADER] Zero-magnitude H subcarriers: 0/48
[EQ_HEADER] Average RX magnitude: 8.3226
[EQ_HEADER] Average EQ magnitude: 0.4583
[EQ_HEADER] First 10 bits: 1111111101
[EQ_HEADER][SC0] rx=-0.025+0.020i, eq=0.000+0.000i, bit=1
[EQ_HEADER][SC1] rx=-0.026+0.013i, eq=0.000+0.000i, bit=1
[EQ_HEADER][SC2] rx=3.366+-8.179i, eq=0.000+0.000i, bit=1
[EQ_HEADER][SC3] rx=-0.893+-8.831i, eq=0.000+0.000i, bit=1
[EQ_HEADER][SC4] rx=-4.950+-7.378i, eq=0.000+0.000i, bit=1
[EQ_HEADER] CPE estimate: -2.376 rad, rot=-0.721+0.693i
[EQ_HEADER][WARNING] Weak channel at SC-26 (idx=0): H_mag=0.0188, skipping
[EQ_HEADER][WARNING] Weak channel at SC-25 (idx=1): H_mag=0.0170, skipping
[EQ_HEADER][WARNING] Weak channel at SC-24 (idx=2): H_mag=0.0151, skipping
[EQ_HEADER][WARNING] Weak channel at SC-23 (idx=3): H_mag=0.0132, skipping
[EQ_HEADER][WARNING] Weak channel at SC-22 (idx=4): H_mag=0.0114, skipping
[EQ_HEADER][WARNING] Weak channel at SC-20 (idx=5): H_mag=0.0087, skipping
[EQ_HEADER][WARNING] Weak channel at SC-19 (idx=6): H_mag=0.0077, skipping
[EQ_HEADER][WARNING] Weak channel at SC-15 (idx=10): H_mag=0.0058, skipping
[EQ_HEADER][WARNING] Weak channel at SC-12 (idx=13): H_mag=0.0045, skipping
[EQ_HEADER][WARNING] Weak channel at SC-9 (idx=16): H_mag=0.0039, skipping
[EQ_HEADER][WARNING] Weak channel at SC-8 (idx=17): H_mag=0.0041, skipping
[EQ_HEADER][WARNING] Weak channel at SC-6 (idx=18): H_mag=0.0042, skipping
[EQ_HEADER][WARNING] Weak channel at SC-1 (idx=23): H_mag=0.0044, skipping
[EQ_HEADER][WARNING] Weak channel at SC2 (idx=25): H_mag=0.0046, skipping
[EQ_HEADER][WARNING] Weak channel at SC8 (idx=30): H_mag=0.0041, skipping
[EQ_HEADER][WARNING] Weak channel at SC9 (idx=31): H_mag=0.0042, skipping
[EQ_HEADER][WARNING] Weak channel at SC10 (idx=32): H_mag=0.0043, skipping
[EQ_HEADER][WARNING] Weak channel at SC12 (idx=34): H_mag=0.0050, skipping
[EQ_HEADER][WARNING] Weak channel at SC13 (idx=35): H_mag=0.0054, skipping
[EQ_HEADER][WARNING] Weak channel at SC15 (idx=37): H_mag=0.0059, skipping
[EQ_HEADER][WARNING] Weak channel at SC16 (idx=38): H_mag=0.0060, skipping
[EQ_HEADER][WARNING] Weak channel at SC17 (idx=39): H_mag=0.0060, skipping
[EQ_HEADER][WARNING] Weak channel at SC18 (idx=40): H_mag=0.0062, skipping
[EQ_HEADER][WARNING] Weak channel at SC19 (idx=41): H_mag=0.0065, skipping
[EQ_HEADER][WARNING] Weak channel at SC20 (idx=42): H_mag=0.0069, skipping
[EQ_HEADER][WARNING] Weak channel at SC24 (idx=45): H_mag=0.0108, skipping
[EQ_HEADER] Zero-magnitude H subcarriers: 0/48
[EQ_HEADER] Average RX magnitude: 8.3226
[EQ_HEADER] Average EQ magnitude: 0.4583
[EQ_HEADER] First 10 bits: 1111111101
[EQ_HEADER][SC0] rx=-0.025+0.020i, eq=0.000+0.000i, bit=1
[EQ_HEADER][SC1] rx=-0.026+0.013i, eq=0.000+0.000i, bit=1
[EQ_HEADER][SC2] rx=3.366+-8.179i, eq=0.000+0.000i, bit=1
[EQ_HEADER][SC3] rx=-0.893+-8.831i, eq=0.000+0.000i, bit=1
[EQ_HEADER][SC4] rx=-4.950+-7.378i, eq=0.000+0.000i, bit=1
[EQ][HT-SIG][DEBUG] L-SIG bits (48): 000011111010111010110101001101100101000111111000
[EQ][HT-SIG][DEBUG] HT-SIG0 bits (48): 111100000111010011001010110010011010111000100010
[EQ][HT-SIG][DEBUG] HT-SIG1 bits (48): 111110111101101101110110100010100100000000101001
[EQ][HT-SIG] parse failed: lsig=3 htsig=4/5
[EQ][WHILE_LOOP] iter consumed=5, d_sym_idx=6
[EQ][FLOW] abs=573 wifi_start=0 in_frame=1 sym_idx=6 consumed=5 produced=0
[EQ][PRE_EXTRACT] d_sym_idx=6, in_frame=1
[EXTRACT_CALL] sym_idx=6, type=OTHER
[EQ][IDX_CHECK] d_sym_idx=6, condition=1
[EQ][VALID_SET] d_sym_idx=6, valid=1
[EQ][SYM_IDX] sym_idx=6, type=UNKNOWN
[EQ][POST_EQUALIZE] d_sym_idx=6
[EQ][RAW_BITS] sym_idx=6 bits52=0010101100111110110110100000000010001011110010010011
[EQ][STDERR_DIRECT] Entering direct mixed-mode header detection
[EQ][DIRECT_PATH] Entering direct mixed-mode header detection
[EQ][STDERR_BEFORE_GATE] Reached before gate check
[EQ][BEFORE_GATE] Reached before gate check
[EQ][GATE] sym=6 want_htsig1=5 valid={lltf0=1 lltf1=1 lsig=1 htsig0=1 htsig1=1} have_ht=0
[EQ][TEST_INSERT] Added new debug output
[EQ][DEBUG_TEST] ======== DEBUG ENTRY ========
[EQ][DEBUG] Checking HT-SIG parse condition: d_sym_idx=6, kHtSig1Rel=5, d_have_ht_header=0
[EQ][DEBUG] valid flags: lltf0=1, lltf1=1, lsig=1, htsig0=1, htsig1=1
[EQ][WHILE_LOOP] iter consumed=6, d_sym_idx=7
[EQ][GATE_DETAIL] d_sym_idx=6, kHtSig1Rel=5, d_have_ht_header=0
[EQ][GATE_DETAIL] valid flags: lltf0=1 lltf1=1 lsig=1 htsig0=1 htsig1=1
[EQ][FLOW] abs=574 wifi_start=0 in_frame=1 sym_idx=7 consumed=6 produced=0
[EQ][PRE_EXTRACT] d_sym_idx=7, in_frame=1
[EXTRACT_CALL] sym_idx=7, type=OTHER
[EQ][IDX_CHECK] d_sym_idx=7, condition=1
[EQ][VALID_SET] d_sym_idx=7, valid=1
[EQ][SYM_IDX] sym_idx=7, type=UNKNOWN
[EQ][POST_EQUALIZE] d_sym_idx=7
[EQ][RAW_BITS] sym_idx=7 bits52=1111000000101000010111011000100000111101100001110011
[EQ][STDERR_DIRECT] Entering direct mixed-mode header detection
[EQ][DIRECT_PATH] Entering direct mixed-mode header detection
[EQ][STDERR_BEFORE_GATE] Reached before gate check
[EQ][BEFORE_GATE] Reached before gate check
[EQ][TEST_INSERT] Added new debug output
[EQ][DEBUG_TEST] ======== DEBUG ENTRY ========
[EQ][DEBUG] Checking HT-SIG parse condition: d_sym_idx=7, kHtSig1Rel=5, d_have_ht_header=0
[EQ][DEBUG] valid flags: lltf0=1, lltf1=1, lsig=1, htsig0=1, htsig1=1
[EQ][WHILE_LOOP] iter consumed=7, d_sym_idx=8
[EQ][GATE_DETAIL] d_sym_idx=7, kHtSig1Rel=5, d_have_ht_header=0
[EQ][GATE_DETAIL] valid flags: lltf0=1 lltf1=1 lsig=1 htsig0=1 htsig1=1
[EQ][FLOW] abs=575 wifi_start=0 in_frame=1 sym_idx=8 consumed=7 produced=0
[EQ][PRE_EXTRACT] d_sym_idx=8, in_frame=1
[EQ][POST_EQUALIZE] d_sym_idx=8
[EQ][STDERR_DIRECT] Entering direct mixed-mode header detection
[EQ][IDX_CHECK] d_sym_idx=8, condition=0
[EQ][DIRECT_PATH] Entering direct mixed-mode header detection
[EQ][STDERR_BEFORE_GATE] Reached before gate check
[EQ][BEFORE_GATE] Reached before gate check
[EQ][TEST_INSERT] Added new debug output
[EQ][DEBUG_TEST] ======== DEBUG ENTRY ========
[EQ][DEBUG] Checking HT-SIG parse condition: d_sym_idx=8, kHtSig1Rel=5, d_have_ht_header=0
[EQ][DEBUG] valid flags: lltf0=1, lltf1=1, lsig=1, htsig0=1, htsig1=1
[EQ][WHILE_LOOP] iter consumed=8, d_sym_idx=9
[EQ][GATE_DETAIL] d_sym_idx=8, kHtSig1Rel=5, d_have_ht_header=0
[EQ][GATE_DETAIL] valid flags: lltf0=1 lltf1=1 lsig=1 htsig0=1 htsig1=1
[EQ][FLOW] abs=576 wifi_start=0 in_frame=1 sym_idx=9 consumed=8 produced=0
[EQ][PRE_EXTRACT] d_sym_idx=9, in_frame=1
[EQ][POST_EQUALIZE] d_sym_idx=9
[EQ][STDERR_DIRECT] Entering direct mixed-mode header detection
[EQ][IDX_CHECK] d_sym_idx=9, condition=0
[EQ][DIRECT_PATH] Entering direct mixed-mode header detection
[EQ][STDERR_BEFORE_GATE] Reached before gate check
[EQ][BEFORE_GATE] Reached before gate check
[EQ][TEST_INSERT] Added new debug output
[EQ][DEBUG_TEST] ======== DEBUG ENTRY ========
[EQ][DEBUG] Checking HT-SIG parse condition: d_sym_idx=9, kHtSig1Rel=5, d_have_ht_header=0
[EQ][DEBUG] valid flags: lltf0=1, lltf1=1, lsig=1, htsig0=1, htsig1=1
[EQ][WHILE_LOOP] iter consumed=9, d_sym_idx=10
[EQ][GATE_DETAIL] d_sym_idx=9, kHtSig1Rel=5, d_have_ht_header=0
[EQ][GATE_DETAIL] valid flags: lltf0=1 lltf1=1 lsig=1 htsig0=1 htsig1=1
[EQ][FLOW] abs=577 wifi_start=0 in_frame=1 sym_idx=10 consumed=9 produced=0
[EQ][PRE_EXTRACT] d_sym_idx=10, in_frame=1
[EQ][POST_EQUALIZE] d_sym_idx=10
[EQ][STDERR_DIRECT] Entering direct mixed-mode header detection
[EQ][IDX_CHECK] d_sym_idx=10, condition=0
[EQ][DIRECT_PATH] Entering direct mixed-mode header detection
[EQ][STDERR_BEFORE_GATE] Reached before gate check
[EQ][BEFORE_GATE] Reached before gate check
[EQ][TEST_INSERT] Added new debug output
[EQ][DEBUG_TEST] ======== DEBUG ENTRY ========
[EQ][DEBUG] Checking HT-SIG parse condition: d_sym_idx=10, kHtSig1Rel=5, d_have_ht_header=0
[EQ][DEBUG] valid flags: lltf0=1, lltf1=1, lsig=1, htsig0=1, htsig1=1
[EQ][WHILE_LOOP] iter consumed=10, d_sym_idx=11
[EQ][GATE_DETAIL] d_sym_idx=10, kHtSig1Rel=5, d_have_ht_header=0
[EQ][GATE_DETAIL] valid flags: lltf0=1 lltf1=1 lsig=1 htsig0=1 htsig1=1
[EQ][FLOW] abs=578 wifi_start=0 in_frame=1 sym_idx=11 consumed=10 produced=0
[EQ][PRE_EXTRACT] d_sym_idx=11, in_frame=1
[EQ][POST_EQUALIZE] d_sym_idx=11
[EQ][STDERR_DIRECT] Entering direct mixed-mode header detection
[EQ][IDX_CHECK] d_sym_idx=11, condition=0
[EQ][DIRECT_PATH] Entering direct mixed-mode header detection
[EQ][STDERR_BEFORE_GATE] Reached before gate check
[EQ][BEFORE_GATE] Reached before gate check
[EQ][TEST_INSERT] Added new debug output
[EQ][DEBUG_TEST] ======== DEBUG ENTRY ========
[EQ][DEBUG] Checking HT-SIG parse condition: d_sym_idx=11, kHtSig1Rel=5, d_have_ht_header=0
[EQ][DEBUG] valid flags: lltf0=1, lltf1=1, lsig=1, htsig0=1, htsig1=1
[EQ][WHILE_LOOP] iter consumed=11, d_sym_idx=12
[EQ][GATE_DETAIL] d_sym_idx=11, kHtSig1Rel=5, d_have_ht_header=0
[EQ][GATE_DETAIL] valid flags: lltf0=1 lltf1=1 lsig=1 htsig0=1 htsig1=1
[EQ][FLOW] abs=579 wifi_start=0 in_frame=1 sym_idx=12 consumed=11 produced=0
[EQ][PRE_EXTRACT] d_sym_idx=12, in_frame=1
[EQ][POST_EQUALIZE] d_sym_idx=12
[EQ][STDERR_DIRECT] Entering direct mixed-mode header detection
[EQ][IDX_CHECK] d_sym_idx=12, condition=0
[EQ][DIRECT_PATH] Entering direct mixed-mode header detection
[EQ][STDERR_BEFORE_GATE] Reached before gate check
[EQ][BEFORE_GATE] Reached before gate check
[EQ][TEST_INSERT] Added new debug output
[EQ][DEBUG_TEST] ======== DEBUG ENTRY ========
[EQ][DEBUG] Checking HT-SIG parse condition: d_sym_idx=12, kHtSig1Rel=5, d_have_ht_header=0
[EQ][DEBUG] valid flags: lltf0=1, lltf1=1, lsig=1, htsig0=1, htsig1=1
[EQ][WHILE_LOOP] iter consumed=12, d_sym_idx=13
[EQ][PRE_EXTRACT] d_sym_idx=13, in_frame=1
[EQ][POST_EQUALIZE] d_sym_idx=13
[EQ][STDERR_DIRECT] Entering direct mixed-mode header detection
[EQ][GATE_DETAIL] d_sym_idx=12, kHtSig1Rel=5, d_have_ht_header=0
[EQ][GATE_DETAIL] valid flags: lltf0=1 lltf1=1 lsig=1 htsig0=1 htsig1=1
[EQ][IDX_CHECK] d_sym_idx=13, condition=0
[EQ][DIRECT_PATH] Entering direct mixed-mode header detection
[EQ][STDERR_BEFORE_GATE] Reached before gate check
[EQ][BEFORE_GATE] Reached before gate check
[EQ][TEST_INSERT] Added new debug output
[EQ][DEBUG_TEST] ======== DEBUG ENTRY ========
[EQ][DEBUG] Checking HT-SIG parse condition: d_sym_idx=13, kHtSig1Rel=5, d_have_ht_header=0
[EQ][DEBUG] valid flags: lltf0=1, lltf1=1, lsig=1, htsig0=1, htsig1=1
[EQ][WHILE_LOOP] iter consumed=13, d_sym_idx=14
[EQ][PRE_EXTRACT] d_sym_idx=14, in_frame=1
[EQ][POST_EQUALIZE] d_sym_idx=14
[EQ][STDERR_DIRECT] Entering direct mixed-mode header detection
[EQ][GATE_DETAIL] d_sym_idx=13, kHtSig1Rel=5, d_have_ht_header=0
[EQ][GATE_DETAIL] valid flags: lltf0=1 lltf1=1 lsig=1 htsig0=1 htsig1=1
[EQ][IDX_CHECK] d_sym_idx=14, condition=0
[EQ][DIRECT_PATH] Entering direct mixed-mode header detection
[EQ][STDERR_BEFORE_GATE] Reached before gate check
[EQ][BEFORE_GATE] Reached before gate check
[EQ][TEST_INSERT] Added new debug output
[EQ][DEBUG_TEST] ======== DEBUG ENTRY ========
[EQ][DEBUG] Checking HT-SIG parse condition: d_sym_idx=14, kHtSig1Rel=5, d_have_ht_header=0
[EQ][DEBUG] valid flags: lltf0=1, lltf1=1, lsig=1, htsig0=1, htsig1=1
[EQ][GATE_DETAIL] d_sym_idx=14, kHtSig1Rel=5, d_have_ht_header=0
[EQ][GATE_DETAIL] valid flags: lltf0=1 lltf1=1 lsig=1 htsig0=1 htsig1=1
[MAPPER] handle_msg called
[MAPPER] meta=message_debug :info: The `print_pdu` port is deprecated and will be removed; forwarding to `print`.
((encoding . 0) (crc_included . #t))
[MAPPER] meta fields: mcs=***** VERBOSE PDU DEBUG PRINT ******
((encoding . 0) (crc_included . #t))
0 len=-1 psdu_len=-1
[MAPPER] using MCS=0
[MAPPER] HT mode enabled, effective MCS: 0
pdu length =         38 bytes
pdu vector contents = 
0000: 08 00 00 00 42 42 42 42 42 42 23 23 23 [TX][HTDATA0][PUNCTURED] bits52=23 23 23 1101000101110000010001011000010010010001111111000111
[TX][HTDATA0][INTERLEAVED] bits52=1001100100011011010100010011100001001010110111010001
[TX][HTDATA0] bits52=1001100100011011010100010011100001001010110111010001
[TX][PUNCTURED-ALL] nbits=676 first64=1101000101110000010001011000010010010001111111000111101011001001 last64=0000101111010010001101100001000011001011111001010001101110101000
[TX][INTERLEAVED-ALL] nbits=676 first64=1001100100011011010100010011100001001010110111010001110101111000 last64=1001000011110011001111100011001100011000111101001011100001000000

0010: ff ff ff ff ff ff 70 01 78 78 78 78 78 78 78 78 
0020: 78 78 5b dc b5 28 
************************************
[TX][HTDATA0][PUNCTURED] keep existing first-frame reference /tmp/wifi_tx_punctured0_bits52.txt
[TX][HTDATA0][INTERLEAVED] keep existing first-frame reference /tmp/wifi_tx_interleaved0_bits52.txt
[TX][HTDATA0] keep existing first-frame reference /tmp/wifi_tx_data0_bits52.txt
[TX][PUNCTURED-ALL] keep existing first-frame reference /tmp/wifi_tx_punctured_all_bits.txt
[TX][INTERLEAVED-ALL] keep existing first-frame reference /tmp/wifi_tx_interleaved_all_bits.txt
[TX][PUNCTURED-ALL] updated /tmp/wifi_tx_punctured_all_bits.last.txt
[TX][INTERLEAVED-ALL] updated /tmp/wifi_tx_interleaved_all_bits.last.txt
[MAPPER] frame: ht_mode=1 psdu=38 n_sym=13 n_data_bits=338 n_encoded_bits=676 data_carriers=52 out_symbols=676
[HT-HEADER] general_work called ninput=676 noutput=32688
[TX][LSIG] raw24=110100110010000000000000
[TX][LSIG] enc48=110110001010100111001100100011011100000000000000
[TX][LSIG] intl48=110011011001000011010100011000000010011001100000
[TX][HTSIG] fields: mcs=0 len=38 bw40=0 agg=0 sgi=0 stbc=0 adv=0 nltf=0 crc=0x0d
[TX][HTSIG] raw48=000000000110010000000000000000000010110000000000
[TX][HTSIG] enc96=000000000000000000110110111100100011011100000000000000000000000000001110111001101110101100000000
[TX][HTSIG] intl96=000000111110010000000011100110000000000010011000000000011011110000000001100100000000001011101000
[TX][HTHDR][OUTBUF] lsig48=110011011001000011010100011000000010011001100000
[TX][HTHDR][OUTBUF] htsig1_48=000000111110010000000011100110000000000010011000
[TX][HTHDR][OUTBUF] htsig2_48=000000011011110000000001100100000000001011101000
[SYNC-SHORT] general_work called: noutput=16 ninput=2288 threshold=0.010 state=1
SHORT copied 16
[SYNC-LONG] general_work: ninput[0]=16 ninput[1]=336 noutput=16 state=1
LONG ninput[0] 16   ninput[1] 336  noutput 16   state 1
produced : 16 consumed: 16
[SYNC-SHORT] general_work called: noutput=2048 ninput=2272 threshold=0.010 state=1
sync_short :info: frame start at in: 52003 out: 52530
SHORT Frame!
SHORT copied 546
[SYNC-SHORT] general_work called: noutput=1024 ninput=1726 threshold=0.010 state=1
[SYNC-LONG] general_work: ninput[0]=546 ninput[1]=320 noutput=256 state=1
LONG ninput[0] 546   ninput[1] 320  noutput 256   state 1
sync_short :info: frame start at in: 52484 out: 53011
SHORT Frame!
SHORT copied 481
produced : 256 consumed: 320
[SYNC-SHORT] general_work called: noutput=1024 ninput=1245 threshold=0.010 state=1
[SYNC-LONG] general_work: ninput[0]=707 ninput[1]=546 noutput=512 state=1
LONG ninput[0] 707   ninput[1] 546  noutput 512   state 1
produced : 178 consumed: 226
sync_short :info: frame start at in: 52965 out: 53492
SHORT Frame!
SHORT copied 481
[SYNC-SHORT] general_work called: noutput=512 ninput=764 threshold=0.010 state=1
[SYNC-LONG] general_work: ninput[0]=962 ninput[1]=801 noutput=512 state=1
LONG ninput[0] 962   ninput[1] 801  noutput 512   state 1
[SYNC-LONG] Received wifi_start tag: freq_offset=-0.029 offset=52003 nread=52003
LONG: ignore retrigger tag during COPY nread=52003 d_count=1420 guard=3072 tag_offset=52003
sync_short :info: frame start at in: 53446 out: 53973
SHORT Frame!
SHORT copied 481
[EQ][ENTER] general_work called nin=7 nout=256
produced : 512 consumed: 640
[EQ][WHILE_ENTER] consumed=0, n_in=7
[EQ][WHILE_LOOP] iter consumed=0, d_sym_idx=15
[SYNC-LONG] general_work: ninput[0]=803 ninput[1]=642 noutput=512 state=1
LONG ninput[0] 803   ninput[1] 642  noutput 512   state 1
[SYNC-SHORT] general_work called: noutput=256 ninput=283 threshold=0.010 state=1
[EQ][FLOW] abs=582 wifi_start=0 in_frame=1 sym_idx=15 consumed=0 produced=0
[EQ][PRE_EXTRACT] d_sym_idx=15, in_frame=1
[EQ][POST_EQUALIZE] d_sym_idx=15
[EQ][IDX_CHECK] d_sym_idx=15, condition=0
produced : 258 consumed: 322
[EQ][STDERR_DIRECT] Entering direct mixed-mode header detection
SHORT copied [EQ][DIRECT_PATH] Entering direct mixed-mode header detection
[EQ][STDERR_BEFORE_GATE] Reached before gate check
[EQ][BEFORE_GATE] Reached before gate check
[EQ][TEST_INSERT] Added new debug output
[EQ][DEBUG_TEST] ======== DEBUG ENTRY ========
[EQ][DEBUG] Checking HT-SIG parse condition: d_sym_idx=15, kHtSig1Rel=5, d_have_ht_header=0
[EQ][DEBUG] valid flags: lltf0=1, lltf1=1, lsig=1, htsig0=1, htsig1=1
[EQ][WHILE_LOOP] iter consumed=1, d_sym_idx=16
[EQ][GATE_DETAIL] d_sym_idx=15, kHtSig1Rel=5, d_have_ht_header=0
[EQ][GATE_DETAIL] valid flags: lltf0=1 lltf1=1 lsig=1 htsig0=1 htsig1=1
256
[SYNC-LONG] general_work: ninput[0]=481 ninput[1]=801 noutput=256 state=1
LONG ninput[0] 481   ninput[1] 801  noutput 256   state 1
[SYNC-LONG] Received wifi_start tag: freq_offset=-0.186 offset=52965 nread=52965
LONG: ignore retrigger tag during COPY nread=52965 d_count=2190 guard=3072 tag_offset=52965
[SYNC-SHORT] general_work called: noutput=8 ninput=27 threshold=0.010 state=1
SHORT copied 8
[SYNC-SHORT] general_work called: noutput=2 ninput=19 threshold=0.010 state=1
[EQ][FLOW] abs=583 wifi_start=0 in_frame=1 sym_idx=16 consumed=1 produced=0
[EQ][PRE_EXTRACT] d_sym_idx=16, in_frame=1
produced : 256 consumed: 320
SHORT copied 2
[EQ][POST_EQUALIZE] d_sym_idx=16
[EQ][STDERR_DIRECT] Entering direct mixed-mode header detection
[EQ][IDX_CHECK] d_sym_idx=16, condition=0
[EQ][DIRECT_PATH] Entering direct mixed-mode header detection
[EQ][STDERR_BEFORE_GATE] Reached before gate check
[EQ][BEFORE_GATE] Reached before gate check
[EQ][TEST_INSERT] Added new debug output
[EQ][DEBUG_TEST] ======== DEBUG ENTRY ========
[EQ][DEBUG] Checking HT-SIG parse condition: d_sym_idx=16, kHtSig1Rel=5, d_have_ht_header=0
[EQ][DEBUG] valid flags: lltf0=1, lltf1=1, lsig=1, htsig0=1, htsig1=1
[EQ][WHILE_LOOP] iter consumed=2, d_sym_idx=17
[EQ][GATE_DETAIL] d_sym_idx=16, kHtSig1Rel=5, d_have_ht_header=0
[EQ][GATE_DETAIL] valid flags: lltf0=1 lltf1=1 lsig=1 htsig0=1 htsig1=1
[EQ][FLOW] abs=584 wifi_start=0 in_frame=1 sym_idx=17 consumed=2 produced=0
[EQ][PRE_EXTRACT] d_sym_idx=17, in_frame=1
[SYNC-SHORT] general_work called: noutput=1 ninput=17 threshold=0.010 state=1
[EQ][IDX_CHECK] d_sym_idx=17, condition=0
SHORT copied 1
[EQ][POST_EQUALIZE] d_sym_idx=17
[EQ][STDERR_DIRECT] Entering direct mixed-mode header detection
[EQ][DIRECT_PATH] Entering direct mixed-mode header detection
[EQ][STDERR_BEFORE_GATE] Reached before gate check
[EQ][BEFORE_GATE] Reached before gate check
[EQ][TEST_INSERT] Added new debug output
[EQ][DEBUG_TEST] ======== DEBUG ENTRY ========
[EQ][DEBUG] Checking HT-SIG parse condition: d_sym_idx=17, kHtSig1Rel=5, d_have_ht_header=0
[EQ][DEBUG] valid flags: lltf0=1, lltf1=1, lsig=1, htsig0=1, htsig1=1
[EQ][WHILE_LOOP] iter consumed=3, d_sym_idx=18
[EQ][GATE_DETAIL] d_sym_idx=17, kHtSig1Rel=5, d_have_ht_header=0
[EQ][GATE_DETAIL] valid flags: lltf0=1 lltf1=1 lsig=1 htsig0=1 htsig1=1
[EQ][FLOW] abs=585 wifi_start=0 in_frame=1 sym_idx=18 consumed=3 produced=0
[EQ][PRE_EXTRACT] d_sym_idx=18, in_frame=1
[EQ][POST_EQUALIZE] d_sym_idx=18
[EQ][STDERR_DIRECT] Entering direct mixed-mode header detection
[EQ][IDX_CHECK] d_sym_idx=18, condition=0
[EQ][DIRECT_PATH] Entering direct mixed-mode header detection
[EQ][STDERR_BEFORE_GATE] Reached before gate check
[EQ][BEFORE_GATE] Reached before gate check
[EQ][TEST_INSERT] Added new debug output
[EQ][DEBUG_TEST] ======== DEBUG ENTRY ========
[EQ][DEBUG] Checking HT-SIG parse condition: d_sym_idx=18, kHtSig1Rel=5, d_have_ht_header=0
[EQ][DEBUG] valid flags: lltf0=1, lltf1=1, lsig=1, htsig0=1, htsig1=1
[EQ][WHILE_LOOP] iter consumed=4, d_sym_idx=19
[EQ][GATE_DETAIL] d_sym_idx=18, kHtSig1Rel=5, d_have_ht_header=0
[EQ][GATE_DETAIL] valid flags: lltf0=1 lltf1=1 lsig=1 htsig0=1 htsig1=1
[EQ][FLOW] abs=586 wifi_start=0 in_frame=1 sym_idx=19 consumed=4 produced=0
[SYNC-LONG] general_work: ninput[0]=428 ninput[1]=748 noutput=256 state=1
[EQ][PRE_EXTRACT] d_sym_idx=19, in_frame=1
LONG ninput[0] 428   ninput[1] 748  noutput 256   state 1
[EQ][POST_EQUALIZE] d_sym_idx=19
[EQ][STDERR_DIRECT] Entering direct mixed-mode header detection
[EQ][IDX_CHECK] d_sym_idx=19, condition=0
[EQ][DIRECT_PATH] Entering direct mixed-mode header detection
[EQ][STDERR_BEFORE_GATE] Reached before gate check
produced : 129 consumed: 161
[EQ][BEFORE_GATE] Reached before gate check
[EQ][TEST_INSERT] Added new debug output
[EQ][DEBUG_TEST] ======== DEBUG ENTRY ========
[EQ][DEBUG] Checking HT-SIG parse condition: d_sym_idx=19, kHtSig1Rel=5, d_have_ht_header=0
[EQ][DEBUG] valid flags: lltf0=1, lltf1=1, lsig=1, htsig0=1, htsig1=1
[SYNC-LONG] general_work: ninput[0]=267 ninput[1]=587 noutput=256 state=1
[EQ][GATE_DETAIL] d_sym_idx=19, kHtSig1Rel=5, d_have_ht_header=0
LONG ninput[0] [EQ][GATE_DETAIL] valid flags: lltf0=1 lltf1=1 lsig=1 htsig0=1 htsig1=1
267   ninput[1] 587  noutput 256   state 1
[EQ][WHILE_LOOP] iter consumed=5, d_sym_idx=20
[SYNC-LONG] Received wifi_start tag: freq_offset=-0.157 offset=53446 nread=53446
LONG: ignore retrigger tag during COPY nread=53446 d_count=2575 guard=3072 tag_offset=53446
[EQ][FLOW] abs=587 wifi_start=0 in_frame=1 sym_idx=20 consumed=5 produced=0
[EQ][PRE_EXTRACT] d_sym_idx=20, in_frame=1
[EQ][POST_EQUALIZE] d_sym_idx=20
[EQ][STDERR_DIRECT] Entering direct mixed-mode header detection
[EQ][IDX_CHECK] d_sym_idx=20, condition=0
produced : 219[EQ][DIRECT_PATH] Entering direct mixed-mode header detection
[EQ][STDERR_BEFORE_GATE] Reached before gate check
[EQ][BEFORE_GATE] Reached before gate check
[EQ][TEST_INSERT] Added new debug output
[EQ][DEBUG_TEST] ======== DEBUG ENTRY ========
[EQ][DEBUG] Checking HT-SIG parse condition: d_sym_idx=20, kHtSig1Rel=5, d_have_ht_header=0
[EQ][DEBUG] valid flags: lltf0=1, lltf1=1, lsig=1, htsig0=1, htsig1=1
[EQ][WHILE_LOOP] iter consumed=6, d_sym_idx=21
[EQ][GATE_DETAIL] d_sym_idx=20, kHtSig1Rel=5, d_have_ht_header=0
[EQ][GATE_DETAIL] valid flags: lltf0=1 lltf1=1 lsig=1 htsig0=1 htsig1=1
[EQ][FLOW] abs=588 wifi_start=0 in_frame=1 sym_idx=21 consumed=6 produced=0
[EQ][PRE_EXTRACT] d_sym_idx=21, in_frame=1
 consumed: 267
[EQ][POST_EQUALIZE] d_sym_idx=21
[EQ][STDERR_DIRECT] Entering direct mixed-mode header detection
[EQ][IDX_CHECK] d_sym_idx=21, condition=0
[EQ][DIRECT_PATH] Entering direct mixed-mode header detection
[EQ][STDERR_BEFORE_GATE] Reached before gate check
[EQ][BEFORE_GATE] Reached before gate check
[EQ][TEST_INSERT] Added new debug output
[EQ][DEBUG_TEST] ======== DEBUG ENTRY ========
[EQ][DEBUG] Checking HT-SIG parse condition: d_sym_idx=21, kHtSig1Rel=5, d_have_ht_header=0
[EQ][DEBUG] valid flags: lltf0=1, lltf1=1, lsig=1, htsig0=1, htsig1=1
[EQ][ENTER] general_work called nin=18 nout=512
[EQ][GATE_DETAIL] d_sym_idx=21, kHtSig1Rel=5, d_have_ht_header=0
[EQ][GATE_DETAIL] valid flags: lltf0=1 lltf1=1 lsig=1 htsig0=1 htsig1=1
[EQ][WHILE_ENTER] consumed=0, n_in=18
[EQ][WHILE_LOOP] iter consumed=0, d_sym_idx=22
[EQ][FLOW] abs=589 wifi_start=0 in_frame=1 sym_idx=22 consumed=0 produced=0
[EQ][PRE_EXTRACT] d_sym_idx=22, in_frame=1
[EQ][POST_EQUALIZE] d_sym_idx=22
[EQ][STDERR_DIRECT] Entering direct mixed-mode header detection
[EQ][IDX_CHECK] d_sym_idx=22, condition=0
[EQ][DIRECT_PATH] Entering direct mixed-mode header detection
[EQ][STDERR_BEFORE_GATE] Reached before gate check
[EQ][BEFORE_GATE] Reached before gate check
[EQ][TEST_INSERT] Added new debug output
[EQ][DEBUG_TEST] ======== DEBUG ENTRY ========
[EQ][DEBUG] Checking HT-SIG parse condition: d_sym_idx=22, kHtSig1Rel=5, d_have_ht_header=0
[EQ][DEBUG] valid flags: lltf0=1, lltf1=1, lsig=1, htsig0=1, htsig1=1
[EQ][WHILE_LOOP] iter consumed=1, d_sym_idx=23
[EQ][GATE_DETAIL] d_sym_idx=22, kHtSig1Rel=5, d_have_ht_header=0
[EQ][GATE_DETAIL] valid flags: lltf0=1 lltf1=1 lsig=1 htsig0=1 htsig1=1
[EQ][FLOW] abs=590 wifi_start=0 in_frame=1 sym_idx=23 consumed=1 produced=0
[EQ][PRE_EXTRACT] d_sym_idx=23, in_frame=1
[EQ][POST_EQUALIZE] d_sym_idx=23
[EQ][STDERR_DIRECT] Entering direct mixed-mode header detection
[EQ][IDX_CHECK] d_sym_idx=23, condition=0
[EQ][DIRECT_PATH] Entering direct mixed-mode header detection
[EQ][STDERR_BEFORE_GATE] Reached before gate check
[EQ][BEFORE_GATE] Reached before gate check
[EQ][TEST_INSERT] Added new debug output
[EQ][DEBUG_TEST] ======== DEBUG ENTRY ========
[EQ][DEBUG] Checking HT-SIG parse condition: d_sym_idx=23, kHtSig1Rel=5, d_have_ht_header=0
[EQ][DEBUG] valid flags: lltf0=1, lltf1=1, lsig=1, htsig0=1, htsig1=1
[EQ][WHILE_LOOP] iter consumed=2, d_sym_idx=24
[EQ][GATE_DETAIL] d_sym_idx=23, kHtSig1Rel=5, d_have_ht_header=0
[EQ][GATE_DETAIL] valid flags: lltf0=1 lltf1=1 lsig=1 htsig0=1 htsig1=1
[EQ][FLOW] abs=591 wifi_start=0 in_frame=1 sym_idx=24 consumed=2 produced=0
[EQ][PRE_EXTRACT] d_sym_idx=24, in_frame=1
[EQ][POST_EQUALIZE] d_sym_idx=24
[EQ][STDERR_DIRECT] Entering direct mixed-mode header detection
[EQ][IDX_CHECK] d_sym_idx=24, condition=0
[EQ][DIRECT_PATH] Entering direct mixed-mode header detection
[EQ][STDERR_BEFORE_GATE] Reached before gate check
[EQ][BEFORE_GATE] Reached before gate check
[EQ][TEST_INSERT] Added new debug output
[EQ][DEBUG_TEST] ======== DEBUG ENTRY ========
[EQ][DEBUG] Checking HT-SIG parse condition: d_sym_idx=24, kHtSig1Rel=5, d_have_ht_header=0
[EQ][DEBUG] valid flags: lltf0=1, lltf1=1, lsig=1, htsig0=1, htsig1=1
[EQ][WHILE_LOOP] iter consumed=3, d_sym_idx=25
[EQ][GATE_DETAIL] d_sym_idx=24, kHtSig1Rel=5, d_have_ht_header=0
[EQ][GATE_DETAIL] valid flags: lltf0=1 lltf1=1 lsig=1 htsig0=1 htsig1=1
[EQ][FLOW] abs=592 wifi_start=0 in_frame=1 sym_idx=25 consumed=3 produced=0
[EQ][PRE_EXTRACT] d_sym_idx=25, in_frame=1
[EQ][POST_EQUALIZE] d_sym_idx=25
[EQ][STDERR_DIRECT] Entering direct mixed-mode header detection
[EQ][IDX_CHECK] d_sym_idx=25, condition=0
[EQ][DIRECT_PATH] Entering direct mixed-mode header detection
[EQ][STDERR_BEFORE_GATE] Reached before gate check
[EQ][BEFORE_GATE] Reached before gate check
[EQ][TEST_INSERT] Added new debug output
[EQ][DEBUG_TEST] ======== DEBUG ENTRY ========
[EQ][DEBUG] Checking HT-SIG parse condition: d_sym_idx=25, kHtSig1Rel=5, d_have_ht_header=0
[EQ][DEBUG] valid flags: lltf0=1, lltf1=1, lsig=1, htsig0=1, htsig1=1
[EQ][WHILE_LOOP] iter consumed=4, d_sym_idx=26
[EQ][GATE_DETAIL] d_sym_idx=25, kHtSig1Rel=5, d_have_ht_header=0
[EQ][GATE_DETAIL] valid flags: lltf0=1 lltf1=1 lsig=1 htsig0=1 htsig1=1
[EQ][FLOW] abs=593 wifi_start=0 in_frame=1 sym_idx=26 consumed=4 produced=0
[EQ][PRE_EXTRACT] d_sym_idx=26, in_frame=1
[EQ][POST_EQUALIZE] d_sym_idx=26
[EQ][STDERR_DIRECT] Entering direct mixed-mode header detection
[EQ][IDX_CHECK] d_sym_idx=26, condition=0
[EQ][DIRECT_PATH] Entering direct mixed-mode header detection
[EQ][STDERR_BEFORE_GATE] Reached before gate check
[EQ][BEFORE_GATE] Reached before gate check
[EQ][TEST_INSERT] Added new debug output
[EQ][DEBUG_TEST] ======== DEBUG ENTRY ========
[EQ][DEBUG] Checking HT-SIG parse condition: d_sym_idx=26, kHtSig1Rel=5, d_have_ht_header=0
[EQ][DEBUG] valid flags: lltf0=1, lltf1=1, lsig=1, htsig0=1, htsig1=1
[EQ][WHILE_LOOP] iter consumed=5, d_sym_idx=27
[EQ][GATE_DETAIL] d_sym_idx=26, kHtSig1Rel=5, d_have_ht_header=0
[EQ][GATE_DETAIL] valid flags: lltf0=1 lltf1=1 lsig=1 htsig0=1 htsig1=1
[EQ][FLOW] abs=594 wifi_start=0 in_frame=1 sym_idx=27 consumed=5 produced=0
[EQ][PRE_EXTRACT] d_sym_idx=27, in_frame=1
[EQ][POST_EQUALIZE] d_sym_idx=27
[EQ][STDERR_DIRECT] Entering direct mixed-mode header detection
[EQ][IDX_CHECK] d_sym_idx=27, condition=0
[EQ][DIRECT_PATH] Entering direct mixed-mode header detection
[EQ][STDERR_BEFORE_GATE] Reached before gate check
[EQ][BEFORE_GATE] Reached before gate check
[EQ][TEST_INSERT] Added new debug output
[EQ][DEBUG_TEST] ======== DEBUG ENTRY ========
[EQ][DEBUG] Checking HT-SIG parse condition: d_sym_idx=27, kHtSig1Rel=5, d_have_ht_header=0
[EQ][DEBUG] valid flags: lltf0=1, lltf1=1, lsig=1, htsig0=1, htsig1=1
[EQ][WHILE_LOOP] iter consumed=6, d_sym_idx=28
[EQ][GATE_DETAIL] d_sym_idx=27, kHtSig1Rel=5, d_have_ht_header=0
[EQ][GATE_DETAIL] valid flags: lltf0=1 lltf1=1 lsig=1 htsig0=1 htsig1=1
[EQ][FLOW] abs=595 wifi_start=0 in_frame=1 sym_idx=28 consumed=6 produced=0
[EQ][PRE_EXTRACT] d_sym_idx=28, in_frame=1
[EQ][POST_EQUALIZE] d_sym_idx=28
[EQ][STDERR_DIRECT] Entering direct mixed-mode header detection
[EQ][IDX_CHECK] d_sym_idx=28, condition=0
[EQ][DIRECT_PATH] Entering direct mixed-mode header detection
[EQ][STDERR_BEFORE_GATE] Reached before gate check
[EQ][BEFORE_GATE] Reached before gate check
[EQ][TEST_INSERT] Added new debug output
[EQ][DEBUG_TEST] ======== DEBUG ENTRY ========
[EQ][DEBUG] Checking HT-SIG parse condition: d_sym_idx=28, kHtSig1Rel=5, d_have_ht_header=0
[EQ][DEBUG] valid flags: lltf0=1, lltf1=1, lsig=1, htsig0=1, htsig1=1
[EQ][WHILE_LOOP] iter consumed=7, d_sym_idx=29
[EQ][GATE_DETAIL] d_sym_idx=28, kHtSig1Rel=5, d_have_ht_header=0
[EQ][GATE_DETAIL] valid flags: lltf0=1 lltf1=1 lsig=1 htsig0=1 htsig1=1
[EQ][FLOW] abs=596 wifi_start=0 in_frame=1 sym_idx=29 consumed=7 produced=0
[EQ][PRE_EXTRACT] d_sym_idx=29, in_frame=1
[EQ][POST_EQUALIZE] d_sym_idx=29
[EQ][STDERR_DIRECT] Entering direct mixed-mode header detection
[EQ][IDX_CHECK] d_sym_idx=29, condition=0
[EQ][DIRECT_PATH] Entering direct mixed-mode header detection
[EQ][STDERR_BEFORE_GATE] Reached before gate check
[EQ][BEFORE_GATE] Reached before gate check
[EQ][TEST_INSERT] Added new debug output
[EQ][DEBUG_TEST] ======== DEBUG ENTRY ========
[EQ][DEBUG] Checking HT-SIG parse condition: d_sym_idx=29, kHtSig1Rel=5, d_have_ht_header=0
[EQ][DEBUG] valid flags: lltf0=1, lltf1=1, lsig=1, htsig0=1, htsig1=1
[EQ][WHILE_LOOP] iter consumed=8, d_sym_idx=30
[EQ][GATE_DETAIL] d_sym_idx=29, kHtSig1Rel=5, d_have_ht_header=0
[EQ][GATE_DETAIL] valid flags: lltf0=1 lltf1=1 lsig=1 htsig0=1 htsig1=1
[EQ][FLOW] abs=597 wifi_start=0 in_frame=1 sym_idx=30 consumed=8 produced=0
[EQ][PRE_EXTRACT] d_sym_idx=30, in_frame=1
[EQ][POST_EQUALIZE] d_sym_idx=30
[EQ][STDERR_DIRECT] Entering direct mixed-mode header detection
[EQ][IDX_CHECK] d_sym_idx=30, condition=0
[EQ][DIRECT_PATH] Entering direct mixed-mode header detection
[EQ][STDERR_BEFORE_GATE] Reached before gate check
[EQ][BEFORE_GATE] Reached before gate check
[EQ][TEST_INSERT] Added new debug output
[EQ][DEBUG_TEST] ======== DEBUG ENTRY ========
[EQ][DEBUG] Checking HT-SIG parse condition: d_sym_idx=30, kHtSig1Rel=5, d_have_ht_header=0
[EQ][DEBUG] valid flags: lltf0=1, lltf1=1, lsig=1, htsig0=1, htsig1=1
[EQ][WHILE_LOOP] iter consumed=9, d_sym_idx=31
[EQ][GATE_DETAIL] d_sym_idx=30, kHtSig1Rel=5, d_have_ht_header=0
[EQ][GATE_DETAIL] valid flags: lltf0=1 lltf1=1 lsig=1 htsig0=1 htsig1=1
[EQ][FLOW] abs=598 wifi_start=0 in_frame=1 sym_idx=31 consumed=9 produced=0
[EQ][PRE_EXTRACT] d_sym_idx=31, in_frame=1
[EQ][POST_EQUALIZE] d_sym_idx=31
[EQ][STDERR_DIRECT] Entering direct mixed-mode header detection
[EQ][IDX_CHECK] d_sym_idx=31, condition=0
[EQ][DIRECT_PATH] Entering direct mixed-mode header detection
[EQ][STDERR_BEFORE_GATE] Reached before gate check
[EQ][BEFORE_GATE] Reached before gate check
[EQ][TEST_INSERT] Added new debug output
[EQ][DEBUG_TEST] ======== DEBUG ENTRY ========
[EQ][DEBUG] Checking HT-SIG parse condition: d_sym_idx=31, kHtSig1Rel=5, d_have_ht_header=0
[EQ][DEBUG] valid flags: lltf0=1, lltf1=1, lsig=1, htsig0=1, htsig1=1
[EQ][WHILE_LOOP] iter consumed=10, d_sym_idx=32
[EQ][GATE_DETAIL] d_sym_idx=31, kHtSig1Rel=5, d_have_ht_header=0
[EQ][GATE_DETAIL] valid flags: lltf0=1 lltf1=1 lsig=1 htsig0=1 htsig1=1
[EQ][FLOW] abs=599 wifi_start=0 in_frame=1 sym_idx=32 consumed=10 produced=0
[EQ][PRE_EXTRACT] d_sym_idx=32, in_frame=1
[EQ][POST_EQUALIZE] d_sym_idx=32
[EQ][STDERR_DIRECT] Entering direct mixed-mode header detection
[EQ][IDX_CHECK] d_sym_idx=32, condition=0
[EQ][DIRECT_PATH] Entering direct mixed-mode header detection
[EQ][STDERR_BEFORE_GATE] Reached before gate check
[EQ][BEFORE_GATE] Reached before gate check
[EQ][TEST_INSERT] Added new debug output
[EQ][DEBUG_TEST] ======== DEBUG ENTRY ========
[EQ][DEBUG] Checking HT-SIG parse condition: d_sym_idx=32, kHtSig1Rel=5, d_have_ht_header=0
[EQ][DEBUG] valid flags: lltf0=1, lltf1=1, lsig=1, htsig0=1, htsig1=1
[EQ][WHILE_LOOP] iter consumed=11, d_sym_idx=33
[EQ][GATE_DETAIL] d_sym_idx=32, kHtSig1Rel=5, d_have_ht_header=0
[EQ][GATE_DETAIL] valid flags: lltf0=1 lltf1=1 lsig=1 htsig0=1 htsig1=1
[EQ][FLOW] abs=600 wifi_start=0 in_frame=1 sym_idx=33 consumed=11 produced=0
[EQ][PRE_EXTRACT] d_sym_idx=33, in_frame=1
[EQ][POST_EQUALIZE] d_sym_idx=33
[EQ][STDERR_DIRECT] Entering direct mixed-mode header detection
[EQ][IDX_CHECK] d_sym_idx=33, condition=0
[EQ][DIRECT_PATH] Entering direct mixed-mode header detection
[EQ][STDERR_BEFORE_GATE] Reached before gate check
[EQ][BEFORE_GATE] Reached before gate check
[EQ][TEST_INSERT] Added new debug output
[EQ][DEBUG_TEST] ======== DEBUG ENTRY ========
[EQ][DEBUG] Checking HT-SIG parse condition: d_sym_idx=33, kHtSig1Rel=5, d_have_ht_header=0
[EQ][DEBUG] valid flags: lltf0=1, lltf1=1, lsig=1, htsig0=1, htsig1=1
[EQ][WHILE_LOOP] iter consumed=12, d_sym_idx=34
[EQ][PRE_EXTRACT] d_sym_idx=34, in_frame=1
[EQ][POST_EQUALIZE] d_sym_idx=34
[EQ][STDERR_DIRECT] Entering direct mixed-mode header detection
[EQ][GATE_DETAIL] d_sym_idx=33, kHtSig1Rel=5, d_have_ht_header=0
[EQ][GATE_DETAIL] valid flags: lltf0=1 lltf1=1 lsig=1 htsig0=1 htsig1=1
[EQ][IDX_CHECK] d_sym_idx=34, condition=0
[EQ][DIRECT_PATH] Entering direct mixed-mode header detection
[EQ][STDERR_BEFORE_GATE] Reached before gate check
[EQ][BEFORE_GATE] Reached before gate check
[EQ][TEST_INSERT] Added new debug output
[EQ][DEBUG_TEST] ======== DEBUG ENTRY ========
[EQ][DEBUG] Checking HT-SIG parse condition: d_sym_idx=34, kHtSig1Rel=5, d_have_ht_header=0
[EQ][DEBUG] valid flags: lltf0=1, lltf1=1, lsig=1, htsig0=1, htsig1=1
[EQ][WHILE_LOOP] iter consumed=13, d_sym_idx=35
[EQ][PRE_EXTRACT] d_sym_idx=35, in_frame=1
[EQ][POST_EQUALIZE] d_sym_idx=35
[EQ][STDERR_DIRECT] Entering direct mixed-mode header detection
[EQ][GATE_DETAIL] d_sym_idx=34, kHtSig1Rel=5, d_have_ht_header=0
[EQ][GATE_DETAIL] valid flags: lltf0=1 lltf1=1 lsig=1 htsig0=1 htsig1=1
[EQ][IDX_CHECK] d_sym_idx=35, condition=0
[EQ][DIRECT_PATH] Entering direct mixed-mode header detection
[EQ][STDERR_BEFORE_GATE] Reached before gate check
[EQ][BEFORE_GATE] Reached before gate check
[EQ][TEST_INSERT] Added new debug output
[EQ][DEBUG_TEST] ======== DEBUG ENTRY ========
[EQ][DEBUG] Checking HT-SIG parse condition: d_sym_idx=35, kHtSig1Rel=5, d_have_ht_header=0
[EQ][DEBUG] valid flags: lltf0=1, lltf1=1, lsig=1, htsig0=1, htsig1=1
[EQ][WHILE_LOOP] iter consumed=14, d_sym_idx=36
[EQ][PRE_EXTRACT] d_sym_idx=36, in_frame=1
[EQ][POST_EQUALIZE] d_sym_idx=36
[EQ][STDERR_DIRECT] Entering direct mixed-mode header detection
[EQ][GATE_DETAIL] d_sym_idx=35, kHtSig1Rel=5, d_have_ht_header=0
[EQ][GATE_DETAIL] valid flags: lltf0=1 lltf1=1 lsig=1 htsig0=1 htsig1=1
[EQ][IDX_CHECK] d_sym_idx=36, condition=0
[EQ][DIRECT_PATH] Entering direct mixed-mode header detection
[EQ][STDERR_BEFORE_GATE] Reached before gate check
[EQ][BEFORE_GATE] Reached before gate check
[EQ][TEST_INSERT] Added new debug output
[EQ][DEBUG_TEST] ======== DEBUG ENTRY ========
[EQ][DEBUG] Checking HT-SIG parse condition: d_sym_idx=36, kHtSig1Rel=5, d_have_ht_header=0
[EQ][DEBUG] valid flags: lltf0=1, lltf1=1, lsig=1, htsig0=1, htsig1=1
[EQ][WHILE_LOOP] iter consumed=15, d_sym_idx=37
[EQ][PRE_EXTRACT] d_sym_idx=37, in_frame=1
[EQ][POST_EQUALIZE] d_sym_idx=37
[EQ][STDERR_DIRECT] Entering direct mixed-mode header detection
[EQ][GATE_DETAIL] d_sym_idx=36, kHtSig1Rel=5, d_have_ht_header=0
[EQ][GATE_DETAIL] valid flags: lltf0=1 lltf1=1 lsig=1 htsig0=1 htsig1=1
[EQ][IDX_CHECK] d_sym_idx=37, condition=0
[EQ][DIRECT_PATH] Entering direct mixed-mode header detection
[EQ][STDERR_BEFORE_GATE] Reached before gate check
[EQ][BEFORE_GATE] Reached before gate check
[EQ][TEST_INSERT] Added new debug output
[EQ][DEBUG_TEST] ======== DEBUG ENTRY ========
[EQ][DEBUG] Checking HT-SIG parse condition: d_sym_idx=37, kHtSig1Rel=5, d_have_ht_header=0
[EQ][DEBUG] valid flags: lltf0=1, lltf1=1, lsig=1, htsig0=1, htsig1=1
[EQ][WHILE_LOOP] iter consumed=16, d_sym_idx=38
[EQ][PRE_EXTRACT] d_sym_idx=38, in_frame=1
[EQ][POST_EQUALIZE] d_sym_idx=38
[EQ][STDERR_DIRECT] Entering direct mixed-mode header detection
[EQ][GATE_DETAIL] d_sym_idx=37, kHtSig1Rel=5, d_have_ht_header=0
[EQ][GATE_DETAIL] valid flags: lltf0=1 lltf1=1 lsig=1 htsig0=1 htsig1=1
[EQ][IDX_CHECK] d_sym_idx=38, condition=0
[EQ][DIRECT_PATH] Entering direct mixed-mode header detection
[EQ][STDERR_BEFORE_GATE] Reached before gate check
[EQ][BEFORE_GATE] Reached before gate check
[EQ][TEST_INSERT] Added new debug output
[EQ][DEBUG_TEST] ======== DEBUG ENTRY ========
[EQ][DEBUG] Checking HT-SIG parse condition: d_sym_idx=38, kHtSig1Rel=5, d_have_ht_header=0
[EQ][DEBUG] valid flags: lltf0=1, lltf1=1, lsig=1, htsig0=1, htsig1=1
[EQ][WHILE_LOOP] iter consumed=17, d_sym_idx=39
[EQ][PRE_EXTRACT] d_sym_idx=39, in_frame=1
[EQ][POST_EQUALIZE] d_sym_idx=39
[EQ][STDERR_DIRECT] Entering direct mixed-mode header detection
[EQ][GATE_DETAIL] d_sym_idx=38, kHtSig1Rel=5, d_have_ht_header=0
[EQ][GATE_DETAIL] valid flags: lltf0=1 lltf1=1 lsig=1 htsig0=1 htsig1=1
[EQ][IDX_CHECK] d_sym_idx=39, condition=0
[EQ][DIRECT_PATH] Entering direct mixed-mode header detection
[EQ][STDERR_BEFORE_GATE] Reached before gate check
[EQ][BEFORE_GATE] Reached before gate check
[EQ][TEST_INSERT] Added new debug output
[EQ][DEBUG_TEST] ======== DEBUG ENTRY ========
[EQ][DEBUG] Checking HT-SIG parse condition: d_sym_idx=39, kHtSig1Rel=5, d_have_ht_header=0
[EQ][DEBUG] valid flags: lltf0=1, lltf1=1, lsig=1, htsig0=1, htsig1=1
[EQ][ENTER] general_work called nin=3 nout=128
[EQ][GATE_DETAIL] d_sym_idx=39, kHtSig1Rel=5, d_have_ht_header=0
[EQ][GATE_DETAIL] valid flags: lltf0=1 lltf1=1 lsig=1 htsig0=1 htsig1=1
[EQ][WHILE_ENTER] consumed=0, n_in=3
[EQ][WHILE_LOOP] iter consumed=0, d_sym_idx=40
[EQ][FLOW] abs=607 wifi_start=0 in_frame=1 sym_idx=40 consumed=0 produced=0
[EQ][PRE_EXTRACT] d_sym_idx=40, in_frame=1
[EQ][POST_EQUALIZE] d_sym_idx=40
[EQ][STDERR_DIRECT] Entering direct mixed-mode header detection
[EQ][IDX_CHECK] d_sym_idx=40, condition=0
[EQ][DIRECT_PATH] Entering direct mixed-mode header detection
[EQ][STDERR_BEFORE_GATE] Reached before gate check
[EQ][BEFORE_GATE] Reached before gate check
[EQ][TEST_INSERT] Added new debug output
[EQ][DEBUG_TEST] ======== DEBUG ENTRY ========
[EQ][DEBUG] Checking HT-SIG parse condition: d_sym_idx=40, kHtSig1Rel=5, d_have_ht_header=0
[EQ][DEBUG] valid flags: lltf0=1, lltf1=1, lsig=1, htsig0=1, htsig1=1
[EQ][WHILE_LOOP] iter consumed=1, d_sym_idx=41
[EQ][GATE_DETAIL] d_sym_idx=40, kHtSig1Rel=5, d_have_ht_header=0
[EQ][GATE_DETAIL] valid flags: lltf0=1 lltf1=1 lsig=1 htsig0=1 htsig1=1
[EQ][FLOW] abs=608 wifi_start=0 in_frame=1 sym_idx=41 consumed=1 produced=0
[EQ][PRE_EXTRACT] d_sym_idx=41, in_frame=1
[EQ][POST_EQUALIZE] d_sym_idx=41
[EQ][STDERR_DIRECT] Entering direct mixed-mode header detection
[EQ][IDX_CHECK] d_sym_idx=41, condition=0
[EQ][DIRECT_PATH] Entering direct mixed-mode header detection
[EQ][STDERR_BEFORE_GATE] Reached before gate check
[EQ][BEFORE_GATE] Reached before gate check
[EQ][TEST_INSERT] Added new debug output
[EQ][DEBUG_TEST] ======== DEBUG ENTRY ========
[EQ][DEBUG] Checking HT-SIG parse condition: d_sym_idx=41, kHtSig1Rel=5, d_have_ht_header=0
[EQ][DEBUG] valid flags: lltf0=1, lltf1=1, lsig=1, htsig0=1, htsig1=1
[EQ][WHILE_LOOP] iter consumed=2, d_sym_idx=42
[EQ][GATE_DETAIL] d_sym_idx=41, kHtSig1Rel=5, d_have_ht_header=0
[EQ][GATE_DETAIL] valid flags: lltf0=1 lltf1=1 lsig=1 htsig0=1 htsig1=1
[EQ][FLOW] abs=609 wifi_start=0 in_frame=1 sym_idx=42 consumed=2 produced=0
[EQ][PRE_EXTRACT] d_sym_idx=42, in_frame=1
[EQ][POST_EQUALIZE] d_sym_idx=42
[EQ][STDERR_DIRECT] Entering direct mixed-mode header detection
[EQ][IDX_CHECK] d_sym_idx=42, condition=0
[EQ][DIRECT_PATH] Entering direct mixed-mode header detection
[EQ][STDERR_BEFORE_GATE] Reached before gate check
[EQ][BEFORE_GATE] Reached before gate check
[EQ][TEST_INSERT] Added new debug output
[EQ][DEBUG_TEST] ======== DEBUG ENTRY ========
[EQ][DEBUG] Checking HT-SIG parse condition: d_sym_idx=42, kHtSig1Rel=5, d_have_ht_header=0
[EQ][DEBUG] valid flags: lltf0=1, lltf1=1, lsig=1, htsig0=1, htsig1=1
[EQ][GATE_DETAIL] d_sym_idx=42, kHtSig1Rel=5, d_have_ht_header=0
[EQ][GATE_DETAIL] valid flags: lltf0=1 lltf1=1 lsig=1 htsig0=1 htsig1=1
message_debug :info: The `print_pdu` port is deprecated and will be removed; forwarding to `print`.
[MAPPER] handle_msg called***** VERBOSE PDU DEBUG PRINT ******
((encoding . 0) (crc_included . #t))
pdu length =         38 bytes
pdu vector contents = 
0000: 08 
00 00 00 42 42 42 42 42 42 23 23 23 23 23 23 
[MAPPER] meta=0010: ff ff ff ff ff ff 80 01 78 78 78 78 78 78 78 78 
0020: 78 78 4f 32 38 6c 
************************************
((encoding . 0) (crc_included . #t))
[MAPPER] meta fields: mcs=0 len=-1 psdu_len=-1
[MAPPER] using MCS=0
[MAPPER] HT mode enabled, effective MCS: 0
[TX][HTDATA0][PUNCTURED] bits52=1101001000000010011110001011000101010000111010100110
[TX][HTDATA0][INTERLEAVED] bits52=1010111100011001010001111100011100000010000101010000
[TX][HTDATA0] bits52=1010111100011001010001111100011100000010000101010000
[TX][PUNCTURED-ALL] nbits=676 first64=1101001000000010011110001011000101010000111010100110100010000011 last64=0111111110101111101010101101001110011100111010000011011010101111
[TX][INTERLEAVED-ALL] nbits=676 first64=1010111100011001010001111100011100000010000101010000111101000000 last64=0010110100001101100011111011101001011110010110000001110101011111
[TX][HTDATA0][PUNCTURED] keep existing first-frame reference /tmp/wifi_tx_punctured0_bits52.txt
[TX][HTDATA0][INTERLEAVED] keep existing first-frame reference /tmp/wifi_tx_interleaved0_bits52.txt
[TX][HTDATA0] keep existing first-frame reference /tmp/wifi_tx_data0_bits52.txt
[TX][PUNCTURED-ALL] keep existing first-frame reference /tmp/wifi_tx_punctured_all_bits.txt
[TX][INTERLEAVED-ALL] keep existing first-frame reference /tmp/wifi_tx_interleaved_all_bits.txt
[TX][PUNCTURED-ALL] updated /tmp/wifi_tx_punctured_all_bits.last.txt
[TX][INTERLEAVED-ALL] updated /tmp/wifi_tx_interleaved_all_bits.last.txt
[MAPPER] frame: ht_mode=1 psdu=38 n_sym=13 n_data_bits=338 n_encoded_bits=676 data_carriers=52 out_symbols=676
[HT-HEADER] general_work called ninput=676 noutput=32688
[TX][LSIG] raw24=110100110010000000000000
[TX][LSIG] enc48=110110001010100111001100100011011100000000000000
[TX][LSIG] intl48=110011011001000011010100011000000010011001100000
[TX][HTSIG] fields: mcs=0 len=38 bw40=0 agg=0 sgi=0 stbc=0 adv=0 nltf=0 crc=0x0d
[TX][HTSIG] raw48=000000000110010000000000000000000010110000000000
[TX][HTSIG] enc96=000000000000000000110110111100100011011100000000000000000000000000001110111001101110101100000000
[TX][HTSIG] intl96=000000111110010000000011100110000000000010011000000000011011110000000001100100000000001011101000
[TX][HTHDR][OUTBUF] lsig48=110011011001000011010100011000000010011001100000
[TX][HTHDR][OUTBUF] htsig1_48=000000111110010000000011100110000000000010011000
[TX][HTHDR][OUTBUF] htsig2_48=000000011011110000000001100100000000001011101000
[SYNC-SHORT] general_work called: noutput=16 ninput=2288 threshold=0.010 state=1
SHORT copied 16
[SYNC-LONG] general_work: ninput[0]=16 ninput[1]=336 noutput=16 state=1
LONG ninput[0] 16   ninput[1] 336  noutput 16   state 1
produced : 16 consumed: 16
[SYNC-SHORT] general_work called: noutput=2048 ninput=2272 threshold=0.010 state=1
sync_short :info: frame start at in: 54264 out: 54791
SHORT Frame!
SHORT copied 535
[SYNC-SHORT] general_work called: noutput=1024 ninput=1737 threshold=0.010 state=1
[SYNC-LONG] general_work: ninput[0]=535 ninput[1]=832 noutput=512 state=1
sync_short :info: frame start at in: 54745 out: 55272
SHORT Frame!
SHORT copied LONG ninput[0] 481
535   ninput[1] 832  noutput 512   state 1
[SYNC-SHORT] general_work called: noutput=1024 ninput=1256 threshold=0.010 state=1
produced : 423 consumed: 535
sync_short :info: frame start at in: 55226 out: 55753
SHORT Frame!
SHORT copied 481
[SYNC-SHORT] general_work called: noutput=512 ninput=775 threshold=0.010 state=1
[SYNC-LONG] general_work: ninput[0]=962 ninput[1]=801 noutput=512 state=1
LONG ninput[0] 962   ninput[1] 801  noutput 512   state 1
[SYNC-LONG] Received wifi_start tag: freq_offset=-0.029 offset=54264 nread=54264
produced : 31 consumed: 0
sync_short :info: frame start at in: 55707 out: 56234
SHORT Frame!
SHORT copied 481
[SYNC-LONG] general_work: ninput[0]=962 ninput[1]=1282 noutput=4096 state=0
LONG ninput[0] 962   ninput[1] 1282  noutput 4096   state 0
[EQ][ENTER] general_work called nin=7 nout=256
[SYNC-SHORT] general_work called: noutput=256 ninput=294 threshold=0.010 state=1
[EQ][WHILE_ENTER] consumed=0, n_in=7
[EQ][WHILE_LOOP] iter consumed=0, d_sym_idx=43
[EQ][FLOW] abs=610 wifi_start=0 in_frame=1 sym_idx=43 consumed=0 produced=0
[EQ][PRE_EXTRACT] d_sym_idx=43, in_frame=1
[SYNC-LONG] Received wifi_start tag: freq_offset=-0.029 offset=54264 nread=54264
[EQ][IDX_CHECK] d_sym_idx=43, condition=0
SHORT copied 256
[SYNC-SHORT] general_work called: noutput=16 ninput=38 threshold=0.010 state=1
SHORT copied 16
[EQ][POST_EQUALIZE] d_sym_idx=43
[EQ][STDERR_DIRECT] Entering direct mixed-mode header detection
[EQ][DIRECT_PATH] Entering direct mixed-mode header detection
[EQ][STDERR_BEFORE_GATE] Reached before gate check
[EQ][BEFORE_GATE] Reached before gate check
[EQ][TEST_INSERT] Added new debug output
[EQ][DEBUG_TEST] ======== DEBUG ENTRY ========
[EQ][DEBUG] Checking HT-SIG parse condition: d_sym_idx=43, kHtSig1Rel=5, d_have_ht_header=0
[EQ][DEBUG] valid flags: lltf0=1, lltf1=1, lsig=1, htsig0=1, htsig1=1
[EQ][WHILE_LOOP] iter consumed=1, d_sym_idx=44
[EQ][GATE_DETAIL] d_sym_idx=43, kHtSig1Rel=5, d_have_ht_header=0
[EQ][GATE_DETAIL] valid flags: lltf0=1 lltf1=1 lsig=1 htsig0=1 htsig1=1
[EQ][FLOW] abs=611 wifi_start=0 in_frame=1 sym_idx=44 consumed=1 produced=0
[SYNC-SHORT] general_work called: noutput=4 ninput=22 threshold=0.010 state=1
[EQ][PRE_EXTRACT] d_sym_idx=44, in_frame=1
SHORT copied 4
[SYNC-SHORT] general_work called: noutput=2 ninput=18 threshold=0.010 state=1
SHORT copied 2
[EQ][POST_EQUALIZE] d_sym_idx=44
[EQ][STDERR_DIRECT] Entering direct mixed-mode header detection
[EQ][IDX_CHECK] d_sym_idx=44, condition=0
[EQ][DIRECT_PATH] Entering direct mixed-mode header detection
[EQ][STDERR_BEFORE_GATE] Reached before gate check
[EQ][BEFORE_GATE] Reached before gate check
[EQ][TEST_INSERT] Added new debug output
[EQ][DEBUG_TEST] ======== DEBUG ENTRY ========
[EQ][DEBUG] Checking HT-SIG parse condition: d_sym_idx=44, kHtSig1Rel=5, d_have_ht_header=0
[EQ][DEBUG] valid flags: lltf0=1, lltf1=1, lsig=1, htsig0=1, htsig1=1
[EQ][WHILE_LOOP] iter consumed=2, d_sym_idx=45
[EQ][GATE_DETAIL] d_sym_idx=44, kHtSig1Rel=5, d_have_ht_header=0
[EQ][GATE_DETAIL] valid flags: lltf0=1 lltf1=1 lsig=1 htsig0=1 htsig1=1
[EQ][FLOW] abs=612 wifi_start=0 in_frame=1 sym_idx=45 consumed=2 produced=0
[EQ][PRE_EXTRACT] d_sym_idx=45, in_frame=1
[EQ][POST_EQUALIZE] d_sym_idx=45
[EQ][STDERR_DIRECT] Entering direct mixed-mode header detection
[EQ][IDX_CHECK] d_sym_idx=45, condition=0
[EQ][DIRECT_PATH] Entering direct mixed-mode header detection
[EQ][STDERR_BEFORE_GATE] Reached before gate check
[EQ][BEFORE_GATE] Reached before gate check
[EQ][TEST_INSERT] Added new debug output
[EQ][DEBUG_TEST] ======== DEBUG ENTRY ========
[EQ][DEBUG] Checking HT-SIG parse condition: d_sym_idx=45, kHtSig1Rel=5, d_have_ht_header=0
[EQ][DEBUG] valid flags: lltf0=1, lltf1=1, lsig=1, htsig0=1, htsig1=1
[EQ][WHILE_LOOP] iter consumed=3, d_sym_idx=46
[EQ][GATE_DETAIL] d_sym_idx=45, kHtSig1Rel=5, d_have_ht_header=0
[EQ][GATE_DETAIL] valid flags: lltf0=1 lltf1=1 lsig=1 htsig0=1 htsig1=1
[EQ][FLOW] abs=613 wifi_start=0 in_frame=1 sym_idx=46 consumed=3 produced=0
[EQ][PRE_EXTRACT] d_sym_idx=46, in_frame=1
[EQ][POST_EQUALIZE] d_sym_idx=46
[EQ][STDERR_DIRECT] Entering direct mixed-mode header detection
[EQ][IDX_CHECK] d_sym_idx=46, condition=0
[EQ][DIRECT_PATH] Entering direct mixed-mode header detection
[EQ][STDERR_BEFORE_GATE] Reached before gate check
[EQ][BEFORE_GATE] Reached before gate check
[EQ][TEST_INSERT] Added new debug output
[EQ][DEBUG_TEST] ======== DEBUG ENTRY ========
[EQ][DEBUG] Checking HT-SIG parse condition: d_sym_idx=46, kHtSig1Rel=5, d_have_ht_header=0
[EQ][DEBUG] valid flags: lltf0=1, lltf1=1, lsig=1, htsig0=1, htsig1=1
[EQ][WHILE_LOOP] iter consumed=4, d_sym_idx=47
[EQ][GATE_DETAIL] d_sym_idx=46, kHtSig1Rel=5, d_have_ht_header=0
[EQ][GATE_DETAIL] valid flags: lltf0=1 lltf1=1 lsig=1 htsig0=1 htsig1=1
[EQ][FLOW] abs=614 wifi_start=0 in_frame=1 sym_idx=47 consumed=4 produced=0
[EQ][PRE_EXTRACT] d_sym_idx=47, in_frame=1
[EQ][POST_EQUALIZE] d_sym_idx=47
[EQ][STDERR_DIRECT] Entering direct mixed-mode header detection
[EQ][IDX_CHECK] d_sym_idx=47, condition=0
[EQ][DIRECT_PATH] Entering direct mixed-mode header detection
[EQ][STDERR_BEFORE_GATE] Reached before gate check
[EQ][BEFORE_GATE] Reached before gate check
[EQ][TEST_INSERT] Added new debug output
[EQ][DEBUG_TEST] ======== DEBUG ENTRY ========
[EQ][DEBUG] Checking HT-SIG parse condition: d_sym_idx=47, kHtSig1Rel=5, d_have_ht_header=0
[EQ][DEBUG] valid flags: lltf0=1, lltf1=1, lsig=1, htsig0=1, htsig1=1
[EQ][WHILE_LOOP] iter consumed=5, d_sym_idx=48
[EQ][GATE_DETAIL] d_sym_idx=47, kHtSig1Rel=5, d_have_ht_header=0
[EQ][GATE_DETAIL] valid flags: lltf0=1 lltf1=1 lsig=1 htsig0=1 htsig1=1
[EQ][FLOW] abs=615 wifi_start=0 in_frame=1 sym_idx=48 consumed=5 produced=0
[EQ][PRE_EXTRACT] d_sym_idx=48, in_frame=1
[EQ][POST_EQUALIZE] d_sym_idx=48
[EQ][STDERR_DIRECT] Entering direct mixed-mode header detection
[EQ][IDX_CHECK] d_sym_idx=48, condition=0
[EQ][DIRECT_PATH] Entering direct mixed-mode header detection
[EQ][STDERR_BEFORE_GATE] Reached before gate check
[EQ][BEFORE_GATE] Reached before gate check
[EQ][TEST_INSERT] Added new debug output
[EQ][DEBUG_TEST] ======== DEBUG ENTRY ========
[EQ][DEBUG] Checking HT-SIG parse condition: d_sym_idx=48, kHtSig1Rel=5, d_have_ht_header=0
[EQ][DEBUG] valid flags: lltf0=1, lltf1=1, lsig=1, htsig0=1, htsig1=1
[EQ][WHILE_LOOP] iter consumed=6, d_sym_idx=49
[EQ][GATE_DETAIL] d_sym_idx=48, kHtSig1Rel=5, d_have_ht_header=0
[EQ][GATE_DETAIL] valid flags: lltf0=1 lltf1=1 lsig=1 htsig0=1 htsig1=1
[EQ][FLOW] abs=616 wifi_start=0 in_frame=1 sym_idx=49 consumed=6 produced=0
[EQ][PRE_EXTRACT] d_sym_idx=49, in_frame=1
[EQ][POST_EQUALIZE] d_sym_idx=49
[EQ][STDERR_DIRECT] Entering direct mixed-mode header detection
[EQ][IDX_CHECK] d_sym_idx=49, condition=0
[EQ][DIRECT_PATH] Entering direct mixed-mode header detection
[EQ][STDERR_BEFORE_GATE] Reached before gate check
[EQ][BEFORE_GATE] Reached before gate check
[EQ][TEST_INSERT] Added new debug output
[EQ][DEBUG_TEST] ======== DEBUG ENTRY ========
[EQ][DEBUG] Checking HT-SIG parse condition: d_sym_idx=49, kHtSig1Rel=5, d_have_ht_header=0
[EQ][DEBUG] valid flags: lltf0=1, lltf1=1, lsig=1, htsig0=1, htsig1=1
[EQ][ENTER] general_work called nin=1 nout=32
[EQ][GATE_DETAIL] d_sym_idx=49, kHtSig1Rel=5, d_have_ht_header=0
[EQ][GATE_DETAIL] valid flags: lltf0=1 lltf1=1 lsig=1 htsig0=1 htsig1=1
[EQ][WHILE_ENTER] consumed=0, n_in=1
[EQ][WHILE_LOOP] iter consumed=0, d_sym_idx=50
sync_long :info: LONG: frame start at 190
produced : 0 consumed: 320
[SYNC-LONG] general_work: ninput[0]=1401 ninput[1]=1721 noutput=1024 state=1
LONG ninput[0] 1401   ninput[1] 1721  noutput 1024   state 1
produced : 0 consumed: 161
[SYNC-LONG] general_work: ninput[0]=1240 ninput[1]=1560 noutput=1024 state=1
LONG ninput[0] 1240   ninput[1] 1560  noutput 1024   state 1
[EQ][FLOW] abs=617 wifi_start=0 in_frame=1 sym_idx=50 consumed=0 produced=0
[SYNC-LONG] Received wifi_start tag: freq_offset=0.009 offset=54745 nread=54745
LONG: ignore retrigger tag during COPY nread=54745 d_count=0 guard=3072 tag_offset=54745
[EQ][PRE_EXTRACT] d_sym_idx=50, in_frame=1
[EQ][POST_EQUALIZE] d_sym_idx=50
[EQ][STDERR_DIRECT] Entering direct mixed-mode header detection
[EQ][IDX_CHECK] d_sym_idx=50, condition=0
[EQ][DIRECT_PATH] Entering direct mixed-mode header detection
[EQ][STDERR_BEFORE_GATE] Reached before gate check
[EQ][BEFORE_GATE] Reached before gate check
[EQ][TEST_INSERT] Added new debug output
[EQ][DEBUG_TEST] ======== DEBUG ENTRY ========
[EQ][DEBUG] Checking HT-SIG parse condition: d_sym_idx=50, kHtSig1Rel=5, d_have_ht_header=0
[EQ][DEBUG] valid flags: lltf0=1, lltf1=1, lsig=1, htsig0=1, htsig1=1
[EQ][GATE_DETAIL] d_sym_idx=50, kHtSig1Rel=5, d_have_ht_header=0
[EQ][GATE_DETAIL] valid flags: lltf0=1 lltf1=1 lsig=1 htsig0=1 htsig1=1
produced : 987 consumed: 1240
[EQ][ENTER] general_work called nin=15 nout=512

----------------------------------------------------------------------
Tag Debug: 
Input Stream: 00
  Offset: 39552  Source: sync_long     Key: wifi_start   Value: -5.47059e-06
----------------------------------------------------------------------
[EQ][TAG] wifi_start at offset=618 freq_offset=-0.000005
[EQ][WHILE_ENTER] consumed=0, n_in=15
[EQ][WHILE_LOOP] iter consumed=0, d_sym_idx=51
[EQ][FLOW] abs=618 wifi_start=1 in_frame=1 sym_idx=51 consumed=0 produced=0

----------------------------------------------------------------------
Tag Debug: eq_in_tagdbg
Input Stream: 00
  Offset: 618  Source: sync_long     Key: wifi_start   Value: -5.47059e-06
----------------------------------------------------------------------
[EQ][FLOW] frame-takeover abs=618 allow=1
[EQ][PRE_EXTRACT] d_sym_idx=0, in_frame=1
[EXTRACT_CALL] sym_idx=0, type=OTHER
[EQ][IDX_CHECK] d_sym_idx=0, condition=1
[EQ][VALID_SET] d_sym_idx=0, valid=1
[EQ][SYM_IDX] sym_idx=0, type=UNKNOWN
[EQ][POST_EQUALIZE] d_sym_idx=0
[EQ][RAW_BITS] sym_idx=0 bits52=0000000000000000000000000000000000000000000000000000
[EQ][STDERR_DIRECT] Entering direct mixed-mode header detection
[EQ][DIRECT_PATH] Entering direct mixed-mode header detection
[EQ][STDERR_BEFORE_GATE] Reached before gate check
[EQ][BEFORE_GATE] Reached before gate check
[EQ][TEST_INSERT] Added new debug output
[EQ][DEBUG_TEST] ======== DEBUG ENTRY ========
[EQ][DEBUG] Checking HT-SIG parse condition: d_sym_idx=0, kHtSig1Rel=5, d_have_ht_header=0
[EQ][DEBUG] valid flags: lltf0=0, lltf1=0, lsig=0, htsig0=0, htsig1=0
[EQ][WHILE_LOOP] iter consumed=1, d_sym_idx=1
[EQ][GATE_DETAIL] d_sym_idx=0, kHtSig1Rel=5, d_have_ht_header=0
[EQ][GATE_DETAIL] valid flags: lltf0=0 lltf1=0 lsig=0 htsig0=0 htsig1=0
[EQ][FLOW] abs=619 wifi_start=0 in_frame=1 sym_idx=1 consumed=1 produced=0
[EQ][PRE_EXTRACT] d_sym_idx=1, in_frame=1
[EXTRACT_CALL] sym_idx=1, type=L-LTF0
[EQ][IDX_CHECK] d_sym_idx=1, condition=1
[EQ][VALID_SET] d_sym_idx=1, valid=1
[EQ][SYM_IDX] sym_idx=1, type=L-LTF0
[EQ][POST_EQUALIZE] d_sym_idx=1
[EQ][RAW_BITS] sym_idx=1 bits52=0000000000000000000000000000000000000000000000000000
[EQ][STDERR_DIRECT] Entering direct mixed-mode header detection
[EQ][DIRECT_PATH] Entering direct mixed-mode header detection
[EQ][STDERR_BEFORE_GATE] Reached before gate check
[EQ][BEFORE_GATE] Reached before gate check
[EQ][TEST_INSERT] Added new debug output
[EQ][DEBUG_TEST] ======== DEBUG ENTRY ========
[EQ][DEBUG] Checking HT-SIG parse condition: d_sym_idx=1, kHtSig1Rel=5, d_have_ht_header=0
[EQ][DEBUG] valid flags: lltf0=1, lltf1=0, lsig=0, htsig0=0, htsig1=0
[EQ][WHILE_LOOP] iter consumed=2, d_sym_idx=2
[EQ][GATE_DETAIL] d_sym_idx=1, kHtSig1Rel=5, d_have_ht_header=0
[EQ][GATE_DETAIL] valid flags: lltf0=1 lltf1=0 lsig=0 htsig0=0 htsig1=0
[EQ][FLOW] abs=620 wifi_start=0 in_frame=1 sym_idx=2 consumed=2 produced=0
[EQ][PRE_EXTRACT] d_sym_idx=2, in_frame=1
[EXTRACT_CALL] sym_idx=2, type=L-LTF1
[EQ][IDX_CHECK] d_sym_idx=2, condition=1
[EQ][VALID_SET] d_sym_idx=2, valid=1
[EQ][SYM_IDX] sym_idx=2, type=L-LTF1
[EQ][POST_EQUALIZE] d_sym_idx=2
[EQ][RAW_BITS] sym_idx=2 bits52=0011001101100100001101010001100000001001100110000011
[EQ][STDERR_DIRECT] Entering direct mixed-mode header detection
[EQ][DIRECT_PATH] Entering direct mixed-mode header detection
[EQ][STDERR_BEFORE_GATE] Reached before gate check
[EQ][BEFORE_GATE] Reached before gate check
[EQ][TEST_INSERT] Added new debug output
[EQ][DEBUG_TEST] ======== DEBUG ENTRY ========
[EQ][DEBUG] Checking HT-SIG parse condition: d_sym_idx=2, kHtSig1Rel=5, d_have_ht_header=0
[EQ][DEBUG] valid flags: lltf0=1, lltf1=1, lsig=0, htsig0=0, htsig1=0
[EQ][WHILE_LOOP] iter consumed=3, d_sym_idx=3
[EQ][GATE_DETAIL] d_sym_idx=2, kHtSig1Rel=5, d_have_ht_header=0
[EQ][GATE_DETAIL] valid flags: lltf0=1 lltf1=1 lsig=0 htsig0=0 htsig1=0
[EQ][FLOW] abs=621 wifi_start=0 in_frame=1 sym_idx=3 consumed=3 produced=0
[EQ][PRE_EXTRACT] d_sym_idx=3, in_frame=1
[EXTRACT_CALL] sym_idx=3, type=L-SIG
[EQ][IDX_CHECK] d_sym_idx=3, condition=1
[EQ][VALID_SET] d_sym_idx=3, valid=1
[EQ][SYM_IDX] sym_idx=3, type=L-SIG
[EQ][POST_EQUALIZE] d_sym_idx=3
[EQ][RAW_BITS] sym_idx=3 bits52=0000000011111001000000001110011000000000001001100011
[EQ][STDERR_DIRECT] Entering direct mixed-mode header detection
[EQ][DIRECT_PATH] Entering direct mixed-mode header detection
[EQ][STDERR_BEFORE_GATE] Reached before gate check
[EQ][BEFORE_GATE] Reached before gate check
[EQ][GATE] sym=3 want_htsig1=5 valid={lltf0=1 lltf1=1 lsig=1 htsig0=0 htsig1=0} have_ht=0
[EQ][TEST_INSERT] Added new debug output
[EQ][DEBUG_TEST] ======== DEBUG ENTRY ========
[EQ][DEBUG] Checking HT-SIG parse condition: d_sym_idx=3, kHtSig1Rel=5, d_have_ht_header=0
[EQ][DEBUG] valid flags: lltf0=1, lltf1=1, lsig=1, htsig0=0, htsig1=0
[EQ][WHILE_LOOP] iter consumed=4, d_sym_idx=4
[EQ][GATE_DETAIL] d_sym_idx=3, kHtSig1Rel=5, d_have_ht_header=0
[EQ][GATE_DETAIL] valid flags: lltf0=1 lltf1=1 lsig=1 htsig0=0 htsig1=0
[EQ][FLOW] abs=622 wifi_start=0 in_frame=1 sym_idx=4 consumed=4 produced=0
[EQ][PRE_EXTRACT] d_sym_idx=4, in_frame=1
[EXTRACT_CALL] sym_idx=4, type=HT-SIG0
[EQ][IDX_CHECK] d_sym_idx=4, condition=1
[EQ][VALID_SET] d_sym_idx=4, valid=1
[EQ][SYM_IDX] sym_idx=4, type=HT-SIG0
[EQ][POST_EQUALIZE] d_sym_idx=4
[EQ][RAW_BITS] sym_idx=4 bits52=0001111111010000001101111001101101111111011001011111
[EQ][STDERR_DIRECT] Entering direct mixed-mode header detection
[EQ][DIRECT_PATH] Entering direct mixed-mode header detection
[EQ][STDERR_BEFORE_GATE] Reached before gate check
[EQ][BEFORE_GATE] Reached before gate check
[EQ][GATE] sym=4 want_htsig1=5 valid={lltf0=1 lltf1=1 lsig=1 htsig0=1 htsig1=0} have_ht=0
[EQ][TEST_INSERT] Added new debug output
[EQ][DEBUG_TEST] ======== DEBUG ENTRY ========
[EQ][DEBUG] Checking HT-SIG parse condition: d_sym_idx=4, kHtSig1Rel=5, d_have_ht_header=0
[EQ][DEBUG] valid flags: lltf0=1, lltf1=1, lsig=1, htsig0=1, htsig1=0
[EQ][WHILE_LOOP] iter consumed=5, d_sym_idx=5
[EQ][GATE_DETAIL] d_sym_idx=4, kHtSig1Rel=5, d_have_ht_header=0
[EQ][GATE_DETAIL] valid flags: lltf0=1 lltf1=1 lsig=1 htsig0=1 htsig1=0
[EQ][FLOW] abs=623 wifi_start=0 in_frame=1 sym_idx=5 consumed=5 produced=0
[EQ][PRE_EXTRACT] d_sym_idx=5, in_frame=1
[EXTRACT_CALL] sym_idx=5, type=HT-SIG1
[EQ][IDX_CHECK] d_sym_idx=5, condition=1
[EQ][VALID_SET] d_sym_idx=5, valid=1
[EQ][SYM_IDX] sym_idx=5, type=HT-SIG1
[EQ][POST_EQUALIZE] d_sym_idx=5
[EQ][RAW_BITS] sym_idx=5 bits52=0010100111100110010100001111100111111000100001010100
[EQ][STDERR_DIRECT] Entering direct mixed-mode header detection
[EQ][DIRECT_PATH] Entering direct mixed-mode header detection
[EQ][STDERR_BEFORE_GATE] Reached before gate check
[EQ][BEFORE_GATE] Reached before gate check
[EQ][GATE] sym=5 want_htsig1=5 valid={lltf0=1 lltf1=1 lsig=1 htsig0=1 htsig1=1} have_ht=0
[EQ][TEST_INSERT] Added new debug output
[EQ][DEBUG_TEST] ======== DEBUG ENTRY ========
[EQ][DEBUG] Checking HT-SIG parse condition: d_sym_idx=5, kHtSig1Rel=5, d_have_ht_header=0
[EQ][DEBUG] valid flags: lltf0=1, lltf1=1, lsig=1, htsig0=1, htsig1=1
[EQ][GATE_DETAIL] d_sym_idx=5, kHtSig1Rel=5, d_have_ht_header=0
[EQ][GATE_DETAIL] valid flags: lltf0=1 lltf1=1 lsig=1 htsig0=1 htsig1=1
[EQ][DEBUG_BLOCK] ENTERING HT-SIG PARSE BLOCK
[RX][LLTF-DBG] L-LTF0 valid=1, L-LTF1 valid=1
[RX][LLTF-DBG] L-LTF0 avg_mag=8.8729, L-LTF1 avg_mag=8.8685
[RX][LLTF-DBG] L-LTF0[0:3]: 8.789∠0.003 8.818∠0.002 8.921∠-3.140 8.914∠-3.139 
[RX][LLTF-DBG] L-LTF1[0:3]: 8.827∠-0.002 8.850∠-0.001 8.895∠-3.137 8.891∠-3.137 
[CHAN_EST][DEBUG] L-LTF0 average magnitude: 8.8729
[CHAN_EST][DEBUG] L-LTF1 average magnitude: 8.8685
[CHAN_EST][LLTF_COMPARE] First 20 data subcarriers:
  i=0 sc=-26: expected=1, avg=8.808+0.006i (mag=8.808, phase=0.001), received0=8.789+0.026i received1=8.827+-0.014i
  i=1 sc=-25: expected=1, avg=8.834+0.001i (mag=8.834, phase=0.000), received0=8.818+0.014i received1=8.850+-0.011i
  i=2 sc=-24: expected=-1, avg=-8.908+-0.031i (mag=8.908, phase=-3.138), received0=-8.921+-0.019i received1=-8.895+-0.043i
  i=3 sc=-23: expected=-1, avg=-8.902+-0.031i (mag=8.902, phase=-3.138), received0=-8.914+-0.020i received1=-8.891+-0.041i
  i=4 sc=-22: expected=1, avg=8.854+0.001i (mag=8.854, phase=0.000), received0=8.844+0.006i received1=8.864+-0.004i
  i=5 sc=-20: expected=-1, avg=-0.019+-0.013i (mag=0.023, phase=-2.552), received0=-8.900+-0.024i received1=8.862+-0.002i
  i=6 sc=-19: expected=1, avg=-0.016+-0.016i (mag=0.023, phase=-2.362), received0=8.850+0.004i received1=-8.883+-0.036i
  i=7 sc=-18: expected=-1, avg=-0.014+-0.012i (mag=0.019, phase=-2.447), received0=-8.899+-0.025i received1=8.870+0.001i
  i=8 sc=-17: expected=1, avg=8.864+0.002i (mag=8.864, phase=0.000), received0=8.858+0.002i received1=8.869+0.002i
  i=9 sc=-16: expected=1, avg=-0.012+-0.016i (mag=0.020, phase=-2.227), received0=8.857+0.002i received1=-8.881+-0.034i
  i=10 sc=-15: expected=1, avg=-0.010+-0.016i (mag=0.019, phase=-2.141), received0=8.857+0.002i received1=-8.877+-0.034i
  i=11 sc=-14: expected=1, avg=8.865+0.002i (mag=8.865, phase=0.000), received0=8.859+0.002i received1=8.871+0.002i
  i=12 sc=-13: expected=1, avg=-0.009+-0.015i (mag=0.018, phase=-2.099), received0=8.862+0.002i received1=-8.880+-0.033i
  i=13 sc=-12: expected=1, avg=-0.008+-0.015i (mag=0.017, phase=-2.069), received0=8.861+0.002i received1=-8.878+-0.032i
  i=14 sc=-11: expected=-1, avg=-8.881+-0.029i (mag=8.881, phase=-3.138), received0=-8.888+-0.027i received1=-8.874+-0.031i
  i=15 sc=-10: expected=-1, avg=-8.878+-0.029i (mag=8.878, phase=-3.138), received0=-8.884+-0.028i received1=-8.872+-0.031i
  i=16 sc=-9: expected=1, avg=8.871+0.002i (mag=8.871, phase=0.000), received0=8.866+0.000i received1=8.876+0.004i
  i=17 sc=-8: expected=1, avg=8.873+0.002i (mag=8.873, phase=0.000), received0=8.868+0.000i received1=8.878+0.004i
  i=18 sc=-6: expected=1, avg=-0.002+-0.015i (mag=0.015, phase=-1.729), received0=8.867+0.000i received1=-8.872+-0.030i
  i=19 sc=-5: expected=-1, avg=-0.002+-0.011i (mag=0.011, phase=-1.714), received0=-8.879+-0.027i received1=8.876+0.006i
[CHAN_EST] Average channel magnitude: 4.4445
[CHAN_EST] Channel magnitude range: [0.0106, 8.9078]
[CHAN_EST] Channel phase range: [-2.362, 2.812] rad
[CHAN_EST] Zero magnitude subcarriers: 0/52
[CHAN_EST][SC0] H=8.808+0.006i, mag=8.808, phase=0.001
[CHAN_EST][SC1] H=8.834+0.001i, mag=8.834, phase=0.000
[CHAN_EST][SC2] H=8.908+0.031i, mag=8.908, phase=0.003
[CHAN_EST][SC3] H=8.902+0.031i, mag=8.902, phase=0.003
[CHAN_EST][SC4] H=8.854+0.001i, mag=8.854, phase=0.000
[CHAN_EST][SC5] H=0.019+0.013i, mag=0.023, phase=0.590
[CHAN_EST][SC6] H=-0.016+-0.016i, mag=0.023, phase=-2.362
[CHAN_EST][SC7] H=0.014+0.012i, mag=0.019, phase=0.694
[CHAN_EST][SC8] H=8.864+0.002i, mag=8.864, phase=0.000
[CHAN_EST][SC9] H=-0.012+-0.016i, mag=0.020, phase=-2.227
[EQ_HEADER] CPE estimate: -0.819 rad, rot=0.683+0.731i
[EQ_HEADER][WARNING] Weak channel at SC-20 (idx=5): H_mag=0.0228, skipping
[EQ_HEADER][WARNING] Weak channel at SC-19 (idx=6): H_mag=0.0230, skipping
[EQ_HEADER][WARNING] Weak channel at SC-18 (idx=7): H_mag=0.0187, skipping
[EQ_HEADER][WARNING] Weak channel at SC-16 (idx=9): H_mag=0.0202, skipping
[EQ_HEADER][WARNING] Weak channel at SC-15 (idx=10): H_mag=0.0190, skipping
[EQ_HEADER][WARNING] Weak channel at SC-13 (idx=12): H_mag=0.0177, skipping
[EQ_HEADER][WARNING] Weak channel at SC-12 (idx=13): H_mag=0.0172, skipping
[EQ_HEADER][WARNING] Weak channel at SC-6 (idx=18): H_mag=0.0152, skipping
[EQ_HEADER][WARNING] Weak channel at SC-5 (idx=19): H_mag=0.0110, skipping
[EQ_HEADER][WARNING] Weak channel at SC-4 (idx=20): H_mag=0.0145, skipping
[EQ_HEADER][WARNING] Weak channel at SC-2 (idx=22): H_mag=0.0147, skipping
[EQ_HEADER][WARNING] Weak channel at SC-1 (idx=23): H_mag=0.0148, skipping
[EQ_HEADER][WARNING] Weak channel at SC1 (idx=24): H_mag=0.0146, skipping
[EQ_HEADER][WARNING] Weak channel at SC2 (idx=25): H_mag=0.0106, skipping
[EQ_HEADER][WARNING] Weak channel at SC3 (idx=26): H_mag=0.0106, skipping
[EQ_HEADER][WARNING] Weak channel at SC4 (idx=27): H_mag=0.0147, skipping
[EQ_HEADER][WARNING] Weak channel at SC5 (idx=28): H_mag=0.0149, skipping
[EQ_HEADER][WARNING] Weak channel at SC9 (idx=31): H_mag=0.0149, skipping
[EQ_HEADER][WARNING] Weak channel at SC12 (idx=34): H_mag=0.0146, skipping
[EQ_HEADER][WARNING] Weak channel at SC20 (idx=42): H_mag=0.0225, skipping
[EQ_HEADER][WARNING] Weak channel at SC23 (idx=44): H_mag=0.0326, skipping
[EQ_HEADER][WARNING] Weak channel at SC24 (idx=45): H_mag=0.0367, skipping
[EQ_HEADER][WARNING] Weak channel at SC25 (idx=46): H_mag=0.0428, skipping
[EQ_HEADER][WARNING] Weak channel at SC26 (idx=47): H_mag=0.0509, skipping
[EQ_HEADER] Zero-magnitude H subcarriers: 0/48
[EQ_HEADER] Average RX magnitude: 8.8702
[EQ_HEADER] Average EQ magnitude: 0.5002
[EQ_HEADER] First 10 bits: 0000011111
[EQ_HEADER][SC0] rx=-8.867+-0.053i, eq=-0.684+-0.739i, bit=0
[EQ_HEADER][SC1] rx=-8.881+-0.045i, eq=-0.683+-0.738i, bit=0
[EQ_HEADER][SC2] rx=-8.878+-0.041i, eq=-0.680+-0.729i, bit=0
[EQ_HEADER][SC3] rx=-8.879+-0.040i, eq=-0.680+-0.729i, bit=0
[EQ_HEADER][SC4] rx=-8.879+-0.038i, eq=-0.682+-0.736i, bit=0
[EQ_HEADER] CPE estimate: 1.603 rad, rot=-0.033+-0.999i
[EQ_HEADER][WARNING] Weak channel at SC-20 (idx=5): H_mag=0.0228, skipping
[EQ_HEADER][WARNING] Weak channel at SC-19 (idx=6): H_mag=0.0230, skipping
[EQ_HEADER][WARNING] Weak channel at SC-18 (idx=7): H_mag=0.0187, skipping
[EQ_HEADER][WARNING] Weak channel at SC-16 (idx=9): H_mag=0.0202, skipping
[EQ_HEADER][WARNING] Weak channel at SC-15 (idx=10): H_mag=0.0190, skipping
[EQ_HEADER][WARNING] Weak channel at SC-13 (idx=12): H_mag=0.0177, skipping
[EQ_HEADER][WARNING] Weak channel at SC-12 (idx=13): H_mag=0.0172, skipping
[EQ_HEADER][WARNING] Weak channel at SC-6 (idx=18): H_mag=0.0152, skipping
[EQ_HEADER][WARNING] Weak channel at SC-5 (idx=19): H_mag=0.0110, skipping
[EQ_HEADER][WARNING] Weak channel at SC-4 (idx=20): H_mag=0.0145, skipping
[EQ_HEADER][WARNING] Weak channel at SC-2 (idx=22): H_mag=0.0147, skipping
[EQ_HEADER][WARNING] Weak channel at SC-1 (idx=23): H_mag=0.0148, skipping
[EQ_HEADER][WARNING] Weak channel at SC1 (idx=24): H_mag=0.0146, skipping
[EQ_HEADER][WARNING] Weak channel at SC2 (idx=25): H_mag=0.0106, skipping
[EQ_HEADER][WARNING] Weak channel at SC3 (idx=26): H_mag=0.0106, skipping
[EQ_HEADER][WARNING] Weak channel at SC4 (idx=27): H_mag=0.0147, skipping
[EQ_HEADER][WARNING] Weak channel at SC5 (idx=28): H_mag=0.0149, skipping
[EQ_HEADER][WARNING] Weak channel at SC9 (idx=31): H_mag=0.0149, skipping
[EQ_HEADER][WARNING] Weak channel at SC12 (idx=34): H_mag=0.0146, skipping
[EQ_HEADER][WARNING] Weak channel at SC20 (idx=42): H_mag=0.0225, skipping
[EQ_HEADER][WARNING] Weak channel at SC23 (idx=44): H_mag=0.0326, skipping
[EQ_HEADER][WARNING] Weak channel at SC24 (idx=45): H_mag=0.0367, skipping
[EQ_HEADER][WARNING] Weak channel at SC25 (idx=46): H_mag=0.0428, skipping
[EQ_HEADER][WARNING] Weak channel at SC26 (idx=47): H_mag=0.0509, skipping
[EQ_HEADER] Zero-magnitude H subcarriers: 0/48
[EQ_HEADER] Average RX magnitude: 7.3098
[EQ_HEADER] Average EQ magnitude: 0.3850
[EQ_HEADER] First 10 bits: 1111111111
[EQ_HEADER][SC0] rx=-0.059+2.358i, eq=0.268+-0.002i, bit=1
[EQ_HEADER][SC1] rx=2.547+2.214i, eq=0.241+-0.296i, bit=1
[EQ_HEADER][SC2] rx=4.696+2.097i, eq=0.216+-0.535i, bit=1
[EQ_HEADER][SC3] rx=7.375+1.952i, eq=0.189+-0.836i, bit=1
[EQ_HEADER][SC4] rx=14.255+1.581i, eq=0.126+-1.615i, bit=1
[EQ_HEADER] CPE estimate: -0.735 rad, rot=0.742+0.670i
[EQ_HEADER][WARNING] Weak channel at SC-20 (idx=5): H_mag=0.0228, skipping
[EQ_HEADER][WARNING] Weak channel at SC-19 (idx=6): H_mag=0.0230, skipping
[EQ_HEADER][WARNING] Weak channel at SC-18 (idx=7): H_mag=0.0187, skipping
[EQ_HEADER][WARNING] Weak channel at SC-16 (idx=9): H_mag=0.0202, skipping
[EQ_HEADER][WARNING] Weak channel at SC-15 (idx=10): H_mag=0.0190, skipping
[EQ_HEADER][WARNING] Weak channel at SC-13 (idx=12): H_mag=0.0177, skipping
[EQ_HEADER][WARNING] Weak channel at SC-12 (idx=13): H_mag=0.0172, skipping
[EQ_HEADER][WARNING] Weak channel at SC-6 (idx=18): H_mag=0.0152, skipping
[EQ_HEADER][WARNING] Weak channel at SC-5 (idx=19): H_mag=0.0110, skipping
[EQ_HEADER][WARNING] Weak channel at SC-4 (idx=20): H_mag=0.0145, skipping
[EQ_HEADER][WARNING] Weak channel at SC-2 (idx=22): H_mag=0.0147, skipping
[EQ_HEADER][WARNING] Weak channel at SC-1 (idx=23): H_mag=0.0148, skipping
[EQ_HEADER][WARNING] Weak channel at SC1 (idx=24): H_mag=0.0146, skipping
[EQ_HEADER][WARNING] Weak channel at SC2 (idx=25): H_mag=0.0106, skipping
[EQ_HEADER][WARNING] Weak channel at SC3 (idx=26): H_mag=0.0106, skipping
[EQ_HEADER][WARNING] Weak channel at SC4 (idx=27): H_mag=0.0147, skipping
[EQ_HEADER][WARNING] Weak channel at SC5 (idx=28): H_mag=0.0149, skipping
[EQ_HEADER][WARNING] Weak channel at SC9 (idx=31): H_mag=0.0149, skipping
[EQ_HEADER][WARNING] Weak channel at SC12 (idx=34): H_mag=0.0146, skipping
[EQ_HEADER][WARNING] Weak channel at SC20 (idx=42): H_mag=0.0225, skipping
[EQ_HEADER][WARNING] Weak channel at SC23 (idx=44): H_mag=0.0326, skipping
[EQ_HEADER][WARNING] Weak channel at SC24 (idx=45): H_mag=0.0367, skipping
[EQ_HEADER][WARNING] Weak channel at SC25 (idx=46): H_mag=0.0428, skipping
[EQ_HEADER][WARNING] Weak channel at SC26 (idx=47): H_mag=0.0509, skipping
[EQ_HEADER] Zero-magnitude H subcarriers: 0/48
[EQ_HEADER] Average RX magnitude: 7.0516
[EQ_HEADER] Average EQ magnitude: 0.3298
[EQ_HEADER] First 10 bits: 1010011111
[EQ_HEADER][SC0] rx=8.084+0.028i, eq=0.679+0.617i, bit=1
[EQ_HEADER][SC1] rx=-10.600+-0.583i, eq=-0.846+-0.853i, bit=0
[EQ_HEADER][SC2] rx=6.261+-0.043i, eq=0.526+0.466i, bit=1
[EQ_HEADER][SC3] rx=-13.048+-0.669i, eq=-1.041+-1.035i, bit=0
[EQ_HEADER][SC4] rx=-1.172+-0.288i, eq=-0.076+-0.113i, bit=0
[RX][CHAN-EST] Hhdr52: avg_mag=4.4445 avg_phase=0.0011 rad phase_var=4.9251
[RX][CHAN-EST] Hhdr52[0:5]: 8.808∠0.001 8.834∠0.000 8.908∠0.003 8.902∠0.003 8.854∠0.000 0.023∠0.590 
[RX][HDRDBG] rel=3 raw48=000000111110010000000011100110000000000010011000
[RX][HDRDBG] rel=3 eq48 =000001111110110000111011111110010010000010111111
[RX][HDRDBG] rel=3 deintl48=000000011010010100110110111110111011111101001011
[RX][HDRDBG] rel=3 bit-errors: raw->eq=13 eq->deintl=20
[RX][HDRDBG] rel=4 raw48=011111110100000011011110011011011111110110010111
[RX][HDRDBG] rel=4 eq48 =111111111111111111111111111111111111111111111111
[RX][HDRDBG] rel=4 deintl48=111111111111111111111111111111111111111111111111
[RX][HDRDBG] rel=4 bit-errors: raw->eq=17 eq->deintl=0
[RX][HDRDBG] rel=5 raw48=101001111001100101000011111001111110001000010101
[RX][HDRDBG] rel=5 eq48 =101001111111110101111011111111111110001000111111
[RX][HDRDBG] rel=5 deintl48=101011111010010100111110110110111111111111011111
[RX][HDRDBG] rel=5 bit-errors: raw->eq=11 eq->deintl=16
[EQ_HEADER] CPE estimate: -0.819 rad, rot=0.683+0.731i
[EQ_HEADER][WARNING] Weak channel at SC-20 (idx=5): H_mag=0.0228, skipping
[EQ_HEADER][WARNING] Weak channel at SC-19 (idx=6): H_mag=0.0230, skipping
[EQ_HEADER][WARNING] Weak channel at SC-18 (idx=7): H_mag=0.0187, skipping
[EQ_HEADER][WARNING] Weak channel at SC-16 (idx=9): H_mag=0.0202, skipping
[EQ_HEADER][WARNING] Weak channel at SC-15 (idx=10): H_mag=0.0190, skipping
[EQ_HEADER][WARNING] Weak channel at SC-13 (idx=12): H_mag=0.0177, skipping
[EQ_HEADER][WARNING] Weak channel at SC-12 (idx=13): H_mag=0.0172, skipping
[EQ_HEADER][WARNING] Weak channel at SC-6 (idx=18): H_mag=0.0152, skipping
[EQ_HEADER][WARNING] Weak channel at SC-5 (idx=19): H_mag=0.0110, skipping
[EQ_HEADER][WARNING] Weak channel at SC-4 (idx=20): H_mag=0.0145, skipping
[EQ_HEADER][WARNING] Weak channel at SC-2 (idx=22): H_mag=0.0147, skipping
[EQ_HEADER][WARNING] Weak channel at SC-1 (idx=23): H_mag=0.0148, skipping
[EQ_HEADER][WARNING] Weak channel at SC1 (idx=24): H_mag=0.0146, skipping
[EQ_HEADER][WARNING] Weak channel at SC2 (idx=25): H_mag=0.0106, skipping
[EQ_HEADER][WARNING] Weak channel at SC3 (idx=26): H_mag=0.0106, skipping
[EQ_HEADER][WARNING] Weak channel at SC4 (idx=27): H_mag=0.0147, skipping
[EQ_HEADER][WARNING] Weak channel at SC5 (idx=28): H_mag=0.0149, skipping
[EQ_HEADER][WARNING] Weak channel at SC9 (idx=31): H_mag=0.0149, skipping
[EQ_HEADER][WARNING] Weak channel at SC12 (idx=34): H_mag=0.0146, skipping
[EQ_HEADER][WARNING] Weak channel at SC20 (idx=42): H_mag=0.0225, skipping
[EQ_HEADER][WARNING] Weak channel at SC23 (idx=44): H_mag=0.0326, skipping
[EQ_HEADER][WARNING] Weak channel at SC24 (idx=45): H_mag=0.0367, skipping
[EQ_HEADER][WARNING] Weak channel at SC25 (idx=46): H_mag=0.0428, skipping
[EQ_HEADER][WARNING] Weak channel at SC26 (idx=47): H_mag=0.0509, skipping
[EQ_HEADER] Zero-magnitude H subcarriers: 0/48
[EQ_HEADER] Average RX magnitude: 8.8702
[EQ_HEADER] Average EQ magnitude: 0.5002
[EQ_HEADER] First 10 bits: 0000011111
[EQ_HEADER][SC0] rx=-8.867+-0.053i, eq=-0.684+-0.739i, bit=0
[EQ_HEADER][SC1] rx=-8.881+-0.045i, eq=-0.683+-0.738i, bit=0
[EQ_HEADER][SC2] rx=-8.878+-0.041i, eq=-0.680+-0.729i, bit=0
[EQ_HEADER][SC3] rx=-8.879+-0.040i, eq=-0.680+-0.729i, bit=0
[EQ_HEADER][SC4] rx=-8.879+-0.038i, eq=-0.682+-0.736i, bit=0
[EQ_HEADER] CPE estimate: -0.819 rad, rot=0.683+0.731i
[EQ_HEADER][WARNING] Weak channel at SC-20 (idx=5): H_mag=0.0228, skipping
[EQ_HEADER][WARNING] Weak channel at SC-19 (idx=6): H_mag=0.0230, skipping
[EQ_HEADER][WARNING] Weak channel at SC-18 (idx=7): H_mag=0.0187, skipping
[EQ_HEADER][WARNING] Weak channel at SC-16 (idx=9): H_mag=0.0202, skipping
[EQ_HEADER][WARNING] Weak channel at SC-15 (idx=10): H_mag=0.0190, skipping
[EQ_HEADER][WARNING] Weak channel at SC-13 (idx=12): H_mag=0.0177, skipping
[EQ_HEADER][WARNING] Weak channel at SC-12 (idx=13): H_mag=0.0172, skipping
[EQ_HEADER][WARNING] Weak channel at SC-6 (idx=18): H_mag=0.0152, skipping
[EQ_HEADER][WARNING] Weak channel at SC-5 (idx=19): H_mag=0.0110, skipping
[EQ_HEADER][WARNING] Weak channel at SC-4 (idx=20): H_mag=0.0145, skipping
[EQ_HEADER][WARNING] Weak channel at SC-2 (idx=22): H_mag=0.0147, skipping
[EQ_HEADER][WARNING] Weak channel at SC-1 (idx=23): H_mag=0.0148, skipping
[EQ_HEADER][WARNING] Weak channel at SC1 (idx=24): H_mag=0.0146, skipping
[EQ_HEADER][WARNING] Weak channel at SC2 (idx=25): H_mag=0.0106, skipping
[EQ_HEADER][WARNING] Weak channel at SC3 (idx=26): H_mag=0.0106, skipping
[EQ_HEADER][WARNING] Weak channel at SC4 (idx=27): H_mag=0.0147, skipping
[EQ_HEADER][WARNING] Weak channel at SC5 (idx=28): H_mag=0.0149, skipping
[EQ_HEADER][WARNING] Weak channel at SC9 (idx=31): H_mag=0.0149, skipping
[EQ_HEADER][WARNING] Weak channel at SC12 (idx=34): H_mag=0.0146, skipping
[EQ_HEADER][WARNING] Weak channel at SC20 (idx=42): H_mag=0.0225, skipping
[EQ_HEADER][WARNING] Weak channel at SC23 (idx=44): H_mag=0.0326, skipping
[EQ_HEADER][WARNING] Weak channel at SC24 (idx=45): H_mag=0.0367, skipping
[EQ_HEADER][WARNING] Weak channel at SC25 (idx=46): H_mag=0.0428, skipping
[EQ_HEADER][WARNING] Weak channel at SC26 (idx=47): H_mag=0.0509, skipping
[EQ_HEADER] Zero-magnitude H subcarriers: 0/48
[EQ_HEADER] Average RX magnitude: 8.8702
[EQ_HEADER] Average EQ magnitude: 0.5002
[EQ_HEADER] First 10 bits: 0000011111
[EQ_HEADER][SC0] rx=-8.867+-0.053i, eq=-0.684+-0.739i, bit=0
[EQ_HEADER][SC1] rx=-8.881+-0.045i, eq=-0.683+-0.738i, bit=0
[EQ_HEADER][SC2] rx=-8.878+-0.041i, eq=-0.680+-0.729i, bit=0
[EQ_HEADER][SC3] rx=-8.879+-0.040i, eq=-0.680+-0.729i, bit=0
[EQ_HEADER][SC4] rx=-8.879+-0.038i, eq=-0.682+-0.736i, bit=0
[EQ_HEADER] CPE estimate: 1.603 rad, rot=-0.033+-0.999i
[EQ_HEADER][WARNING] Weak channel at SC-20 (idx=5): H_mag=0.0228, skipping
[EQ_HEADER][WARNING] Weak channel at SC-19 (idx=6): H_mag=0.0230, skipping
[EQ_HEADER][WARNING] Weak channel at SC-18 (idx=7): H_mag=0.0187, skipping
[EQ_HEADER][WARNING] Weak channel at SC-16 (idx=9): H_mag=0.0202, skipping
[EQ_HEADER][WARNING] Weak channel at SC-15 (idx=10): H_mag=0.0190, skipping
[EQ_HEADER][WARNING] Weak channel at SC-13 (idx=12): H_mag=0.0177, skipping
[EQ_HEADER][WARNING] Weak channel at SC-12 (idx=13): H_mag=0.0172, skipping
[EQ_HEADER][WARNING] Weak channel at SC-6 (idx=18): H_mag=0.0152, skipping
[EQ_HEADER][WARNING] Weak channel at SC-5 (idx=19): H_mag=0.0110, skipping
[EQ_HEADER][WARNING] Weak channel at SC-4 (idx=20): H_mag=0.0145, skipping
[EQ_HEADER][WARNING] Weak channel at SC-2 (idx=22): H_mag=0.0147, skipping
[EQ_HEADER][WARNING] Weak channel at SC-1 (idx=23): H_mag=0.0148, skipping
[EQ_HEADER][WARNING] Weak channel at SC1 (idx=24): H_mag=0.0146, skipping
[EQ_HEADER][WARNING] Weak channel at SC2 (idx=25): H_mag=0.0106, skipping
[EQ_HEADER][WARNING] Weak channel at SC3 (idx=26): H_mag=0.0106, skipping
[EQ_HEADER][WARNING] Weak channel at SC4 (idx=27): H_mag=0.0147, skipping
[EQ_HEADER][WARNING] Weak channel at SC5 (idx=28): H_mag=0.0149, skipping
[EQ_HEADER][WARNING] Weak channel at SC9 (idx=31): H_mag=0.0149, skipping
[EQ_HEADER][WARNING] Weak channel at SC12 (idx=34): H_mag=0.0146, skipping
[EQ_HEADER][WARNING] Weak channel at SC20 (idx=42): H_mag=0.0225, skipping
[EQ_HEADER][WARNING] Weak channel at SC23 (idx=44): H_mag=0.0326, skipping
[EQ_HEADER][WARNING] Weak channel at SC24 (idx=45): H_mag=0.0367, skipping
[EQ_HEADER][WARNING] Weak channel at SC25 (idx=46): H_mag=0.0428, skipping
[EQ_HEADER][WARNING] Weak channel at SC26 (idx=47): H_mag=0.0509, skipping
[EQ_HEADER] Zero-magnitude H subcarriers: 0/48
[EQ_HEADER] Average RX magnitude: 7.3098
[EQ_HEADER] Average EQ magnitude: 0.3850
[EQ_HEADER] First 10 bits: 1111111111
[EQ_HEADER][SC0] rx=-0.059+2.358i, eq=0.268+-0.002i, bit=1
[EQ_HEADER][SC1] rx=2.547+2.214i, eq=0.241+-0.296i, bit=1
[EQ_HEADER][SC2] rx=4.696+2.097i, eq=0.216+-0.535i, bit=1
[EQ_HEADER][SC3] rx=7.375+1.952i, eq=0.189+-0.836i, bit=1
[EQ_HEADER][SC4] rx=14.255+1.581i, eq=0.126+-1.615i, bit=1
[EQ_HEADER] CPE estimate: -0.735 rad, rot=0.742+0.670i
[EQ_HEADER][WARNING] Weak channel at SC-20 (idx=5): H_mag=0.0228, skipping
[EQ_HEADER][WARNING] Weak channel at SC-19 (idx=6): H_mag=0.0230, skipping
[EQ_HEADER][WARNING] Weak channel at SC-18 (idx=7): H_mag=0.0187, skipping
[EQ_HEADER][WARNING] Weak channel at SC-16 (idx=9): H_mag=0.0202, skipping
[EQ_HEADER][WARNING] Weak channel at SC-15 (idx=10): H_mag=0.0190, skipping
[EQ_HEADER][WARNING] Weak channel at SC-13 (idx=12): H_mag=0.0177, skipping
[EQ_HEADER][WARNING] Weak channel at SC-12 (idx=13): H_mag=0.0172, skipping
[EQ_HEADER][WARNING] Weak channel at SC-6 (idx=18): H_mag=0.0152, skipping
[EQ_HEADER][WARNING] Weak channel at SC-5 (idx=19): H_mag=0.0110, skipping
[EQ_HEADER][WARNING] Weak channel at SC-4 (idx=20): H_mag=0.0145, skipping
[EQ_HEADER][WARNING] Weak channel at SC-2 (idx=22): H_mag=0.0147, skipping
[EQ_HEADER][WARNING] Weak channel at SC-1 (idx=23): H_mag=0.0148, skipping
[EQ_HEADER][WARNING] Weak channel at SC1 (idx=24): H_mag=0.0146, skipping
[EQ_HEADER][WARNING] Weak channel at SC2 (idx=25): H_mag=0.0106, skipping
[EQ_HEADER][WARNING] Weak channel at SC3 (idx=26): H_mag=0.0106, skipping
[EQ_HEADER][WARNING] Weak channel at SC4 (idx=27): H_mag=0.0147, skipping
[EQ_HEADER][WARNING] Weak channel at SC5 (idx=28): H_mag=0.0149, skipping
[EQ_HEADER][WARNING] Weak channel at SC9 (idx=31): H_mag=0.0149, skipping
[EQ_HEADER][WARNING] Weak channel at SC12 (idx=34): H_mag=0.0146, skipping
[EQ_HEADER][WARNING] Weak channel at SC20 (idx=42): H_mag=0.0225, skipping
[EQ_HEADER][WARNING] Weak channel at SC23 (idx=44): H_mag=0.0326, skipping
[EQ_HEADER][WARNING] Weak channel at SC24 (idx=45): H_mag=0.0367, skipping
[EQ_HEADER][WARNING] Weak channel at SC25 (idx=46): H_mag=0.0428, skipping
[EQ_HEADER][WARNING] Weak channel at SC26 (idx=47): H_mag=0.0509, skipping
[EQ_HEADER] Zero-magnitude H subcarriers: 0/48
[EQ_HEADER] Average RX magnitude: 7.0516
[EQ_HEADER] Average EQ magnitude: 0.3298
[EQ_HEADER] First 10 bits: 1010011111
[EQ_HEADER][SC0] rx=8.084+0.028i, eq=0.679+0.617i, bit=1
[EQ_HEADER][SC1] rx=-10.600+-0.583i, eq=-0.846+-0.853i, bit=0
[EQ_HEADER][SC2] rx=6.261+-0.043i, eq=0.526+0.466i, bit=1
[EQ_HEADER][SC3] rx=-13.048+-0.669i, eq=-1.041+-1.035i, bit=0
[EQ_HEADER][SC4] rx=-1.172+-0.288i, eq=-0.076+-0.113i, bit=0
[PARSE_HT_SIG] CRC: received=0x8a, calculated=0x17
[PARSE_HT_SIG] CRC mismatch
[EQ_HEADER] CPE estimate: 1.603 rad, rot=-0.033+-0.999i
[EQ_HEADER][WARNING] Weak channel at SC-20 (idx=5): H_mag=0.0228, skipping
[EQ_HEADER][WARNING] Weak channel at SC-19 (idx=6): H_mag=0.0230, skipping
[EQ_HEADER][WARNING] Weak channel at SC-18 (idx=7): H_mag=0.0187, skipping
[EQ_HEADER][WARNING] Weak channel at SC-16 (idx=9): H_mag=0.0202, skipping
[EQ_HEADER][WARNING] Weak channel at SC-15 (idx=10): H_mag=0.0190, skipping
[EQ_HEADER][WARNING] Weak channel at SC-13 (idx=12): H_mag=0.0177, skipping
[EQ_HEADER][WARNING] Weak channel at SC-12 (idx=13): H_mag=0.0172, skipping
[EQ_HEADER][WARNING] Weak channel at SC-6 (idx=18): H_mag=0.0152, skipping
[EQ_HEADER][WARNING] Weak channel at SC-5 (idx=19): H_mag=0.0110, skipping
[EQ_HEADER][WARNING] Weak channel at SC-4 (idx=20): H_mag=0.0145, skipping
[EQ_HEADER][WARNING] Weak channel at SC-2 (idx=22): H_mag=0.0147, skipping
[EQ_HEADER][WARNING] Weak channel at SC-1 (idx=23): H_mag=0.0148, skipping
[EQ_HEADER][WARNING] Weak channel at SC1 (idx=24): H_mag=0.0146, skipping
[EQ_HEADER][WARNING] Weak channel at SC2 (idx=25): H_mag=0.0106, skipping
[EQ_HEADER][WARNING] Weak channel at SC3 (idx=26): H_mag=0.0106, skipping
[EQ_HEADER][WARNING] Weak channel at SC4 (idx=27): H_mag=0.0147, skipping
[EQ_HEADER][WARNING] Weak channel at SC5 (idx=28): H_mag=0.0149, skipping
[EQ_HEADER][WARNING] Weak channel at SC9 (idx=31): H_mag=0.0149, skipping
[EQ_HEADER][WARNING] Weak channel at SC12 (idx=34): H_mag=0.0146, skipping
[EQ_HEADER][WARNING] Weak channel at SC20 (idx=42): H_mag=0.0225, skipping
[EQ_HEADER][WARNING] Weak channel at SC23 (idx=44): H_mag=0.0326, skipping
[EQ_HEADER][WARNING] Weak channel at SC24 (idx=45): H_mag=0.0367, skipping
[EQ_HEADER][WARNING] Weak channel at SC25 (idx=46): H_mag=0.0428, skipping
[EQ_HEADER][WARNING] Weak channel at SC26 (idx=47): H_mag=0.0509, skipping
[EQ_HEADER] Zero-magnitude H subcarriers: 0/48
[EQ_HEADER] Average RX magnitude: 7.3098
[EQ_HEADER] Average EQ magnitude: 0.3850
[EQ_HEADER] First 10 bits: 1111111111
[EQ_HEADER][SC0] rx=-0.059+2.358i, eq=0.268+-0.002i, bit=1
[EQ_HEADER][SC1] rx=2.547+2.214i, eq=0.241+-0.296i, bit=1
[EQ_HEADER][SC2] rx=4.696+2.097i, eq=0.216+-0.535i, bit=1
[EQ_HEADER][SC3] rx=7.375+1.952i, eq=0.189+-0.836i, bit=1
[EQ_HEADER][SC4] rx=14.255+1.581i, eq=0.126+-1.615i, bit=1
[EQ_HEADER] CPE estimate: -0.735 rad, rot=0.742+0.670i
[EQ_HEADER][WARNING] Weak channel at SC-20 (idx=5): H_mag=0.0228, skipping
[EQ_HEADER][WARNING] Weak channel at SC-19 (idx=6): H_mag=0.0230, skipping
[EQ_HEADER][WARNING] Weak channel at SC-18 (idx=7): H_mag=0.0187, skipping
[EQ_HEADER][WARNING] Weak channel at SC-16 (idx=9): H_mag=0.0202, skipping
[EQ_HEADER][WARNING] Weak channel at SC-15 (idx=10): H_mag=0.0190, skipping
[EQ_HEADER][WARNING] Weak channel at SC-13 (idx=12): H_mag=0.0177, skipping
[EQ_HEADER][WARNING] Weak channel at SC-12 (idx=13): H_mag=0.0172, skipping
[EQ_HEADER][WARNING] Weak channel at SC-6 (idx=18): H_mag=0.0152, skipping
[EQ_HEADER][WARNING] Weak channel at SC-5 (idx=19): H_mag=0.0110, skipping
[EQ_HEADER][WARNING] Weak channel at SC-4 (idx=20): H_mag=0.0145, skipping
[EQ_HEADER][WARNING] Weak channel at SC-2 (idx=22): H_mag=0.0147, skipping
[EQ_HEADER][WARNING] Weak channel at SC-1 (idx=23): H_mag=0.0148, skipping
[EQ_HEADER][WARNING] Weak channel at SC1 (idx=24): H_mag=0.0146, skipping
[EQ_HEADER][WARNING] Weak channel at SC2 (idx=25): H_mag=0.0106, skipping
[EQ_HEADER][WARNING] Weak channel at SC3 (idx=26): H_mag=0.0106, skipping
[EQ_HEADER][WARNING] Weak channel at SC4 (idx=27): H_mag=0.0147, skipping
[EQ_HEADER][WARNING] Weak channel at SC5 (idx=28): H_mag=0.0149, skipping
[EQ_HEADER][WARNING] Weak channel at SC9 (idx=31): H_mag=0.0149, skipping
[EQ_HEADER][WARNING] Weak channel at SC12 (idx=34): H_mag=0.0146, skipping
[EQ_HEADER][WARNING] Weak channel at SC20 (idx=42): H_mag=0.0225, skipping
[EQ_HEADER][WARNING] Weak channel at SC23 (idx=44): H_mag=0.0326, skipping
[EQ_HEADER][WARNING] Weak channel at SC24 (idx=45): H_mag=0.0367, skipping
[EQ_HEADER][WARNING] Weak channel at SC25 (idx=46): H_mag=0.0428, skipping
[EQ_HEADER][WARNING] Weak channel at SC26 (idx=47): H_mag=0.0509, skipping
[EQ_HEADER] Zero-magnitude H subcarriers: 0/48
[EQ_HEADER] Average RX magnitude: 7.0516
[EQ_HEADER] Average EQ magnitude: 0.3298
[EQ_HEADER] First 10 bits: 1010011111
[EQ_HEADER][SC0] rx=8.084+0.028i, eq=0.679+0.617i, bit=1
[EQ_HEADER][SC1] rx=-10.600+-0.583i, eq=-0.846+-0.853i, bit=0
[EQ_HEADER][SC2] rx=6.261+-0.043i, eq=0.526+0.466i, bit=1
[EQ_HEADER][SC3] rx=-13.048+-0.669i, eq=-1.041+-1.035i, bit=0
[EQ_HEADER][SC4] rx=-1.172+-0.288i, eq=-0.076+-0.113i, bit=0
[PARSE_HT_SIG] CRC: received=0x00, calculated=0x93
[PARSE_HT_SIG] CRC mismatch
[EQ_HEADER] CPE estimate: 1.603 rad, rot=-0.033+-0.999i
[EQ_HEADER][WARNING] Weak channel at SC-20 (idx=5): H_mag=0.0228, skipping
[EQ_HEADER][WARNING] Weak channel at SC-19 (idx=6): H_mag=0.0230, skipping
[EQ_HEADER][WARNING] Weak channel at SC-18 (idx=7): H_mag=0.0187, skipping
[EQ_HEADER][WARNING] Weak channel at SC-16 (idx=9): H_mag=0.0202, skipping
[EQ_HEADER][WARNING] Weak channel at SC-15 (idx=10): H_mag=0.0190, skipping
[EQ_HEADER][WARNING] Weak channel at SC-13 (idx=12): H_mag=0.0177, skipping
[EQ_HEADER][WARNING] Weak channel at SC-12 (idx=13): H_mag=0.0172, skipping
[EQ_HEADER][WARNING] Weak channel at SC-6 (idx=18): H_mag=0.0152, skipping
[EQ_HEADER][WARNING] Weak channel at SC-5 (idx=19): H_mag=0.0110, skipping
[EQ_HEADER][WARNING] Weak channel at SC-4 (idx=20): H_mag=0.0145, skipping
[EQ_HEADER][WARNING] Weak channel at SC-2 (idx=22): H_mag=0.0147, skipping
[EQ_HEADER][WARNING] Weak channel at SC-1 (idx=23): H_mag=0.0148, skipping
[EQ_HEADER][WARNING] Weak channel at SC1 (idx=24): H_mag=0.0146, skipping
[EQ_HEADER][WARNING] Weak channel at SC2 (idx=25): H_mag=0.0106, skipping
[EQ_HEADER][WARNING] Weak channel at SC3 (idx=26): H_mag=0.0106, skipping
[EQ_HEADER][WARNING] Weak channel at SC4 (idx=27): H_mag=0.0147, skipping
[EQ_HEADER][WARNING] Weak channel at SC5 (idx=28): H_mag=0.0149, skipping
[EQ_HEADER][WARNING] Weak channel at SC9 (idx=31): H_mag=0.0149, skipping
[EQ_HEADER][WARNING] Weak channel at SC12 (idx=34): H_mag=0.0146, skipping
[EQ_HEADER][WARNING] Weak channel at SC20 (idx=42): H_mag=0.0225, skipping
[EQ_HEADER][WARNING] Weak channel at SC23 (idx=44): H_mag=0.0326, skipping
[EQ_HEADER][WARNING] Weak channel at SC24 (idx=45): H_mag=0.0367, skipping
[EQ_HEADER][WARNING] Weak channel at SC25 (idx=46): H_mag=0.0428, skipping
[EQ_HEADER][WARNING] Weak channel at SC26 (idx=47): H_mag=0.0509, skipping
[EQ_HEADER] Zero-magnitude H subcarriers: 0/48
[EQ_HEADER] Average RX magnitude: 7.3098
[EQ_HEADER] Average EQ magnitude: 0.3850
[EQ_HEADER] First 10 bits: 1111111111
[EQ_HEADER][SC0] rx=-0.059+2.358i, eq=0.268+-0.002i, bit=1
[EQ_HEADER][SC1] rx=2.547+2.214i, eq=0.241+-0.296i, bit=1
[EQ_HEADER][SC2] rx=4.696+2.097i, eq=0.216+-0.535i, bit=1
[EQ_HEADER][SC3] rx=7.375+1.952i, eq=0.189+-0.836i, bit=1
[EQ_HEADER][SC4] rx=14.255+1.581i, eq=0.126+-1.615i, bit=1
[EQ_HEADER] CPE estimate: -0.735 rad, rot=0.742+0.670i
[EQ_HEADER][WARNING] Weak channel at SC-20 (idx=5): H_mag=0.0228, skipping
[EQ_HEADER][WARNING] Weak channel at SC-19 (idx=6): H_mag=0.0230, skipping
[EQ_HEADER][WARNING] Weak channel at SC-18 (idx=7): H_mag=0.0187, skipping
[EQ_HEADER][WARNING] Weak channel at SC-16 (idx=9): H_mag=0.0202, skipping
[EQ_HEADER][WARNING] Weak channel at SC-15 (idx=10): H_mag=0.0190, skipping
[EQ_HEADER][WARNING] Weak channel at SC-13 (idx=12): H_mag=0.0177, skipping
[EQ_HEADER][WARNING] Weak channel at SC-12 (idx=13): H_mag=0.0172, skipping
[EQ_HEADER][WARNING] Weak channel at SC-6 (idx=18): H_mag=0.0152, skipping
[EQ_HEADER][WARNING] Weak channel at SC-5 (idx=19): H_mag=0.0110, skipping
[EQ_HEADER][WARNING] Weak channel at SC-4 (idx=20): H_mag=0.0145, skipping
[EQ_HEADER][WARNING] Weak channel at SC-2 (idx=22): H_mag=0.0147, skipping
[EQ_HEADER][WARNING] Weak channel at SC-1 (idx=23): H_mag=0.0148, skipping
[EQ_HEADER][WARNING] Weak channel at SC1 (idx=24): H_mag=0.0146, skipping
[EQ_HEADER][WARNING] Weak channel at SC2 (idx=25): H_mag=0.0106, skipping
[EQ_HEADER][WARNING] Weak channel at SC3 (idx=26): H_mag=0.0106, skipping
[EQ_HEADER][WARNING] Weak channel at SC4 (idx=27): H_mag=0.0147, skipping
[EQ_HEADER][WARNING] Weak channel at SC5 (idx=28): H_mag=0.0149, skipping
[EQ_HEADER][WARNING] Weak channel at SC9 (idx=31): H_mag=0.0149, skipping
[EQ_HEADER][WARNING] Weak channel at SC12 (idx=34): H_mag=0.0146, skipping
[EQ_HEADER][WARNING] Weak channel at SC20 (idx=42): H_mag=0.0225, skipping
[EQ_HEADER][WARNING] Weak channel at SC23 (idx=44): H_mag=0.0326, skipping
[EQ_HEADER][WARNING] Weak channel at SC24 (idx=45): H_mag=0.0367, skipping
[EQ_HEADER][WARNING] Weak channel at SC25 (idx=46): H_mag=0.0428, skipping
[EQ_HEADER][WARNING] Weak channel at SC26 (idx=47): H_mag=0.0509, skipping
[EQ_HEADER] Zero-magnitude H subcarriers: 0/48
[EQ_HEADER] Average RX magnitude: 7.0516
[EQ_HEADER] Average EQ magnitude: 0.3298
[EQ_HEADER] First 10 bits: 1010011111
[EQ_HEADER][SC0] rx=8.084+0.028i, eq=0.679+0.617i, bit=1
[EQ_HEADER][SC1] rx=-10.600+-0.583i, eq=-0.846+-0.853i, bit=0
[EQ_HEADER][SC2] rx=6.261+-0.043i, eq=0.526+0.466i, bit=1
[EQ_HEADER][SC3] rx=-13.048+-0.669i, eq=-1.041+-1.035i, bit=0
[EQ_HEADER][SC4] rx=-1.172+-0.288i, eq=-0.076+-0.113i, bit=0
[PARSE_HT_SIG] CRC: received=0x8a, calculated=0x1c
[PARSE_HT_SIG] CRC mismatch
[EQ_HEADER] CPE estimate: 1.603 rad, rot=-0.033+-0.999i
[EQ_HEADER][WARNING] Weak channel at SC-20 (idx=5): H_mag=0.0228, skipping
[EQ_HEADER][WARNING] Weak channel at SC-19 (idx=6): H_mag=0.0230, skipping
[EQ_HEADER][WARNING] Weak channel at SC-18 (idx=7): H_mag=0.0187, skipping
[EQ_HEADER][WARNING] Weak channel at SC-16 (idx=9): H_mag=0.0202, skipping
[EQ_HEADER][WARNING] Weak channel at SC-15 (idx=10): H_mag=0.0190, skipping
[EQ_HEADER][WARNING] Weak channel at SC-13 (idx=12): H_mag=0.0177, skipping
[EQ_HEADER][WARNING] Weak channel at SC-12 (idx=13): H_mag=0.0172, skipping
[EQ_HEADER][WARNING] Weak channel at SC-6 (idx=18): H_mag=0.0152, skipping
[EQ_HEADER][WARNING] Weak channel at SC-5 (idx=19): H_mag=0.0110, skipping
[EQ_HEADER][WARNING] Weak channel at SC-4 (idx=20): H_mag=0.0145, skipping
[EQ_HEADER][WARNING] Weak channel at SC-2 (idx=22): H_mag=0.0147, skipping
[EQ_HEADER][WARNING] Weak channel at SC-1 (idx=23): H_mag=0.0148, skipping
[EQ_HEADER][WARNING] Weak channel at SC1 (idx=24): H_mag=0.0146, skipping
[EQ_HEADER][WARNING] Weak channel at SC2 (idx=25): H_mag=0.0106, skipping
[EQ_HEADER][WARNING] Weak channel at SC3 (idx=26): H_mag=0.0106, skipping
[EQ_HEADER][WARNING] Weak channel at SC4 (idx=27): H_mag=0.0147, skipping
[EQ_HEADER][WARNING] Weak channel at SC5 (idx=28): H_mag=0.0149, skipping
[EQ_HEADER][WARNING] Weak channel at SC9 (idx=31): H_mag=0.0149, skipping
[EQ_HEADER][WARNING] Weak channel at SC12 (idx=34): H_mag=0.0146, skipping
[EQ_HEADER][WARNING] Weak channel at SC20 (idx=42): H_mag=0.0225, skipping
[EQ_HEADER][WARNING] Weak channel at SC23 (idx=44): H_mag=0.0326, skipping
[EQ_HEADER][WARNING] Weak channel at SC24 (idx=45): H_mag=0.0367, skipping
[EQ_HEADER][WARNING] Weak channel at SC25 (idx=46): H_mag=0.0428, skipping
[EQ_HEADER][WARNING] Weak channel at SC26 (idx=47): H_mag=0.0509, skipping
[EQ_HEADER] Zero-magnitude H subcarriers: 0/48
[EQ_HEADER] Average RX magnitude: 7.3098
[EQ_HEADER] Average EQ magnitude: 0.3850
[EQ_HEADER] First 10 bits: 1111111111
[EQ_HEADER][SC0] rx=-0.059+2.358i, eq=0.268+-0.002i, bit=1
[EQ_HEADER][SC1] rx=2.547+2.214i, eq=0.241+-0.296i, bit=1
[EQ_HEADER][SC2] rx=4.696+2.097i, eq=0.216+-0.535i, bit=1
[EQ_HEADER][SC3] rx=7.375+1.952i, eq=0.189+-0.836i, bit=1
[EQ_HEADER][SC4] rx=14.255+1.581i, eq=0.126+-1.615i, bit=1
[EQ_HEADER] CPE estimate: -0.735 rad, rot=0.742+0.670i
[EQ_HEADER][WARNING] Weak channel at SC-20 (idx=5): H_mag=0.0228, skipping
[EQ_HEADER][WARNING] Weak channel at SC-19 (idx=6): H_mag=0.0230, skipping
[EQ_HEADER][WARNING] Weak channel at SC-18 (idx=7): H_mag=0.0187, skipping
[EQ_HEADER][WARNING] Weak channel at SC-16 (idx=9): H_mag=0.0202, skipping
[EQ_HEADER][WARNING] Weak channel at SC-15 (idx=10): H_mag=0.0190, skipping
[EQ_HEADER][WARNING] Weak channel at SC-13 (idx=12): H_mag=0.0177, skipping
[EQ_HEADER][WARNING] Weak channel at SC-12 (idx=13): H_mag=0.0172, skipping
[EQ_HEADER][WARNING] Weak channel at SC-6 (idx=18): H_mag=0.0152, skipping
[EQ_HEADER][WARNING] Weak channel at SC-5 (idx=19): H_mag=0.0110, skipping
[EQ_HEADER][WARNING] Weak channel at SC-4 (idx=20): H_mag=0.0145, skipping
[EQ_HEADER][WARNING] Weak channel at SC-2 (idx=22): H_mag=0.0147, skipping
[EQ_HEADER][WARNING] Weak channel at SC-1 (idx=23): H_mag=0.0148, skipping
[EQ_HEADER][WARNING] Weak channel at SC1 (idx=24): H_mag=0.0146, skipping
[EQ_HEADER][WARNING] Weak channel at SC2 (idx=25): H_mag=0.0106, skipping
[EQ_HEADER][WARNING] Weak channel at SC3 (idx=26): H_mag=0.0106, skipping
[EQ_HEADER][WARNING] Weak channel at SC4 (idx=27): H_mag=0.0147, skipping
[EQ_HEADER][WARNING] Weak channel at SC5 (idx=28): H_mag=0.0149, skipping
[EQ_HEADER][WARNING] Weak channel at SC9 (idx=31): H_mag=0.0149, skipping
[EQ_HEADER][WARNING] Weak channel at SC12 (idx=34): H_mag=0.0146, skipping
[EQ_HEADER][WARNING] Weak channel at SC20 (idx=42): H_mag=0.0225, skipping
[EQ_HEADER][WARNING] Weak channel at SC23 (idx=44): H_mag=0.0326, skipping
[EQ_HEADER][WARNING] Weak channel at SC24 (idx=45): H_mag=0.0367, skipping
[EQ_HEADER][WARNING] Weak channel at SC25 (idx=46): H_mag=0.0428, skipping
[EQ_HEADER][WARNING] Weak channel at SC26 (idx=47): H_mag=0.0509, skipping
[EQ_HEADER] Zero-magnitude H subcarriers: 0/48
[EQ_HEADER] Average RX magnitude: 7.0516
[EQ_HEADER] Average EQ magnitude: 0.3298
[EQ_HEADER] First 10 bits: 1010011111
[EQ_HEADER][SC0] rx=8.084+0.028i, eq=0.679+0.617i, bit=1
[EQ_HEADER][SC1] rx=-10.600+-0.583i, eq=-0.846+-0.853i, bit=0
[EQ_HEADER][SC2] rx=6.261+-0.043i, eq=0.526+0.466i, bit=1
[EQ_HEADER][SC3] rx=-13.048+-0.669i, eq=-1.041+-1.035i, bit=0
[EQ_HEADER][SC4] rx=-1.172+-0.288i, eq=-0.076+-0.113i, bit=0
[PARSE_HT_SIG] CRC: received=0x2a, calculated=0x7b
[PARSE_HT_SIG] CRC mismatch
[EQ][HT-SIG][DEBUG] L-SIG bits (48): 000000001111100100000000111001100000000000100110
[EQ][HT-SIG][DEBUG] HT-SIG0 bits (48): 000111111101000000110111100110110111111101100101
[EQ][HT-SIG][DEBUG] HT-SIG1 bits (48): 001010011110011001010000111110011111100010000101
[EQ][HT-SIG] parse failed: lsig=3 htsig=4/5
[EQ][WHILE_LOOP] iter consumed=6, d_sym_idx=6
[EQ][FLOW] abs=624 wifi_start=0 in_frame=1 sym_idx=6 consumed=6 produced=0
[EQ][PRE_EXTRACT] d_sym_idx=6, in_frame=1
[EXTRACT_CALL] sym_idx=6, type=OTHER
[EQ][IDX_CHECK] d_sym_idx=6, condition=1
[EQ][VALID_SET] d_sym_idx=6, valid=1
[EQ][SYM_IDX] sym_idx=6, type=UNKNOWN
[EQ][POST_EQUALIZE] d_sym_idx=6
[EQ][RAW_BITS] sym_idx=6 bits52=0001110000100001111101010111111000101110111101010110
[EQ][STDERR_DIRECT] Entering direct mixed-mode header detection
[EQ][DIRECT_PATH] Entering direct mixed-mode header detection
[EQ][STDERR_BEFORE_GATE] Reached before gate check
[EQ][BEFORE_GATE] Reached before gate check
[EQ][GATE] sym=6 want_htsig1=5 valid={lltf0=1 lltf1=1 lsig=1 htsig0=1 htsig1=1} have_ht=0
[EQ][TEST_INSERT] Added new debug output
[EQ][DEBUG_TEST] ======== DEBUG ENTRY ========
[EQ][DEBUG] Checking HT-SIG parse condition: d_sym_idx=6, kHtSig1Rel=5, d_have_ht_header=0
[EQ][DEBUG] valid flags: lltf0=1, lltf1=1, lsig=1, htsig0=1, htsig1=1
[EQ][WHILE_LOOP] iter consumed=7, d_sym_idx=7
[EQ][GATE_DETAIL] d_sym_idx=6, kHtSig1Rel=5, d_have_ht_header=0
[EQ][GATE_DETAIL] valid flags: lltf0=1 lltf1=1 lsig=1 htsig0=1 htsig1=1
[EQ][FLOW] abs=625 wifi_start=0 in_frame=1 sym_idx=7 consumed=7 produced=0
[EQ][PRE_EXTRACT] d_sym_idx=7, in_frame=1
[EXTRACT_CALL] sym_idx=7, type=OTHER
[EQ][IDX_CHECK] d_sym_idx=7, condition=1
[EQ][VALID_SET] d_sym_idx=7, valid=1
[EQ][SYM_IDX] sym_idx=7, type=UNKNOWN
[EQ][POST_EQUALIZE] d_sym_idx=7
[EQ][RAW_BITS] sym_idx=7 bits52=0011101100010001111111101110010101010100010101011000
[EQ][STDERR_DIRECT] Entering direct mixed-mode header detection
[EQ][DIRECT_PATH] Entering direct mixed-mode header detection
[EQ][STDERR_BEFORE_GATE] Reached before gate check
[EQ][BEFORE_GATE] Reached before gate check
[EQ][TEST_INSERT] Added new debug output
[EQ][DEBUG_TEST] ======== DEBUG ENTRY ========
[EQ][DEBUG] Checking HT-SIG parse condition: d_sym_idx=7, kHtSig1Rel=5, d_have_ht_header=0
[EQ][DEBUG] valid flags: lltf0=1, lltf1=1, lsig=1, htsig0=1, htsig1=1
[EQ][WHILE_LOOP] iter consumed=8, d_sym_idx=8
[EQ][GATE_DETAIL] d_sym_idx=7, kHtSig1Rel=5, d_have_ht_header=0
[EQ][GATE_DETAIL] valid flags: lltf0=1 lltf1=1 lsig=1 htsig0=1 htsig1=1
[EQ][FLOW] abs=626 wifi_start=0 in_frame=1 sym_idx=8 consumed=8 produced=0
[EQ][PRE_EXTRACT] d_sym_idx=8, in_frame=1
[EQ][POST_EQUALIZE] d_sym_idx=8
[EQ][STDERR_DIRECT] Entering direct mixed-mode header detection
[EQ][IDX_CHECK] d_sym_idx=8, condition=0
[EQ][DIRECT_PATH] Entering direct mixed-mode header detection
[EQ][STDERR_BEFORE_GATE] Reached before gate check
[EQ][BEFORE_GATE] Reached before gate check
[EQ][TEST_INSERT] Added new debug output
[EQ][DEBUG_TEST] ======== DEBUG ENTRY ========
[EQ][DEBUG] Checking HT-SIG parse condition: d_sym_idx=8, kHtSig1Rel=5, d_have_ht_header=0
[EQ][DEBUG] valid flags: lltf0=1, lltf1=1, lsig=1, htsig0=1, htsig1=1
[EQ][WHILE_LOOP] iter consumed=9, d_sym_idx=9
[EQ][GATE_DETAIL] d_sym_idx=8, kHtSig1Rel=5, d_have_ht_header=0
[EQ][GATE_DETAIL] valid flags: lltf0=1 lltf1=1 lsig=1 htsig0=1 htsig1=1
[EQ][FLOW] abs=627 wifi_start=0 in_frame=1 sym_idx=9 consumed=9 produced=0
[EQ][PRE_EXTRACT] d_sym_idx=9, in_frame=1
[EQ][POST_EQUALIZE] d_sym_idx=9
[EQ][STDERR_DIRECT] Entering direct mixed-mode header detection
[EQ][IDX_CHECK] d_sym_idx=9, condition=0
[EQ][DIRECT_PATH] Entering direct mixed-mode header detection
[EQ][STDERR_BEFORE_GATE] Reached before gate check
[EQ][BEFORE_GATE] Reached before gate check
[EQ][TEST_INSERT] Added new debug output
[EQ][DEBUG_TEST] ======== DEBUG ENTRY ========
[EQ][DEBUG] Checking HT-SIG parse condition: d_sym_idx=9, kHtSig1Rel=5, d_have_ht_header=0
[EQ][DEBUG] valid flags: lltf0=1, lltf1=1, lsig=1, htsig0=1, htsig1=1
[EQ][WHILE_LOOP] iter consumed=10, d_sym_idx=10
[EQ][GATE_DETAIL] d_sym_idx=9, kHtSig1Rel=5, d_have_ht_header=0
[EQ][GATE_DETAIL] valid flags: lltf0=1 lltf1=1 lsig=1 htsig0=1 htsig1=1
[EQ][FLOW] abs=628 wifi_start=0 in_frame=1 sym_idx=10 consumed=10 produced=0
[EQ][PRE_EXTRACT] d_sym_idx=10, in_frame=1
[EQ][POST_EQUALIZE] d_sym_idx=10
[EQ][STDERR_DIRECT] Entering direct mixed-mode header detection
[EQ][IDX_CHECK] d_sym_idx=10, condition=0
[EQ][DIRECT_PATH] Entering direct mixed-mode header detection
[EQ][STDERR_BEFORE_GATE] Reached before gate check
[EQ][BEFORE_GATE] Reached before gate check
[EQ][TEST_INSERT] Added new debug output
[EQ][DEBUG_TEST] ======== DEBUG ENTRY ========
[EQ][DEBUG] Checking HT-SIG parse condition: d_sym_idx=10, kHtSig1Rel=5, d_have_ht_header=0
[EQ][DEBUG] valid flags: lltf0=1, lltf1=1, lsig=1, htsig0=1, htsig1=1
[EQ][WHILE_LOOP] iter consumed=11, d_sym_idx=11
[EQ][GATE_DETAIL] d_sym_idx=10, kHtSig1Rel=5, d_have_ht_header=0
[EQ][GATE_DETAIL] valid flags: lltf0=1 lltf1=1 lsig=1 htsig0=1 htsig1=1
[EQ][FLOW] abs=629 wifi_start=0 in_frame=1 sym_idx=11 consumed=11 produced=0
[EQ][PRE_EXTRACT] d_sym_idx=11, in_frame=1
[EQ][POST_EQUALIZE] d_sym_idx=11
[EQ][STDERR_DIRECT] Entering direct mixed-mode header detection
[EQ][IDX_CHECK] d_sym_idx=11, condition=0
[EQ][DIRECT_PATH] Entering direct mixed-mode header detection
[EQ][STDERR_BEFORE_GATE] Reached before gate check
[EQ][BEFORE_GATE] Reached before gate check
[EQ][TEST_INSERT] Added new debug output
[EQ][DEBUG_TEST] ======== DEBUG ENTRY ========
[EQ][DEBUG] Checking HT-SIG parse condition: d_sym_idx=11, kHtSig1Rel=5, d_have_ht_header=0
[EQ][DEBUG] valid flags: lltf0=1, lltf1=1, lsig=1, htsig0=1, htsig1=1
[EQ][WHILE_LOOP] iter consumed=12, d_sym_idx=12
[EQ][PRE_EXTRACT] d_sym_idx=12, in_frame=1
[EQ][POST_EQUALIZE] d_sym_idx=12
[EQ][STDERR_DIRECT] Entering direct mixed-mode header detection
[EQ][GATE_DETAIL] d_sym_idx=11, kHtSig1Rel=5, d_have_ht_header=0
[EQ][GATE_DETAIL] valid flags: lltf0=1 lltf1=1 lsig=1 htsig0=1 htsig1=1
[EQ][IDX_CHECK] d_sym_idx=12, condition=0
[EQ][DIRECT_PATH] Entering direct mixed-mode header detection
[EQ][STDERR_BEFORE_GATE] Reached before gate check
[EQ][BEFORE_GATE] Reached before gate check
[EQ][TEST_INSERT] Added new debug output
[EQ][DEBUG_TEST] ======== DEBUG ENTRY ========
[EQ][DEBUG] Checking HT-SIG parse condition: d_sym_idx=12, kHtSig1Rel=5, d_have_ht_header=0
[EQ][DEBUG] valid flags: lltf0=1, lltf1=1, lsig=1, htsig0=1, htsig1=1
[EQ][WHILE_LOOP] iter consumed=13, d_sym_idx=13
[EQ][PRE_EXTRACT] d_sym_idx=13, in_frame=1
[EQ][POST_EQUALIZE] d_sym_idx=13
[EQ][STDERR_DIRECT] Entering direct mixed-mode header detection
[EQ][GATE_DETAIL] d_sym_idx=12, kHtSig1Rel=5, d_have_ht_header=0
[EQ][GATE_DETAIL] valid flags: lltf0=1 lltf1=1 lsig=1 htsig0=1 htsig1=1
[EQ][IDX_CHECK] d_sym_idx=13, condition=0
[EQ][DIRECT_PATH] Entering direct mixed-mode header detection
[EQ][STDERR_BEFORE_GATE] Reached before gate check
[EQ][BEFORE_GATE] Reached before gate check
[EQ][TEST_INSERT] Added new debug output
[EQ][DEBUG_TEST] ======== DEBUG ENTRY ========
[EQ][DEBUG] Checking HT-SIG parse condition: d_sym_idx=13, kHtSig1Rel=5, d_have_ht_header=0
[EQ][DEBUG] valid flags: lltf0=1, lltf1=1, lsig=1, htsig0=1, htsig1=1
[EQ][WHILE_LOOP] iter consumed=14, d_sym_idx=14
[EQ][PRE_EXTRACT] d_sym_idx=14, in_frame=1
[EQ][POST_EQUALIZE] d_sym_idx=14
[EQ][STDERR_DIRECT] Entering direct mixed-mode header detection
[EQ][GATE_DETAIL] d_sym_idx=13, kHtSig1Rel=5, d_have_ht_header=0
[EQ][GATE_DETAIL] valid flags: lltf0=1 lltf1=1 lsig=1 htsig0=1 htsig1=1
[EQ][IDX_CHECK] d_sym_idx=14, condition=0
[EQ][DIRECT_PATH] Entering direct mixed-mode header detection
[EQ][STDERR_BEFORE_GATE] Reached before gate check
[EQ][BEFORE_GATE] Reached before gate check
[EQ][TEST_INSERT] Added new debug output
[EQ][DEBUG_TEST] ======== DEBUG ENTRY ========
[EQ][DEBUG] Checking HT-SIG parse condition: d_sym_idx=14, kHtSig1Rel=5, d_have_ht_header=0
[EQ][DEBUG] valid flags: lltf0=1, lltf1=1, lsig=1, htsig0=1, htsig1=1
[EQ][GATE_DETAIL] d_sym_idx=14, kHtSig1Rel=5, d_have_ht_header=0
[EQ][GATE_DETAIL] valid flags: lltf0=1 lltf1=1 lsig=1 htsig0=1 htsig1=1
message_debug :info: The `print_pdu` port is deprecated and will be removed; forwarding to `print`.
***** VERBOSE PDU DEBUG PRINT ******
((encoding . 0) (crc_included . #t))
pdu length =         38 bytes
pdu vector contents = 
0000: 08 00 00 00 42 42 42 42 42 42 23 23 23 23 23 23 
0010: ff ff ff ff ff ff 90 01 78 78 78 78 78 78 78 78 
0020: 78 78 b3 df 20 60 
************************************
[MAPPER] handle_msg called
[MAPPER] meta=((encoding . 0) (crc_included . #t))
[MAPPER] meta fields: mcs=0 len=-1 psdu_len=-1
[MAPPER] using MCS=0
[MAPPER] HT mode enabled, effective MCS: 0
[TX][HTDATA0][PUNCTURED] bits52=1101110010111000101100010101001110010101101001000011
[TX][HTDATA0][INTERLEAVED] bits52=1001101100001101101011100111000010000010110010111101
[TX][HTDATA0] bits52=1001101100001101101011100111000010000010110010111101
[TX][PUNCTURED-ALL] nbits=676 first64=1101110010111000101100010101001110010101101001000011001111100001 last64=1100111001001101001010101111001011000000110100011010111110110101
[TX][INTERLEAVED-ALL] nbits=676 first64=1001101100001101101011100111000010000010110010111101010101101011 last64=1111110000101100110101111011000101111000010111010010101100001011
[TX][HTDATA0][PUNCTURED] keep existing first-frame reference /tmp/wifi_tx_punctured0_bits52.txt
[TX][HTDATA0][INTERLEAVED] keep existing first-frame reference /tmp/wifi_tx_interleaved0_bits52.txt
[TX][HTDATA0] keep existing first-frame reference /tmp/wifi_tx_data0_bits52.txt
[TX][PUNCTURED-ALL] keep existing first-frame reference /tmp/wifi_tx_punctured_all_bits.txt
[TX][INTERLEAVED-ALL] keep existing first-frame reference /tmp/wifi_tx_interleaved_all_bits.txt
[TX][PUNCTURED-ALL] updated /tmp/wifi_tx_punctured_all_bits.last.txt
[TX][INTERLEAVED-ALL] updated /tmp/wifi_tx_interleaved_all_bits.last.txt
[MAPPER] frame: ht_mode=1 psdu=38 n_sym=13 n_data_bits=338 n_encoded_bits=676 data_carriers=52 out_symbols=676
[HT-HEADER] general_work called ninput=676 noutput=32688
[TX][LSIG] raw24=110100110010000000000000
[TX][LSIG] enc48=110110001010100111001100100011011100000000000000
[TX][LSIG] intl48=110011011001000011010100011000000010011001100000
[TX][HTSIG] fields: mcs=0 len=38 bw40=0 agg=0 sgi=0 stbc=0 adv=0 nltf=0 crc=0x0d
[TX][HTSIG] raw48=000000000110010000000000000000000010110000000000
[TX][HTSIG] enc96=000000000000000000110110111100100011011100000000000000000000000000001110111001101110101100000000
[TX][HTSIG] intl96=000000111110010000000011100110000000000010011000000000011011110000000001100100000000001011101000
[TX][HTHDR][OUTBUF] lsig48=110011011001000011010100011000000010011001100000
[TX][HTHDR][OUTBUF] htsig1_48=000000111110010000000011100110000000000010011000
[TX][HTHDR][OUTBUF] htsig2_48=000000011011110000000001100100000000001011101000
[SYNC-SHORT] general_work called: noutput=16 ninput=2256 threshold=0.010 state=1
SHORT copied 16
[SYNC-LONG] general_work: ninput[0]=16 ninput[1]=320 noutput=16 state=1
[SYNC-SHORT] general_work called: noutput=2048 ninput=2240 threshold=0.010 state=1
LONG ninput[0] 16   ninput[1] 320  noutput 16   state 1
produced : 16 consumed: 16
sync_short :info: frame start at in: 56525 out: 57052
SHORT Frame!
SHORT copied 524
[SYNC-SHORT] general_work called: noutput=1024 ninput=1716 threshold=0.010 state=1
[SYNC-LONG] general_work: ninput[0]=524 ninput[1]=320 noutput=256 state=1
LONG ninput[0] 524   ninput[1] 320  noutput 256   state 1
sync_short :info: frame start at in: 57006 out: 57533
SHORT Frame!
SHORT copied 481
produced : [SYNC-SHORT] general_work called: noutput=1024 ninput=1235 threshold=0.010 state=1
256 consumed: 320
[SYNC-LONG] general_work: ninput[0]=685 ninput[1]=524 noutput=512 state=1
LONG ninput[0] 685   ninput[1] 524  noutput 512   state 1
produced : 156 consumed: 204
sync_short :info: frame start at in: 57487 out: 58014
SHORT Frame!
SHORT copied 481
[SYNC-SHORT] general_work called: noutput=512 ninput=754 threshold=0.010 state=1
[SYNC-LONG] general_work: ninput[0]=962 ninput[1]=801 noutput=512 state=1
LONG ninput[0] 962   ninput[1] 801  noutput 512   state 1
[SYNC-LONG] Received wifi_start tag: freq_offset=-0.029 offset=56525 nread=56525
LONG: ignore retrigger tag during COPY nread=56525 d_count=1415 guard=3072 tag_offset=56525
[EQ][ENTER] general_work called nin=7 nout=256
[EQ][WHILE_ENTER] consumed=0, n_in=7
sync_short :info: frame start at in: 57968 out: 58495
[EQ][WHILE_LOOP] iter consumed=0, d_sym_idx=15
SHORT Frame!
SHORT copied 481
[SYNC-SHORT] general_work called: noutput=256 ninput=273 threshold=0.010 state=1
[EQ][FLOW] abs=633 wifi_start=0 in_frame=1 sym_idx=15 consumed=0 produced=0
[EQ][PRE_EXTRACT] d_sym_idx=15, in_frame=1
[EQ][IDX_CHECK] d_sym_idx=15, condition=0
produced : 512 consumed: 640
[EQ][POST_EQUALIZE] d_sym_idx=15
[EQ][STDERR_DIRECT] Entering direct mixed-mode header detection
SHORT copied 256
[EQ][DIRECT_PATH] Entering direct mixed-mode header detection
[EQ][STDERR_BEFORE_GATE] Reached before gate check
[EQ][BEFORE_GATE] Reached before gate check
[SYNC-LONG] general_work: ninput[0]=1059 ninput[1]=1154 noutput=1024 state=1
[EQ][TEST_INSERT] Added new debug output
[EQ][DEBUG_TEST] ======== DEBUG ENTRY ========
[EQ][DEBUG] Checking HT-SIG parse condition: d_sym_idx=15, kHtSig1Rel=5, d_have_ht_header=0
[EQ][DEBUG] valid flags: lltf0=1, lltf1=1, lsig=1, htsig0=1, htsig1=1
[SYNC-SHORT] general_work called: noutput=1 ninput=17 threshold=0.010 state=1
[EQ][GATE_DETAIL] d_sym_idx=15, kHtSig1Rel=5, d_have_ht_header=0
[EQ][GATE_DETAIL] valid flags: lltf0=1 lltf1=1 lsig=1 htsig0=1 htsig1=1
SHORT copied 1
LONG ninput[0] 1059   ninput[1] 1154  noutput 1024   state 1
[EQ][WHILE_LOOP] iter consumed=1, d_sym_idx=16
[EQ][FLOW] abs=634 wifi_start=0 in_frame=1 sym_idx=16 consumed=1 produced=0
[EQ][PRE_EXTRACT] d_sym_idx=16, in_frame=1
[EQ][POST_EQUALIZE] d_sym_idx=16
[EQ][STDERR_DIRECT] Entering direct mixed-mode header detection
[EQ][IDX_CHECK] d_sym_idx=16, condition=0
[EQ][DIRECT_PATH] Entering direct mixed-mode header detection
[EQ][STDERR_BEFORE_GATE] Reached before gate check
produced : 258[EQ][BEFORE_GATE] Reached before gate check
[EQ][TEST_INSERT] Added new debug output
[EQ][DEBUG_TEST] ======== DEBUG ENTRY ========
[EQ][DEBUG] Checking HT-SIG parse condition: d_sym_idx=16, kHtSig1Rel=5, d_have_ht_header=0
[EQ][DEBUG] valid flags: lltf0=1, lltf1=1, lsig=1, htsig0=1, htsig1=1
[EQ][WHILE_LOOP] iter consumed=2, d_sym_idx=17
[EQ][GATE_DETAIL] d_sym_idx=16, kHtSig1Rel=5, d_have_ht_header=0
[EQ][GATE_DETAIL] valid flags: lltf0=1 lltf1=1 lsig=1 htsig0=1 htsig1=1
[EQ][FLOW] abs=635 wifi_start=0 in_frame=1 sym_idx=17 consumed=2 produced=0
[EQ][PRE_EXTRACT] d_sym_idx=17, in_frame=1
 consumed: 322[EQ][IDX_CHECK] d_sym_idx=17, condition=0

[EQ][POST_EQUALIZE] d_sym_idx=17
[EQ][STDERR_DIRECT] Entering direct mixed-mode header detection
[EQ][DIRECT_PATH] Entering direct mixed-mode header detection
[EQ][STDERR_BEFORE_GATE] Reached before gate check
[EQ][BEFORE_GATE] Reached before gate check
[SYNC-LONG] general_work: ninput[0]=738 ninput[1]=1058 noutput=512 state=1
[EQ][TEST_INSERT] Added new debug output
[EQ][DEBUG_TEST] ======== DEBUG ENTRY ========
[EQ][DEBUG] Checking HT-SIG parse condition: d_sym_idx=17, kHtSig1Rel=5, d_have_ht_header=0
[EQ][DEBUG] valid flags: lltf0=1, lltf1=1, lsig=1, htsig0=1, htsig1=1
[EQ][WHILE_LOOP] iter consumed=3, d_sym_idx=18
[EQ][GATE_DETAIL] d_sym_idx=17, kHtSig1Rel=5, d_have_ht_header=0
[EQ][GATE_DETAIL] valid flags: lltf0=1 lltf1=1 lsig=1 htsig0=1 htsig1=1
[EQ][FLOW] abs=636 wifi_start=0 in_frame=1 sym_idx=18 consumed=3 produced=0
[EQ][PRE_EXTRACT] d_sym_idx=18, in_frame=1
[EQ][POST_EQUALIZE] d_sym_idx=18
[EQ][STDERR_DIRECT] Entering direct mixed-mode header detection
[EQ][IDX_CHECK] d_sym_idx=18, condition=0
LONG ninput[0] 738   ninput[1] 1058  noutput 512   state [EQ][DIRECT_PATH] Entering direct mixed-mode header detection
1[EQ][STDERR_BEFORE_GATE] Reached before gate check
[EQ][BEFORE_GATE] Reached before gate check
[EQ][TEST_INSERT] Added new debug output
[EQ][DEBUG_TEST] ======== DEBUG ENTRY ========
[EQ][DEBUG] Checking HT-SIG parse condition: d_sym_idx=18, kHtSig1Rel=5, d_have_ht_header=0
[EQ][DEBUG] valid flags: lltf0=1, lltf1=1, lsig=1, htsig0=1, htsig1=1
[EQ][WHILE_LOOP] iter consumed=4, d_sym_idx=19
[EQ][GATE_DETAIL] d_sym_idx=18, kHtSig1Rel=5, d_have_ht_header=0
[EQ][GATE_DETAIL] valid flags: lltf0=1 lltf1=1 lsig=1 htsig0=1 htsig1=1
[EQ][FLOW] abs=637 wifi_start=0 in_frame=1 sym_idx=19 consumed=4 produced=0
[EQ][PRE_EXTRACT] d_sym_idx=19, in_frame=1
[EQ][POST_EQUALIZE] d_sym_idx=19
[EQ][STDERR_DIRECT] Entering direct mixed-mode header detection
[EQ][IDX_CHECK] d_sym_idx=19, condition=0
[EQ][DIRECT_PATH] Entering direct mixed-mode header detection
[EQ][STDERR_BEFORE_GATE] Reached before gate check

[EQ][BEFORE_GATE] Reached before gate check
[EQ][TEST_INSERT] Added new debug output
[EQ][DEBUG_TEST] ======== DEBUG ENTRY ========
[EQ][DEBUG] Checking HT-SIG parse condition: d_sym_idx=19, kHtSig1Rel=5, d_have_ht_header=0
[EQ][DEBUG] valid flags: lltf0=1, lltf1=1, lsig=1, htsig0=1, htsig1=1
[SYNC-LONG] Received wifi_start tag: freq_offset=-0.138 offset=57487 nread=57487
[EQ][WHILE_LOOP] iter consumed=5, d_sym_idx=20
[EQ][GATE_DETAIL] d_sym_idx=19, kHtSig1Rel=5, d_have_ht_header=0
[EQ][GATE_DETAIL] valid flags: lltf0=1 lltf1=1 lsig=1 htsig0=1 htsig1=1
LONG: ignore retrigger tag during COPY nread=57487 d_count=2185 guard=3072 tag_offset=57487
[EQ][FLOW] abs=638 wifi_start=0 in_frame=1 sym_idx=20 consumed=5 produced=0
[EQ][PRE_EXTRACT] d_sym_idx=20, in_frame=1
[EQ][POST_EQUALIZE] d_sym_idx=20
[EQ][STDERR_DIRECT] Entering direct mixed-mode header detection
[EQ][IDX_CHECK] d_sym_idx=20, condition=0
[EQ][DIRECT_PATH] Entering direct mixed-mode header detection
[EQ][STDERR_BEFORE_GATE] Reached before gate check
[EQ][BEFORE_GATE] Reached before gate check
[EQ][TEST_INSERT] Added new debug output
[EQ][DEBUG_TEST] ======== DEBUG ENTRY ========
[EQ][DEBUG] Checking HT-SIG parse condition: d_sym_idx=20, kHtSig1Rel=5, d_have_ht_header=0
[EQ][DEBUG] valid flags: lltf0=1, lltf1=1, lsig=1, htsig0=1, htsig1=1
[EQ][WHILE_LOOP] iter consumed=6, d_sym_idx=21
[EQ][GATE_DETAIL] d_sym_idx=20, kHtSig1Rel=5, d_have_ht_header=0
[EQ][GATE_DETAIL] valid flags: lltf0=1 lltf1=1 lsig=1 htsig0=1 htsig1=1
[EQ][FLOW] abs=639 wifi_start=0 in_frame=1 sym_idx=21 consumed=6 produced=0
[EQ][PRE_EXTRACT] d_sym_idx=21, in_frame=1
[EQ][POST_EQUALIZE] d_sym_idx=21
[EQ][STDERR_DIRECT] Entering direct mixed-mode header detection
[EQ][IDX_CHECK] d_sym_idx=21, condition=0
[EQ][DIRECT_PATH] Entering direct mixed-mode header detection
[EQ][STDERR_BEFORE_GATE] Reached before gate check
[EQ][BEFORE_GATE] Reached before gate check
[EQ][TEST_INSERT] Added new debug output
[EQ][DEBUG_TEST] ======== DEBUG ENTRY ========
[EQ][DEBUG] Checking HT-SIG parse condition: d_sym_idx=21, kHtSig1Rel=5, d_have_ht_header=0
[EQ][DEBUG] valid flags: lltf0=1, lltf1=1, lsig=1, htsig0=1, htsig1=1
[EQ][GATE_DETAIL] d_sym_idx=21, kHtSig1Rel=5, d_have_ht_header=0
produced : [EQ][GATE_DETAIL] valid flags: lltf0=1 lltf1=1 lsig=1 htsig0=1 htsig1=1
512 consumed: 640
[EQ][ENTER] general_work called nin=12 nout=512
[EQ][WHILE_ENTER] consumed=0, n_in=12
[EQ][WHILE_LOOP] iter consumed=0, d_sym_idx=22
[SYNC-LONG] general_work: ninput[0]=98 ninput[1]=418 noutput=64 state=1
LONG ninput[0] 98   ninput[1] 418  noutput 64   state 1
produced : 64 consumed: 80
[EQ][FLOW] abs=640 wifi_start=0 in_frame=1 sym_idx=22 consumed=0 produced=0
[EQ][PRE_EXTRACT] d_sym_idx=22, in_frame=1
[EQ][POST_EQUALIZE] d_sym_idx=22
[EQ][STDERR_DIRECT] Entering direct mixed-mode header detection
[EQ][IDX_CHECK] d_sym_idx=22, condition=0
[EQ][DIRECT_PATH] Entering direct mixed-mode header detection
[EQ][STDERR_BEFORE_GATE] Reached before gate check
[EQ][BEFORE_GATE] Reached before gate check
[EQ][TEST_INSERT] Added new debug output
[EQ][DEBUG_TEST] ======== DEBUG ENTRY ========
[EQ][DEBUG] Checking HT-SIG parse condition: d_sym_idx=22, kHtSig1Rel=5, d_have_ht_header=0
[EQ][DEBUG] valid flags: lltf0=1, lltf1=1, lsig=1, htsig0=1, htsig1=1
[EQ][WHILE_LOOP] iter consumed=1, d_sym_idx=23
[EQ][GATE_DETAIL] d_sym_idx=22, kHtSig1Rel=5, d_have_ht_header=0
[EQ][GATE_DETAIL] valid flags: lltf0=1 lltf1=1 lsig=1 htsig0=1 htsig1=1
[EQ][FLOW] abs=641 wifi_start=0 in_frame=1 sym_idx=23 consumed=1 produced=0
[EQ][PRE_EXTRACT] d_sym_idx=23, in_frame=1
[EQ][POST_EQUALIZE] d_sym_idx=23
[EQ][STDERR_DIRECT] Entering direct mixed-mode header detection
[EQ][IDX_CHECK] d_sym_idx=23, condition=0
[EQ][DIRECT_PATH] Entering direct mixed-mode header detection
[SYNC-LONG] general_work: ninput[0]=18 ninput[1]=338 noutput=16 state=1
LONG ninput[0] 18   ninput[1] 338  noutput 16   state 1
produced : 16 consumed: 16
[EQ][STDERR_BEFORE_GATE] Reached before gate check
[EQ][BEFORE_GATE] Reached before gate check
[EQ][TEST_INSERT] Added new debug output
[EQ][DEBUG_TEST] ======== DEBUG ENTRY ========
[EQ][DEBUG] Checking HT-SIG parse condition: d_sym_idx=23, kHtSig1Rel=5, d_have_ht_header=0
[EQ][DEBUG] valid flags: lltf0=1, lltf1=1, lsig=1, htsig0=1, htsig1=1
[EQ][WHILE_LOOP] iter consumed=2, d_sym_idx=24
[EQ][GATE_DETAIL] d_sym_idx=23, kHtSig1Rel=5, d_have_ht_header=0
[EQ][GATE_DETAIL] valid flags: lltf0=1 lltf1=1 lsig=1 htsig0=1 htsig1=1
[EQ][FLOW] abs=642 wifi_start=0 in_frame=1 sym_idx=24 consumed=2 produced=0
[EQ][PRE_EXTRACT] d_sym_idx=24, in_frame=1
[EQ][POST_EQUALIZE] d_sym_idx=24
[EQ][STDERR_DIRECT] Entering direct mixed-mode header detection
[EQ][IDX_CHECK] d_sym_idx=24, condition=0
[EQ][DIRECT_PATH] Entering direct mixed-mode header detection
[SYNC-LONG] general_work: ninput[0]=2 ninput[1]=322 noutput=2 state=1
LONG ninput[0] 2   ninput[1] 322  noutput 2   state 1
produced : 2 consumed: 2
[EQ][STDERR_BEFORE_GATE] Reached before gate check
[EQ][BEFORE_GATE] Reached before gate check
[EQ][TEST_INSERT] Added new debug output
[EQ][DEBUG_TEST] ======== DEBUG ENTRY ========
[EQ][DEBUG] Checking HT-SIG parse condition: d_sym_idx=24, kHtSig1Rel=5, d_have_ht_header=0
[EQ][DEBUG] valid flags: lltf0=1, lltf1=1, lsig=1, htsig0=1, htsig1=1
[EQ][WHILE_LOOP] iter consumed=3, d_sym_idx=25
[EQ][GATE_DETAIL] d_sym_idx=24, kHtSig1Rel=5, d_have_ht_header=0
[EQ][GATE_DETAIL] valid flags: lltf0=1 lltf1=1 lsig=1 htsig0=1 htsig1=1
[EQ][FLOW] abs=643 wifi_start=0 in_frame=1 sym_idx=25 consumed=3 produced=0
[EQ][PRE_EXTRACT] d_sym_idx=25, in_frame=1
[EQ][POST_EQUALIZE] d_sym_idx=25
[EQ][STDERR_DIRECT] Entering direct mixed-mode header detection
[EQ][IDX_CHECK] d_sym_idx=25, condition=0
[EQ][DIRECT_PATH] Entering direct mixed-mode header detection
[EQ][STDERR_BEFORE_GATE] Reached before gate check
[EQ][BEFORE_GATE] Reached before gate check
[EQ][TEST_INSERT] Added new debug output
[EQ][DEBUG_TEST] ======== DEBUG ENTRY ========
[EQ][DEBUG] Checking HT-SIG parse condition: d_sym_idx=25, kHtSig1Rel=5, d_have_ht_header=0
[EQ][DEBUG] valid flags: lltf0=1, lltf1=1, lsig=1, htsig0=1, htsig1=1
[EQ][WHILE_LOOP] iter consumed=4, d_sym_idx=26
[EQ][GATE_DETAIL] d_sym_idx=25, kHtSig1Rel=5, d_have_ht_header=0
[EQ][GATE_DETAIL] valid flags: lltf0=1 lltf1=1 lsig=1 htsig0=1 htsig1=1
[EQ][FLOW] abs=644 wifi_start=0 in_frame=1 sym_idx=26 consumed=4 produced=0
[EQ][PRE_EXTRACT] d_sym_idx=26, in_frame=1
[EQ][POST_EQUALIZE] d_sym_idx=26
[EQ][STDERR_DIRECT] Entering direct mixed-mode header detection
[EQ][IDX_CHECK] d_sym_idx=26, condition=0
[EQ][DIRECT_PATH] Entering direct mixed-mode header detection
[EQ][STDERR_BEFORE_GATE] Reached before gate check
[EQ][BEFORE_GATE] Reached before gate check
[EQ][TEST_INSERT] Added new debug output
[EQ][DEBUG_TEST] ======== DEBUG ENTRY ========
[EQ][DEBUG] Checking HT-SIG parse condition: d_sym_idx=26, kHtSig1Rel=5, d_have_ht_header=0
[EQ][DEBUG] valid flags: lltf0=1, lltf1=1, lsig=1, htsig0=1, htsig1=1
[EQ][WHILE_LOOP] iter consumed=5, d_sym_idx=27
[EQ][GATE_DETAIL] d_sym_idx=26, kHtSig1Rel=5, d_have_ht_header=0
[EQ][GATE_DETAIL] valid flags: lltf0=1 lltf1=1 lsig=1 htsig0=1 htsig1=1
[EQ][FLOW] abs=645 wifi_start=0 in_frame=1 sym_idx=27 consumed=5 produced=0
[EQ][PRE_EXTRACT] d_sym_idx=27, in_frame=1
[EQ][POST_EQUALIZE] d_sym_idx=27
[EQ][STDERR_DIRECT] Entering direct mixed-mode header detection
[EQ][IDX_CHECK] d_sym_idx=27, condition=0
[EQ][DIRECT_PATH] Entering direct mixed-mode header detection
[EQ][STDERR_BEFORE_GATE] Reached before gate check
[EQ][BEFORE_GATE] Reached before gate check
[EQ][TEST_INSERT] Added new debug output
[EQ][DEBUG_TEST] ======== DEBUG ENTRY ========
[EQ][DEBUG] Checking HT-SIG parse condition: d_sym_idx=27, kHtSig1Rel=5, d_have_ht_header=0
[EQ][DEBUG] valid flags: lltf0=1, lltf1=1, lsig=1, htsig0=1, htsig1=1
[EQ][WHILE_LOOP] iter consumed=6, d_sym_idx=28
[EQ][GATE_DETAIL] d_sym_idx=27, kHtSig1Rel=5, d_have_ht_header=0
[EQ][GATE_DETAIL] valid flags: lltf0=1 lltf1=1 lsig=1 htsig0=1 htsig1=1
[EQ][FLOW] abs=646 wifi_start=0 in_frame=1 sym_idx=28 consumed=6 produced=0
[EQ][PRE_EXTRACT] d_sym_idx=28, in_frame=1
[EQ][POST_EQUALIZE] d_sym_idx=28
[EQ][STDERR_DIRECT] Entering direct mixed-mode header detection
[EQ][IDX_CHECK] d_sym_idx=28, condition=0
[EQ][DIRECT_PATH] Entering direct mixed-mode header detection
[EQ][STDERR_BEFORE_GATE] Reached before gate check
[EQ][BEFORE_GATE] Reached before gate check
[EQ][TEST_INSERT] Added new debug output
[EQ][DEBUG_TEST] ======== DEBUG ENTRY ========
[EQ][DEBUG] Checking HT-SIG parse condition: d_sym_idx=28, kHtSig1Rel=5, d_have_ht_header=0
[EQ][DEBUG] valid flags: lltf0=1, lltf1=1, lsig=1, htsig0=1, htsig1=1
[EQ][WHILE_LOOP] iter consumed=7, d_sym_idx=29
[EQ][GATE_DETAIL] d_sym_idx=28, kHtSig1Rel=5, d_have_ht_header=0
[EQ][GATE_DETAIL] valid flags: lltf0=1 lltf1=1 lsig=1 htsig0=1 htsig1=1
[EQ][FLOW] abs=647 wifi_start=0 in_frame=1 sym_idx=29 consumed=7 produced=0
[EQ][PRE_EXTRACT] d_sym_idx=29, in_frame=1
[EQ][POST_EQUALIZE] d_sym_idx=29
[EQ][STDERR_DIRECT] Entering direct mixed-mode header detection
[EQ][IDX_CHECK] d_sym_idx=29, condition=0
[EQ][DIRECT_PATH] Entering direct mixed-mode header detection
[EQ][STDERR_BEFORE_GATE] Reached before gate check
[EQ][BEFORE_GATE] Reached before gate check
[EQ][TEST_INSERT] Added new debug output
[EQ][DEBUG_TEST] ======== DEBUG ENTRY ========
[EQ][DEBUG] Checking HT-SIG parse condition: d_sym_idx=29, kHtSig1Rel=5, d_have_ht_header=0
[EQ][DEBUG] valid flags: lltf0=1, lltf1=1, lsig=1, htsig0=1, htsig1=1
[EQ][WHILE_LOOP] iter consumed=8, d_sym_idx=30
[EQ][GATE_DETAIL] d_sym_idx=29, kHtSig1Rel=5, d_have_ht_header=0
[EQ][GATE_DETAIL] valid flags: lltf0=1 lltf1=1 lsig=1 htsig0=1 htsig1=1
[EQ][FLOW] abs=648 wifi_start=0 in_frame=1 sym_idx=30 consumed=8 produced=0
[EQ][PRE_EXTRACT] d_sym_idx=30, in_frame=1
[EQ][POST_EQUALIZE] d_sym_idx=30
[EQ][STDERR_DIRECT] Entering direct mixed-mode header detection
[EQ][IDX_CHECK] d_sym_idx=30, condition=0
[EQ][DIRECT_PATH] Entering direct mixed-mode header detection
[EQ][STDERR_BEFORE_GATE] Reached before gate check
[EQ][BEFORE_GATE] Reached before gate check
[EQ][TEST_INSERT] Added new debug output
[EQ][DEBUG_TEST] ======== DEBUG ENTRY ========
[EQ][DEBUG] Checking HT-SIG parse condition: d_sym_idx=30, kHtSig1Rel=5, d_have_ht_header=0
[EQ][DEBUG] valid flags: lltf0=1, lltf1=1, lsig=1, htsig0=1, htsig1=1
[EQ][WHILE_LOOP] iter consumed=9, d_sym_idx=31
[EQ][GATE_DETAIL] d_sym_idx=30, kHtSig1Rel=5, d_have_ht_header=0
[EQ][GATE_DETAIL] valid flags: lltf0=1 lltf1=1 lsig=1 htsig0=1 htsig1=1
[EQ][FLOW] abs=649 wifi_start=0 in_frame=1 sym_idx=31 consumed=9 produced=0
[EQ][PRE_EXTRACT] d_sym_idx=31, in_frame=1
[EQ][POST_EQUALIZE] d_sym_idx=31
[EQ][STDERR_DIRECT] Entering direct mixed-mode header detection
[EQ][IDX_CHECK] d_sym_idx=31, condition=0
[EQ][DIRECT_PATH] Entering direct mixed-mode header detection
[EQ][STDERR_BEFORE_GATE] Reached before gate check
[EQ][BEFORE_GATE] Reached before gate check
[EQ][TEST_INSERT] Added new debug output
[EQ][DEBUG_TEST] ======== DEBUG ENTRY ========
[EQ][DEBUG] Checking HT-SIG parse condition: d_sym_idx=31, kHtSig1Rel=5, d_have_ht_header=0
[EQ][DEBUG] valid flags: lltf0=1, lltf1=1, lsig=1, htsig0=1, htsig1=1
[EQ][WHILE_LOOP] iter consumed=10, d_sym_idx=32
[EQ][GATE_DETAIL] d_sym_idx=31, kHtSig1Rel=5, d_have_ht_header=0
[EQ][GATE_DETAIL] valid flags: lltf0=1 lltf1=1 lsig=1 htsig0=1 htsig1=1
[EQ][FLOW] abs=650 wifi_start=0 in_frame=1 sym_idx=32 consumed=10 produced=0
[EQ][PRE_EXTRACT] d_sym_idx=32, in_frame=1
[EQ][POST_EQUALIZE] d_sym_idx=32
[EQ][STDERR_DIRECT] Entering direct mixed-mode header detection
[EQ][IDX_CHECK] d_sym_idx=32, condition=0
[EQ][DIRECT_PATH] Entering direct mixed-mode header detection
[EQ][STDERR_BEFORE_GATE] Reached before gate check
[EQ][BEFORE_GATE] Reached before gate check
[EQ][TEST_INSERT] Added new debug output
[EQ][DEBUG_TEST] ======== DEBUG ENTRY ========
[EQ][DEBUG] Checking HT-SIG parse condition: d_sym_idx=32, kHtSig1Rel=5, d_have_ht_header=0
[EQ][DEBUG] valid flags: lltf0=1, lltf1=1, lsig=1, htsig0=1, htsig1=1
[EQ][WHILE_LOOP] iter consumed=11, d_sym_idx=33
[EQ][GATE_DETAIL] d_sym_idx=32, kHtSig1Rel=5, d_have_ht_header=0
[EQ][GATE_DETAIL] valid flags: lltf0=1 lltf1=1 lsig=1 htsig0=1 htsig1=1
[EQ][FLOW] abs=651 wifi_start=0 in_frame=1 sym_idx=33 consumed=11 produced=0
[EQ][PRE_EXTRACT] d_sym_idx=33, in_frame=1
[EQ][POST_EQUALIZE] d_sym_idx=33
[EQ][STDERR_DIRECT] Entering direct mixed-mode header detection
[EQ][IDX_CHECK] d_sym_idx=33, condition=0
[EQ][DIRECT_PATH] Entering direct mixed-mode header detection
[EQ][STDERR_BEFORE_GATE] Reached before gate check
[EQ][BEFORE_GATE] Reached before gate check
[EQ][TEST_INSERT] Added new debug output
[EQ][DEBUG_TEST] ======== DEBUG ENTRY ========
[EQ][DEBUG] Checking HT-SIG parse condition: d_sym_idx=33, kHtSig1Rel=5, d_have_ht_header=0
[EQ][DEBUG] valid flags: lltf0=1, lltf1=1, lsig=1, htsig0=1, htsig1=1
[EQ][ENTER] general_work called nin=9 nout=256
[EQ][GATE_DETAIL] d_sym_idx=33, kHtSig1Rel=5, d_have_ht_header=0
[EQ][GATE_DETAIL] valid flags: lltf0=1 lltf1=1 lsig=1 htsig0=1 htsig1=1
[EQ][WHILE_ENTER] consumed=0, n_in=9
[EQ][WHILE_LOOP] iter consumed=0, d_sym_idx=34
[EQ][FLOW] abs=652 wifi_start=0 in_frame=1 sym_idx=34 consumed=0 produced=0
[EQ][PRE_EXTRACT] d_sym_idx=34, in_frame=1
[EQ][POST_EQUALIZE] d_sym_idx=34
[EQ][STDERR_DIRECT] Entering direct mixed-mode header detection
[EQ][IDX_CHECK] d_sym_idx=34, condition=0
[EQ][DIRECT_PATH] Entering direct mixed-mode header detection
[EQ][STDERR_BEFORE_GATE] Reached before gate check
[EQ][BEFORE_GATE] Reached before gate check
[EQ][TEST_INSERT] Added new debug output
[EQ][DEBUG_TEST] ======== DEBUG ENTRY ========
[EQ][DEBUG] Checking HT-SIG parse condition: d_sym_idx=34, kHtSig1Rel=5, d_have_ht_header=0
[EQ][DEBUG] valid flags: lltf0=1, lltf1=1, lsig=1, htsig0=1, htsig1=1
[EQ][WHILE_LOOP] iter consumed=1, d_sym_idx=35
[EQ][GATE_DETAIL] d_sym_idx=34, kHtSig1Rel=5, d_have_ht_header=0
[EQ][GATE_DETAIL] valid flags: lltf0=1 lltf1=1 lsig=1 htsig0=1 htsig1=1
[EQ][FLOW] abs=653 wifi_start=0 in_frame=1 sym_idx=35 consumed=1 produced=0
[EQ][PRE_EXTRACT] d_sym_idx=35, in_frame=1
[EQ][POST_EQUALIZE] d_sym_idx=35
[EQ][STDERR_DIRECT] Entering direct mixed-mode header detection
[EQ][IDX_CHECK] d_sym_idx=35, condition=0
[EQ][DIRECT_PATH] Entering direct mixed-mode header detection
[EQ][STDERR_BEFORE_GATE] Reached before gate check
[EQ][BEFORE_GATE] Reached before gate check
[EQ][TEST_INSERT] Added new debug output
[EQ][DEBUG_TEST] ======== DEBUG ENTRY ========
[EQ][DEBUG] Checking HT-SIG parse condition: d_sym_idx=35, kHtSig1Rel=5, d_have_ht_header=0
[EQ][DEBUG] valid flags: lltf0=1, lltf1=1, lsig=1, htsig0=1, htsig1=1
[EQ][WHILE_LOOP] iter consumed=2, d_sym_idx=36
[EQ][GATE_DETAIL] d_sym_idx=35, kHtSig1Rel=5, d_have_ht_header=0
[EQ][GATE_DETAIL] valid flags: lltf0=1 lltf1=1 lsig=1 htsig0=1 htsig1=1
[EQ][FLOW] abs=654 wifi_start=0 in_frame=1 sym_idx=36 consumed=2 produced=0
[EQ][PRE_EXTRACT] d_sym_idx=36, in_frame=1
[EQ][POST_EQUALIZE] d_sym_idx=36
[EQ][STDERR_DIRECT] Entering direct mixed-mode header detection
[EQ][IDX_CHECK] d_sym_idx=36, condition=0
[EQ][DIRECT_PATH] Entering direct mixed-mode header detection
[EQ][STDERR_BEFORE_GATE] Reached before gate check
[EQ][BEFORE_GATE] Reached before gate check
[EQ][TEST_INSERT] Added new debug output
[EQ][DEBUG_TEST] ======== DEBUG ENTRY ========
[EQ][DEBUG] Checking HT-SIG parse condition: d_sym_idx=36, kHtSig1Rel=5, d_have_ht_header=0
[EQ][DEBUG] valid flags: lltf0=1, lltf1=1, lsig=1, htsig0=1, htsig1=1
[EQ][WHILE_LOOP] iter consumed=3, d_sym_idx=37
[EQ][GATE_DETAIL] d_sym_idx=36, kHtSig1Rel=5, d_have_ht_header=0
[EQ][GATE_DETAIL] valid flags: lltf0=1 lltf1=1 lsig=1 htsig0=1 htsig1=1
[EQ][FLOW] abs=655 wifi_start=0 in_frame=1 sym_idx=37 consumed=3 produced=0
[EQ][PRE_EXTRACT] d_sym_idx=37, in_frame=1
[EQ][POST_EQUALIZE] d_sym_idx=37
[EQ][STDERR_DIRECT] Entering direct mixed-mode header detection
[EQ][IDX_CHECK] d_sym_idx=37, condition=0
[EQ][DIRECT_PATH] Entering direct mixed-mode header detection
[EQ][STDERR_BEFORE_GATE] Reached before gate check
[EQ][BEFORE_GATE] Reached before gate check
[EQ][TEST_INSERT] Added new debug output
[EQ][DEBUG_TEST] ======== DEBUG ENTRY ========
[EQ][DEBUG] Checking HT-SIG parse condition: d_sym_idx=37, kHtSig1Rel=5, d_have_ht_header=0
[EQ][DEBUG] valid flags: lltf0=1, lltf1=1, lsig=1, htsig0=1, htsig1=1
[EQ][WHILE_LOOP] iter consumed=4, d_sym_idx=38
[EQ][GATE_DETAIL] d_sym_idx=37, kHtSig1Rel=5, d_have_ht_header=0
[EQ][GATE_DETAIL] valid flags: lltf0=1 lltf1=1 lsig=1 htsig0=1 htsig1=1
[EQ][FLOW] abs=656 wifi_start=0 in_frame=1 sym_idx=38 consumed=4 produced=0
[EQ][PRE_EXTRACT] d_sym_idx=38, in_frame=1
[EQ][POST_EQUALIZE] d_sym_idx=38
[EQ][STDERR_DIRECT] Entering direct mixed-mode header detection
[EQ][IDX_CHECK] d_sym_idx=38, condition=0
[EQ][DIRECT_PATH] Entering direct mixed-mode header detection
[EQ][STDERR_BEFORE_GATE] Reached before gate check
[EQ][BEFORE_GATE] Reached before gate check
[EQ][TEST_INSERT] Added new debug output
[EQ][DEBUG_TEST] ======== DEBUG ENTRY ========
[EQ][DEBUG] Checking HT-SIG parse condition: d_sym_idx=38, kHtSig1Rel=5, d_have_ht_header=0
[EQ][DEBUG] valid flags: lltf0=1, lltf1=1, lsig=1, htsig0=1, htsig1=1
[EQ][WHILE_LOOP] iter consumed=5, d_sym_idx=39
[EQ][GATE_DETAIL] d_sym_idx=38, kHtSig1Rel=5, d_have_ht_header=0
[EQ][GATE_DETAIL] valid flags: lltf0=1 lltf1=1 lsig=1 htsig0=1 htsig1=1
[EQ][FLOW] abs=657 wifi_start=0 in_frame=1 sym_idx=39 consumed=5 produced=0
[EQ][PRE_EXTRACT] d_sym_idx=39, in_frame=1
[EQ][POST_EQUALIZE] d_sym_idx=39
[EQ][STDERR_DIRECT] Entering direct mixed-mode header detection
[EQ][IDX_CHECK] d_sym_idx=39, condition=0
[EQ][DIRECT_PATH] Entering direct mixed-mode header detection
[EQ][STDERR_BEFORE_GATE] Reached before gate check
[EQ][BEFORE_GATE] Reached before gate check
[EQ][TEST_INSERT] Added new debug output
[EQ][DEBUG_TEST] ======== DEBUG ENTRY ========
[EQ][DEBUG] Checking HT-SIG parse condition: d_sym_idx=39, kHtSig1Rel=5, d_have_ht_header=0
[EQ][DEBUG] valid flags: lltf0=1, lltf1=1, lsig=1, htsig0=1, htsig1=1
[EQ][WHILE_LOOP] iter consumed=6, d_sym_idx=40
[EQ][GATE_DETAIL] d_sym_idx=39, kHtSig1Rel=5, d_have_ht_header=0
[EQ][GATE_DETAIL] valid flags: lltf0=1 lltf1=1 lsig=1 htsig0=1 htsig1=1
[EQ][FLOW] abs=658 wifi_start=0 in_frame=1 sym_idx=40 consumed=6 produced=0
[EQ][PRE_EXTRACT] d_sym_idx=40, in_frame=1
[EQ][POST_EQUALIZE] d_sym_idx=40
[EQ][STDERR_DIRECT] Entering direct mixed-mode header detection
[EQ][IDX_CHECK] d_sym_idx=40, condition=0
[EQ][DIRECT_PATH] Entering direct mixed-mode header detection
[EQ][STDERR_BEFORE_GATE] Reached before gate check
[EQ][BEFORE_GATE] Reached before gate check
[EQ][TEST_INSERT] Added new debug output
[EQ][DEBUG_TEST] ======== DEBUG ENTRY ========
[EQ][DEBUG] Checking HT-SIG parse condition: d_sym_idx=40, kHtSig1Rel=5, d_have_ht_header=0
[EQ][DEBUG] valid flags: lltf0=1, lltf1=1, lsig=1, htsig0=1, htsig1=1
[EQ][WHILE_LOOP] iter consumed=7, d_sym_idx=41
[EQ][GATE_DETAIL] d_sym_idx=40, kHtSig1Rel=5, d_have_ht_header=0
[EQ][GATE_DETAIL] valid flags: lltf0=1 lltf1=1 lsig=1 htsig0=1 htsig1=1
[EQ][FLOW] abs=659 wifi_start=0 in_frame=1 sym_idx=41 consumed=7 produced=0
[EQ][PRE_EXTRACT] d_sym_idx=41, in_frame=1
[EQ][POST_EQUALIZE] d_sym_idx=41
[EQ][STDERR_DIRECT] Entering direct mixed-mode header detection
[EQ][IDX_CHECK] d_sym_idx=41, condition=0
[EQ][DIRECT_PATH] Entering direct mixed-mode header detection
[EQ][STDERR_BEFORE_GATE] Reached before gate check
[EQ][BEFORE_GATE] Reached before gate check
[EQ][TEST_INSERT] Added new debug output
[EQ][DEBUG_TEST] ======== DEBUG ENTRY ========
[EQ][DEBUG] Checking HT-SIG parse condition: d_sym_idx=41, kHtSig1Rel=5, d_have_ht_header=0
[EQ][DEBUG] valid flags: lltf0=1, lltf1=1, lsig=1, htsig0=1, htsig1=1
[EQ][WHILE_LOOP] iter consumed=8, d_sym_idx=42
[EQ][GATE_DETAIL] d_sym_idx=41, kHtSig1Rel=5, d_have_ht_header=0
[EQ][GATE_DETAIL] valid flags: lltf0=1 lltf1=1 lsig=1 htsig0=1 htsig1=1
[EQ][FLOW] abs=660 wifi_start=0 in_frame=1 sym_idx=42 consumed=8 produced=0
[EQ][PRE_EXTRACT] d_sym_idx=42, in_frame=1
[EQ][POST_EQUALIZE] d_sym_idx=42
[EQ][STDERR_DIRECT] Entering direct mixed-mode header detection
[EQ][IDX_CHECK] d_sym_idx=42, condition=0
[EQ][DIRECT_PATH] Entering direct mixed-mode header detection
[EQ][STDERR_BEFORE_GATE] Reached before gate check
[EQ][BEFORE_GATE] Reached before gate check
[EQ][TEST_INSERT] Added new debug output
[EQ][DEBUG_TEST] ======== DEBUG ENTRY ========
[EQ][DEBUG] Checking HT-SIG parse condition: d_sym_idx=42, kHtSig1Rel=5, d_have_ht_header=0
[EQ][DEBUG] valid flags: lltf0=1, lltf1=1, lsig=1, htsig0=1, htsig1=1
[EQ][GATE_DETAIL] d_sym_idx=42, kHtSig1Rel=5, d_have_ht_header=0
[EQ][GATE_DETAIL] valid flags: lltf0=1 lltf1=1 lsig=1 htsig0=1 htsig1=1
[MAPPER] handle_msg called
[MAPPER] meta=message_debug :info: The `print_pdu` port is deprecated and will be removed; forwarding to `print`.
***** VERBOSE PDU DEBUG PRINT ******
((encoding . 0) (crc_included . #t))
pdu length =         38 bytes
pdu vector contents = 
0000: ((encoding . 0) (crc_included . #t))08 00 00 00 42 42 
42 42 42 [MAPPER] meta fields: mcs=0 len=-1 psdu_len=-1
[MAPPER] using MCS=0
[MAPPER] HT mode enabled, effective MCS: 0
42 23 23 23 23 23 23 
0010: ff ff ff ff ff ff a0 01 78 78 78 78 78 78 78 78 
0020: 78 78 b7 e9 09 74 
************************************
[TX][HTDATA0][PUNCTURED] bits52=1101111111001010100011000110011001010100101100100010
[TX][HTDATA0][INTERLEAVED] bits52=1010110100001111101110001000111111001010000000111100
[TX][HTDATA0] bits52=1010110100001111101110001000111111001010000000111100
[TX][PUNCTURED-ALL] nbits=676 first64=1101111111001010100011000110011001010100101100100010000110101011 last64=0100000101010111110000000001110001111011110111001000001010110010
[TX][INTERLEAVED-ALL] nbits=676 first64=1010110100001111101110001000111111001010000000111100011101010011 last64=0101010000010010101011101111110010110010001101010100011001010000
[TX][HTDATA0][PUNCTURED] keep existing first-frame reference /tmp/wifi_tx_punctured0_bits52.txt
[TX][HTDATA0][INTERLEAVED] keep existing first-frame reference /tmp/wifi_tx_interleaved0_bits52.txt
[TX][HTDATA0] keep existing first-frame reference /tmp/wifi_tx_data0_bits52.txt
[TX][PUNCTURED-ALL] keep existing first-frame reference /tmp/wifi_tx_punctured_all_bits.txt
[TX][INTERLEAVED-ALL] keep existing first-frame reference /tmp/wifi_tx_interleaved_all_bits.txt
[TX][PUNCTURED-ALL] updated /tmp/wifi_tx_punctured_all_bits.last.txt
[TX][INTERLEAVED-ALL] updated /tmp/wifi_tx_interleaved_all_bits.last.txt
[MAPPER] frame: ht_mode=1 psdu=38 n_sym=13 n_data_bits=338 n_encoded_bits=676 data_carriers=52 out_symbols=676
[HT-HEADER] general_work called ninput=676 noutput=32688
[TX][LSIG] raw24=110100110010000000000000
[TX][LSIG] enc48=110110001010100111001100100011011100000000000000
[TX][LSIG] intl48=110011011001000011010100011000000010011001100000
[TX][HTSIG] fields: mcs=0 len=38 bw40=0 agg=0 sgi=0 stbc=0 adv=0 nltf=0 crc=0x0d
[TX][HTSIG] raw48=000000000110010000000000000000000010110000000000
[TX][HTSIG] enc96=000000000000000000110110111100100011011100000000000000000000000000001110111001101110101100000000
[TX][HTSIG] intl96=000000111110010000000011100110000000000010011000000000011011110000000001100100000000001011101000
[TX][HTHDR][OUTBUF] lsig48=110011011001000011010100011000000010011001100000
[TX][HTHDR][OUTBUF] htsig1_48=000000111110010000000011100110000000000010011000
[TX][HTHDR][OUTBUF] htsig2_48=000000011011110000000001100100000000001011101000
[SYNC-SHORT] general_work called: noutput=8 ninput=2288 threshold=0.010 state=1
SHORT copied 8
[SYNC-SHORT] general_work called: noutput=8 ninput=2280 threshold=0.010 state=1
SHORT copied 8
[SYNC-LONG] general_work: ninput[0]=16 ninput[1]=320 noutput=16 state=1
LONG ninput[0] 16   ninput[1] 320  noutput 16   state 1
produced : 16 consumed: 16
[SYNC-SHORT] general_work called: noutput=2048 ninput=2272 threshold=0.010 state=1
sync_short :info: frame start at in: 58449 out: 58976
SHORT Frame!
SHORT copied 208
[SYNC-SHORT] general_work called: noutput=2048 ninput=2064 threshold=0.010 state=1
[SYNC-LONG] general_work: ninput[0]=208 ninput[1]=448 noutput=128 state=1
LONG ninput[0] 208   ninput[1] 448  noutput 128   state 1
produced : 128 consumed: 160
sync_short :info: frame start at in: 58930 out: 59457
SHORT Frame!
SHORT copied 481
[SYNC-LONG] general_work: ninput[0]=48 ninput[1]=368 noutput=32 state=1
LONG ninput[0] 48   ninput[1] 368  noutput 32   state 1
produced : 32 consumed: 48
[SYNC-SHORT] general_work called: noutput=1024 ninput=1583 threshold=0.010 state=1
[SYNC-LONG] general_work: ninput[0]=481 ninput[1]=801 noutput=256 state=1
LONG ninput[0] 481   ninput[1] 801  noutput 256   state 1
sync_short :info: frame start at in: 59411 out: 59938
SHORT Frame!
[SYNC-LONG] Received wifi_start tag: freq_offset=-0.083 offset=58449 nread=58449
SHORT copied 481
[SYNC-SHORT] general_work called: noutput=1024 ninput=1102 threshold=0.010 state=1
LONG: ignore retrigger tag during COPY nread=58449 d_count=2955 guard=3072 tag_offset=58449
[EQ][ENTER] general_work called nin=3 nout=128
[EQ][WHILE_ENTER] consumed=0, n_in=3
[EQ][WHILE_LOOP] iter consumed=0, d_sym_idx=43
produced : 256 consumed: 320
[SYNC-LONG] general_work: ninput[0]=642 ninput[1]=962 noutput=512 state=1
LONG ninput[0] 642[EQ][FLOW] abs=661 wifi_start=0 in_frame=1 sym_idx=43 consumed=0 produced=0
[EQ][PRE_EXTRACT] d_sym_idx=43, in_frame=1
[EQ][POST_EQUALIZE] d_sym_idx=43
[EQ][STDERR_DIRECT] Entering direct mixed-mode header detection
[EQ][IDX_CHECK] d_sym_idx=43, condition=0
   ninput[1] 962  noutput [EQ][DIRECT_PATH] Entering direct mixed-mode header detection
[EQ][STDERR_BEFORE_GATE] Reached before gate check
[EQ][BEFORE_GATE] Reached before gate check
[EQ][TEST_INSERT] Added new debug output
[EQ][DEBUG_TEST] ======== DEBUG ENTRY ========
[EQ][DEBUG] Checking HT-SIG parse condition: d_sym_idx=43, kHtSig1Rel=5, d_have_ht_header=0
[EQ][DEBUG] valid flags: lltf0=1, lltf1=1, lsig=1, htsig0=1, htsig1=1
[EQ][WHILE_LOOP] iter consumed=1, d_sym_idx=44
[EQ][GATE_DETAIL] d_sym_idx=43, kHtSig1Rel=5, d_have_ht_header=0
[EQ][GATE_DETAIL] valid flags: lltf0=1 lltf1=1 lsig=1 htsig0=1 htsig1=1
sync_short :info: frame start at in: 59892 out: 60419
512SHORT Frame!
SHORT copied 481
[SYNC-SHORT] general_work called: noutput=512 ninput=621 threshold=0.010 state=1
   state 1
produced : 129 consumed: 161
[EQ][FLOW] abs=662 wifi_start=0 in_frame=1 sym_idx=44 consumed=1 produced=0
[EQ][PRE_EXTRACT] d_sym_idx=44, in_frame=1
[EQ][IDX_CHECK] d_sym_idx=44, condition=0
sync_short :info: frame start at in: 60373 out: 60900
[EQ][POST_EQUALIZE] d_sym_idx=44
SHORT Frame!
[EQ][STDERR_DIRECT] Entering direct mixed-mode header detection
SHORT copied 481
[EQ][DIRECT_PATH] Entering direct mixed-mode header detection
[SYNC-SHORT] general_work called: noutput=64 ninput=140 threshold=0.010 state=1
[SYNC-LONG] general_work: ninput[0]=962 ninput[1]=1282 noutput=512 state=1
SHORT copied 64
[EQ][STDERR_BEFORE_GATE] Reached before gate check
LONG ninput[0] 962   ninput[1] 1282  noutput 512   state 1
[SYNC-SHORT] general_work called: noutput=32 ninput=76 threshold=0.010 state=1
[SYNC-LONG] Received wifi_start tag: freq_offset=-0.184 offset=58930 nread=58930
produced : 52 consumed: 0
SHORT copied 32
[EQ][BEFORE_GATE] Reached before gate check
[EQ][TEST_INSERT] Added new debug output
[EQ][DEBUG_TEST] ======== DEBUG ENTRY ========
[EQ][DEBUG] Checking HT-SIG parse condition: d_sym_idx=44, kHtSig1Rel=5, d_have_ht_header=0
[EQ][DEBUG] valid flags: lltf0=1, lltf1=1, lsig=1, htsig0=1, htsig1=1
[EQ][WHILE_LOOP] iter consumed=2, d_sym_idx=45
[EQ][GATE_DETAIL] d_sym_idx=44, kHtSig1Rel=5, d_have_ht_header=0
[EQ][GATE_DETAIL] valid flags: lltf0=1 lltf1=1 lsig=1 htsig0=1 htsig1=1
[EQ][FLOW] abs=663 wifi_start=0 in_frame=1 sym_idx=45 consumed=2 produced=0
[EQ][PRE_EXTRACT] d_sym_idx=45, in_frame=1
[SYNC-SHORT] general_work called: noutput=16 ninput=44 threshold=0.010 state=1
[EQ][IDX_CHECK] d_sym_idx=45, condition=0
SHORT copied 16
[SYNC-SHORT] general_work called: noutput=8 ninput=28 threshold=0.010 state=1
[SYNC-LONG] general_work: ninput[0]=1555 ninput[1]=1827 noutput=4096 state=0
SHORT copied LONG ninput[0] 81555   ninput[1] 1827  noutput 4096   state 0

[EQ][POST_EQUALIZE] d_sym_idx=45
[EQ][STDERR_DIRECT] Entering direct mixed-mode header detection
[EQ][DIRECT_PATH] Entering direct mixed-mode header detection
[SYNC-SHORT] general_work called: noutput=4 ninput=20 threshold=0.010 state=1
SHORT copied 4
[SYNC-LONG] Received wifi_start tag: freq_offset=-0.184 offset=58930 nread=58930
[EQ][STDERR_BEFORE_GATE] Reached before gate check
[EQ][BEFORE_GATE] Reached before gate check
[EQ][TEST_INSERT] Added new debug output
[EQ][DEBUG_TEST] ======== DEBUG ENTRY ========
[EQ][DEBUG] Checking HT-SIG parse condition: d_sym_idx=45, kHtSig1Rel=5, d_have_ht_header=0
[EQ][DEBUG] valid flags: lltf0=1, lltf1=1, lsig=1, htsig0=1, htsig1=1
[EQ][ENTER] general_work called nin=7 nout=256
[EQ][GATE_DETAIL] d_sym_idx=45, kHtSig1Rel=5, d_have_ht_header=0
[EQ][GATE_DETAIL] valid flags: lltf0=1 lltf1=1 lsig=1 htsig0=1 htsig1=1
[EQ][WHILE_ENTER] consumed=0, n_in=7
[EQ][WHILE_LOOP] iter consumed=0, d_sym_idx=46
[EQ][FLOW] abs=664 wifi_start=0 in_frame=1 sym_idx=46 consumed=0 produced=0
[EQ][PRE_EXTRACT] d_sym_idx=46, in_frame=1
[EQ][POST_EQUALIZE] d_sym_idx=46
[EQ][STDERR_DIRECT] Entering direct mixed-mode header detection
[EQ][IDX_CHECK] d_sym_idx=46, condition=0
[EQ][DIRECT_PATH] Entering direct mixed-mode header detection
[EQ][STDERR_BEFORE_GATE] Reached before gate check
[EQ][BEFORE_GATE] Reached before gate check
[EQ][TEST_INSERT] Added new debug output
[EQ][DEBUG_TEST] ======== DEBUG ENTRY ========
[EQ][DEBUG] Checking HT-SIG parse condition: d_sym_idx=46, kHtSig1Rel=5, d_have_ht_header=0
[EQ][DEBUG] valid flags: lltf0=1, lltf1=1, lsig=1, htsig0=1, htsig1=1
[EQ][WHILE_LOOP] iter consumed=1, d_sym_idx=47
[EQ][GATE_DETAIL] d_sym_idx=46, kHtSig1Rel=5, d_have_ht_header=0
[EQ][GATE_DETAIL] valid flags: lltf0=1 lltf1=1 lsig=1 htsig0=1 htsig1=1
[EQ][FLOW] abs=665 wifi_start=0 in_frame=1 sym_idx=47 consumed=1 produced=0
[EQ][PRE_EXTRACT] d_sym_idx=47, in_frame=1
[EQ][POST_EQUALIZE] d_sym_idx=47
[EQ][STDERR_DIRECT] Entering direct mixed-mode header detection
[EQ][IDX_CHECK] d_sym_idx=47, condition=0
[EQ][DIRECT_PATH] Entering direct mixed-mode header detection
[EQ][STDERR_BEFORE_GATE] Reached before gate check
[EQ][BEFORE_GATE] Reached before gate check
[EQ][TEST_INSERT] Added new debug output
[EQ][DEBUG_TEST] ======== DEBUG ENTRY ========
[EQ][DEBUG] Checking HT-SIG parse condition: d_sym_idx=47, kHtSig1Rel=5, d_have_ht_header=0
[EQ][DEBUG] valid flags: lltf0=1, lltf1=1, lsig=1, htsig0=1, htsig1=1
[EQ][WHILE_LOOP] iter consumed=2, d_sym_idx=48
[EQ][GATE_DETAIL] d_sym_idx=47, kHtSig1Rel=5, d_have_ht_header=0
[EQ][GATE_DETAIL] valid flags: lltf0=1 lltf1=1 lsig=1 htsig0=1 htsig1=1
[EQ][FLOW] abs=666 wifi_start=0 in_frame=1 sym_idx=48 consumed=2 produced=0
[EQ][PRE_EXTRACT] d_sym_idx=48, in_frame=1
[EQ][POST_EQUALIZE] d_sym_idx=48
[EQ][STDERR_DIRECT] Entering direct mixed-mode header detection
[EQ][IDX_CHECK] d_sym_idx=48, condition=0
[EQ][DIRECT_PATH] Entering direct mixed-mode header detection
[EQ][STDERR_BEFORE_GATE] Reached before gate check
[EQ][BEFORE_GATE] Reached before gate check
[EQ][TEST_INSERT] Added new debug output
[EQ][DEBUG_TEST] ======== DEBUG ENTRY ========
[EQ][DEBUG] Checking HT-SIG parse condition: d_sym_idx=48, kHtSig1Rel=5, d_have_ht_header=0
[EQ][DEBUG] valid flags: lltf0=1, lltf1=1, lsig=1, htsig0=1, htsig1=1
[EQ][WHILE_LOOP] iter consumed=3, d_sym_idx=49
[EQ][GATE_DETAIL] d_sym_idx=48, kHtSig1Rel=5, d_have_ht_header=0
[EQ][GATE_DETAIL] valid flags: lltf0=1 lltf1=1 lsig=1 htsig0=1 htsig1=1
[EQ][FLOW] abs=667 wifi_start=0 in_frame=1 sym_idx=49 consumed=3 produced=0
[EQ][PRE_EXTRACT] d_sym_idx=49, in_frame=1
[EQ][POST_EQUALIZE] d_sym_idx=49
[EQ][STDERR_DIRECT] Entering direct mixed-mode header detection
[EQ][IDX_CHECK] d_sym_idx=49, condition=0
[EQ][DIRECT_PATH] Entering direct mixed-mode header detection
[EQ][STDERR_BEFORE_GATE] Reached before gate check
[EQ][BEFORE_GATE] Reached before gate check
[EQ][TEST_INSERT] Added new debug output
[EQ][DEBUG_TEST] ======== DEBUG ENTRY ========
[EQ][DEBUG] Checking HT-SIG parse condition: d_sym_idx=49, kHtSig1Rel=5, d_have_ht_header=0
[EQ][DEBUG] valid flags: lltf0=1, lltf1=1, lsig=1, htsig0=1, htsig1=1
[EQ][WHILE_LOOP] iter consumed=4, d_sym_idx=50
[EQ][GATE_DETAIL] d_sym_idx=49, kHtSig1Rel=5, d_have_ht_header=0
[EQ][GATE_DETAIL] valid flags: lltf0=1 lltf1=1 lsig=1 htsig0=1 htsig1=1
[EQ][FLOW] abs=668 wifi_start=0 in_frame=1 sym_idx=50 consumed=4 produced=0
[EQ][PRE_EXTRACT] d_sym_idx=50, in_frame=1
[EQ][POST_EQUALIZE] d_sym_idx=50
[EQ][STDERR_DIRECT] Entering direct mixed-mode header detection
[EQ][IDX_CHECK] d_sym_idx=50, condition=0
[EQ][DIRECT_PATH] Entering direct mixed-mode header detection
[EQ][STDERR_BEFORE_GATE] Reached before gate check
[EQ][BEFORE_GATE] Reached before gate check
[EQ][TEST_INSERT] Added new debug output
[EQ][DEBUG_TEST] ======== DEBUG ENTRY ========
[EQ][DEBUG] Checking HT-SIG parse condition: d_sym_idx=50, kHtSig1Rel=5, d_have_ht_header=0
[EQ][DEBUG] valid flags: lltf0=1, lltf1=1, lsig=1, htsig0=1, htsig1=1
[EQ][WHILE_LOOP] iter consumed=5, d_sym_idx=51
[EQ][GATE_DETAIL] d_sym_idx=50, kHtSig1Rel=5, d_have_ht_header=0
[EQ][GATE_DETAIL] valid flags: lltf0=1 lltf1=1 lsig=1 htsig0=1 htsig1=1
[EQ][FLOW] abs=669 wifi_start=0 in_frame=1 sym_idx=51 consumed=5 produced=0
[EQ][PRE_EXTRACT] d_sym_idx=51, in_frame=1
[EQ][POST_EQUALIZE] d_sym_idx=51
[EQ][STDERR_DIRECT] Entering direct mixed-mode header detection
[EQ][IDX_CHECK] d_sym_idx=51, condition=0
[EQ][DIRECT_PATH] Entering direct mixed-mode header detection
[EQ][STDERR_BEFORE_GATE] Reached before gate check
[EQ][BEFORE_GATE] Reached before gate check
[EQ][TEST_INSERT] Added new debug output
[EQ][DEBUG_TEST] ======== DEBUG ENTRY ========
[EQ][DEBUG] Checking HT-SIG parse condition: d_sym_idx=51, kHtSig1Rel=5, d_have_ht_header=0
[EQ][DEBUG] valid flags: lltf0=1, lltf1=1, lsig=1, htsig0=1, htsig1=1
[EQ][WHILE_LOOP] iter consumed=6, d_sym_idx=52
[EQ][GATE_DETAIL] d_sym_idx=51, kHtSig1Rel=5, d_have_ht_header=0
[EQ][GATE_DETAIL] valid flags: lltf0=1 lltf1=1 lsig=1 htsig0=1 htsig1=1
[EQ][FLOW] abs=670 wifi_start=0 in_frame=1 sym_idx=52 consumed=6 produced=0
[EQ][PRE_EXTRACT] d_sym_idx=52, in_frame=1
[EQ][POST_EQUALIZE] d_sym_idx=52
[EQ][IDX_CHECK] d_sym_idx=52, condition=0
sync_long :info: LONG: frame start at 41
[EQ][STDERR_DIRECT] Entering direct mixed-mode header detection
[EQ][DIRECT_PATH] Entering direct mixed-mode header detection
[EQ][STDERR_BEFORE_GATE] Reached before gate check
[EQ][BEFORE_GATE] Reached before gate check
[EQ][TEST_INSERT] Added new debug output
[EQ][DEBUG_TEST] ======== DEBUG ENTRY ========
[EQ][DEBUG] Checking HT-SIG parse condition: d_sym_idx=52, kHtSig1Rel=5, d_have_ht_header=0
[EQ][DEBUG] valid flags: lltf0=1, lltf1=1, lsig=1, htsig0=1, htsig1=1
[EQ][GATE_DETAIL] d_sym_idx=52, kHtSig1Rel=5, d_have_ht_header=0
[EQ][GATE_DETAIL] valid flags: lltf0=1 lltf1=1 lsig=1 htsig0=1 htsig1=1
produced : 0 consumed: 320
[SYNC-LONG] general_work: ninput[0]=1247 ninput[1]=1567 noutput=1024 state=1
LONG ninput[0] 1247   ninput[1] 1567  noutput 1024   state 1
produced : 120 consumed: 161
[SYNC-LONG] general_work: ninput[0]=1086 ninput[1]=1406 noutput=1024 state=1
LONG ninput[0] 1086   ninput[1] 1406  noutput 1024   state 1
[SYNC-LONG] Received wifi_start tag: freq_offset=0.027 offset=59411 nread=59411
LONG: ignore retrigger tag during COPY nread=59411 d_count=120 guard=3072 tag_offset=59411

----------------------------------------------------------------------
Tag Debug: 
Input Stream: 00
  Offset: 42944  Source: sync_long     Key: wifi_start   Value: -0.19635
----------------------------------------------------------------------
produced : 862 consumed: 1086
[EQ][ENTER] general_work called nin=1 nout=32
[EQ][TAG] wifi_start at offset=671 freq_offset=-0.196350
[EQ][WHILE_ENTER] consumed=0, n_in=1
[EQ][WHILE_LOOP] iter consumed=0, d_sym_idx=53

----------------------------------------------------------------------
Tag Debug: eq_in_tagdbg
Input Stream: 00
  Offset: 671  Source: sync_long     Key: wifi_start   Value: -0.19635
----------------------------------------------------------------------
[EQ][FLOW] abs=671 wifi_start=1 in_frame=1 sym_idx=53 consumed=0 produced=0
[EQ][FLOW] frame-takeover abs=671 allow=1
[EQ][PRE_EXTRACT] d_sym_idx=0, in_frame=1
[EXTRACT_CALL] sym_idx=0, type=OTHER
[EQ][IDX_CHECK] d_sym_idx=0, condition=1
[EQ][VALID_SET] d_sym_idx=0, valid=1
[EQ][SYM_IDX] sym_idx=0, type=UNKNOWN
[EQ][POST_EQUALIZE] d_sym_idx=0
[EQ][RAW_BITS] sym_idx=0 bits52=0000000000000000000000000000000000000000000000000000
[EQ][STDERR_DIRECT] Entering direct mixed-mode header detection
[EQ][DIRECT_PATH] Entering direct mixed-mode header detection
[EQ][STDERR_BEFORE_GATE] Reached before gate check
[EQ][BEFORE_GATE] Reached before gate check
[EQ][TEST_INSERT] Added new debug output
[EQ][DEBUG_TEST] ======== DEBUG ENTRY ========
[EQ][DEBUG] Checking HT-SIG parse condition: d_sym_idx=0, kHtSig1Rel=5, d_have_ht_header=0
[EQ][DEBUG] valid flags: lltf0=0, lltf1=0, lsig=0, htsig0=0, htsig1=0
[EQ][ENTER] general_work called nin=14 nout=512
[EQ][GATE_DETAIL] d_sym_idx=0, kHtSig1Rel=5, d_have_ht_header=0
[EQ][GATE_DETAIL] valid flags: lltf0=0 lltf1=0 lsig=0 htsig0=0 htsig1=0
[EQ][WHILE_ENTER] consumed=0, n_in=14
[EQ][WHILE_LOOP] iter consumed=0, d_sym_idx=1
[EQ][FLOW] abs=672 wifi_start=0 in_frame=1 sym_idx=1 consumed=0 produced=0
[EQ][PRE_EXTRACT] d_sym_idx=1, in_frame=1
[EXTRACT_CALL] sym_idx=1, type=L-LTF0
[EQ][IDX_CHECK] d_sym_idx=1, condition=1
[EQ][VALID_SET] d_sym_idx=1, valid=1
[EQ][SYM_IDX] sym_idx=1, type=L-LTF0
[EQ][POST_EQUALIZE] d_sym_idx=1
[EQ][RAW_BITS] sym_idx=1 bits52=0000000000000000000000000000000000000000000000000000
[EQ][STDERR_DIRECT] Entering direct mixed-mode header detection
[EQ][DIRECT_PATH] Entering direct mixed-mode header detection
[EQ][STDERR_BEFORE_GATE] Reached before gate check
[EQ][BEFORE_GATE] Reached before gate check
[EQ][TEST_INSERT] Added new debug output
[EQ][DEBUG_TEST] ======== DEBUG ENTRY ========
[EQ][DEBUG] Checking HT-SIG parse condition: d_sym_idx=1, kHtSig1Rel=5, d_have_ht_header=0
[EQ][DEBUG] valid flags: lltf0=1, lltf1=0, lsig=0, htsig0=0, htsig1=0
[EQ][WHILE_LOOP] iter consumed=1, d_sym_idx=2
[EQ][GATE_DETAIL] d_sym_idx=1, kHtSig1Rel=5, d_have_ht_header=0
[EQ][GATE_DETAIL] valid flags: lltf0=1 lltf1=0 lsig=0 htsig0=0 htsig1=0
[EQ][FLOW] abs=673 wifi_start=0 in_frame=1 sym_idx=2 consumed=1 produced=0
[EQ][PRE_EXTRACT] d_sym_idx=2, in_frame=1
[EXTRACT_CALL] sym_idx=2, type=L-LTF1
[EQ][IDX_CHECK] d_sym_idx=2, condition=1
[EQ][VALID_SET] d_sym_idx=2, valid=1
[EQ][SYM_IDX] sym_idx=2, type=L-LTF1
[EQ][POST_EQUALIZE] d_sym_idx=2
[EQ][RAW_BITS] sym_idx=2 bits52=0111110100110110000000111010011010101100011010101111
[EQ][STDERR_DIRECT] Entering direct mixed-mode header detection
[EQ][DIRECT_PATH] Entering direct mixed-mode header detection
[EQ][STDERR_BEFORE_GATE] Reached before gate check
[EQ][BEFORE_GATE] Reached before gate check
[EQ][TEST_INSERT] Added new debug output
[EQ][DEBUG_TEST] ======== DEBUG ENTRY ========
[EQ][DEBUG] Checking HT-SIG parse condition: d_sym_idx=2, kHtSig1Rel=5, d_have_ht_header=0
[EQ][DEBUG] valid flags: lltf0=1, lltf1=1, lsig=0, htsig0=0, htsig1=0
[EQ][WHILE_LOOP] iter consumed=2, d_sym_idx=3
[EQ][GATE_DETAIL] d_sym_idx=2, kHtSig1Rel=5, d_have_ht_header=0
[EQ][GATE_DETAIL] valid flags: lltf0=1 lltf1=1 lsig=0 htsig0=0 htsig1=0
[EQ][FLOW] abs=674 wifi_start=0 in_frame=1 sym_idx=3 consumed=2 produced=0
[EQ][PRE_EXTRACT] d_sym_idx=3, in_frame=1
[EXTRACT_CALL] sym_idx=3, type=L-SIG
[EQ][IDX_CHECK] d_sym_idx=3, condition=1
[EQ][VALID_SET] d_sym_idx=3, valid=1
[EQ][SYM_IDX] sym_idx=3, type=L-SIG
[EQ][POST_EQUALIZE] d_sym_idx=3
[EQ][RAW_BITS] sym_idx=3 bits52=0000111110101110101101010011011001010001111110001000
[EQ][STDERR_DIRECT] Entering direct mixed-mode header detection
[EQ][DIRECT_PATH] Entering direct mixed-mode header detection
[EQ][STDERR_BEFORE_GATE] Reached before gate check
[EQ][BEFORE_GATE] Reached before gate check
[EQ][GATE] sym=3 want_htsig1=5 valid={lltf0=1 lltf1=1 lsig=1 htsig0=0 htsig1=0} have_ht=0
[EQ][TEST_INSERT] Added new debug output
[EQ][DEBUG_TEST] ======== DEBUG ENTRY ========
[EQ][DEBUG] Checking HT-SIG parse condition: d_sym_idx=3, kHtSig1Rel=5, d_have_ht_header=0
[EQ][DEBUG] valid flags: lltf0=1, lltf1=1, lsig=1, htsig0=0, htsig1=0
[EQ][WHILE_LOOP] iter consumed=3, d_sym_idx=4
[EQ][GATE_DETAIL] d_sym_idx=3, kHtSig1Rel=5, d_have_ht_header=0
[EQ][GATE_DETAIL] valid flags: lltf0=1 lltf1=1 lsig=1 htsig0=0 htsig1=0
[EQ][FLOW] abs=675 wifi_start=0 in_frame=1 sym_idx=4 consumed=3 produced=0
[EQ][PRE_EXTRACT] d_sym_idx=4, in_frame=1
[EXTRACT_CALL] sym_idx=4, type=HT-SIG0
[EQ][IDX_CHECK] d_sym_idx=4, condition=1
[EQ][VALID_SET] d_sym_idx=4, valid=1
[EQ][SYM_IDX] sym_idx=4, type=HT-SIG0
[EQ][POST_EQUALIZE] d_sym_idx=4
[EQ][RAW_BITS] sym_idx=4 bits52=1111000001110100110010101100100110101110001000100111
[EQ][STDERR_DIRECT] Entering direct mixed-mode header detection
[EQ][DIRECT_PATH] Entering direct mixed-mode header detection
[EQ][STDERR_BEFORE_GATE] Reached before gate check
[EQ][BEFORE_GATE] Reached before gate check
[EQ][GATE] sym=4 want_htsig1=5 valid={lltf0=1 lltf1=1 lsig=1 htsig0=1 htsig1=0} have_ht=0
[EQ][TEST_INSERT] Added new debug output
[EQ][DEBUG_TEST] ======== DEBUG ENTRY ========
[EQ][DEBUG] Checking HT-SIG parse condition: d_sym_idx=4, kHtSig1Rel=5, d_have_ht_header=0
[EQ][DEBUG] valid flags: lltf0=1, lltf1=1, lsig=1, htsig0=1, htsig1=0
[EQ][WHILE_LOOP] iter consumed=4, d_sym_idx=5
[EQ][GATE_DETAIL] d_sym_idx=4, kHtSig1Rel=5, d_have_ht_header=0
[EQ][GATE_DETAIL] valid flags: lltf0=1 lltf1=1 lsig=1 htsig0=1 htsig1=0
[EQ][FLOW] abs=676 wifi_start=0 in_frame=1 sym_idx=5 consumed=4 produced=0
[EQ][PRE_EXTRACT] d_sym_idx=5, in_frame=1
[EXTRACT_CALL] sym_idx=5, type=HT-SIG1
[EQ][IDX_CHECK] d_sym_idx=5, condition=1
[EQ][VALID_SET] d_sym_idx=5, valid=1
[EQ][SYM_IDX] sym_idx=5, type=HT-SIG1
[EQ][POST_EQUALIZE] d_sym_idx=5
[EQ][RAW_BITS] sym_idx=5 bits52=1111010011000000000001101001011111101101010100010011
[EQ][STDERR_DIRECT] Entering direct mixed-mode header detection
[EQ][DIRECT_PATH] Entering direct mixed-mode header detection
[EQ][STDERR_BEFORE_GATE] Reached before gate check
[EQ][BEFORE_GATE] Reached before gate check
[EQ][GATE] sym=5 want_htsig1=5 valid={lltf0=1 lltf1=1 lsig=1 htsig0=1 htsig1=1} have_ht=0
[EQ][TEST_INSERT] Added new debug output
[EQ][DEBUG_TEST] ======== DEBUG ENTRY ========
[EQ][DEBUG] Checking HT-SIG parse condition: d_sym_idx=5, kHtSig1Rel=5, d_have_ht_header=0
[EQ][DEBUG] valid flags: lltf0=1, lltf1=1, lsig=1, htsig0=1, htsig1=1
[EQ][GATE_DETAIL] d_sym_idx=5, kHtSig1Rel=5, d_have_ht_header=0
[EQ][GATE_DETAIL] valid flags: lltf0=1 lltf1=1 lsig=1 htsig0=1 htsig1=1
[EQ][DEBUG_BLOCK] ENTERING HT-SIG PARSE BLOCK
[RX][LLTF-DBG] L-LTF0 valid=1, L-LTF1 valid=1
[RX][LLTF-DBG] L-LTF0 avg_mag=8.3641, L-LTF1 avg_mag=8.3649
[RX][LLTF-DBG] L-LTF0[0:3]: 0.027∠0.105 0.026∠0.326 8.865∠1.961 8.893∠1.471 
[RX][LLTF-DBG] L-LTF1[0:3]: 0.020∠-1.229 0.018∠-1.071 8.877∠-1.178 8.886∠-1.668 
[CHAN_EST][DEBUG] L-LTF0 average magnitude: 8.3641
[CHAN_EST][DEBUG] L-LTF1 average magnitude: 8.3649
[CHAN_EST][LLTF_COMPARE] First 20 data subcarriers:
  i=0 sc=-26: expected=1, avg=0.017+-0.008i (mag=0.019, phase=-0.451), received0=0.027+0.003i received1=0.007+-0.019i
  i=1 sc=-25: expected=1, avg=0.017+-0.004i (mag=0.017, phase=-0.234), received0=0.024+0.008i received1=0.009+-0.016i
  i=2 sc=-24: expected=-1, avg=0.015+-0.000i (mag=0.015, phase=-0.027), received0=-3.371+8.199i received1=3.401+-8.200i
  i=3 sc=-23: expected=-1, avg=0.013+0.002i (mag=0.013, phase=0.156), received0=0.886+8.848i received1=-0.860+-8.844i
  i=4 sc=-22: expected=1, avg=0.011+0.004i (mag=0.011, phase=0.323), received0=-4.918+-7.363i received1=4.939+7.370i
  i=5 sc=-20: expected=-1, avg=0.007+0.005i (mag=0.009, phase=0.558), received0=8.883+0.014i received1=-8.868+-0.005i
  i=6 sc=-19: expected=1, avg=0.006+0.005i (mag=0.008, phase=0.654), received0=7.832+-4.171i received1=-7.819+4.180i
  i=7 sc=-18: expected=-1, avg=-4.925+7.382i (mag=8.874, phase=2.159), received0=-4.927+7.389i received1=-4.922+7.375i
  i=8 sc=-17: expected=1, avg=0.875+-8.826i (mag=8.870, phase=-1.472), received0=0.872+-8.820i received1=0.877+-8.833i
  i=9 sc=-16: expected=1, avg=3.400+8.206i (mag=8.883, phase=1.178), received0=3.398+8.212i received1=3.403+8.201i
  i=10 sc=-15: expected=1, avg=0.003+0.005i (mag=0.006, phase=1.056), received0=-6.862+-5.622i received1=6.868+5.632i
  i=11 sc=-14: expected=1, avg=-8.702+-1.727i (mag=8.871, phase=-2.946), received0=-8.705+-1.722i received1=-8.699+-1.732i
  i=12 sc=-13: expected=1, avg=-8.489+2.580i (mag=8.873, phase=2.847), received0=-8.493+2.584i received1=-8.486+2.576i
  i=13 sc=-12: expected=1, avg=0.001+0.004i (mag=0.005, phase=1.270), received0=-6.278+6.283i received1=6.281+-6.275i
  i=14 sc=-11: expected=-1, avg=-2.576+8.499i (mag=8.881, phase=1.865), received0=-2.580+8.502i received1=-2.572+8.495i
  i=15 sc=-10: expected=-1, avg=1.733+8.710i (mag=8.881, phase=1.374), received0=1.729+8.713i received1=1.736+8.707i
  i=16 sc=-9: expected=1, avg=0.001+0.004i (mag=0.004, phase=1.311), received0=-5.632+-6.854i received1=5.634+6.862i
  i=17 sc=-8: expected=1, avg=0.001+0.004i (mag=0.004, phase=1.331), received0=-8.200+-3.390i received1=8.202+3.398i
  i=18 sc=-6: expected=1, avg=0.001+0.004i (mag=0.004, phase=1.445), received0=7.378+-4.926i received1=-7.377+4.935i
  i=19 sc=-5: expected=-1, avg=-4.184+7.833i (mag=8.881, phase=2.061), received0=-4.188+7.834i received1=-4.181+7.832i
[CHAN_EST] Average channel magnitude: 3.9302
[CHAN_EST] Channel magnitude range: [0.0039, 8.8870]
[CHAN_EST] Channel phase range: [-2.986, 3.129] rad
[CHAN_EST] Zero magnitude subcarriers: 0/52
[CHAN_EST][SC0] H=0.017+-0.008i, mag=0.019, phase=-0.451
[CHAN_EST][SC1] H=0.017+-0.004i, mag=0.017, phase=-0.234
[CHAN_EST][SC2] H=-0.015+0.000i, mag=0.015, phase=3.114
[CHAN_EST][SC3] H=-0.013+-0.002i, mag=0.013, phase=-2.986
[CHAN_EST][SC4] H=0.011+0.004i, mag=0.011, phase=0.323
[CHAN_EST][SC5] H=-0.007+-0.005i, mag=0.009, phase=-2.584
[CHAN_EST][SC6] H=0.006+0.005i, mag=0.008, phase=0.654
[CHAN_EST][SC7] H=4.925+-7.382i, mag=8.874, phase=-0.983
[CHAN_EST][SC8] H=0.875+-8.826i, mag=8.870, phase=-1.472
[CHAN_EST][SC9] H=3.400+8.206i, mag=8.883, phase=1.178
[EQ_HEADER] CPE estimate: -2.376 rad, rot=-0.721+0.693i
[EQ_HEADER][WARNING] Weak channel at SC-26 (idx=0): H_mag=0.0188, skipping
[EQ_HEADER][WARNING] Weak channel at SC-25 (idx=1): H_mag=0.0170, skipping
[EQ_HEADER][WARNING] Weak channel at SC-24 (idx=2): H_mag=0.0151, skipping
[EQ_HEADER][WARNING] Weak channel at SC-23 (idx=3): H_mag=0.0132, skipping
[EQ_HEADER][WARNING] Weak channel at SC-22 (idx=4): H_mag=0.0114, skipping
[EQ_HEADER][WARNING] Weak channel at SC-20 (idx=5): H_mag=0.0087, skipping
[EQ_HEADER][WARNING] Weak channel at SC-19 (idx=6): H_mag=0.0077, skipping
[EQ_HEADER][WARNING] Weak channel at SC-15 (idx=10): H_mag=0.0058, skipping
[EQ_HEADER][WARNING] Weak channel at SC-12 (idx=13): H_mag=0.0045, skipping
[EQ_HEADER][WARNING] Weak channel at SC-9 (idx=16): H_mag=0.0039, skipping
[EQ_HEADER][WARNING] Weak channel at SC-8 (idx=17): H_mag=0.0041, skipping
[EQ_HEADER][WARNING] Weak channel at SC-6 (idx=18): H_mag=0.0042, skipping
[EQ_HEADER][WARNING] Weak channel at SC-1 (idx=23): H_mag=0.0044, skipping
[EQ_HEADER][WARNING] Weak channel at SC2 (idx=25): H_mag=0.0046, skipping
[EQ_HEADER][WARNING] Weak channel at SC8 (idx=30): H_mag=0.0041, skipping
[EQ_HEADER][WARNING] Weak channel at SC9 (idx=31): H_mag=0.0042, skipping
[EQ_HEADER][WARNING] Weak channel at SC10 (idx=32): H_mag=0.0043, skipping
[EQ_HEADER][WARNING] Weak channel at SC12 (idx=34): H_mag=0.0050, skipping
[EQ_HEADER][WARNING] Weak channel at SC13 (idx=35): H_mag=0.0054, skipping
[EQ_HEADER][WARNING] Weak channel at SC15 (idx=37): H_mag=0.0059, skipping
[EQ_HEADER][WARNING] Weak channel at SC16 (idx=38): H_mag=0.0060, skipping
[EQ_HEADER][WARNING] Weak channel at SC17 (idx=39): H_mag=0.0060, skipping
[EQ_HEADER][WARNING] Weak channel at SC18 (idx=40): H_mag=0.0062, skipping
[EQ_HEADER][WARNING] Weak channel at SC19 (idx=41): H_mag=0.0065, skipping
[EQ_HEADER][WARNING] Weak channel at SC20 (idx=42): H_mag=0.0069, skipping
[EQ_HEADER][WARNING] Weak channel at SC24 (idx=45): H_mag=0.0108, skipping
[EQ_HEADER] Zero-magnitude H subcarriers: 0/48
[EQ_HEADER] Average RX magnitude: 8.3226
[EQ_HEADER] Average EQ magnitude: 0.4583
[EQ_HEADER] First 10 bits: 1111111101
[EQ_HEADER][SC0] rx=-0.025+0.020i, eq=0.000+0.000i, bit=1
[EQ_HEADER][SC1] rx=-0.026+0.013i, eq=0.000+0.000i, bit=1
[EQ_HEADER][SC2] rx=3.366+-8.179i, eq=0.000+0.000i, bit=1
[EQ_HEADER][SC3] rx=-0.893+-8.831i, eq=0.000+0.000i, bit=1
[EQ_HEADER][SC4] rx=-4.950+-7.378i, eq=0.000+0.000i, bit=1
[EQ_HEADER] CPE estimate: 1.531 rad, rot=0.040+-0.999i
[EQ_HEADER][WARNING] Weak channel at SC-26 (idx=0): H_mag=0.0188, skipping
[EQ_HEADER][WARNING] Weak channel at SC-25 (idx=1): H_mag=0.0170, skipping
[EQ_HEADER][WARNING] Weak channel at SC-24 (idx=2): H_mag=0.0151, skipping
[EQ_HEADER][WARNING] Weak channel at SC-23 (idx=3): H_mag=0.0132, skipping
[EQ_HEADER][WARNING] Weak channel at SC-22 (idx=4): H_mag=0.0114, skipping
[EQ_HEADER][WARNING] Weak channel at SC-20 (idx=5): H_mag=0.0087, skipping
[EQ_HEADER][WARNING] Weak channel at SC-19 (idx=6): H_mag=0.0077, skipping
[EQ_HEADER][WARNING] Weak channel at SC-15 (idx=10): H_mag=0.0058, skipping
[EQ_HEADER][WARNING] Weak channel at SC-12 (idx=13): H_mag=0.0045, skipping
[EQ_HEADER][WARNING] Weak channel at SC-9 (idx=16): H_mag=0.0039, skipping
[EQ_HEADER][WARNING] Weak channel at SC-8 (idx=17): H_mag=0.0041, skipping
[EQ_HEADER][WARNING] Weak channel at SC-6 (idx=18): H_mag=0.0042, skipping
[EQ_HEADER][WARNING] Weak channel at SC-1 (idx=23): H_mag=0.0044, skipping
[EQ_HEADER][WARNING] Weak channel at SC2 (idx=25): H_mag=0.0046, skipping
[EQ_HEADER][WARNING] Weak channel at SC8 (idx=30): H_mag=0.0041, skipping
[EQ_HEADER][WARNING] Weak channel at SC9 (idx=31): H_mag=0.0042, skipping
[EQ_HEADER][WARNING] Weak channel at SC10 (idx=32): H_mag=0.0043, skipping
[EQ_HEADER][WARNING] Weak channel at SC12 (idx=34): H_mag=0.0050, skipping
[EQ_HEADER][WARNING] Weak channel at SC13 (idx=35): H_mag=0.0054, skipping
[EQ_HEADER][WARNING] Weak channel at SC15 (idx=37): H_mag=0.0059, skipping
[EQ_HEADER][WARNING] Weak channel at SC16 (idx=38): H_mag=0.0060, skipping
[EQ_HEADER][WARNING] Weak channel at SC17 (idx=39): H_mag=0.0060, skipping
[EQ_HEADER][WARNING] Weak channel at SC18 (idx=40): H_mag=0.0062, skipping
[EQ_HEADER][WARNING] Weak channel at SC19 (idx=41): H_mag=0.0065, skipping
[EQ_HEADER][WARNING] Weak channel at SC20 (idx=42): H_mag=0.0069, skipping
[EQ_HEADER][WARNING] Weak channel at SC24 (idx=45): H_mag=0.0108, skipping
[EQ_HEADER] Zero-magnitude H subcarriers: 0/48
[EQ_HEADER] Average RX magnitude: 8.3208
[EQ_HEADER] Average EQ magnitude: 0.4582
[EQ_HEADER] First 10 bits: 1111111111
[EQ_HEADER][SC0] rx=0.004+0.001i, eq=0.000+0.000i, bit=1
[EQ_HEADER][SC1] rx=0.003+0.003i, eq=0.000+0.000i, bit=1
[EQ_HEADER][SC2] rx=-3.389+8.191i, eq=0.000+0.000i, bit=1
[EQ_HEADER][SC3] rx=0.871+8.839i, eq=0.000+0.000i, bit=1
[EQ_HEADER][SC4] rx=4.929+7.383i, eq=0.000+0.000i, bit=1
[EQ_HEADER] CPE estimate: 2.001 rad, rot=-0.417+-0.909i
[EQ_HEADER][WARNING] Weak channel at SC-26 (idx=0): H_mag=0.0188, skipping
[EQ_HEADER][WARNING] Weak channel at SC-25 (idx=1): H_mag=0.0170, skipping
[EQ_HEADER][WARNING] Weak channel at SC-24 (idx=2): H_mag=0.0151, skipping
[EQ_HEADER][WARNING] Weak channel at SC-23 (idx=3): H_mag=0.0132, skipping
[EQ_HEADER][WARNING] Weak channel at SC-22 (idx=4): H_mag=0.0114, skipping
[EQ_HEADER][WARNING] Weak channel at SC-20 (idx=5): H_mag=0.0087, skipping
[EQ_HEADER][WARNING] Weak channel at SC-19 (idx=6): H_mag=0.0077, skipping
[EQ_HEADER][WARNING] Weak channel at SC-15 (idx=10): H_mag=0.0058, skipping
[EQ_HEADER][WARNING] Weak channel at SC-12 (idx=13): H_mag=0.0045, skipping
[EQ_HEADER][WARNING] Weak channel at SC-9 (idx=16): H_mag=0.0039, skipping
[EQ_HEADER][WARNING] Weak channel at SC-8 (idx=17): H_mag=0.0041, skipping
[EQ_HEADER][WARNING] Weak channel at SC-6 (idx=18): H_mag=0.0042, skipping
[EQ_HEADER][WARNING] Weak channel at SC-1 (idx=23): H_mag=0.0044, skipping
[EQ_HEADER][WARNING] Weak channel at SC2 (idx=25): H_mag=0.0046, skipping
[EQ_HEADER][WARNING] Weak channel at SC8 (idx=30): H_mag=0.0041, skipping
[EQ_HEADER][WARNING] Weak channel at SC9 (idx=31): H_mag=0.0042, skipping
[EQ_HEADER][WARNING] Weak channel at SC10 (idx=32): H_mag=0.0043, skipping
[EQ_HEADER][WARNING] Weak channel at SC12 (idx=34): H_mag=0.0050, skipping
[EQ_HEADER][WARNING] Weak channel at SC13 (idx=35): H_mag=0.0054, skipping
[EQ_HEADER][WARNING] Weak channel at SC15 (idx=37): H_mag=0.0059, skipping
[EQ_HEADER][WARNING] Weak channel at SC16 (idx=38): H_mag=0.0060, skipping
[EQ_HEADER][WARNING] Weak channel at SC17 (idx=39): H_mag=0.0060, skipping
[EQ_HEADER][WARNING] Weak channel at SC18 (idx=40): H_mag=0.0062, skipping
[EQ_HEADER][WARNING] Weak channel at SC19 (idx=41): H_mag=0.0065, skipping
[EQ_HEADER][WARNING] Weak channel at SC20 (idx=42): H_mag=0.0069, skipping
[EQ_HEADER][WARNING] Weak channel at SC24 (idx=45): H_mag=0.0108, skipping
[EQ_HEADER] Zero-magnitude H subcarriers: 0/48
[EQ_HEADER] Average RX magnitude: 8.0254
[EQ_HEADER] Average EQ magnitude: 0.4161
[EQ_HEADER] First 10 bits: 1111111011
[EQ_HEADER][SC0] rx=1.426+1.663i, eq=0.000+0.000i, bit=1
[EQ_HEADER][SC1] rx=1.078+2.222i, eq=0.000+0.000i, bit=1
[EQ_HEADER][SC2] rx=-2.890+10.845i, eq=0.000+0.000i, bit=1
[EQ_HEADER][SC3] rx=-1.105+-5.938i, eq=0.000+0.000i, bit=1
[EQ_HEADER][SC4] rx=3.877+10.273i, eq=0.000+0.000i, bit=1
[RX][CHAN-EST] Hhdr52: avg_mag=3.9302 avg_phase=-2.3652 rad phase_var=2.0909
[RX][CHAN-EST] Hhdr52[0:5]: 0.019∠-0.451 0.017∠-0.234 0.015∠3.114 0.013∠-2.986 0.011∠0.323 0.009∠-2.584 
[RX][HDRDBG] rel=3 raw48=001000101000011100010111001001001111110000111001
[RX][HDRDBG] rel=3 eq48 =111111110110010111101011011001111011111111111101
[RX][HDRDBG] rel=3 deintl48=111110111101111101111111001111111001001111010111
[RX][HDRDBG] rel=3 bit-errors: raw->eq=25 eq->deintl=18
[RX][HDRDBG] rel=4 raw48=110111011110111011100000100110110000001101010010
[RX][HDRDBG] rel=4 eq48 =111111111111011111101011011001111011111111101101
[RX][HDRDBG] rel=4 deintl48=111110111101111101111111101111111100001111110111
[RX][HDRDBG] rel=4 bit-errors: raw->eq=26 eq->deintl=18
[RX][HDRDBG] rel=5 raw48=110011110011110111011001111000100000100010011111
[RX][HDRDBG] rel=5 eq48 =111111101111111111110101111000111111111111111111
[RX][HDRDBG] rel=5 deintl48=111111111111101111101011111111111101101101111111
[RX][HDRDBG] rel=5 bit-errors: raw->eq=19 eq->deintl=12
[EQ_HEADER] CPE estimate: -2.376 rad, rot=-0.721+0.693i
[EQ_HEADER][WARNING] Weak channel at SC-26 (idx=0): H_mag=0.0188, skipping
[EQ_HEADER][WARNING] Weak channel at SC-25 (idx=1): H_mag=0.0170, skipping
[EQ_HEADER][WARNING] Weak channel at SC-24 (idx=2): H_mag=0.0151, skipping
[EQ_HEADER][WARNING] Weak channel at SC-23 (idx=3): H_mag=0.0132, skipping
[EQ_HEADER][WARNING] Weak channel at SC-22 (idx=4): H_mag=0.0114, skipping
[EQ_HEADER][WARNING] Weak channel at SC-20 (idx=5): H_mag=0.0087, skipping
[EQ_HEADER][WARNING] Weak channel at SC-19 (idx=6): H_mag=0.0077, skipping
[EQ_HEADER][WARNING] Weak channel at SC-15 (idx=10): H_mag=0.0058, skipping
[EQ_HEADER][WARNING] Weak channel at SC-12 (idx=13): H_mag=0.0045, skipping
[EQ_HEADER][WARNING] Weak channel at SC-9 (idx=16): H_mag=0.0039, skipping
[EQ_HEADER][WARNING] Weak channel at SC-8 (idx=17): H_mag=0.0041, skipping
[EQ_HEADER][WARNING] Weak channel at SC-6 (idx=18): H_mag=0.0042, skipping
[EQ_HEADER][WARNING] Weak channel at SC-1 (idx=23): H_mag=0.0044, skipping
[EQ_HEADER][WARNING] Weak channel at SC2 (idx=25): H_mag=0.0046, skipping
[EQ_HEADER][WARNING] Weak channel at SC8 (idx=30): H_mag=0.0041, skipping
[EQ_HEADER][WARNING] Weak channel at SC9 (idx=31): H_mag=0.0042, skipping
[EQ_HEADER][WARNING] Weak channel at SC10 (idx=32): H_mag=0.0043, skipping
[EQ_HEADER][WARNING] Weak channel at SC12 (idx=34): H_mag=0.0050, skipping
[EQ_HEADER][WARNING] Weak channel at SC13 (idx=35): H_mag=0.0054, skipping
[EQ_HEADER][WARNING] Weak channel at SC15 (idx=37): H_mag=0.0059, skipping
[EQ_HEADER][WARNING] Weak channel at SC16 (idx=38): H_mag=0.0060, skipping
[EQ_HEADER][WARNING] Weak channel at SC17 (idx=39): H_mag=0.0060, skipping
[EQ_HEADER][WARNING] Weak channel at SC18 (idx=40): H_mag=0.0062, skipping
[EQ_HEADER][WARNING] Weak channel at SC19 (idx=41): H_mag=0.0065, skipping
[EQ_HEADER][WARNING] Weak channel at SC20 (idx=42): H_mag=0.0069, skipping
[EQ_HEADER][WARNING] Weak channel at SC24 (idx=45): H_mag=0.0108, skipping
[EQ_HEADER] Zero-magnitude H subcarriers: 0/48
[EQ_HEADER] Average RX magnitude: 8.3226
[EQ_HEADER] Average EQ magnitude: 0.4583
[EQ_HEADER] First 10 bits: 1111111101
[EQ_HEADER][SC0] rx=-0.025+0.020i, eq=0.000+0.000i, bit=1
[EQ_HEADER][SC1] rx=-0.026+0.013i, eq=0.000+0.000i, bit=1
[EQ_HEADER][SC2] rx=3.366+-8.179i, eq=0.000+0.000i, bit=1
[EQ_HEADER][SC3] rx=-0.893+-8.831i, eq=0.000+0.000i, bit=1
[EQ_HEADER][SC4] rx=-4.950+-7.378i, eq=0.000+0.000i, bit=1
[EQ_HEADER] CPE estimate: -2.376 rad, rot=-0.721+0.693i
[EQ_HEADER][WARNING] Weak channel at SC-26 (idx=0): H_mag=0.0188, skipping
[EQ_HEADER][WARNING] Weak channel at SC-25 (idx=1): H_mag=0.0170, skipping
[EQ_HEADER][WARNING] Weak channel at SC-24 (idx=2): H_mag=0.0151, skipping
[EQ_HEADER][WARNING] Weak channel at SC-23 (idx=3): H_mag=0.0132, skipping
[EQ_HEADER][WARNING] Weak channel at SC-22 (idx=4): H_mag=0.0114, skipping
[EQ_HEADER][WARNING] Weak channel at SC-20 (idx=5): H_mag=0.0087, skipping
[EQ_HEADER][WARNING] Weak channel at SC-19 (idx=6): H_mag=0.0077, skipping
[EQ_HEADER][WARNING] Weak channel at SC-15 (idx=10): H_mag=0.0058, skipping
[EQ_HEADER][WARNING] Weak channel at SC-12 (idx=13): H_mag=0.0045, skipping
[EQ_HEADER][WARNING] Weak channel at SC-9 (idx=16): H_mag=0.0039, skipping
[EQ_HEADER][WARNING] Weak channel at SC-8 (idx=17): H_mag=0.0041, skipping
[EQ_HEADER][WARNING] Weak channel at SC-6 (idx=18): H_mag=0.0042, skipping
[EQ_HEADER][WARNING] Weak channel at SC-1 (idx=23): H_mag=0.0044, skipping
[EQ_HEADER][WARNING] Weak channel at SC2 (idx=25): H_mag=0.0046, skipping
[EQ_HEADER][WARNING] Weak channel at SC8 (idx=30): H_mag=0.0041, skipping
[EQ_HEADER][WARNING] Weak channel at SC9 (idx=31): H_mag=0.0042, skipping
[EQ_HEADER][WARNING] Weak channel at SC10 (idx=32): H_mag=0.0043, skipping
[EQ_HEADER][WARNING] Weak channel at SC12 (idx=34): H_mag=0.0050, skipping
[EQ_HEADER][WARNING] Weak channel at SC13 (idx=35): H_mag=0.0054, skipping
[EQ_HEADER][WARNING] Weak channel at SC15 (idx=37): H_mag=0.0059, skipping
[EQ_HEADER][WARNING] Weak channel at SC16 (idx=38): H_mag=0.0060, skipping
[EQ_HEADER][WARNING] Weak channel at SC17 (idx=39): H_mag=0.0060, skipping
[EQ_HEADER][WARNING] Weak channel at SC18 (idx=40): H_mag=0.0062, skipping
[EQ_HEADER][WARNING] Weak channel at SC19 (idx=41): H_mag=0.0065, skipping
[EQ_HEADER][WARNING] Weak channel at SC20 (idx=42): H_mag=0.0069, skipping
[EQ_HEADER][WARNING] Weak channel at SC24 (idx=45): H_mag=0.0108, skipping
[EQ_HEADER] Zero-magnitude H subcarriers: 0/48
[EQ_HEADER] Average RX magnitude: 8.3226
[EQ_HEADER] Average EQ magnitude: 0.4583
[EQ_HEADER] First 10 bits: 1111111101
[EQ_HEADER][SC0] rx=-0.025+0.020i, eq=0.000+0.000i, bit=1
[EQ_HEADER][SC1] rx=-0.026+0.013i, eq=0.000+0.000i, bit=1
[EQ_HEADER][SC2] rx=3.366+-8.179i, eq=0.000+0.000i, bit=1
[EQ_HEADER][SC3] rx=-0.893+-8.831i, eq=0.000+0.000i, bit=1
[EQ_HEADER][SC4] rx=-4.950+-7.378i, eq=0.000+0.000i, bit=1
[EQ][HT-SIG][DEBUG] L-SIG bits (48): 000011111010111010110101001101100101000111111000
[EQ][HT-SIG][DEBUG] HT-SIG0 bits (48): 111100000111010011001010110010011010111000100010
[EQ][HT-SIG][DEBUG] HT-SIG1 bits (48): 111101001100000000000110100101111110110101010001
[EQ][HT-SIG] parse failed: lsig=3 htsig=4/5
[EQ][WHILE_LOOP] iter consumed=5, d_sym_idx=6
[EQ][FLOW] abs=677 wifi_start=0 in_frame=1 sym_idx=6 consumed=5 produced=0
[EQ][PRE_EXTRACT] d_sym_idx=6, in_frame=1
[EXTRACT_CALL] sym_idx=6, type=OTHER
[EQ][IDX_CHECK] d_sym_idx=6, condition=1
[EQ][VALID_SET] d_sym_idx=6, valid=1
[EQ][SYM_IDX] sym_idx=6, type=UNKNOWN
[EQ][POST_EQUALIZE] d_sym_idx=6
[EQ][RAW_BITS] sym_idx=6 bits52=0010000100111011111101010110101111100101110001000000
[EQ][STDERR_DIRECT] Entering direct mixed-mode header detection
[EQ][DIRECT_PATH] Entering direct mixed-mode header detection
[EQ][STDERR_BEFORE_GATE] Reached before gate check
[EQ][BEFORE_GATE] Reached before gate check
[EQ][GATE] sym=6 want_htsig1=5 valid={lltf0=1 lltf1=1 lsig=1 htsig0=1 htsig1=1} have_ht=0
[EQ][TEST_INSERT] Added new debug output
[EQ][DEBUG_TEST] ======== DEBUG ENTRY ========
[EQ][DEBUG] Checking HT-SIG parse condition: d_sym_idx=6, kHtSig1Rel=5, d_have_ht_header=0
[EQ][DEBUG] valid flags: lltf0=1, lltf1=1, lsig=1, htsig0=1, htsig1=1
[EQ][WHILE_LOOP] iter consumed=6, d_sym_idx=7
[EQ][GATE_DETAIL] d_sym_idx=6, kHtSig1Rel=5, d_have_ht_header=0
[EQ][GATE_DETAIL] valid flags: lltf0=1 lltf1=1 lsig=1 htsig0=1 htsig1=1
[EQ][FLOW] abs=678 wifi_start=0 in_frame=1 sym_idx=7 consumed=6 produced=0
[EQ][PRE_EXTRACT] d_sym_idx=7, in_frame=1
[EXTRACT_CALL] sym_idx=7, type=OTHER
[EQ][IDX_CHECK] d_sym_idx=7, condition=1
[EQ][VALID_SET] d_sym_idx=7, valid=1
[EQ][SYM_IDX] sym_idx=7, type=UNKNOWN
[EQ][POST_EQUALIZE] d_sym_idx=7
[EQ][RAW_BITS] sym_idx=7 bits52=1101010110011111001001111101110010000111110011000000
[EQ][STDERR_DIRECT] Entering direct mixed-mode header detection
[EQ][DIRECT_PATH] Entering direct mixed-mode header detection
[EQ][STDERR_BEFORE_GATE] Reached before gate check
[EQ][BEFORE_GATE] Reached before gate check
[EQ][TEST_INSERT] Added new debug output
[EQ][DEBUG_TEST] ======== DEBUG ENTRY ========
[EQ][DEBUG] Checking HT-SIG parse condition: d_sym_idx=7, kHtSig1Rel=5, d_have_ht_header=0
[EQ][DEBUG] valid flags: lltf0=1, lltf1=1, lsig=1, htsig0=1, htsig1=1
[EQ][WHILE_LOOP] iter consumed=7, d_sym_idx=8
[EQ][GATE_DETAIL] d_sym_idx=7, kHtSig1Rel=5, d_have_ht_header=0
[EQ][GATE_DETAIL] valid flags: lltf0=1 lltf1=1 lsig=1 htsig0=1 htsig1=1
[EQ][FLOW] abs=679 wifi_start=0 in_frame=1 sym_idx=8 consumed=7 produced=0
[EQ][PRE_EXTRACT] d_sym_idx=8, in_frame=1
[EQ][POST_EQUALIZE] d_sym_idx=8
[EQ][STDERR_DIRECT] Entering direct mixed-mode header detection
[EQ][IDX_CHECK] d_sym_idx=8, condition=0
[EQ][DIRECT_PATH] Entering direct mixed-mode header detection
[EQ][STDERR_BEFORE_GATE] Reached before gate check
[EQ][BEFORE_GATE] Reached before gate check
[EQ][TEST_INSERT] Added new debug output
[EQ][DEBUG_TEST] ======== DEBUG ENTRY ========
[EQ][DEBUG] Checking HT-SIG parse condition: d_sym_idx=8, kHtSig1Rel=5, d_have_ht_header=0
[EQ][DEBUG] valid flags: lltf0=1, lltf1=1, lsig=1, htsig0=1, htsig1=1
[EQ][WHILE_LOOP] iter consumed=8, d_sym_idx=9
[EQ][GATE_DETAIL] d_sym_idx=8, kHtSig1Rel=5, d_have_ht_header=0
[EQ][GATE_DETAIL] valid flags: lltf0=1 lltf1=1 lsig=1 htsig0=1 htsig1=1
[EQ][FLOW] abs=680 wifi_start=0 in_frame=1 sym_idx=9 consumed=8 produced=0
[EQ][PRE_EXTRACT] d_sym_idx=9, in_frame=1
[EQ][POST_EQUALIZE] d_sym_idx=9
[EQ][STDERR_DIRECT] Entering direct mixed-mode header detection
[EQ][IDX_CHECK] d_sym_idx=9, condition=0
[EQ][DIRECT_PATH] Entering direct mixed-mode header detection
[EQ][STDERR_BEFORE_GATE] Reached before gate check
[EQ][BEFORE_GATE] Reached before gate check
[EQ][TEST_INSERT] Added new debug output
[EQ][DEBUG_TEST] ======== DEBUG ENTRY ========
[EQ][DEBUG] Checking HT-SIG parse condition: d_sym_idx=9, kHtSig1Rel=5, d_have_ht_header=0
[EQ][DEBUG] valid flags: lltf0=1, lltf1=1, lsig=1, htsig0=1, htsig1=1
[EQ][WHILE_LOOP] iter consumed=9, d_sym_idx=10
[EQ][GATE_DETAIL] d_sym_idx=9, kHtSig1Rel=5, d_have_ht_header=0
[EQ][GATE_DETAIL] valid flags: lltf0=1 lltf1=1 lsig=1 htsig0=1 htsig1=1
[EQ][FLOW] abs=681 wifi_start=0 in_frame=1 sym_idx=10 consumed=9 produced=0
[EQ][PRE_EXTRACT] d_sym_idx=10, in_frame=1
[EQ][POST_EQUALIZE] d_sym_idx=10
[EQ][STDERR_DIRECT] Entering direct mixed-mode header detection
[EQ][IDX_CHECK] d_sym_idx=10, condition=0
[EQ][DIRECT_PATH] Entering direct mixed-mode header detection
[EQ][STDERR_BEFORE_GATE] Reached before gate check
[EQ][BEFORE_GATE] Reached before gate check
[EQ][TEST_INSERT] Added new debug output
[EQ][DEBUG_TEST] ======== DEBUG ENTRY ========
[EQ][DEBUG] Checking HT-SIG parse condition: d_sym_idx=10, kHtSig1Rel=5, d_have_ht_header=0
[EQ][DEBUG] valid flags: lltf0=1, lltf1=1, lsig=1, htsig0=1, htsig1=1
[EQ][WHILE_LOOP] iter consumed=10, d_sym_idx=11
[EQ][GATE_DETAIL] d_sym_idx=10, kHtSig1Rel=5, d_have_ht_header=0
[EQ][GATE_DETAIL] valid flags: lltf0=1 lltf1=1 lsig=1 htsig0=1 htsig1=1
[EQ][FLOW] abs=682 wifi_start=0 in_frame=1 sym_idx=11 consumed=10 produced=0
[EQ][PRE_EXTRACT] d_sym_idx=11, in_frame=1
[EQ][POST_EQUALIZE] d_sym_idx=11
[EQ][STDERR_DIRECT] Entering direct mixed-mode header detection
[EQ][IDX_CHECK] d_sym_idx=11, condition=0
[EQ][DIRECT_PATH] Entering direct mixed-mode header detection
[EQ][STDERR_BEFORE_GATE] Reached before gate check
[EQ][BEFORE_GATE] Reached before gate check
[EQ][TEST_INSERT] Added new debug output
[EQ][DEBUG_TEST] ======== DEBUG ENTRY ========
[EQ][DEBUG] Checking HT-SIG parse condition: d_sym_idx=11, kHtSig1Rel=5, d_have_ht_header=0
[EQ][DEBUG] valid flags: lltf0=1, lltf1=1, lsig=1, htsig0=1, htsig1=1
[EQ][WHILE_LOOP] iter consumed=11, d_sym_idx=12
[EQ][GATE_DETAIL] d_sym_idx=11, kHtSig1Rel=5, d_have_ht_header=0
[EQ][GATE_DETAIL] valid flags: lltf0=1 lltf1=1 lsig=1 htsig0=1 htsig1=1
[EQ][FLOW] abs=683 wifi_start=0 in_frame=1 sym_idx=12 consumed=11 produced=0
[EQ][PRE_EXTRACT] d_sym_idx=12, in_frame=1
[EQ][POST_EQUALIZE] d_sym_idx=12
[EQ][STDERR_DIRECT] Entering direct mixed-mode header detection
[EQ][IDX_CHECK] d_sym_idx=12, condition=0
[EQ][DIRECT_PATH] Entering direct mixed-mode header detection
[EQ][STDERR_BEFORE_GATE] Reached before gate check
[EQ][BEFORE_GATE] Reached before gate check
[EQ][TEST_INSERT] Added new debug output
[EQ][DEBUG_TEST] ======== DEBUG ENTRY ========
[EQ][DEBUG] Checking HT-SIG parse condition: d_sym_idx=12, kHtSig1Rel=5, d_have_ht_header=0
[EQ][DEBUG] valid flags: lltf0=1, lltf1=1, lsig=1, htsig0=1, htsig1=1
[EQ][WHILE_LOOP] iter consumed=12, d_sym_idx=13
[EQ][PRE_EXTRACT] d_sym_idx=13, in_frame=1
[EQ][POST_EQUALIZE] d_sym_idx=13
[EQ][STDERR_DIRECT] Entering direct mixed-mode header detection
[EQ][GATE_DETAIL] d_sym_idx=12, kHtSig1Rel=5, d_have_ht_header=0
[EQ][GATE_DETAIL] valid flags: lltf0=1 lltf1=1 lsig=1 htsig0=1 htsig1=1
[EQ][IDX_CHECK] d_sym_idx=13, condition=0
[EQ][DIRECT_PATH] Entering direct mixed-mode header detection
[EQ][STDERR_BEFORE_GATE] Reached before gate check
[EQ][BEFORE_GATE] Reached before gate check
[EQ][TEST_INSERT] Added new debug output
[EQ][DEBUG_TEST] ======== DEBUG ENTRY ========
[EQ][DEBUG] Checking HT-SIG parse condition: d_sym_idx=13, kHtSig1Rel=5, d_have_ht_header=0
[EQ][DEBUG] valid flags: lltf0=1, lltf1=1, lsig=1, htsig0=1, htsig1=1
[EQ][WHILE_LOOP] iter consumed=13, d_sym_idx=14
[EQ][PRE_EXTRACT] d_sym_idx=14, in_frame=1
[EQ][POST_EQUALIZE] d_sym_idx=14
[EQ][STDERR_DIRECT] Entering direct mixed-mode header detection
[EQ][GATE_DETAIL] d_sym_idx=13, kHtSig1Rel=5, d_have_ht_header=0
[EQ][GATE_DETAIL] valid flags: lltf0=1 lltf1=1 lsig=1 htsig0=1 htsig1=1
[EQ][IDX_CHECK] d_sym_idx=14, condition=0
[EQ][DIRECT_PATH] Entering direct mixed-mode header detection
[EQ][STDERR_BEFORE_GATE] Reached before gate check
[EQ][BEFORE_GATE] Reached before gate check
[EQ][TEST_INSERT] Added new debug output
[EQ][DEBUG_TEST] ======== DEBUG ENTRY ========
[EQ][DEBUG] Checking HT-SIG parse condition: d_sym_idx=14, kHtSig1Rel=5, d_have_ht_header=0
[EQ][DEBUG] valid flags: lltf0=1, lltf1=1, lsig=1, htsig0=1, htsig1=1
[EQ][GATE_DETAIL] d_sym_idx=14, kHtSig1Rel=5, d_have_ht_header=0
[EQ][GATE_DETAIL] valid flags: lltf0=1 lltf1=1 lsig=1 htsig0=1 htsig1=1
[MAPPER] handle_msg called
message_debug :info: The `print_pdu` port is deprecated and will be removed; forwarding to `print`.
[MAPPER] meta=***** VERBOSE PDU DEBUG PRINT ******
((encoding . 0) (crc_included . #t))
pdu length =         38 bytes
pdu vector contents = 
0000: 08 00 00 00 42 42 42 42 42 42 23 23 23 23 23 23 
0010: ff ff ff ff ff ff b0 01 78 78 78 78 78 78 78 78 
((encoding . 0) (crc_included . #t))
[MAPPER] meta fields: mcs=0 len=-1 psdu_len=-1
[MAPPER] using MCS=0
[MAPPER] HT mode enabled, effective MCS: 0
0020: 78 78 4b 04 11 78 
************************************
[TX][HTDATA0][PUNCTURED] bits52=1110011001010011100101101101100010000000100111010101
[TX][HTDATA0][INTERLEAVED] bits52=1000111111100100000110011111000001011100000111000101
[TX][HTDATA0] bits52=1000111111100100000110011111000001011100000111000101
[TX][PUNCTURED-ALL] nbits=676 first64=1110011001010011100101101101100010000000100111010101111001101001 last64=0110011001101101110000111101001001110000001101111100101111011111
[TX][INTERLEAVED-ALL] nbits=676 first64=1000111111100100000110011111000001011100000111000101111010111100 last64=0001100100001100100101001001101111110001001001110111111110111001
[TX][HTDATA0][PUNCTURED] keep existing first-frame reference /tmp/wifi_tx_punctured0_bits52.txt
[TX][HTDATA0][INTERLEAVED] keep existing first-frame reference /tmp/wifi_tx_interleaved0_bits52.txt
[TX][HTDATA0] keep existing first-frame reference /tmp/wifi_tx_data0_bits52.txt
[TX][PUNCTURED-ALL] keep existing first-frame reference /tmp/wifi_tx_punctured_all_bits.txt
[TX][INTERLEAVED-ALL] keep existing first-frame reference /tmp/wifi_tx_interleaved_all_bits.txt
[TX][PUNCTURED-ALL] updated /tmp/wifi_tx_punctured_all_bits.last.txt
[TX][INTERLEAVED-ALL] updated /tmp/wifi_tx_interleaved_all_bits.last.txt
[MAPPER] frame: ht_mode=1 psdu=38 n_sym=13 n_data_bits=338 n_encoded_bits=676 data_carriers=52 out_symbols=676
[HT-HEADER] general_work called ninput=676 noutput=32688
[TX][LSIG] raw24=110100110010000000000000
[TX][LSIG] enc48=110110001010100111001100100011011100000000000000
[TX][LSIG] intl48=110011011001000011010100011000000010011001100000
[TX][HTSIG] fields: mcs=0 len=38 bw40=0 agg=0 sgi=0 stbc=0 adv=0 nltf=0 crc=0x0d
[TX][HTSIG] raw48=000000000110010000000000000000000010110000000000
[TX][HTSIG] enc96=000000000000000000110110111100100011011100000000000000000000000000001110111001101110101100000000
[TX][HTSIG] intl96=000000111110010000000011100110000000000010011000000000011011110000000001100100000000001011101000
[TX][HTHDR][OUTBUF] lsig48=110011011001000011010100011000000010011001100000
[TX][HTHDR][OUTBUF] htsig1_48=000000111110010000000011100110000000000010011000
[TX][HTHDR][OUTBUF] htsig2_48=000000011011110000000001100100000000001011101000
[SYNC-SHORT] general_work called: noutput=16 ninput=2288 threshold=0.010 state=1
SHORT copied 16
[SYNC-LONG] general_work: ninput[0]=16 ninput[1]=336 noutput=16 state=1
LONG ninput[0] 16   ninput[1] 336  noutput 16   state 1
produced : 16 consumed: 16
[SYNC-SHORT] general_work called: noutput=2048 ninput=2272 threshold=0.010 state=1
sync_short :info: frame start at in: 60854 out: 61381
SHORT Frame!
SHORT copied 341
[SYNC-SHORT] general_work called: noutput=1024 ninput=1931 threshold=0.010 state=1
[SYNC-LONG] general_work: ninput[0]=341 ninput[1]=320 noutput=256 state=1
sync_short :info: frame start at in: 61335 out: 61862
LONG ninput[0] 341   ninput[1] 320  noutput 256   state 1
SHORT Frame!
SHORT copied 481
produced : 256 consumed: 320
[SYNC-SHORT] general_work called: noutput=1024 ninput=1450 threshold=0.010 state=1
[SYNC-LONG] general_work: ninput[0]=502 ninput[1]=341 noutput=256 state=1
LONG ninput[0] 502   ninput[1] 341  noutput 256   state 1
produced : 21 consumed: 21
sync_short :info: frame start at in: 61816 out: 62343
SHORT Frame!
SHORT copied 481
[SYNC-SHORT] general_work called: noutput=512 ninput=969 threshold=0.010 state=1
[SYNC-LONG] general_work: ninput[0]=962 ninput[1]=801 noutput=512 state=1
LONG ninput[0] 962   ninput[1] 801  noutput 512   state 1
[SYNC-LONG] Received wifi_start tag: freq_offset=-0.071 offset=60854 nread=60854
LONG: ignore retrigger tag during COPY nread=60854 d_count=1275 guard=3072 tag_offset=60854
[EQ][ENTER] general_work called nin=4 nout=128
sync_short :info: frame start at in: 62297 out: 62824
SHORT Frame!
[EQ][WHILE_ENTER] consumed=0, n_in=4
SHORT copied 481
[EQ][WHILE_LOOP] iter consumed=0, d_sym_idx=15
[SYNC-SHORT] general_work called: noutput=256 ninput=488 threshold=0.010 state=1
[EQ][FLOW] abs=686 wifi_start=0 in_frame=1 sym_idx=15 consumed=0 produced=0
[EQ][PRE_EXTRACT] d_sym_idx=15, in_frame=1
[EQ][POST_EQUALIZE] d_sym_idx=15
[EQ][STDERR_DIRECT] Entering direct mixed-mode header detection
[EQ][IDX_CHECK] d_sym_idx=15, condition=0
produced : 512 consumed: 640
[EQ][DIRECT_PATH] Entering direct mixed-mode header detection
[EQ][STDERR_BEFORE_GATE] Reached before gate check
[EQ][BEFORE_GATE] Reached before gate check
[SYNC-LONG] general_work: ninput[0]=803 ninput[1]=1026 noutput=512 state=1
LONG ninput[0] [EQ][TEST_INSERT] Added new debug output
803   ninput[1] 1026  noutput 512   state 1
SHORT copied 256
[SYNC-SHORT] general_work called: noutput=128 ninput=232 threshold=0.010 state=1
[EQ][DEBUG_TEST] ======== DEBUG ENTRY ========
[EQ][DEBUG] Checking HT-SIG parse condition: d_sym_idx=15, kHtSig1Rel=5, d_have_ht_header=0
[EQ][DEBUG] valid flags: lltf0=1, lltf1=1, lsig=1, htsig0=1, htsig1=1
produced : 258 consumed: 322
[EQ][WHILE_LOOP] iter consumed=1, d_sym_idx=16
[EQ][GATE_DETAIL] d_sym_idx=15, kHtSig1Rel=5, d_have_ht_header=0
[EQ][GATE_DETAIL] valid flags: lltf0=1 lltf1=1 lsig=1 htsig0=1 htsig1=1
[EQ][FLOW] abs=687 wifi_start=0 in_frame=1 sym_idx=16 consumed=1 produced=0
[EQ][PRE_EXTRACT] d_sym_idx=16, in_frame=1
SHORT copied 128
[EQ][POST_EQUALIZE] d_sym_idx=16
[SYNC-LONG] general_work: ninput[0]=737 ninput[1]=1057 noutput=512 state=1
[EQ][IDX_CHECK] d_sym_idx=16, condition=0
LONG ninput[0] 737   ninput[1] 1057  noutput 512   state 1
[SYNC-SHORT] general_work called: noutput=64 ninput=104 threshold=0.010 state=1
[SYNC-LONG] Received wifi_start tag: freq_offset=-0.104 offset=61816 nread=61816
LONG: ignore retrigger tag during COPY nread=61816 d_count=2045 guard=SHORT copied 64
[EQ][STDERR_DIRECT] Entering direct mixed-mode header detection
[EQ][DIRECT_PATH] Entering direct mixed-mode header detection
[EQ][STDERR_BEFORE_GATE] Reached before gate check
[EQ][BEFORE_GATE] Reached before gate check
[SYNC-SHORT] general_work called: noutput=16 ninput=40 threshold=0.010 state=1
[EQ][TEST_INSERT] Added new debug output
[EQ][DEBUG_TEST] ======== DEBUG ENTRY ========
[EQ][DEBUG] Checking HT-SIG parse condition: d_sym_idx=16, kHtSig1Rel=5, d_have_ht_header=0
[EQ][DEBUG] valid flags: lltf0=1, lltf1=1, lsig=1, htsig0=1, htsig1=1
3072 tag_offset=61816
[EQ][WHILE_LOOP] iter consumed=2, d_sym_idx=17
[EQ][GATE_DETAIL] d_sym_idx=16, kHtSig1Rel=5, d_have_ht_header=0
[EQ][GATE_DETAIL] valid flags: lltf0=1 lltf1=1 lsig=1 htsig0=1 htsig1=1
SHORT copied [EQ][FLOW] abs=688 wifi_start=0 in_frame=1 sym_idx=17 consumed=2 produced=0
16[EQ][PRE_EXTRACT] d_sym_idx=17, in_frame=1
[EQ][POST_EQUALIZE] d_sym_idx=17
[EQ][STDERR_DIRECT] Entering direct mixed-mode header detection
[EQ][IDX_CHECK] d_sym_idx=17, condition=0

[EQ][DIRECT_PATH] Entering direct mixed-mode header detection
produced : 512 consumed: 640
[SYNC-SHORT] general_work called: noutput=8 ninput=24 threshold=0.010 state=1
SHORT copied 8
[EQ][STDERR_BEFORE_GATE] Reached before gate check
[EQ][BEFORE_GATE] Reached before gate check
[SYNC-LONG] general_work: ninput[0]=313 ninput[1]=609 noutput=256 state=1
[EQ][TEST_INSERT] Added new debug output
[EQ][DEBUG_TEST] ======== DEBUG ENTRY ========
[EQ][DEBUG] Checking HT-SIG parse condition: d_sym_idx=17, kHtSig1Rel=5, d_have_ht_header=0
[EQ][DEBUG] valid flags: lltf0=1, lltf1=1, lsig=1, htsig0=1, htsig1=1
[EQ][WHILE_LOOP] iter consumed=3, d_sym_idx=18
[EQ][GATE_DETAIL] d_sym_idx=17, kHtSig1Rel=5, d_have_ht_header=0
[EQ][GATE_DETAIL] valid flags: lltf0=1 lltf1=1 lsig=1 htsig0=1 htsig1=1
[EQ][FLOW] abs=689 wifi_start=0 in_frame=1 sym_idx=18 consumed=3 produced=0
[EQ][PRE_EXTRACT] d_sym_idx=18, in_frame=1
[EQ][POST_EQUALIZE] d_sym_idx=18
[EQ][STDERR_DIRECT] Entering direct mixed-mode header detection
[EQ][IDX_CHECK] d_sym_idx=18, condition=0
[EQ][DIRECT_PATH] Entering direct mixed-mode header detection
[EQ][STDERR_BEFORE_GATE] Reached before gate check
LONG ninput[0] 313   ninput[1] 609  noutput 256   state 1
[EQ][BEFORE_GATE] Reached before gate check
[EQ][TEST_INSERT] Added new debug output
[EQ][DEBUG_TEST] ======== DEBUG ENTRY ========
[EQ][DEBUG] Checking HT-SIG parse condition: d_sym_idx=18, kHtSig1Rel=5, d_have_ht_header=0
[EQ][DEBUG] valid flags: lltf0=1, lltf1=1, lsig=1, htsig0=1, htsig1=1
produced : [EQ][ENTER] general_work called nin=20 nout=1024
[EQ][GATE_DETAIL] d_sym_idx=18, kHtSig1Rel=5, d_have_ht_header=0
[EQ][GATE_DETAIL] valid flags: lltf0=1 lltf1=1 lsig=1 htsig0=1 htsig1=1
[EQ][WHILE_ENTER] consumed=0, n_in=20
249 consumed: 313
[EQ][WHILE_LOOP] iter consumed=0, d_sym_idx=19
[EQ][FLOW] abs=690 wifi_start=0 in_frame=1 sym_idx=19 consumed=0 produced=0
[EQ][PRE_EXTRACT] d_sym_idx=19, in_frame=1
[EQ][POST_EQUALIZE] d_sym_idx=19
[EQ][STDERR_DIRECT] Entering direct mixed-mode header detection
[EQ][IDX_CHECK] d_sym_idx=19, condition=0
[EQ][DIRECT_PATH] Entering direct mixed-mode header detection
[EQ][STDERR_BEFORE_GATE] Reached before gate check
[EQ][BEFORE_GATE] Reached before gate check
[EQ][TEST_INSERT] Added new debug output
[EQ][DEBUG_TEST] ======== DEBUG ENTRY ========
[EQ][DEBUG] Checking HT-SIG parse condition: d_sym_idx=19, kHtSig1Rel=5, d_have_ht_header=0
[EQ][DEBUG] valid flags: lltf0=1, lltf1=1, lsig=1, htsig0=1, htsig1=1
[EQ][WHILE_LOOP] iter consumed=1, d_sym_idx=20
[EQ][GATE_DETAIL] d_sym_idx=19, kHtSig1Rel=5, d_have_ht_header=0
[EQ][GATE_DETAIL] valid flags: lltf0=1 lltf1=1 lsig=1 htsig0=1 htsig1=1
[EQ][FLOW] abs=691 wifi_start=0 in_frame=1 sym_idx=20 consumed=1 produced=0
[EQ][PRE_EXTRACT] d_sym_idx=20, in_frame=1
[EQ][POST_EQUALIZE] d_sym_idx=20
[EQ][STDERR_DIRECT] Entering direct mixed-mode header detection
[EQ][IDX_CHECK] d_sym_idx=20, condition=0
[EQ][DIRECT_PATH] Entering direct mixed-mode header detection
[EQ][STDERR_BEFORE_GATE] Reached before gate check
[EQ][BEFORE_GATE] Reached before gate check
[EQ][TEST_INSERT] Added new debug output
[EQ][DEBUG_TEST] ======== DEBUG ENTRY ========
[EQ][DEBUG] Checking HT-SIG parse condition: d_sym_idx=20, kHtSig1Rel=5, d_have_ht_header=0
[EQ][DEBUG] valid flags: lltf0=1, lltf1=1, lsig=1, htsig0=1, htsig1=1
[EQ][WHILE_LOOP] iter consumed=2, d_sym_idx=21
[EQ][GATE_DETAIL] d_sym_idx=20, kHtSig1Rel=5, d_have_ht_header=0
[EQ][GATE_DETAIL] valid flags: lltf0=1 lltf1=1 lsig=1 htsig0=1 htsig1=1
[EQ][FLOW] abs=692 wifi_start=0 in_frame=1 sym_idx=21 consumed=2 produced=0
[EQ][PRE_EXTRACT] d_sym_idx=21, in_frame=1
[EQ][POST_EQUALIZE] d_sym_idx=21
[EQ][STDERR_DIRECT] Entering direct mixed-mode header detection
[EQ][IDX_CHECK] d_sym_idx=21, condition=0
[EQ][DIRECT_PATH] Entering direct mixed-mode header detection
[EQ][STDERR_BEFORE_GATE] Reached before gate check
[EQ][BEFORE_GATE] Reached before gate check
[EQ][TEST_INSERT] Added new debug output
[EQ][DEBUG_TEST] ======== DEBUG ENTRY ========
[EQ][DEBUG] Checking HT-SIG parse condition: d_sym_idx=21, kHtSig1Rel=5, d_have_ht_header=0
[EQ][DEBUG] valid flags: lltf0=1, lltf1=1, lsig=1, htsig0=1, htsig1=1
[EQ][WHILE_LOOP] iter consumed=3, d_sym_idx=22
[EQ][GATE_DETAIL] d_sym_idx=21, kHtSig1Rel=5, d_have_ht_header=0
[EQ][GATE_DETAIL] valid flags: lltf0=1 lltf1=1 lsig=1 htsig0=1 htsig1=1
[EQ][FLOW] abs=693 wifi_start=0 in_frame=1 sym_idx=22 consumed=3 produced=0
[EQ][PRE_EXTRACT] d_sym_idx=22, in_frame=1
[EQ][POST_EQUALIZE] d_sym_idx=22
[EQ][STDERR_DIRECT] Entering direct mixed-mode header detection
[EQ][IDX_CHECK] d_sym_idx=22, condition=0
[EQ][DIRECT_PATH] Entering direct mixed-mode header detection
[EQ][STDERR_BEFORE_GATE] Reached before gate check
[EQ][BEFORE_GATE] Reached before gate check
[EQ][TEST_INSERT] Added new debug output
[EQ][DEBUG_TEST] ======== DEBUG ENTRY ========
[EQ][DEBUG] Checking HT-SIG parse condition: d_sym_idx=22, kHtSig1Rel=5, d_have_ht_header=0
[EQ][DEBUG] valid flags: lltf0=1, lltf1=1, lsig=1, htsig0=1, htsig1=1
[EQ][WHILE_LOOP] iter consumed=4, d_sym_idx=23
[EQ][GATE_DETAIL] d_sym_idx=22, kHtSig1Rel=5, d_have_ht_header=0
[EQ][GATE_DETAIL] valid flags: lltf0=1 lltf1=1 lsig=1 htsig0=1 htsig1=1
[EQ][FLOW] abs=694 wifi_start=0 in_frame=1 sym_idx=23 consumed=4 produced=0
[EQ][PRE_EXTRACT] d_sym_idx=23, in_frame=1
[EQ][POST_EQUALIZE] d_sym_idx=23
[EQ][STDERR_DIRECT] Entering direct mixed-mode header detection
[EQ][IDX_CHECK] d_sym_idx=23, condition=0
[EQ][DIRECT_PATH] Entering direct mixed-mode header detection
[EQ][STDERR_BEFORE_GATE] Reached before gate check
[EQ][BEFORE_GATE] Reached before gate check
[EQ][TEST_INSERT] Added new debug output
[EQ][DEBUG_TEST] ======== DEBUG ENTRY ========
[EQ][DEBUG] Checking HT-SIG parse condition: d_sym_idx=23, kHtSig1Rel=5, d_have_ht_header=0
[EQ][DEBUG] valid flags: lltf0=1, lltf1=1, lsig=1, htsig0=1, htsig1=1
[EQ][WHILE_LOOP] iter consumed=5, d_sym_idx=24
[EQ][GATE_DETAIL] d_sym_idx=23, kHtSig1Rel=5, d_have_ht_header=0
[EQ][GATE_DETAIL] valid flags: lltf0=1 lltf1=1 lsig=1 htsig0=1 htsig1=1
[EQ][FLOW] abs=695 wifi_start=0 in_frame=1 sym_idx=24 consumed=5 produced=0
[EQ][PRE_EXTRACT] d_sym_idx=24, in_frame=1
[EQ][POST_EQUALIZE] d_sym_idx=24
[EQ][STDERR_DIRECT] Entering direct mixed-mode header detection
[EQ][IDX_CHECK] d_sym_idx=24, condition=0
[EQ][DIRECT_PATH] Entering direct mixed-mode header detection
[EQ][STDERR_BEFORE_GATE] Reached before gate check
[EQ][BEFORE_GATE] Reached before gate check
[EQ][TEST_INSERT] Added new debug output
[EQ][DEBUG_TEST] ======== DEBUG ENTRY ========
[EQ][DEBUG] Checking HT-SIG parse condition: d_sym_idx=24, kHtSig1Rel=5, d_have_ht_header=0
[EQ][DEBUG] valid flags: lltf0=1, lltf1=1, lsig=1, htsig0=1, htsig1=1
[EQ][WHILE_LOOP] iter consumed=6, d_sym_idx=25
[EQ][GATE_DETAIL] d_sym_idx=24, kHtSig1Rel=5, d_have_ht_header=0
[EQ][GATE_DETAIL] valid flags: lltf0=1 lltf1=1 lsig=1 htsig0=1 htsig1=1
[EQ][FLOW] abs=696 wifi_start=0 in_frame=1 sym_idx=25 consumed=6 produced=0
[EQ][PRE_EXTRACT] d_sym_idx=25, in_frame=1
[EQ][POST_EQUALIZE] d_sym_idx=25
[EQ][STDERR_DIRECT] Entering direct mixed-mode header detection
[EQ][IDX_CHECK] d_sym_idx=25, condition=0
[EQ][DIRECT_PATH] Entering direct mixed-mode header detection
[EQ][STDERR_BEFORE_GATE] Reached before gate check
[EQ][BEFORE_GATE] Reached before gate check
[EQ][TEST_INSERT] Added new debug output
[EQ][DEBUG_TEST] ======== DEBUG ENTRY ========
[EQ][DEBUG] Checking HT-SIG parse condition: d_sym_idx=25, kHtSig1Rel=5, d_have_ht_header=0
[EQ][DEBUG] valid flags: lltf0=1, lltf1=1, lsig=1, htsig0=1, htsig1=1
[EQ][WHILE_LOOP] iter consumed=7, d_sym_idx=26
[EQ][GATE_DETAIL] d_sym_idx=25, kHtSig1Rel=5, d_have_ht_header=0
[EQ][GATE_DETAIL] valid flags: lltf0=1 lltf1=1 lsig=1 htsig0=1 htsig1=1
[EQ][FLOW] abs=697 wifi_start=0 in_frame=1 sym_idx=26 consumed=7 produced=0
[EQ][PRE_EXTRACT] d_sym_idx=26, in_frame=1
[EQ][POST_EQUALIZE] d_sym_idx=26
[EQ][STDERR_DIRECT] Entering direct mixed-mode header detection
[EQ][IDX_CHECK] d_sym_idx=26, condition=0
[EQ][DIRECT_PATH] Entering direct mixed-mode header detection
[EQ][STDERR_BEFORE_GATE] Reached before gate check
[EQ][BEFORE_GATE] Reached before gate check
[EQ][TEST_INSERT] Added new debug output
[EQ][DEBUG_TEST] ======== DEBUG ENTRY ========
[EQ][DEBUG] Checking HT-SIG parse condition: d_sym_idx=26, kHtSig1Rel=5, d_have_ht_header=0
[EQ][DEBUG] valid flags: lltf0=1, lltf1=1, lsig=1, htsig0=1, htsig1=1
[EQ][WHILE_LOOP] iter consumed=8, d_sym_idx=27
[EQ][GATE_DETAIL] d_sym_idx=26, kHtSig1Rel=5, d_have_ht_header=0
[EQ][GATE_DETAIL] valid flags: lltf0=1 lltf1=1 lsig=1 htsig0=1 htsig1=1
[EQ][FLOW] abs=698 wifi_start=0 in_frame=1 sym_idx=27 consumed=8 produced=0
[EQ][PRE_EXTRACT] d_sym_idx=27, in_frame=1
[EQ][POST_EQUALIZE] d_sym_idx=27
[EQ][STDERR_DIRECT] Entering direct mixed-mode header detection
[EQ][IDX_CHECK] d_sym_idx=27, condition=0
[EQ][DIRECT_PATH] Entering direct mixed-mode header detection
[EQ][STDERR_BEFORE_GATE] Reached before gate check
[EQ][BEFORE_GATE] Reached before gate check
[EQ][TEST_INSERT] Added new debug output
[EQ][DEBUG_TEST] ======== DEBUG ENTRY ========
[EQ][DEBUG] Checking HT-SIG parse condition: d_sym_idx=27, kHtSig1Rel=5, d_have_ht_header=0
[EQ][DEBUG] valid flags: lltf0=1, lltf1=1, lsig=1, htsig0=1, htsig1=1
[EQ][WHILE_LOOP] iter consumed=9, d_sym_idx=28
[EQ][GATE_DETAIL] d_sym_idx=27, kHtSig1Rel=5, d_have_ht_header=0
[EQ][GATE_DETAIL] valid flags: lltf0=1 lltf1=1 lsig=1 htsig0=1 htsig1=1
[EQ][FLOW] abs=699 wifi_start=0 in_frame=1 sym_idx=28 consumed=9 produced=0
[EQ][PRE_EXTRACT] d_sym_idx=28, in_frame=1
[EQ][POST_EQUALIZE] d_sym_idx=28
[EQ][STDERR_DIRECT] Entering direct mixed-mode header detection
[EQ][IDX_CHECK] d_sym_idx=28, condition=0
[EQ][DIRECT_PATH] Entering direct mixed-mode header detection
[EQ][STDERR_BEFORE_GATE] Reached before gate check
[EQ][BEFORE_GATE] Reached before gate check
[EQ][TEST_INSERT] Added new debug output
[EQ][DEBUG_TEST] ======== DEBUG ENTRY ========
[EQ][DEBUG] Checking HT-SIG parse condition: d_sym_idx=28, kHtSig1Rel=5, d_have_ht_header=0
[EQ][DEBUG] valid flags: lltf0=1, lltf1=1, lsig=1, htsig0=1, htsig1=1
[EQ][WHILE_LOOP] iter consumed=10, d_sym_idx=29
[EQ][GATE_DETAIL] d_sym_idx=28, kHtSig1Rel=5, d_have_ht_header=0
[EQ][GATE_DETAIL] valid flags: lltf0=1 lltf1=1 lsig=1 htsig0=1 htsig1=1
[EQ][FLOW] abs=700 wifi_start=0 in_frame=1 sym_idx=29 consumed=10 produced=0
[EQ][PRE_EXTRACT] d_sym_idx=29, in_frame=1
[EQ][POST_EQUALIZE] d_sym_idx=29
[EQ][STDERR_DIRECT] Entering direct mixed-mode header detection
[EQ][IDX_CHECK] d_sym_idx=29, condition=0
[EQ][DIRECT_PATH] Entering direct mixed-mode header detection
[EQ][STDERR_BEFORE_GATE] Reached before gate check
[EQ][BEFORE_GATE] Reached before gate check
[EQ][TEST_INSERT] Added new debug output
[EQ][DEBUG_TEST] ======== DEBUG ENTRY ========
[EQ][DEBUG] Checking HT-SIG parse condition: d_sym_idx=29, kHtSig1Rel=5, d_have_ht_header=0
[EQ][DEBUG] valid flags: lltf0=1, lltf1=1, lsig=1, htsig0=1, htsig1=1
[EQ][WHILE_LOOP] iter consumed=11, d_sym_idx=30
[EQ][GATE_DETAIL] d_sym_idx=29, kHtSig1Rel=5, d_have_ht_header=0
[EQ][GATE_DETAIL] valid flags: lltf0=1 lltf1=1 lsig=1 htsig0=1 htsig1=1
[EQ][FLOW] abs=701 wifi_start=0 in_frame=1 sym_idx=30 consumed=11 produced=0
[EQ][PRE_EXTRACT] d_sym_idx=30, in_frame=1
[EQ][POST_EQUALIZE] d_sym_idx=30
[EQ][STDERR_DIRECT] Entering direct mixed-mode header detection
[EQ][IDX_CHECK] d_sym_idx=30, condition=0
[EQ][DIRECT_PATH] Entering direct mixed-mode header detection
[EQ][STDERR_BEFORE_GATE] Reached before gate check
[EQ][BEFORE_GATE] Reached before gate check
[EQ][TEST_INSERT] Added new debug output
[EQ][DEBUG_TEST] ======== DEBUG ENTRY ========
[EQ][DEBUG] Checking HT-SIG parse condition: d_sym_idx=30, kHtSig1Rel=5, d_have_ht_header=0
[EQ][DEBUG] valid flags: lltf0=1, lltf1=1, lsig=1, htsig0=1, htsig1=1
[EQ][WHILE_LOOP] iter consumed=12, d_sym_idx=31
[EQ][PRE_EXTRACT] d_sym_idx=31, in_frame=1
[EQ][POST_EQUALIZE] d_sym_idx=31
[EQ][STDERR_DIRECT] Entering direct mixed-mode header detection
[EQ][GATE_DETAIL] d_sym_idx=30, kHtSig1Rel=5, d_have_ht_header=0
[EQ][GATE_DETAIL] valid flags: lltf0=1 lltf1=1 lsig=1 htsig0=1 htsig1=1
[EQ][IDX_CHECK] d_sym_idx=31, condition=0
[EQ][DIRECT_PATH] Entering direct mixed-mode header detection
[EQ][STDERR_BEFORE_GATE] Reached before gate check
[EQ][BEFORE_GATE] Reached before gate check
[EQ][TEST_INSERT] Added new debug output
[EQ][DEBUG_TEST] ======== DEBUG ENTRY ========
[EQ][DEBUG] Checking HT-SIG parse condition: d_sym_idx=31, kHtSig1Rel=5, d_have_ht_header=0
[EQ][DEBUG] valid flags: lltf0=1, lltf1=1, lsig=1, htsig0=1, htsig1=1
[EQ][WHILE_LOOP] iter consumed=13, d_sym_idx=32
[EQ][PRE_EXTRACT] d_sym_idx=32, in_frame=1
[EQ][POST_EQUALIZE] d_sym_idx=32
[EQ][STDERR_DIRECT] Entering direct mixed-mode header detection
[EQ][GATE_DETAIL] d_sym_idx=31, kHtSig1Rel=5, d_have_ht_header=0
[EQ][GATE_DETAIL] valid flags: lltf0=1 lltf1=1 lsig=1 htsig0=1 htsig1=1
[EQ][IDX_CHECK] d_sym_idx=32, condition=0
[EQ][DIRECT_PATH] Entering direct mixed-mode header detection
[EQ][STDERR_BEFORE_GATE] Reached before gate check
[EQ][BEFORE_GATE] Reached before gate check
[EQ][TEST_INSERT] Added new debug output
[EQ][DEBUG_TEST] ======== DEBUG ENTRY ========
[EQ][DEBUG] Checking HT-SIG parse condition: d_sym_idx=32, kHtSig1Rel=5, d_have_ht_header=0
[EQ][DEBUG] valid flags: lltf0=1, lltf1=1, lsig=1, htsig0=1, htsig1=1
[EQ][WHILE_LOOP] iter consumed=14, d_sym_idx=33
[EQ][PRE_EXTRACT] d_sym_idx=33, in_frame=1
[EQ][POST_EQUALIZE] d_sym_idx=33
[EQ][STDERR_DIRECT] Entering direct mixed-mode header detection
[EQ][GATE_DETAIL] d_sym_idx=32, kHtSig1Rel=5, d_have_ht_header=0
[EQ][GATE_DETAIL] valid flags: lltf0=1 lltf1=1 lsig=1 htsig0=1 htsig1=1
[EQ][IDX_CHECK] d_sym_idx=33, condition=0
[EQ][DIRECT_PATH] Entering direct mixed-mode header detection
[EQ][STDERR_BEFORE_GATE] Reached before gate check
[EQ][BEFORE_GATE] Reached before gate check
[EQ][TEST_INSERT] Added new debug output
[EQ][DEBUG_TEST] ======== DEBUG ENTRY ========
[EQ][DEBUG] Checking HT-SIG parse condition: d_sym_idx=33, kHtSig1Rel=5, d_have_ht_header=0
[EQ][DEBUG] valid flags: lltf0=1, lltf1=1, lsig=1, htsig0=1, htsig1=1
[EQ][WHILE_LOOP] iter consumed=15, d_sym_idx=34
[EQ][PRE_EXTRACT] d_sym_idx=34, in_frame=1
[EQ][POST_EQUALIZE] d_sym_idx=34
[EQ][STDERR_DIRECT] Entering direct mixed-mode header detection
[EQ][GATE_DETAIL] d_sym_idx=33, kHtSig1Rel=5, d_have_ht_header=0
[EQ][GATE_DETAIL] valid flags: lltf0=1 lltf1=1 lsig=1 htsig0=1 htsig1=1
[EQ][IDX_CHECK] d_sym_idx=34, condition=0
[EQ][DIRECT_PATH] Entering direct mixed-mode header detection
[EQ][STDERR_BEFORE_GATE] Reached before gate check
[EQ][BEFORE_GATE] Reached before gate check
[EQ][TEST_INSERT] Added new debug output
[EQ][DEBUG_TEST] ======== DEBUG ENTRY ========
[EQ][DEBUG] Checking HT-SIG parse condition: d_sym_idx=34, kHtSig1Rel=5, d_have_ht_header=0
[EQ][DEBUG] valid flags: lltf0=1, lltf1=1, lsig=1, htsig0=1, htsig1=1
[EQ][WHILE_LOOP] iter consumed=16, d_sym_idx=35
[EQ][PRE_EXTRACT] d_sym_idx=35, in_frame=1
[EQ][POST_EQUALIZE] d_sym_idx=35
[EQ][STDERR_DIRECT] Entering direct mixed-mode header detection
[EQ][GATE_DETAIL] d_sym_idx=34, kHtSig1Rel=5, d_have_ht_header=0
[EQ][GATE_DETAIL] valid flags: lltf0=1 lltf1=1 lsig=1 htsig0=1 htsig1=1
[EQ][IDX_CHECK] d_sym_idx=35, condition=0
[EQ][DIRECT_PATH] Entering direct mixed-mode header detection
[EQ][STDERR_BEFORE_GATE] Reached before gate check
[EQ][BEFORE_GATE] Reached before gate check
[EQ][TEST_INSERT] Added new debug output
[EQ][DEBUG_TEST] ======== DEBUG ENTRY ========
[EQ][DEBUG] Checking HT-SIG parse condition: d_sym_idx=35, kHtSig1Rel=5, d_have_ht_header=0
[EQ][DEBUG] valid flags: lltf0=1, lltf1=1, lsig=1, htsig0=1, htsig1=1
[EQ][WHILE_LOOP] iter consumed=17, d_sym_idx=36
[EQ][PRE_EXTRACT] d_sym_idx=36, in_frame=1
[EQ][POST_EQUALIZE] d_sym_idx=36
[EQ][STDERR_DIRECT] Entering direct mixed-mode header detection
[EQ][GATE_DETAIL] d_sym_idx=35, kHtSig1Rel=5, d_have_ht_header=0
[EQ][GATE_DETAIL] valid flags: lltf0=1 lltf1=1 lsig=1 htsig0=1 htsig1=1
[EQ][IDX_CHECK] d_sym_idx=36, condition=0
[EQ][DIRECT_PATH] Entering direct mixed-mode header detection
[EQ][STDERR_BEFORE_GATE] Reached before gate check
[EQ][BEFORE_GATE] Reached before gate check
[EQ][TEST_INSERT] Added new debug output
[EQ][DEBUG_TEST] ======== DEBUG ENTRY ========
[EQ][DEBUG] Checking HT-SIG parse condition: d_sym_idx=36, kHtSig1Rel=5, d_have_ht_header=0
[EQ][DEBUG] valid flags: lltf0=1, lltf1=1, lsig=1, htsig0=1, htsig1=1
[EQ][WHILE_LOOP] iter consumed=18, d_sym_idx=37
[EQ][PRE_EXTRACT] d_sym_idx=37, in_frame=1
[EQ][POST_EQUALIZE] d_sym_idx=37
[EQ][STDERR_DIRECT] Entering direct mixed-mode header detection
[EQ][GATE_DETAIL] d_sym_idx=36, kHtSig1Rel=5, d_have_ht_header=0
[EQ][GATE_DETAIL] valid flags: lltf0=1 lltf1=1 lsig=1 htsig0=1 htsig1=1
[EQ][IDX_CHECK] d_sym_idx=37, condition=0
[EQ][DIRECT_PATH] Entering direct mixed-mode header detection
[EQ][STDERR_BEFORE_GATE] Reached before gate check
[EQ][BEFORE_GATE] Reached before gate check
[EQ][TEST_INSERT] Added new debug output
[EQ][DEBUG_TEST] ======== DEBUG ENTRY ========
[EQ][DEBUG] Checking HT-SIG parse condition: d_sym_idx=37, kHtSig1Rel=5, d_have_ht_header=0
[EQ][DEBUG] valid flags: lltf0=1, lltf1=1, lsig=1, htsig0=1, htsig1=1
[EQ][WHILE_LOOP] iter consumed=19, d_sym_idx=38
[EQ][PRE_EXTRACT] d_sym_idx=38, in_frame=1
[EQ][POST_EQUALIZE] d_sym_idx=38
[EQ][STDERR_DIRECT] Entering direct mixed-mode header detection
[EQ][GATE_DETAIL] d_sym_idx=37, kHtSig1Rel=5, d_have_ht_header=0
[EQ][GATE_DETAIL] valid flags: lltf0=1 lltf1=1 lsig=1 htsig0=1 htsig1=1
[EQ][IDX_CHECK] d_sym_idx=38, condition=0
[EQ][DIRECT_PATH] Entering direct mixed-mode header detection
[EQ][STDERR_BEFORE_GATE] Reached before gate check
[EQ][BEFORE_GATE] Reached before gate check
[EQ][TEST_INSERT] Added new debug output
[EQ][DEBUG_TEST] ======== DEBUG ENTRY ========
[EQ][DEBUG] Checking HT-SIG parse condition: d_sym_idx=38, kHtSig1Rel=5, d_have_ht_header=0
[EQ][DEBUG] valid flags: lltf0=1, lltf1=1, lsig=1, htsig0=1, htsig1=1
[EQ][ENTER] general_work called nin=4 nout=128
[EQ][GATE_DETAIL] d_sym_idx=38, kHtSig1Rel=5, d_have_ht_header=0
[EQ][GATE_DETAIL] valid flags: lltf0=1 lltf1=1 lsig=1 htsig0=1 htsig1=1
[EQ][WHILE_ENTER] consumed=0, n_in=4
[EQ][WHILE_LOOP] iter consumed=0, d_sym_idx=39
[EQ][FLOW] abs=710 wifi_start=0 in_frame=1 sym_idx=39 consumed=0 produced=0
[EQ][PRE_EXTRACT] d_sym_idx=39, in_frame=1
[EQ][POST_EQUALIZE] d_sym_idx=39
[EQ][STDERR_DIRECT] Entering direct mixed-mode header detection
[EQ][IDX_CHECK] d_sym_idx=39, condition=0
[EQ][DIRECT_PATH] Entering direct mixed-mode header detection
[EQ][STDERR_BEFORE_GATE] Reached before gate check
[EQ][BEFORE_GATE] Reached before gate check
[EQ][TEST_INSERT] Added new debug output
[EQ][DEBUG_TEST] ======== DEBUG ENTRY ========
[EQ][DEBUG] Checking HT-SIG parse condition: d_sym_idx=39, kHtSig1Rel=5, d_have_ht_header=0
[EQ][DEBUG] valid flags: lltf0=1, lltf1=1, lsig=1, htsig0=1, htsig1=1
[EQ][WHILE_LOOP] iter consumed=1, d_sym_idx=40
[EQ][GATE_DETAIL] d_sym_idx=39, kHtSig1Rel=5, d_have_ht_header=0
[EQ][GATE_DETAIL] valid flags: lltf0=1 lltf1=1 lsig=1 htsig0=1 htsig1=1
[EQ][FLOW] abs=711 wifi_start=0 in_frame=1 sym_idx=40 consumed=1 produced=0
[EQ][PRE_EXTRACT] d_sym_idx=40, in_frame=1
[EQ][POST_EQUALIZE] d_sym_idx=40
[EQ][STDERR_DIRECT] Entering direct mixed-mode header detection
[EQ][IDX_CHECK] d_sym_idx=40, condition=0
[EQ][DIRECT_PATH] Entering direct mixed-mode header detection
[EQ][STDERR_BEFORE_GATE] Reached before gate check
[EQ][BEFORE_GATE] Reached before gate check
[EQ][TEST_INSERT] Added new debug output
[EQ][DEBUG_TEST] ======== DEBUG ENTRY ========
[EQ][DEBUG] Checking HT-SIG parse condition: d_sym_idx=40, kHtSig1Rel=5, d_have_ht_header=0
[EQ][DEBUG] valid flags: lltf0=1, lltf1=1, lsig=1, htsig0=1, htsig1=1
[EQ][WHILE_LOOP] iter consumed=2, d_sym_idx=41
[EQ][GATE_DETAIL] d_sym_idx=40, kHtSig1Rel=5, d_have_ht_header=0
[EQ][GATE_DETAIL] valid flags: lltf0=1 lltf1=1 lsig=1 htsig0=1 htsig1=1
[EQ][FLOW] abs=712 wifi_start=0 in_frame=1 sym_idx=41 consumed=2 produced=0
[EQ][PRE_EXTRACT] d_sym_idx=41, in_frame=1
[EQ][POST_EQUALIZE] d_sym_idx=41
[EQ][STDERR_DIRECT] Entering direct mixed-mode header detection
[EQ][IDX_CHECK] d_sym_idx=41, condition=0
[EQ][DIRECT_PATH] Entering direct mixed-mode header detection
[EQ][STDERR_BEFORE_GATE] Reached before gate check
[EQ][BEFORE_GATE] Reached before gate check
[EQ][TEST_INSERT] Added new debug output
[EQ][DEBUG_TEST] ======== DEBUG ENTRY ========
[EQ][DEBUG] Checking HT-SIG parse condition: d_sym_idx=41, kHtSig1Rel=5, d_have_ht_header=0
[EQ][DEBUG] valid flags: lltf0=1, lltf1=1, lsig=1, htsig0=1, htsig1=1
[EQ][WHILE_LOOP] iter consumed=3, d_sym_idx=42
[EQ][GATE_DETAIL] d_sym_idx=41, kHtSig1Rel=5, d_have_ht_header=0
[EQ][GATE_DETAIL] valid flags: lltf0=1 lltf1=1 lsig=1 htsig0=1 htsig1=1
[EQ][FLOW] abs=713 wifi_start=0 in_frame=1 sym_idx=42 consumed=3 produced=0
[EQ][PRE_EXTRACT] d_sym_idx=42, in_frame=1
[EQ][POST_EQUALIZE] d_sym_idx=42
[EQ][STDERR_DIRECT] Entering direct mixed-mode header detection
[EQ][IDX_CHECK] d_sym_idx=42, condition=0
[EQ][DIRECT_PATH] Entering direct mixed-mode header detection
[EQ][STDERR_BEFORE_GATE] Reached before gate check
[EQ][BEFORE_GATE] Reached before gate check
[EQ][TEST_INSERT] Added new debug output
[EQ][DEBUG_TEST] ======== DEBUG ENTRY ========
[EQ][DEBUG] Checking HT-SIG parse condition: d_sym_idx=42, kHtSig1Rel=5, d_have_ht_header=0
[EQ][DEBUG] valid flags: lltf0=1, lltf1=1, lsig=1, htsig0=1, htsig1=1
[EQ][GATE_DETAIL] d_sym_idx=42, kHtSig1Rel=5, d_have_ht_header=0
[EQ][GATE_DETAIL] valid flags: lltf0=1 lltf1=1 lsig=1 htsig0=1 htsig1=1
[MAPPER] handle_msg called
message_debug :info: The `print_pdu` port is deprecated and will be removed; forwarding to `print`.
[MAPPER] meta=***** VERBOSE PDU DEBUG PRINT ******
((encoding . 0) (crc_included . #t))
pdu length =         38 bytes
pdu vector contents = 
0000: 08 00 00 00 42 42 42 42 42 42 23 23 23 23 23 23 
0010: ff ff ff ff ff ff c0 01 78 78 78 78 78 78 78 78 
0020: 78 78 bf 85 5b 5c 
************************************
((encoding . 0) (crc_included . #t))
[MAPPER] meta fields: mcs=0 len=-1 psdu_len=-1
[MAPPER] using MCS=0
[MAPPER] HT mode enabled, effective MCS: 0
[TX][HTDATA0][PUNCTURED] bits52=1110010100100001101010111110110101000001100010110100
[TX][HTDATA0][INTERLEAVED] bits52=1011100111100110000011110000111100010100110101000100
[TX][HTDATA0] bits52=1011100111100110000011110000111100010100110101000100
[TX][PUNCTURED-ALL] nbits=676 first64=1110010100100001101010111110110101000001100010110100110000100011 last64=1101111110100100101110111011001010111011001110101110011011011000
[TX][INTERLEAVED-ALL] nbits=676 first64=1011100111100110000011110000111100010100110101000100110010000100 last64=1000010111000010111001010001101001111011110010110101111011101010
[TX][HTDATA0][PUNCTURED] keep existing first-frame reference /tmp/wifi_tx_punctured0_bits52.txt
[TX][HTDATA0][INTERLEAVED] keep existing first-frame reference /tmp/wifi_tx_interleaved0_bits52.txt
[TX][HTDATA0] keep existing first-frame reference /tmp/wifi_tx_data0_bits52.txt
[TX][PUNCTURED-ALL] keep existing first-frame reference /tmp/wifi_tx_punctured_all_bits.txt
[TX][INTERLEAVED-ALL] keep existing first-frame reference /tmp/wifi_tx_interleaved_all_bits.txt
[TX][PUNCTURED-ALL] updated /tmp/wifi_tx_punctured_all_bits.last.txt
[TX][INTERLEAVED-ALL] updated /tmp/wifi_tx_interleaved_all_bits.last.txt
[MAPPER] frame: ht_mode=1 psdu=38 n_sym=13 n_data_bits=338 n_encoded_bits=676 data_carriers=52 out_symbols=676
[HT-HEADER] general_work called ninput=676 noutput=32688
[TX][LSIG] raw24=110100110010000000000000
[TX][LSIG] enc48=110110001010100111001100100011011100000000000000
[TX][LSIG] intl48=110011011001000011010100011000000010011001100000
[TX][HTSIG] fields: mcs=0 len=38 bw40=0 agg=0 sgi=0 stbc=0 adv=0 nltf=0 crc=0x0d
[TX][HTSIG] raw48=000000000110010000000000000000000010110000000000
[TX][HTSIG] enc96=000000000000000000110110111100100011011100000000000000000000000000001110111001101110101100000000
[TX][HTSIG] intl96=000000111110010000000011100110000000000010011000000000011011110000000001100100000000001011101000
[TX][HTHDR][OUTBUF] lsig48=110011011001000011010100011000000010011001100000
[TX][HTHDR][OUTBUF] htsig1_48=000000111110010000000011100110000000000010011000
[TX][HTHDR][OUTBUF] htsig2_48=000000011011110000000001100100000000001011101000
[SYNC-SHORT] general_work called: noutput=2048 ninput=2256 threshold=0.010 state=1
sync_short :info: frame start at in: 62778 out: 63305
SHORT Frame!
SHORT copied 9
[SYNC-SHORT] general_work called: noutput=2048 ninput=2247 threshold=0.010 state=1
[SYNC-LONG] general_work: ninput[0]=9 ninput[1]=320 noutput=8 state=1
LONG ninput[0] 9   ninput[1] 320  noutput 8   state 1
produced : 8 consumed: 8
sync_short :info: frame start at in: 63259 out: 63786
SHORT Frame!
SHORT copied 481
[SYNC-LONG] general_work: ninput[0]=1 ninput[1]=321 noutput=1 state=1
LONG ninput[0] 1   ninput[1] 321  noutput 1   state 1
produced : 1 consumed: 1
[SYNC-SHORT] general_work called: noutput=1024 ninput=1766 threshold=0.010 state=1
[SYNC-LONG] general_work: ninput[0]=481 ninput[1]=320 noutput=256 state=1
LONG ninput[0] 481   ninput[1] 320  noutput 256   state 1
[SYNC-LONG] Received wifi_start tag: freq_offset=0.148 offset=62778 nread=62778
LONG: ignore retrigger tag during COPY nread=62778 d_count=2815 guard=3072 tag_offset=62778
produced : 256 consumed: 320
[SYNC-LONG] general_work: ninput[0]=161 ninput[1]=481 noutput=128 state=1
LONG ninput[0] 161   ninput[1] 481  noutput 128   state 1
sync_short :info: frame start at in: 63740 out: 64267
SHORT Frame!
SHORT copied 481
produced : 128 consumed: 160
[SYNC-SHORT] general_work called: noutput=1024 ninput=1285 threshold=0.010 state=1
[SYNC-LONG] general_work: ninput[0]=482 ninput[1]=802 noutput=256 state=1
LONG ninput[0] 482   ninput[1] 802  noutput 256   state 1
produced : 1 consumed: 1
[SYNC-LONG] general_work: ninput[0]=481 ninput[1]=801 noutput=256 state=1
sync_short :info: frame start at in: 64225 out: 64752
SHORT Frame!
SHORT copied 485
[SYNC-SHORT] general_work called: noutput=512 ninput=800 threshold=0.010 state=1
LONG ninput[0] 481   ninput[1] 801  noutput 256   state 1
[SYNC-LONG] Received wifi_start tag: freq_offset=0.196 offset=63259 nread=63259
produced : 0 consumed: 0
[SYNC-LONG] general_work: ninput[0]=966 ninput[1]=1057 noutput=4096 state=0
LONG ninput[0] 966   ninput[1] 1057  noutput 4096   state 0
[EQ][ENTER] general_work called nin=6 nout=256
sync_short :info: frame start at in: 64706 out: 65233
SHORT Frame!
SHORT copied 481
[EQ][WHILE_ENTER] consumed=0, n_in=6
[SYNC-SHORT] general_work called: noutput=256 ninput=319 threshold=0.010 state=1
[EQ][WHILE_LOOP] iter consumed=0, d_sym_idx=43
SHORT copied 256
[EQ][FLOW] abs=714 wifi_start=0 in_frame=1 sym_idx=43 consumed=0 produced=0
[EQ][PRE_EXTRACT] d_sym_idx=43, in_frame=1
[SYNC-LONG] Received wifi_start tag: freq_offset=0.196 offset=63259 nread=63259
[SYNC-SHORT] general_work called: noutput=32 ninput=63 threshold=0.010 state=1
[EQ][IDX_CHECK] d_sym_idx=43, condition=0
SHORT copied 32
[EQ][POST_EQUALIZE] d_sym_idx=43
[SYNC-SHORT] general_work called: noutput=8 ninput=31 threshold=0.010 state=1
SHORT copied 8
[SYNC-SHORT] general_work called: noutput=4 ninput=23 threshold=0.010 state=1
SHORT copied 4
[SYNC-SHORT] general_work called: noutput=2 ninput=19 threshold=0.010 state=1
SHORT copied 2
[SYNC-SHORT] general_work called: noutput=1 ninput=17 threshold=0.010 state=1
SHORT copied 1
[EQ][STDERR_DIRECT] Entering direct mixed-mode header detection
[EQ][DIRECT_PATH] Entering direct mixed-mode header detection
[EQ][STDERR_BEFORE_GATE] Reached before gate check
[EQ][BEFORE_GATE] Reached before gate check
[EQ][TEST_INSERT] Added new debug output
[EQ][DEBUG_TEST] ======== DEBUG ENTRY ========
[EQ][DEBUG] Checking HT-SIG parse condition: d_sym_idx=43, kHtSig1Rel=5, d_have_ht_header=0
[EQ][DEBUG] valid flags: lltf0=1, lltf1=1, lsig=1, htsig0=1, htsig1=1
[EQ][WHILE_LOOP] iter consumed=1, d_sym_idx=44
[EQ][GATE_DETAIL] d_sym_idx=43, kHtSig1Rel=5, d_have_ht_header=0
[EQ][GATE_DETAIL] valid flags: lltf0=1 lltf1=1 lsig=1 htsig0=1 htsig1=1
[EQ][FLOW] abs=715 wifi_start=0 in_frame=1 sym_idx=44 consumed=1 produced=0
[EQ][PRE_EXTRACT] d_sym_idx=44, in_frame=1
[EQ][POST_EQUALIZE] d_sym_idx=44
[EQ][STDERR_DIRECT] Entering direct mixed-mode header detection
[EQ][IDX_CHECK] d_sym_idx=44, condition=0
[EQ][DIRECT_PATH] Entering direct mixed-mode header detection
[EQ][STDERR_BEFORE_GATE] Reached before gate check
[EQ][BEFORE_GATE] Reached before gate check
[EQ][TEST_INSERT] Added new debug output
[EQ][DEBUG_TEST] ======== DEBUG ENTRY ========
[EQ][DEBUG] Checking HT-SIG parse condition: d_sym_idx=44, kHtSig1Rel=5, d_have_ht_header=0
[EQ][DEBUG] valid flags: lltf0=1, lltf1=1, lsig=1, htsig0=1, htsig1=1
[EQ][WHILE_LOOP] iter consumed=2, d_sym_idx=45
[EQ][GATE_DETAIL] d_sym_idx=44, kHtSig1Rel=5, d_have_ht_header=0
[EQ][GATE_DETAIL] valid flags: lltf0=1 lltf1=1 lsig=1 htsig0=1 htsig1=1
[EQ][FLOW] abs=716 wifi_start=0 in_frame=1 sym_idx=45 consumed=2 produced=0
[EQ][PRE_EXTRACT] d_sym_idx=45, in_frame=1
[EQ][POST_EQUALIZE] d_sym_idx=45
[EQ][STDERR_DIRECT] Entering direct mixed-mode header detection
[EQ][IDX_CHECK] d_sym_idx=45, condition=0
[EQ][DIRECT_PATH] Entering direct mixed-mode header detection
[EQ][STDERR_BEFORE_GATE] Reached before gate check
sync_long :info: LONG: frame start at 320
produced : 0 consumed: 320
[SYNC-LONG] general_work: ninput[0]=1430 ninput[1]=1750 noutput=1024 state=1
LONG ninput[0] 1430   ninput[1] 1750  noutput 1024   state 1
produced : 0 consumed: 161
[SYNC-LONG] general_work: ninput[0]=1269 ninput[1]=1589 noutput=1024 state=1
[EQ][BEFORE_GATE] Reached before gate check
LONG ninput[0] [EQ][TEST_INSERT] Added new debug output
[EQ][DEBUG_TEST] ======== DEBUG ENTRY ========
[EQ][DEBUG] Checking HT-SIG parse condition: d_sym_idx=45, kHtSig1Rel=5, d_have_ht_header=0
1269[EQ][DEBUG] valid flags: lltf0=1, lltf1=1, lsig=1, htsig0=1, htsig1=1
   ninput[1] [EQ][WHILE_LOOP] iter consumed=3, d_sym_idx=46
[EQ][GATE_DETAIL] d_sym_idx=45, kHtSig1Rel=5, d_have_ht_header=0
[EQ][GATE_DETAIL] valid flags: lltf0=1 lltf1=1 lsig=1 htsig0=1 htsig1=1
[EQ][FLOW] abs=717 wifi_start=0 in_frame=1 sym_idx=46 consumed=3 produced=0
[EQ][PRE_EXTRACT] d_sym_idx=46, in_frame=1
1589[EQ][IDX_CHECK] d_sym_idx=46, condition=0
  noutput 1024   state 1
[EQ][POST_EQUALIZE] d_sym_idx=46
[EQ][STDERR_DIRECT] Entering direct mixed-mode header detection
[EQ][DIRECT_PATH] Entering direct mixed-mode header detection
[EQ][STDERR_BEFORE_GATE] Reached before gate check
[EQ][BEFORE_GATE] Reached before gate check
[EQ][TEST_INSERT] Added new debug output
[EQ][DEBUG_TEST] ======== DEBUG ENTRY ========
[EQ][DEBUG] Checking HT-SIG parse condition: d_sym_idx=46, kHtSig1Rel=5, d_have_ht_header=0
[EQ][DEBUG] valid flags: lltf0=1, lltf1=1, lsig=1, htsig0=1, htsig1=1
[SYNC-LONG] Received wifi_start tag: freq_offset=-0.098 offset=63740 nread=63740
[EQ][GATE_DETAIL] d_sym_idx=46, kHtSig1Rel=5, d_have_ht_header=0
[EQ][GATE_DETAIL] valid flags: lltf0=1 lltf1=1 lsig=1 htsig0=1 htsig1=1
LONG: ignore retrigger tag during COPY nread=63740 d_count=0 guard=3072 tag_offset=63740
[EQ][WHILE_LOOP] iter consumed=4, d_sym_idx=47
[EQ][FLOW] abs=718 wifi_start=0 in_frame=1 sym_idx=47 consumed=4 produced=0
[EQ][PRE_EXTRACT] d_sym_idx=47, in_frame=1
[EQ][POST_EQUALIZE] d_sym_idx=47
[EQ][STDERR_DIRECT] Entering direct mixed-mode header detection
[EQ][IDX_CHECK] d_sym_idx=47, condition=0
[EQ][DIRECT_PATH] Entering direct mixed-mode header detection
[EQ][STDERR_BEFORE_GATE] Reached before gate check
[EQ][BEFORE_GATE] Reached before gate check
[EQ][TEST_INSERT] Added new debug output
[EQ][DEBUG_TEST] ======== DEBUG ENTRY ========
[EQ][DEBUG] Checking HT-SIG parse condition: d_sym_idx=47, kHtSig1Rel=5, d_have_ht_header=0
[EQ][DEBUG] valid flags: lltf0=1, lltf1=1, lsig=1, htsig0=1, htsig1=1
[EQ][WHILE_LOOP] iter consumed=5, d_sym_idx=48
[EQ][GATE_DETAIL] d_sym_idx=47, kHtSig1Rel=5, d_have_ht_header=0
[EQ][GATE_DETAIL] valid flags: lltf0=1 lltf1=1 lsig=1 htsig0=1 htsig1=1
[EQ][FLOW] abs=719 wifi_start=0 in_frame=1 sym_idx=48 consumed=5 produced=0
[EQ][PRE_EXTRACT] d_sym_idx=48, in_frame=1
[EQ][POST_EQUALIZE] d_sym_idx=48
[EQ][STDERR_DIRECT] Entering direct mixed-mode header detection
[EQ][IDX_CHECK] d_sym_idx=48, condition=0
[EQ][DIRECT_PATH] Entering direct mixed-mode header detection
[EQ][STDERR_BEFORE_GATE] Reached before gate check
[EQ][BEFORE_GATE] Reached before gate check
[EQ][TEST_INSERT] Added new debug output
[EQ][DEBUG_TEST] ======== DEBUG ENTRY ========
[EQ][DEBUG] Checking HT-SIG parse condition: d_sym_idx=48, kHtSig1Rel=5, d_have_ht_header=0
[EQ][DEBUG] valid flags: lltf0=1, lltf1=1, lsig=1, htsig0=1, htsig1=1
[EQ][ENTER] general_work called nin=1 nout=32
[EQ][GATE_DETAIL] d_sym_idx=48, kHtSig1Rel=5, d_have_ht_header=0
[EQ][GATE_DETAIL] valid flags: lltf0=1 lltf1=1 lsig=1 htsig0=1 htsig1=1
[EQ][WHILE_ENTER] consumed=0, n_in=1
[EQ][WHILE_LOOP] iter consumed=0, d_sym_idx=49
[EQ][FLOW] abs=720 wifi_start=0 in_frame=1 sym_idx=49 consumed=0 produced=0
[EQ][PRE_EXTRACT] d_sym_idx=49, in_frame=1
[EQ][POST_EQUALIZE] d_sym_idx=49
[EQ][STDERR_DIRECT] Entering direct mixed-mode header detection
[EQ][IDX_CHECK] d_sym_idx=49, condition=0
[EQ][DIRECT_PATH] Entering direct mixed-mode header detection
[EQ][STDERR_BEFORE_GATE] Reached before gate check
[EQ][BEFORE_GATE] Reached before gate check
[EQ][TEST_INSERT] Added new debug output
[EQ][DEBUG_TEST] ======== DEBUG ENTRY ========
[EQ][DEBUG] Checking HT-SIG parse condition: d_sym_idx=49, kHtSig1Rel=5, d_have_ht_header=0
[EQ][DEBUG] valid flags: lltf0=1, lltf1=1, lsig=1, htsig0=1, htsig1=1
[EQ][GATE_DETAIL] d_sym_idx=49, kHtSig1Rel=5, d_have_ht_header=0
[EQ][GATE_DETAIL] valid flags: lltf0=1 lltf1=1 lsig=1 htsig0=1 htsig1=1
produced : 902 consumed: 1269
[EQ][ENTER] general_work called nin=14 nout=512

----------------------------------------------------------------------
Tag Debug: 
Input Stream: 00
  Offset: 46144  Source: sync_long     Key: wifi_start   Value: 0.18322
----------------------------------------------------------------------

----------------------------------------------------------------------
Tag Debug: eq_in_tagdbg
Input Stream: 00
  Offset: 721  Source: sync_long     Key: wifi_start   Value: 0.18322
----------------------------------------------------------------------
[EQ][TAG] wifi_start at offset=721 freq_offset=0.183220
[EQ][WHILE_ENTER] consumed=0, n_in=14
[EQ][WHILE_LOOP] iter consumed=0, d_sym_idx=50
[EQ][FLOW] abs=721 wifi_start=1 in_frame=1 sym_idx=50 consumed=0 produced=0
[EQ][FLOW] frame-takeover abs=721 allow=1
[EQ][PRE_EXTRACT] d_sym_idx=0, in_frame=1
[EXTRACT_CALL] sym_idx=0, type=OTHER
[EQ][IDX_CHECK] d_sym_idx=0, condition=1
[EQ][VALID_SET] d_sym_idx=0, valid=1
[EQ][SYM_IDX] sym_idx=0, type=UNKNOWN
[EQ][POST_EQUALIZE] d_sym_idx=0
[EQ][RAW_BITS] sym_idx=0 bits52=0000000000000000000000000000000000000000000000000000
[EQ][STDERR_DIRECT] Entering direct mixed-mode header detection
[EQ][DIRECT_PATH] Entering direct mixed-mode header detection
[EQ][STDERR_BEFORE_GATE] Reached before gate check
[EQ][BEFORE_GATE] Reached before gate check
[EQ][TEST_INSERT] Added new debug output
[EQ][DEBUG_TEST] ======== DEBUG ENTRY ========
[EQ][DEBUG] Checking HT-SIG parse condition: d_sym_idx=0, kHtSig1Rel=5, d_have_ht_header=0
[EQ][DEBUG] valid flags: lltf0=0, lltf1=0, lsig=0, htsig0=0, htsig1=0
[EQ][WHILE_LOOP] iter consumed=1, d_sym_idx=1
[EQ][GATE_DETAIL] d_sym_idx=0, kHtSig1Rel=5, d_have_ht_header=0
[EQ][GATE_DETAIL] valid flags: lltf0=0 lltf1=0 lsig=0 htsig0=0 htsig1=0
[EQ][FLOW] abs=722 wifi_start=0 in_frame=1 sym_idx=1 consumed=1 produced=0
[EQ][PRE_EXTRACT] d_sym_idx=1, in_frame=1
[EXTRACT_CALL] sym_idx=1, type=L-LTF0
[EQ][IDX_CHECK] d_sym_idx=1, condition=1
[EQ][VALID_SET] d_sym_idx=1, valid=1
[EQ][SYM_IDX] sym_idx=1, type=L-LTF0
[EQ][POST_EQUALIZE] d_sym_idx=1
[EQ][RAW_BITS] sym_idx=1 bits52=0000000000000000000000000000000000000000000000000000
[EQ][STDERR_DIRECT] Entering direct mixed-mode header detection
[EQ][DIRECT_PATH] Entering direct mixed-mode header detection
[EQ][STDERR_BEFORE_GATE] Reached before gate check
[EQ][BEFORE_GATE] Reached before gate check
[EQ][TEST_INSERT] Added new debug output
[EQ][DEBUG_TEST] ======== DEBUG ENTRY ========
[EQ][DEBUG] Checking HT-SIG parse condition: d_sym_idx=1, kHtSig1Rel=5, d_have_ht_header=0
[EQ][DEBUG] valid flags: lltf0=1, lltf1=0, lsig=0, htsig0=0, htsig1=0
[EQ][WHILE_LOOP] iter consumed=2, d_sym_idx=2
[EQ][GATE_DETAIL] d_sym_idx=1, kHtSig1Rel=5, d_have_ht_header=0
[EQ][GATE_DETAIL] valid flags: lltf0=1 lltf1=0 lsig=0 htsig0=0 htsig1=0
[EQ][FLOW] abs=723 wifi_start=0 in_frame=1 sym_idx=2 consumed=2 produced=0
[EQ][PRE_EXTRACT] d_sym_idx=2, in_frame=1
[EXTRACT_CALL] sym_idx=2, type=L-LTF1
[EQ][IDX_CHECK] d_sym_idx=2, condition=1
[EQ][VALID_SET] d_sym_idx=2, valid=1
[EQ][SYM_IDX] sym_idx=2, type=L-LTF1
[EQ][POST_EQUALIZE] d_sym_idx=2
[EQ][RAW_BITS] sym_idx=2 bits52=1000010000110010001100011011001110011100110000000001
[EQ][STDERR_DIRECT] Entering direct mixed-mode header detection
[EQ][DIRECT_PATH] Entering direct mixed-mode header detection
[EQ][STDERR_BEFORE_GATE] Reached before gate check
[EQ][BEFORE_GATE] Reached before gate check
[EQ][TEST_INSERT] Added new debug output
[EQ][DEBUG_TEST] ======== DEBUG ENTRY ========
[EQ][DEBUG] Checking HT-SIG parse condition: d_sym_idx=2, kHtSig1Rel=5, d_have_ht_header=0
[EQ][DEBUG] valid flags: lltf0=1, lltf1=1, lsig=0, htsig0=0, htsig1=0
[EQ][WHILE_LOOP] iter consumed=3, d_sym_idx=3
[EQ][GATE_DETAIL] d_sym_idx=2, kHtSig1Rel=5, d_have_ht_header=0
[EQ][GATE_DETAIL] valid flags: lltf0=1 lltf1=1 lsig=0 htsig0=0 htsig1=0
[EQ][FLOW] abs=724 wifi_start=0 in_frame=1 sym_idx=3 consumed=3 produced=0
[EQ][PRE_EXTRACT] d_sym_idx=3, in_frame=1
[EXTRACT_CALL] sym_idx=3, type=L-SIG
[EQ][IDX_CHECK] d_sym_idx=3, condition=1
[EQ][VALID_SET] d_sym_idx=3, valid=1
[EQ][SYM_IDX] sym_idx=3, type=L-SIG
[EQ][POST_EQUALIZE] d_sym_idx=3
[EQ][RAW_BITS] sym_idx=3 bits52=0001100000111100100001010011110111100001111110001110
[EQ][STDERR_DIRECT] Entering direct mixed-mode header detection
[EQ][DIRECT_PATH] Entering direct mixed-mode header detection
[EQ][STDERR_BEFORE_GATE] Reached before gate check
[EQ][BEFORE_GATE] Reached before gate check
[EQ][GATE] sym=3 want_htsig1=5 valid={lltf0=1 lltf1=1 lsig=1 htsig0=0 htsig1=0} have_ht=0
[EQ][TEST_INSERT] Added new debug output
[EQ][DEBUG_TEST] ======== DEBUG ENTRY ========
[EQ][DEBUG] Checking HT-SIG parse condition: d_sym_idx=3, kHtSig1Rel=5, d_have_ht_header=0
[EQ][DEBUG] valid flags: lltf0=1, lltf1=1, lsig=1, htsig0=0, htsig1=0
[EQ][WHILE_LOOP] iter consumed=4, d_sym_idx=4
[EQ][GATE_DETAIL] d_sym_idx=3, kHtSig1Rel=5, d_have_ht_header=0
[EQ][GATE_DETAIL] valid flags: lltf0=1 lltf1=1 lsig=1 htsig0=0 htsig1=0
[EQ][FLOW] abs=725 wifi_start=0 in_frame=1 sym_idx=4 consumed=4 produced=0
[EQ][PRE_EXTRACT] d_sym_idx=4, in_frame=1
[EXTRACT_CALL] sym_idx=4, type=HT-SIG0
[EQ][IDX_CHECK] d_sym_idx=4, condition=1
[EQ][VALID_SET] d_sym_idx=4, valid=1
[EQ][SYM_IDX] sym_idx=4, type=HT-SIG0
[EQ][POST_EQUALIZE] d_sym_idx=4
[EQ][RAW_BITS] sym_idx=4 bits52=0001010111101000011010010111100001111110110001101001
[EQ][STDERR_DIRECT] Entering direct mixed-mode header detection
[EQ][DIRECT_PATH] Entering direct mixed-mode header detection
[EQ][STDERR_BEFORE_GATE] Reached before gate check
[EQ][BEFORE_GATE] Reached before gate check
[EQ][GATE] sym=4 want_htsig1=5 valid={lltf0=1 lltf1=1 lsig=1 htsig0=1 htsig1=0} have_ht=0
[EQ][TEST_INSERT] Added new debug output
[EQ][DEBUG_TEST] ======== DEBUG ENTRY ========
[EQ][DEBUG] Checking HT-SIG parse condition: d_sym_idx=4, kHtSig1Rel=5, d_have_ht_header=0
[EQ][DEBUG] valid flags: lltf0=1, lltf1=1, lsig=1, htsig0=1, htsig1=0
[EQ][WHILE_LOOP] iter consumed=5, d_sym_idx=5
[EQ][GATE_DETAIL] d_sym_idx=4, kHtSig1Rel=5, d_have_ht_header=0
[EQ][GATE_DETAIL] valid flags: lltf0=1 lltf1=1 lsig=1 htsig0=1 htsig1=0
[EQ][FLOW] abs=726 wifi_start=0 in_frame=1 sym_idx=5 consumed=5 produced=0
[EQ][PRE_EXTRACT] d_sym_idx=5, in_frame=1
[EXTRACT_CALL] sym_idx=5, type=HT-SIG1
[EQ][IDX_CHECK] d_sym_idx=5, condition=1
[EQ][VALID_SET] d_sym_idx=5, valid=1
[EQ][SYM_IDX] sym_idx=5, type=HT-SIG1
[EQ][POST_EQUALIZE] d_sym_idx=5
[EQ][RAW_BITS] sym_idx=5 bits52=0001010110111111010111110110100101100111000001101001
[EQ][STDERR_DIRECT] Entering direct mixed-mode header detection
[EQ][DIRECT_PATH] Entering direct mixed-mode header detection
[EQ][STDERR_BEFORE_GATE] Reached before gate check
[EQ][BEFORE_GATE] Reached before gate check
[EQ][GATE] sym=5 want_htsig1=5 valid={lltf0=1 lltf1=1 lsig=1 htsig0=1 htsig1=1} have_ht=0
[EQ][TEST_INSERT] Added new debug output
[EQ][DEBUG_TEST] ======== DEBUG ENTRY ========
[EQ][DEBUG] Checking HT-SIG parse condition: d_sym_idx=5, kHtSig1Rel=5, d_have_ht_header=0
[EQ][DEBUG] valid flags: lltf0=1, lltf1=1, lsig=1, htsig0=1, htsig1=1
[EQ][GATE_DETAIL] d_sym_idx=5, kHtSig1Rel=5, d_have_ht_header=0
[EQ][GATE_DETAIL] valid flags: lltf0=1 lltf1=1 lsig=1 htsig0=1 htsig1=1
[EQ][DEBUG_BLOCK] ENTERING HT-SIG PARSE BLOCK
[RX][LLTF-DBG] L-LTF0 valid=1, L-LTF1 valid=1
[RX][LLTF-DBG] L-LTF0 avg_mag=8.0947, L-LTF1 avg_mag=7.4943
[RX][LLTF-DBG] L-LTF0[0:3]: 9.742∠-0.018 5.812∠0.100 11.909∠-3.019 9.132∠-2.928 
[RX][LLTF-DBG] L-LTF1[0:3]: 6.788∠-2.835 7.172∠-2.131 2.416∠-2.717 2.111∠1.246 
[CHAN_EST][DEBUG] L-LTF0 average magnitude: 8.0947
[CHAN_EST][DEBUG] L-LTF1 average magnitude: 7.4943
[CHAN_EST][LLTF_COMPARE] First 20 data subcarriers:
  i=0 sc=-26: expected=1, avg=1.634+-1.114i (mag=1.978, phase=-0.598), received0=9.740+-0.180i received1=-6.472+-2.048i
  i=1 sc=-25: expected=1, avg=0.987+-2.749i (mag=2.921, phase=-1.226), received0=5.783+0.580i received1=-3.808+-6.077i
  i=2 sc=-24: expected=-1, avg=-7.010+-1.225i (mag=7.117, phase=-2.969), received0=-11.819+-1.455i received1=-2.202+-0.996i
  i=3 sc=-23: expected=-1, avg=-4.125+0.033i (mag=4.126, phase=3.134), received0=-8.925+-1.934i received1=0.674+2.000i
  i=4 sc=-22: expected=1, avg=-1.722+0.676i (mag=1.850, phase=2.767), received0=-6.609+-2.057i received1=3.165+3.409i
  i=5 sc=-20: expected=-1, avg=-7.502+5.237i (mag=9.149, phase=2.532), received0=-8.161+-4.557i received1=-6.843+15.032i
  i=6 sc=-19: expected=1, avg=2.477+0.582i (mag=2.545, phase=0.231), received0=-4.933+-3.304i received1=9.888+4.467i
  i=7 sc=-18: expected=-1, avg=2.842+9.961i (mag=10.358, phase=1.293), received0=8.288+7.894i received1=-2.604+12.027i
  i=8 sc=-17: expected=1, avg=3.590+5.874i (mag=6.884, phase=1.022), received0=5.173+6.129i received1=2.006+5.618i
  i=9 sc=-16: expected=1, avg=-1.590+-4.273i (mag=4.559, phase=-1.927), received0=-5.229+-6.574i received1=2.050+-1.972i
  i=10 sc=-15: expected=1, avg=1.543+1.311i (mag=2.025, phase=0.704), received0=5.194+9.212i received1=-2.109+-6.589i
  i=11 sc=-14: expected=1, avg=-0.958+0.965i (mag=1.360, phase=2.352), received0=3.272+7.572i received1=-5.187+-5.641i
  i=12 sc=-13: expected=1, avg=6.923+2.082i (mag=7.229, phase=0.292), received0=1.997+6.409i received1=11.849+-2.245i
  i=13 sc=-12: expected=1, avg=6.103+1.418i (mag=6.265, phase=0.228), received0=0.841+4.504i received1=11.365+-1.669i
  i=14 sc=-11: expected=-1, avg=-3.748+-10.193i (mag=10.860, phase=-1.923), received0=-2.113+-12.333i received1=-5.382+-8.053i
  i=15 sc=-10: expected=-1, avg=3.620+-6.714i (mag=7.628, phase=-1.076), received0=-0.741+-9.366i received1=7.982+-4.061i
  i=16 sc=-9: expected=1, avg=1.214+-3.144i (mag=3.371, phase=-1.202), received0=0.060+-6.919i received1=2.368+0.631i
  i=17 sc=-8: expected=1, avg=0.981+7.703i (mag=7.765, phase=1.444), received0=-1.692+9.521i received1=3.653+5.885i
  i=18 sc=-6: expected=1, avg=-3.418+-0.763i (mag=3.502, phase=-2.922), received0=-3.474+8.892i received1=-3.362+-10.418i
  i=19 sc=-5: expected=-1, avg=4.588+-4.487i (mag=6.418, phase=-0.774), received0=3.135+-7.275i received1=6.041+-1.700i
[CHAN_EST] Average channel magnitude: 5.3984
[CHAN_EST] Channel magnitude range: [0.5146, 10.8601]
[CHAN_EST] Channel phase range: [-2.922, 2.976] rad
[CHAN_EST] Zero magnitude subcarriers: 0/52
[CHAN_EST][SC0] H=1.634+-1.114i, mag=1.978, phase=-0.598
[CHAN_EST][SC1] H=0.987+-2.749i, mag=2.921, phase=-1.226
[CHAN_EST][SC2] H=7.010+1.225i, mag=7.117, phase=0.173
[CHAN_EST][SC3] H=4.125+-0.033i, mag=4.126, phase=-0.008
[CHAN_EST][SC4] H=-1.722+0.676i, mag=1.850, phase=2.767
[CHAN_EST][SC5] H=7.502+-5.237i, mag=9.149, phase=-0.609
[CHAN_EST][SC6] H=2.477+0.582i, mag=2.545, phase=0.231
[CHAN_EST][SC7] H=-2.842+-9.961i, mag=10.358, phase=-1.849
[CHAN_EST][SC8] H=3.590+5.874i, mag=6.884, phase=1.022
[CHAN_EST][SC9] H=-1.590+-4.273i, mag=4.559, phase=-1.927
[EQ_HEADER] CPE estimate: 1.130 rad, rot=0.427+-0.904i
[EQ_HEADER] Zero-magnitude H subcarriers: 0/48
[EQ_HEADER] Average RX magnitude: 8.0275
[EQ_HEADER] Average EQ magnitude: 2.1796
[EQ_HEADER] First 10 bits: 0111001001
[EQ_HEADER][SC0] rx=-0.547+0.818i, eq=-0.029+0.497i, bit=0
[EQ_HEADER][SC1] rx=1.134+9.058i, eq=0.088+3.124i, bit=1
[EQ_HEADER][SC2] rx=0.097+7.728i, eq=1.051+0.274i, bit=1
[EQ_HEADER][SC3] rx=-0.667+6.810i, eq=1.417+0.862i, bit=1
[EQ_HEADER][SC4] rx=-1.251+5.819i, eq=-1.664+-2.753i, bit=0
[EQ_HEADER] CPE estimate: 1.465 rad, rot=0.105+-0.994i
[EQ_HEADER] Zero-magnitude H subcarriers: 0/48
[EQ_HEADER] Average RX magnitude: 8.4792
[EQ_HEADER] Average EQ magnitude: 2.3532
[EQ_HEADER] First 10 bits: 1101010110
[EQ_HEADER][SC0] rx=0.809+1.321i, eq=0.774+0.120i, bit=1
[EQ_HEADER][SC1] rx=6.250+6.542i, eq=2.610+1.669i, bit=1
[EQ_HEADER][SC2] rx=-5.602+-5.484i, eq=-0.716+0.837i, bit=0
[EQ_HEADER][SC3] rx=6.041+9.271i, eq=2.398+-1.201i, bit=1
[EQ_HEADER][SC4] rx=4.074+8.061i, eq=-4.881+-0.057i, bit=0
[EQ_HEADER] CPE estimate: -1.007 rad, rot=0.534+0.845i
[EQ_HEADER] Zero-magnitude H subcarriers: 0/48
[EQ_HEADER] Average RX magnitude: 7.7210
[EQ_HEADER] Average EQ magnitude: 2.2055
[EQ_HEADER] First 10 bits: 0001100011
[EQ_HEADER][SC0] rx=-0.049+1.085i, eq=-0.548+-0.044i, bit=0
[EQ_HEADER][SC1] rx=7.367+2.053i, eq=-2.106+1.556i, bit=0
[EQ_HEADER][SC2] rx=-9.337+-1.059i, eq=-0.771+-1.072i, bit=0
[EQ_HEADER][SC3] rx=8.503+4.021i, eq=0.259+2.265i, bit=1
[EQ_HEADER][SC4] rx=5.546+3.697i, eq=1.398+-3.320i, bit=1
[RX][CHAN-EST] Hhdr52: avg_mag=5.3984 avg_phase=0.8192 rad phase_var=3.2228
[RX][CHAN-EST] Hhdr52[0:5]: 1.978∠-0.598 2.921∠-1.226 7.117∠0.173 4.126∠-0.008 1.850∠2.767 9.149∠-0.609 
[RX][HDRDBG] rel=3 raw48=011001001101111000100000110010111111111010011011
[RX][HDRDBG] rel=3 eq48 =011100100110000101011111110110001001111010101100
[RX][HDRDBG] rel=3 deintl48=001110100111011011111010011110101010011001000100
[RX][HDRDBG] rel=3 bit-errors: raw->eq=27 eq->deintl=20
[RX][HDRDBG] rel=4 raw48=110111000000110011011000111110000111011001101010
[RX][HDRDBG] rel=4 eq48 =110101011010001110000111101010111110101010010101
[RX][HDRDBG] rel=4 deintl48=111101001100001110011110111000110001010001110111
[RX][HDRDBG] rel=4 bit-errors: raw->eq=30 eq->deintl=20
[RX][HDRDBG] rel=5 raw48=010111011011100000000000101101000000001010111001
[RX][HDRDBG] rel=5 eq48 =000110001111000101111111101011001111110101011011
[RX][HDRDBG] rel=5 deintl48=001011011111111011010011110101110101011010001101
[RX][HDRDBG] rel=5 bit-errors: raw->eq=27 eq->deintl=28
[EQ_HEADER] CPE estimate: 1.130 rad, rot=0.427+-0.904i
[EQ_HEADER] Zero-magnitude H subcarriers: 0/48
[EQ_HEADER] Average RX magnitude: 8.0275
[EQ_HEADER] Average EQ magnitude: 2.1796
[EQ_HEADER] First 10 bits: 0111001001
[EQ_HEADER][SC0] rx=-0.547+0.818i, eq=-0.029+0.497i, bit=0
[EQ_HEADER][SC1] rx=1.134+9.058i, eq=0.088+3.124i, bit=1
[EQ_HEADER][SC2] rx=0.097+7.728i, eq=1.051+0.274i, bit=1
[EQ_HEADER][SC3] rx=-0.667+6.810i, eq=1.417+0.862i, bit=1
[EQ_HEADER][SC4] rx=-1.251+5.819i, eq=-1.664+-2.753i, bit=0
[EQ_HEADER] CPE estimate: 1.130 rad, rot=0.427+-0.904i
[EQ_HEADER] Zero-magnitude H subcarriers: 0/48
[EQ_HEADER] Average RX magnitude: 8.0275
[EQ_HEADER] Average EQ magnitude: 2.1796
[EQ_HEADER] First 10 bits: 0111001001
[EQ_HEADER][SC0] rx=-0.547+0.818i, eq=-0.029+0.497i, bit=0
[EQ_HEADER][SC1] rx=1.134+9.058i, eq=0.088+3.124i, bit=1
[EQ_HEADER][SC2] rx=0.097+7.728i, eq=1.051+0.274i, bit=1
[EQ_HEADER][SC3] rx=-0.667+6.810i, eq=1.417+0.862i, bit=1
[EQ_HEADER][SC4] rx=-1.251+5.819i, eq=-1.664+-2.753i, bit=0
[EQ][HT-SIG][DEBUG] L-SIG bits (48): 000110000011110010000101001111011110000111111000
[EQ][HT-SIG][DEBUG] HT-SIG0 bits (48): 000101011110100001101001011110000111111011000110
[EQ][HT-SIG][DEBUG] HT-SIG1 bits (48): 000101011011111101011111011010010110011100000110
[EQ][HT-SIG] parse failed: lsig=3 htsig=4/5
[EQ][WHILE_LOOP] iter consumed=6, d_sym_idx=6
[EQ][FLOW] abs=727 wifi_start=0 in_frame=1 sym_idx=6 consumed=6 produced=0
[EQ][PRE_EXTRACT] d_sym_idx=6, in_frame=1
[EXTRACT_CALL] sym_idx=6, type=OTHER
[EQ][IDX_CHECK] d_sym_idx=6, condition=1
[EQ][VALID_SET] d_sym_idx=6, valid=1
[EQ][SYM_IDX] sym_idx=6, type=UNKNOWN
[EQ][POST_EQUALIZE] d_sym_idx=6
[EQ][RAW_BITS] sym_idx=6 bits52=0111110000111111110101001111100011001110000100011001
[EQ][STDERR_DIRECT] Entering direct mixed-mode header detection
[EQ][DIRECT_PATH] Entering direct mixed-mode header detection
[EQ][STDERR_BEFORE_GATE] Reached before gate check
[EQ][BEFORE_GATE] Reached before gate check
[EQ][GATE] sym=6 want_htsig1=5 valid={lltf0=1 lltf1=1 lsig=1 htsig0=1 htsig1=1} have_ht=0
[EQ][TEST_INSERT] Added new debug output
[EQ][DEBUG_TEST] ======== DEBUG ENTRY ========
[EQ][DEBUG] Checking HT-SIG parse condition: d_sym_idx=6, kHtSig1Rel=5, d_have_ht_header=0
[EQ][DEBUG] valid flags: lltf0=1, lltf1=1, lsig=1, htsig0=1, htsig1=1
[EQ][WHILE_LOOP] iter consumed=7, d_sym_idx=7
[EQ][GATE_DETAIL] d_sym_idx=6, kHtSig1Rel=5, d_have_ht_header=0
[EQ][GATE_DETAIL] valid flags: lltf0=1 lltf1=1 lsig=1 htsig0=1 htsig1=1
[EQ][FLOW] abs=728 wifi_start=0 in_frame=1 sym_idx=7 consumed=7 produced=0
[EQ][PRE_EXTRACT] d_sym_idx=7, in_frame=1
[EXTRACT_CALL] sym_idx=7, type=OTHER
[EQ][IDX_CHECK] d_sym_idx=7, condition=1
[EQ][VALID_SET] d_sym_idx=7, valid=1
[EQ][SYM_IDX] sym_idx=7, type=UNKNOWN
[EQ][POST_EQUALIZE] d_sym_idx=7
[EQ][RAW_BITS] sym_idx=7 bits52=0001011101111000110100111000011011001101001001100001
[EQ][STDERR_DIRECT] Entering direct mixed-mode header detection
[EQ][DIRECT_PATH] Entering direct mixed-mode header detection
[EQ][STDERR_BEFORE_GATE] Reached before gate check
[EQ][BEFORE_GATE] Reached before gate check
[EQ][TEST_INSERT] Added new debug output
[EQ][DEBUG_TEST] ======== DEBUG ENTRY ========
[EQ][DEBUG] Checking HT-SIG parse condition: d_sym_idx=7, kHtSig1Rel=5, d_have_ht_header=0
[EQ][DEBUG] valid flags: lltf0=1, lltf1=1, lsig=1, htsig0=1, htsig1=1
[EQ][WHILE_LOOP] iter consumed=8, d_sym_idx=8
[EQ][GATE_DETAIL] d_sym_idx=7, kHtSig1Rel=5, d_have_ht_header=0
[EQ][GATE_DETAIL] valid flags: lltf0=1 lltf1=1 lsig=1 htsig0=1 htsig1=1
[EQ][FLOW] abs=729 wifi_start=0 in_frame=1 sym_idx=8 consumed=8 produced=0
[EQ][PRE_EXTRACT] d_sym_idx=8, in_frame=1
[EQ][POST_EQUALIZE] d_sym_idx=8
[EQ][STDERR_DIRECT] Entering direct mixed-mode header detection
[EQ][IDX_CHECK] d_sym_idx=8, condition=0
[EQ][DIRECT_PATH] Entering direct mixed-mode header detection
[EQ][STDERR_BEFORE_GATE] Reached before gate check
[EQ][BEFORE_GATE] Reached before gate check
[EQ][TEST_INSERT] Added new debug output
[EQ][DEBUG_TEST] ======== DEBUG ENTRY ========
[EQ][DEBUG] Checking HT-SIG parse condition: d_sym_idx=8, kHtSig1Rel=5, d_have_ht_header=0
[EQ][DEBUG] valid flags: lltf0=1, lltf1=1, lsig=1, htsig0=1, htsig1=1
[EQ][WHILE_LOOP] iter consumed=9, d_sym_idx=9
[EQ][GATE_DETAIL] d_sym_idx=8, kHtSig1Rel=5, d_have_ht_header=0
[EQ][GATE_DETAIL] valid flags: lltf0=1 lltf1=1 lsig=1 htsig0=1 htsig1=1
[EQ][FLOW] abs=730 wifi_start=0 in_frame=1 sym_idx=9 consumed=9 produced=0
[EQ][PRE_EXTRACT] d_sym_idx=9, in_frame=1
[EQ][POST_EQUALIZE] d_sym_idx=9
[EQ][STDERR_DIRECT] Entering direct mixed-mode header detection
[EQ][IDX_CHECK] d_sym_idx=9, condition=0
[EQ][DIRECT_PATH] Entering direct mixed-mode header detection
[EQ][STDERR_BEFORE_GATE] Reached before gate check
[EQ][BEFORE_GATE] Reached before gate check
[EQ][TEST_INSERT] Added new debug output
[EQ][DEBUG_TEST] ======== DEBUG ENTRY ========
[EQ][DEBUG] Checking HT-SIG parse condition: d_sym_idx=9, kHtSig1Rel=5, d_have_ht_header=0
[EQ][DEBUG] valid flags: lltf0=1, lltf1=1, lsig=1, htsig0=1, htsig1=1
[EQ][WHILE_LOOP] iter consumed=10, d_sym_idx=10
[EQ][GATE_DETAIL] d_sym_idx=9, kHtSig1Rel=5, d_have_ht_header=0
[EQ][GATE_DETAIL] valid flags: lltf0=1 lltf1=1 lsig=1 htsig0=1 htsig1=1
[EQ][FLOW] abs=731 wifi_start=0 in_frame=1 sym_idx=10 consumed=10 produced=0
[EQ][PRE_EXTRACT] d_sym_idx=10, in_frame=1
[EQ][POST_EQUALIZE] d_sym_idx=10
[EQ][STDERR_DIRECT] Entering direct mixed-mode header detection
[EQ][IDX_CHECK] d_sym_idx=10, condition=0
[EQ][DIRECT_PATH] Entering direct mixed-mode header detection
[EQ][STDERR_BEFORE_GATE] Reached before gate check
[EQ][BEFORE_GATE] Reached before gate check
[EQ][TEST_INSERT] Added new debug output
[EQ][DEBUG_TEST] ======== DEBUG ENTRY ========
[EQ][DEBUG] Checking HT-SIG parse condition: d_sym_idx=10, kHtSig1Rel=5, d_have_ht_header=0
[EQ][DEBUG] valid flags: lltf0=1, lltf1=1, lsig=1, htsig0=1, htsig1=1
[EQ][WHILE_LOOP] iter consumed=11, d_sym_idx=11
[EQ][GATE_DETAIL] d_sym_idx=10, kHtSig1Rel=5, d_have_ht_header=0
[EQ][GATE_DETAIL] valid flags: lltf0=1 lltf1=1 lsig=1 htsig0=1 htsig1=1
[EQ][FLOW] abs=732 wifi_start=0 in_frame=1 sym_idx=11 consumed=11 produced=0
[EQ][PRE_EXTRACT] d_sym_idx=11, in_frame=1
[EQ][POST_EQUALIZE] d_sym_idx=11
[EQ][STDERR_DIRECT] Entering direct mixed-mode header detection
[EQ][IDX_CHECK] d_sym_idx=11, condition=0
[EQ][DIRECT_PATH] Entering direct mixed-mode header detection
[EQ][STDERR_BEFORE_GATE] Reached before gate check
[EQ][BEFORE_GATE] Reached before gate check
[EQ][TEST_INSERT] Added new debug output
[EQ][DEBUG_TEST] ======== DEBUG ENTRY ========
[EQ][DEBUG] Checking HT-SIG parse condition: d_sym_idx=11, kHtSig1Rel=5, d_have_ht_header=0
[EQ][DEBUG] valid flags: lltf0=1, lltf1=1, lsig=1, htsig0=1, htsig1=1
[EQ][WHILE_LOOP] iter consumed=12, d_sym_idx=12
[EQ][PRE_EXTRACT] d_sym_idx=12, in_frame=1
[EQ][POST_EQUALIZE] d_sym_idx=12
[EQ][STDERR_DIRECT] Entering direct mixed-mode header detection
[EQ][GATE_DETAIL] d_sym_idx=11, kHtSig1Rel=5, d_have_ht_header=0
[EQ][GATE_DETAIL] valid flags: lltf0=1 lltf1=1 lsig=1 htsig0=1 htsig1=1
[EQ][IDX_CHECK] d_sym_idx=12, condition=0
[EQ][DIRECT_PATH] Entering direct mixed-mode header detection
[EQ][STDERR_BEFORE_GATE] Reached before gate check
[EQ][BEFORE_GATE] Reached before gate check
[EQ][TEST_INSERT] Added new debug output
[EQ][DEBUG_TEST] ======== DEBUG ENTRY ========
[EQ][DEBUG] Checking HT-SIG parse condition: d_sym_idx=12, kHtSig1Rel=5, d_have_ht_header=0
[EQ][DEBUG] valid flags: lltf0=1, lltf1=1, lsig=1, htsig0=1, htsig1=1
[EQ][WHILE_LOOP] iter consumed=13, d_sym_idx=13
[EQ][PRE_EXTRACT] d_sym_idx=13, in_frame=1
[EQ][POST_EQUALIZE] d_sym_idx=13
[EQ][STDERR_DIRECT] Entering direct mixed-mode header detection
[EQ][GATE_DETAIL] d_sym_idx=12, kHtSig1Rel=5, d_have_ht_header=0
[EQ][GATE_DETAIL] valid flags: lltf0=1 lltf1=1 lsig=1 htsig0=1 htsig1=1
[EQ][IDX_CHECK] d_sym_idx=13, condition=0
[EQ][DIRECT_PATH] Entering direct mixed-mode header detection
[EQ][STDERR_BEFORE_GATE] Reached before gate check
[EQ][BEFORE_GATE] Reached before gate check
[EQ][TEST_INSERT] Added new debug output
[EQ][DEBUG_TEST] ======== DEBUG ENTRY ========
[EQ][DEBUG] Checking HT-SIG parse condition: d_sym_idx=13, kHtSig1Rel=5, d_have_ht_header=0
[EQ][DEBUG] valid flags: lltf0=1, lltf1=1, lsig=1, htsig0=1, htsig1=1
[EQ][GATE_DETAIL] d_sym_idx=13, kHtSig1Rel=5, d_have_ht_header=0
[EQ][GATE_DETAIL] valid flags: lltf0=1 lltf1=1 lsig=1 htsig0=1 htsig1=1
[MAPPER] handle_msg called
message_debug :info: The `print_pdu` port is deprecated and will be removed; forwarding to `print`.
[MAPPER] meta=***** VERBOSE PDU DEBUG PRINT ******
((encoding . 0) (crc_included . #t))
pdu length =         38 bytes
pdu vector contents = 
0000: 08 00 00 00 42 42 42 42 42 42 23 23 23 23 23 23 
0010: ff ff ff ff ff ff d0 01 78 78 78 78 78 78 78 78 
0020: 78 78 43 68 43 50 
************************************
((encoding . 0) (crc_included . #t))
[MAPPER] meta fields: mcs=0 len=-1 psdu_len=-1
[MAPPER] using MCS=0
[MAPPER] HT mode enabled, effective MCS: 0
[TX][HTDATA0][PUNCTURED] bits52=1110101110011011011000100000111110000100110001010001
[TX][HTDATA0][INTERLEAVED] bits52=1000110111110010111001101011100010010100000010101001
[TX][HTDATA0] bits52=1000110111110010111001101011100010010100000010101001
[TX][PUNCTURED-ALL] nbits=676 first64=1110101110011011011000100000111110000100110001010001011101000001 last64=0110111001000110001110111001001111100111000000110111111111000010
[TX][INTERLEAVED-ALL] nbits=676 first64=1000110111110010111001101011100010010100000010101001011010101111 last64=0101010011100011101111010001000101011101110011100110100010111110
[TX][HTDATA0][PUNCTURED] keep existing first-frame reference /tmp/wifi_tx_punctured0_bits52.txt
[TX][HTDATA0][INTERLEAVED] keep existing first-frame reference /tmp/wifi_tx_interleaved0_bits52.txt
[TX][HTDATA0] keep existing first-frame reference /tmp/wifi_tx_data0_bits52.txt
[TX][PUNCTURED-ALL] keep existing first-frame reference /tmp/wifi_tx_punctured_all_bits.txt
[TX][INTERLEAVED-ALL] keep existing first-frame reference /tmp/wifi_tx_interleaved_all_bits.txt
[TX][PUNCTURED-ALL] updated /tmp/wifi_tx_punctured_all_bits.last.txt
[TX][INTERLEAVED-ALL] updated /tmp/wifi_tx_interleaved_all_bits.last.txt
[MAPPER] frame: ht_mode=1 psdu=38 n_sym=13 n_data_bits=338 n_encoded_bits=676 data_carriers=52 out_symbols=676
[HT-HEADER] general_work called ninput=676 noutput=32688
[TX][LSIG] raw24=110100110010000000000000
[TX][LSIG] enc48=110110001010100111001100100011011100000000000000
[TX][LSIG] intl48=110011011001000011010100011000000010011001100000
[TX][HTSIG] fields: mcs=0 len=38 bw40=0 agg=0 sgi=0 stbc=0 adv=0 nltf=0 crc=0x0d
[TX][HTSIG] raw48=000000000110010000000000000000000010110000000000
[TX][HTSIG] enc96=000000000000000000110110111100100011011100000000000000000000000000001110111001101110101100000000
[TX][HTSIG] intl96=000000111110010000000011100110000000000010011000000000011011110000000001100100000000001011101000
[TX][HTHDR][OUTBUF] lsig48=110011011001000011010100011000000010011001100000
[TX][HTHDR][OUTBUF] htsig1_48=000000111110010000000011100110000000000010011000
[TX][HTHDR][OUTBUF] htsig2_48=000000011011110000000001100100000000001011101000
[SYNC-SHORT] general_work called: noutput=16 ninput=2288 threshold=0.010 state=1
SHORT copied 16
[SYNC-LONG] general_work: ninput[0]=16 ninput[1]=320 noutput=16 state=1
LONG ninput[0] 16   ninput[1] 320  noutput 16   state 1
produced : 16 consumed: 16
[SYNC-SHORT] general_work called: noutput=2048 ninput=2272 threshold=0.010 state=1
sync_short :info: frame start at in: 65569 out: 66096
SHORT Frame!
SHORT copied 544
[SYNC-SHORT] general_work called: noutput=1024 ninput=1728 threshold=0.010 state=1
[SYNC-LONG] general_work: ninput[0]=544 ninput[1]=320 noutput=256 state=1
LONG ninput[0] 544   ninput[1] 320  noutput 256   state 1
sync_short :info: frame start at in: 66050 out: 66577
SHORT Frame!
SHORT copied 481
[SYNC-SHORT] general_work called: noutput=1024 ninput=1247 threshold=0.010 state=1
produced : 256 consumed: 320
[SYNC-LONG] general_work: ninput[0]=705 ninput[1]=544 noutput=512 state=1
LONG ninput[0] 705   ninput[1] 544  noutput 512   state 1
produced : 176 consumed: 224
sync_short :info: frame start at in: 66531 out: 67058
SHORT Frame!
SHORT copied 481
[SYNC-SHORT] general_work called: noutput=512 ninput=766 threshold=0.010 state=1
[SYNC-LONG] general_work: ninput[0]=962 ninput[1]=801 noutput=512 state=1
LONG ninput[0] 962   ninput[1] 801  noutput 512   state 1
[SYNC-LONG] Received wifi_start tag: freq_offset=-0.029 offset=65569 nread=65569
LONG: ignore retrigger tag during COPY nread=65569 d_count=1350 guard=3072 tag_offset=65569
sync_short :info: frame start at in: 67012 out: 67539
[EQ][ENTER] general_work called nin=7 nout=256
SHORT Frame!
SHORT copied 481
[EQ][WHILE_ENTER] consumed=0, n_in=7
[EQ][WHILE_LOOP] iter consumed=0, d_sym_idx=14
[EQ][FLOW] abs=735 wifi_start=0 in_frame=1 sym_idx=14 consumed=0 produced=0
[EQ][PRE_EXTRACT] d_sym_idx=14, in_frame=1
[EQ][POST_EQUALIZE] d_sym_idx=14
[EQ][STDERR_DIRECT] Entering direct mixed-mode header detection
[EQ][IDX_CHECK] d_sym_idx=14, condition=0
produced : 512 consumed: 640
[EQ][DIRECT_PATH] Entering direct mixed-mode header detection
[EQ][STDERR_BEFORE_GATE] Reached before gate check
[EQ][BEFORE_GATE] Reached before gate check
[EQ][TEST_INSERT] Added new debug output
[EQ][DEBUG_TEST] ======== DEBUG ENTRY ========
[EQ][DEBUG] Checking HT-SIG parse condition: d_sym_idx=14, kHtSig1Rel=5, d_have_ht_header=0
[EQ][DEBUG] valid flags: lltf0=1, lltf1=1, lsig=1, htsig0=1, htsig1=1
[EQ][WHILE_LOOP] iter consumed=1, d_sym_idx=15
[EQ][GATE_DETAIL] d_sym_idx=14, kHtSig1Rel=5, d_have_ht_header=0
[EQ][GATE_DETAIL] valid flags: lltf0=1 lltf1=1 lsig=1 htsig0=1 htsig1=1
[EQ][FLOW] abs=736 wifi_start=0 in_frame=1 sym_idx=15 consumed=1 produced=0
[SYNC-SHORT] general_work called: noutput=256 ninput=285 threshold=0.010 state=1
[EQ][PRE_EXTRACT] d_sym_idx=15, in_frame=1
[EQ][POST_EQUALIZE] d_sym_idx=15
[EQ][STDERR_DIRECT] Entering direct mixed-mode header detection
[EQ][IDX_CHECK] d_sym_idx=15, condition=0
[EQ][DIRECT_PATH] Entering direct mixed-mode header detection
[EQ][STDERR_BEFORE_GATE] Reached before gate check
[EQ][BEFORE_GATE] Reached before gate check
[SYNC-LONG] general_work: ninput[0]=803 ninput[1]=1123 noutput=512 state=1
[EQ][TEST_INSERT] Added new debug output
[EQ][DEBUG_TEST] ======== DEBUG ENTRY ========
[EQ][DEBUG] Checking HT-SIG parse condition: d_sym_idx=15, kHtSig1Rel=5, d_have_ht_header=0
[EQ][DEBUG] valid flags: lltf0=1, lltf1=1, lsig=1, htsig0=1, htsig1=1
LONG ninput[0] [EQ][GATE_DETAIL] d_sym_idx=15, kHtSig1Rel=5, d_have_ht_header=0
803   ninput[1] 1123  noutput 512   state [EQ][GATE_DETAIL] valid flags: lltf0=1 lltf1=1 lsig=1 htsig0=1 htsig1=1
1
[EQ][WHILE_LOOP] iter consumed=2, d_sym_idx=16
[EQ][FLOW] abs=737 wifi_start=0 in_frame=1 sym_idx=16 consumed=2 produced=0
[EQ][PRE_EXTRACT] d_sym_idx=16, in_frame=1
[EQ][POST_EQUALIZE] d_sym_idx=16
[EQ][STDERR_DIRECT] Entering direct mixed-mode header detection
[EQ][IDX_CHECK] d_sym_idx=16, condition=0
[EQ][DIRECT_PATH] Entering direct mixed-mode header detection
[EQ][STDERR_BEFORE_GATE] Reached before gate check
[EQ][BEFORE_GATE] Reached before gate check
[EQ][TEST_INSERT] Added new debug output
[EQ][DEBUG_TEST] ======== DEBUG ENTRY ========
[EQ][DEBUG] Checking HT-SIG parse condition: d_sym_idx=16, kHtSig1Rel=5, d_have_ht_header=0
SHORT copied [EQ][DEBUG] valid flags: lltf0=1, lltf1=1, lsig=1, htsig0=1, htsig1=1
256
produced : 258 consumed: 322
[SYNC-SHORT] general_work called: noutput=8 ninput=29 threshold=0.010 state=1
[EQ][WHILE_LOOP] iter consumed=3, d_sym_idx=17
[EQ][GATE_DETAIL] d_sym_idx=16, kHtSig1Rel=5, d_have_ht_header=0
[EQ][GATE_DETAIL] valid flags: lltf0=1 lltf1=1 lsig=1 htsig0=1 htsig1=1
SHORT copied 8
[SYNC-LONG] general_work: ninput[0]=737 ninput[1]=801 noutput=512 state=1
LONG ninput[0] 737   ninput[1] 801  noutput 512   state 1
[SYNC-SHORT] general_work called: noutput=4 ninput=21 threshold=0.010 state=1
SHORT copied 4
[SYNC-LONG] Received wifi_start tag: freq_offset=0.039 offset=66531 nread=66531
[EQ][FLOW] abs=738 wifi_start=0 in_frame=1 sym_idx=17 consumed=3 produced=0
LONG: ignore retrigger tag during COPY nread=66531 d_count=[SYNC-SHORT] general_work called: noutput=1 ninput=17 threshold=0.010 state=1
[EQ][PRE_EXTRACT] d_sym_idx=17, in_frame=1
SHORT copied 1
[EQ][POST_EQUALIZE] d_sym_idx=17
[EQ][STDERR_DIRECT] Entering direct mixed-mode header detection
[EQ][IDX_CHECK] d_sym_idx=17, condition=0
2120[EQ][DIRECT_PATH] Entering direct mixed-mode header detection
[EQ][STDERR_BEFORE_GATE] Reached before gate check
 guard=3072[EQ][BEFORE_GATE] Reached before gate check
 tag_offset=[EQ][TEST_INSERT] Added new debug output
[EQ][DEBUG_TEST] ======== DEBUG ENTRY ========
[EQ][DEBUG] Checking HT-SIG parse condition: d_sym_idx=17, kHtSig1Rel=5, d_have_ht_header=0
[EQ][DEBUG] valid flags: lltf0=1, lltf1=1, lsig=1, htsig0=1, htsig1=1
[EQ][WHILE_LOOP] iter consumed=4, d_sym_idx=18
[EQ][GATE_DETAIL] d_sym_idx=17, kHtSig1Rel=5, d_have_ht_header=0
[EQ][GATE_DETAIL] valid flags: lltf0=1 lltf1=1 lsig=1 htsig0=1 htsig1=1
[EQ][FLOW] abs=739 wifi_start=0 in_frame=1 sym_idx=18 consumed=4 produced=0
[EQ][PRE_EXTRACT] d_sym_idx=18, in_frame=1
[EQ][POST_EQUALIZE] d_sym_idx=18
[EQ][IDX_CHECK] d_sym_idx=18, condition=0
66531
[EQ][STDERR_DIRECT] Entering direct mixed-mode header detection
[EQ][DIRECT_PATH] Entering direct mixed-mode header detection
[EQ][STDERR_BEFORE_GATE] Reached before gate check
[EQ][BEFORE_GATE] Reached before gate check
[EQ][TEST_INSERT] Added new debug output
[EQ][DEBUG_TEST] ======== DEBUG ENTRY ========
[EQ][DEBUG] Checking HT-SIG parse condition: d_sym_idx=18, kHtSig1Rel=5, d_have_ht_header=0
[EQ][DEBUG] valid flags: lltf0=1, lltf1=1, lsig=1, htsig0=1, htsig1=1
[EQ][WHILE_LOOP] iter consumed=5, d_sym_idx=19
[EQ][GATE_DETAIL] d_sym_idx=18, kHtSig1Rel=5, d_have_ht_header=0
[EQ][GATE_DETAIL] valid flags: lltf0=1 lltf1=1 lsig=1 htsig0=1 htsig1=1
[EQ][FLOW] abs=740 wifi_start=0 in_frame=1 sym_idx=19 consumed=5 produced=0
[EQ][PRE_EXTRACT] d_sym_idx=19, in_frame=1
[EQ][POST_EQUALIZE] d_sym_idx=19
[EQ][STDERR_DIRECT] Entering direct mixed-mode header detection
[EQ][IDX_CHECK] d_sym_idx=19, condition=0
[EQ][DIRECT_PATH] Entering direct mixed-mode header detection
[EQ][STDERR_BEFORE_GATE] Reached before gate check
[EQ][BEFORE_GATE] Reached before gate check
[EQ][TEST_INSERT] Added new debug output
[EQ][DEBUG_TEST] ======== DEBUG ENTRY ========
[EQ][DEBUG] Checking HT-SIG parse condition: d_sym_idx=19, kHtSig1Rel=5, d_have_ht_header=0
[EQ][DEBUG] valid flags: lltf0=1, lltf1=1, lsig=1, htsig0=1, htsig1=1
[EQ][WHILE_LOOP] iter consumed=6, d_sym_idx=20
[EQ][GATE_DETAIL] d_sym_idx=19, kHtSig1Rel=5, d_have_ht_header=0
[EQ][GATE_DETAIL] valid flags: lltf0=1 lltf1=1 lsig=1 htsig0=1 htsig1=1
[EQ][FLOW] abs=741 wifi_start=0 in_frame=1 sym_idx=20 consumed=6 produced=0
[EQ][PRE_EXTRACT] d_sym_idx=20, in_frame=1
[EQ][POST_EQUALIZE] d_sym_idx=20
[EQ][STDERR_DIRECT] Entering direct mixed-mode header detection
[EQ][IDX_CHECK] d_sym_idx=20, condition=0
[EQ][DIRECT_PATH] Entering direct mixed-mode header detection
[EQ][STDERR_BEFORE_GATE] Reached before gate check
[EQ][BEFORE_GATE] Reached before gate check
[EQ][TEST_INSERT] Added new debug output
[EQ][DEBUG_TEST] ======== DEBUG ENTRY ========
[EQ][DEBUG] Checking HT-SIG parse condition: d_sym_idx=20, kHtSig1Rel=5, d_have_ht_header=0
[EQ][DEBUG] valid flags: lltf0=1, lltf1=1, lsig=1, htsig0=1, htsig1=1
produced : [EQ][GATE_DETAIL] d_sym_idx=20, kHtSig1Rel=5, d_have_ht_header=0
[EQ][GATE_DETAIL] valid flags: lltf0=1 lltf1=1 lsig=1 htsig0=1 htsig1=1
512 consumed: 640
[EQ][ENTER] general_work called nin=12 nout=512
[EQ][WHILE_ENTER] consumed=0, n_in=12
[EQ][WHILE_LOOP] iter consumed=0, d_sym_idx=21
[EQ][FLOW] abs=742 wifi_start=0 in_frame=1 sym_idx=21 consumed=0 produced=0
[EQ][PRE_EXTRACT] d_sym_idx=21, in_frame=1
[SYNC-LONG] general_work: ninput[0]=110 ninput[1]=430 noutput=64 state=1
LONG ninput[0] 110   ninput[1] 430  noutput 64   state 1
produced : 64 consumed: 80
[EQ][POST_EQUALIZE] d_sym_idx=21
[EQ][STDERR_DIRECT] Entering direct mixed-mode header detection
[EQ][IDX_CHECK] d_sym_idx=21, condition=0
[EQ][DIRECT_PATH] Entering direct mixed-mode header detection
[EQ][STDERR_BEFORE_GATE] Reached before gate check
[EQ][BEFORE_GATE] Reached before gate check
[EQ][TEST_INSERT] Added new debug output
[EQ][DEBUG_TEST] ======== DEBUG ENTRY ========
[EQ][DEBUG] Checking HT-SIG parse condition: d_sym_idx=21, kHtSig1Rel=5, d_have_ht_header=0
[EQ][DEBUG] valid flags: lltf0=1, lltf1=1, lsig=1, htsig0=1, htsig1=1
[EQ][WHILE_LOOP] iter consumed=1, d_sym_idx=22
[EQ][GATE_DETAIL] d_sym_idx=21, kHtSig1Rel=5, d_have_ht_header=0
[EQ][GATE_DETAIL] valid flags: lltf0=1 lltf1=1 lsig=1 htsig0=1 htsig1=1
[EQ][FLOW] abs=743 wifi_start=0 in_frame=1 sym_idx=22 consumed=1 produced=0
[EQ][PRE_EXTRACT] d_sym_idx=22, in_frame=1
[EQ][POST_EQUALIZE] d_sym_idx=22
[EQ][STDERR_DIRECT] Entering direct mixed-mode header detection
[EQ][IDX_CHECK] d_sym_idx=22, condition=0
[EQ][DIRECT_PATH] Entering direct mixed-mode header detection
[EQ][STDERR_BEFORE_GATE] Reached before gate check
[EQ][BEFORE_GATE] Reached before gate check
[EQ][TEST_INSERT] Added new debug output
[EQ][DEBUG_TEST] ======== DEBUG ENTRY ========
[EQ][DEBUG] Checking HT-SIG parse condition: d_sym_idx=22, kHtSig1Rel=5, d_have_ht_header=0
[EQ][DEBUG] valid flags: lltf0=1, lltf1=1, lsig=1, htsig0=1, htsig1=1
[EQ][WHILE_LOOP] iter consumed=2, d_sym_idx=23
[EQ][GATE_DETAIL] d_sym_idx=22, kHtSig1Rel=5, d_have_ht_header=0
[EQ][GATE_DETAIL] valid flags: lltf0=1 lltf1=1 lsig=1 htsig0=1 htsig1=1
[EQ][FLOW] abs=744 wifi_start=0 in_frame=1 sym_idx=23 consumed=2 produced=0
[EQ][PRE_EXTRACT] d_sym_idx=23, in_frame=1
[EQ][POST_EQUALIZE] d_sym_idx=23
[EQ][STDERR_DIRECT] Entering direct mixed-mode header detection
[EQ][IDX_CHECK] d_sym_idx=23, condition=0
[EQ][DIRECT_PATH] Entering direct mixed-mode header detection
[EQ][STDERR_BEFORE_GATE] Reached before gate check
[EQ][BEFORE_GATE] Reached before gate check
[SYNC-LONG] general_work: ninput[0]=30 ninput[1]=350 noutput=16 state=1
[EQ][TEST_INSERT] Added new debug output
[EQ][DEBUG_TEST] ======== DEBUG ENTRY ========
[EQ][DEBUG] Checking HT-SIG parse condition: d_sym_idx=23, kHtSig1Rel=5, d_have_ht_header=0
[EQ][DEBUG] valid flags: lltf0=1, lltf1=1, lsig=1, htsig0=1, htsig1=1
[EQ][WHILE_LOOP] iter consumed=3, d_sym_idx=24
[EQ][GATE_DETAIL] d_sym_idx=23, kHtSig1Rel=5, d_have_ht_header=0
LONG ninput[0] [EQ][GATE_DETAIL] valid flags: lltf0=1 lltf1=1 lsig=1 htsig0=1 htsig1=1
30   ninput[1] 350  noutput 16   state 1
produced : 16 consumed: 16
[SYNC-LONG] general_work: ninput[0]=14 ninput[1]=334 noutput=8 state=1
[EQ][FLOW] abs=745 wifi_start=0 in_frame=1 sym_idx=24 consumed=3 produced=0
LONG ninput[0] [EQ][PRE_EXTRACT] d_sym_idx=24, in_frame=1
[EQ][POST_EQUALIZE] d_sym_idx=24
[EQ][STDERR_DIRECT] Entering direct mixed-mode header detection
[EQ][IDX_CHECK] d_sym_idx=24, condition=0
[EQ][DIRECT_PATH] Entering direct mixed-mode header detection
[EQ][STDERR_BEFORE_GATE] Reached before gate check
14[EQ][BEFORE_GATE] Reached before gate check
[EQ][TEST_INSERT] Added new debug output
[EQ][DEBUG_TEST] ======== DEBUG ENTRY ========
[EQ][DEBUG] Checking HT-SIG parse condition: d_sym_idx=24, kHtSig1Rel=5, d_have_ht_header=0
[EQ][DEBUG] valid flags: lltf0=1, lltf1=1, lsig=1, htsig0=1, htsig1=1
[EQ][WHILE_LOOP] iter consumed=4, d_sym_idx=25
[EQ][GATE_DETAIL] d_sym_idx=24, kHtSig1Rel=5, d_have_ht_header=0
[EQ][GATE_DETAIL] valid flags: lltf0=1 lltf1=1 lsig=1 htsig0=1 htsig1=1
[EQ][FLOW] abs=746 wifi_start=0 in_frame=1 sym_idx=25 consumed=4 produced=0
[EQ][PRE_EXTRACT] d_sym_idx=25, in_frame=1
[EQ][POST_EQUALIZE] d_sym_idx=25
[EQ][IDX_CHECK] d_sym_idx=25, condition=0
   ninput[1] 334  noutput 8   state 1
[EQ][STDERR_DIRECT] Entering direct mixed-mode header detection
[EQ][DIRECT_PATH] Entering direct mixed-mode header detection
[EQ][STDERR_BEFORE_GATE] Reached before gate check
[EQ][BEFORE_GATE] Reached before gate check
[EQ][TEST_INSERT] Added new debug output
[EQ][DEBUG_TEST] ======== DEBUG ENTRY ========
[EQ][DEBUG] Checking HT-SIG parse condition: d_sym_idx=25, kHtSig1Rel=5, d_have_ht_header=0
[EQ][DEBUG] valid flags: lltf0=1, lltf1=1, lsig=1, htsig0=1, htsig1=1
[EQ][WHILE_LOOP] iter consumed=5, d_sym_idx=26
[EQ][GATE_DETAIL] d_sym_idx=25, kHtSig1Rel=5, d_have_ht_header=0
[EQ][GATE_DETAIL] valid flags: lltf0=1 lltf1=1 lsig=1 htsig0=1 htsig1=1
[EQ][FLOW] abs=747 wifi_start=0 in_frame=1 sym_idx=26 consumed=5 produced=0
[EQ][PRE_EXTRACT] d_sym_idx=26, in_frame=1
produced : 8 consumed: 8
[EQ][IDX_CHECK] d_sym_idx=26, condition=0
[EQ][POST_EQUALIZE] d_sym_idx=26
[EQ][STDERR_DIRECT] Entering direct mixed-mode header detection
[EQ][DIRECT_PATH] Entering direct mixed-mode header detection
[EQ][STDERR_BEFORE_GATE] Reached before gate check
[EQ][BEFORE_GATE] Reached before gate check
[SYNC-LONG] general_work: ninput[0]=6 ninput[1]=326 noutput=4 state=1
[EQ][TEST_INSERT] Added new debug output
[EQ][DEBUG_TEST] ======== DEBUG ENTRY ========
[EQ][DEBUG] Checking HT-SIG parse condition: d_sym_idx=26, kHtSig1Rel=5, d_have_ht_header=0
[EQ][DEBUG] valid flags: lltf0=1, lltf1=1, lsig=1, htsig0=1, htsig1=1
[EQ][WHILE_LOOP] iter consumed=6, d_sym_idx=27
[EQ][GATE_DETAIL] d_sym_idx=26, kHtSig1Rel=5, d_have_ht_header=0
[EQ][GATE_DETAIL] valid flags: lltf0=1 lltf1=1 lsig=1 htsig0=1 htsig1=1
[EQ][FLOW] abs=748 wifi_start=0 in_frame=1 sym_idx=27 consumed=6 produced=0
[EQ][PRE_EXTRACT] d_sym_idx=27, in_frame=1
[EQ][POST_EQUALIZE] d_sym_idx=27
[EQ][STDERR_DIRECT] Entering direct mixed-mode header detection
[EQ][IDX_CHECK] d_sym_idx=27, condition=0
LONG ninput[0] 6   ninput[1] 326  noutput 4   state 1[EQ][DIRECT_PATH] Entering direct mixed-mode header detection
[EQ][STDERR_BEFORE_GATE] Reached before gate check
[EQ][BEFORE_GATE] Reached before gate check
[EQ][TEST_INSERT] Added new debug output
[EQ][DEBUG_TEST] ======== DEBUG ENTRY ========
[EQ][DEBUG] Checking HT-SIG parse condition: d_sym_idx=27, kHtSig1Rel=5, d_have_ht_header=0
[EQ][DEBUG] valid flags: lltf0=1, lltf1=1, lsig=1, htsig0=1, htsig1=1
[EQ][WHILE_LOOP] iter consumed=7, d_sym_idx=28
[EQ][GATE_DETAIL] d_sym_idx=27, kHtSig1Rel=5, d_have_ht_header=0
[EQ][GATE_DETAIL] valid flags: lltf0=1 lltf1=1 lsig=1 htsig0=1 htsig1=1
[EQ][FLOW] abs=749 wifi_start=0 in_frame=1 sym_idx=28 consumed=7 produced=0
[EQ][PRE_EXTRACT] d_sym_idx=28, in_frame=1

[EQ][IDX_CHECK] d_sym_idx=28, condition=0
[EQ][POST_EQUALIZE] d_sym_idx=28
produced : 4 consumed: 4
[EQ][STDERR_DIRECT] Entering direct mixed-mode header detection
[EQ][DIRECT_PATH] Entering direct mixed-mode header detection
[EQ][STDERR_BEFORE_GATE] Reached before gate check
[EQ][BEFORE_GATE] Reached before gate check
[EQ][TEST_INSERT] Added new debug output
[EQ][DEBUG_TEST] ======== DEBUG ENTRY ========
[EQ][DEBUG] Checking HT-SIG parse condition: d_sym_idx=28, kHtSig1Rel=5, d_have_ht_header=0
[EQ][DEBUG] valid flags: lltf0=1, lltf1=1, lsig=1, htsig0=1, htsig1=1
[SYNC-LONG] general_work: ninput[0]=2 ninput[1]=322 noutput=2 state=1
[EQ][WHILE_LOOP] iter consumed=8, d_sym_idx=29
[EQ][GATE_DETAIL] d_sym_idx=28, kHtSig1Rel=5, d_have_ht_header=0
[EQ][GATE_DETAIL] valid flags: lltf0=1 lltf1=1 lsig=1 htsig0=1 htsig1=1
LONG ninput[0] 2   ninput[1] 322  noutput 2   state 1
[EQ][FLOW] abs=750 wifi_start=0 in_frame=1 sym_idx=29 consumed=8 produced=0
produced : [EQ][PRE_EXTRACT] d_sym_idx=29, in_frame=1
[EQ][POST_EQUALIZE] d_sym_idx=29
[EQ][STDERR_DIRECT] Entering direct mixed-mode header detection
[EQ][IDX_CHECK] d_sym_idx=29, condition=0
[EQ][DIRECT_PATH] Entering direct mixed-mode header detection
[EQ][STDERR_BEFORE_GATE] Reached before gate check
2[EQ][BEFORE_GATE] Reached before gate check
 consumed: [EQ][TEST_INSERT] Added new debug output
[EQ][DEBUG_TEST] ======== DEBUG ENTRY ========
[EQ][DEBUG] Checking HT-SIG parse condition: d_sym_idx=29, kHtSig1Rel=5, d_have_ht_header=0
[EQ][DEBUG] valid flags: lltf0=1, lltf1=1, lsig=1, htsig0=1, htsig1=1
[EQ][WHILE_LOOP] iter consumed=9, d_sym_idx=30
[EQ][GATE_DETAIL] d_sym_idx=29, kHtSig1Rel=5, d_have_ht_header=0
[EQ][GATE_DETAIL] valid flags: lltf0=1 lltf1=1 lsig=1 htsig0=1 htsig1=1
[EQ][FLOW] abs=751 wifi_start=0 in_frame=1 sym_idx=30 consumed=9 produced=0
[EQ][PRE_EXTRACT] d_sym_idx=30, in_frame=1
[EQ][POST_EQUALIZE] d_sym_idx=30
[EQ][STDERR_DIRECT] Entering direct mixed-mode header detection
[EQ][IDX_CHECK] d_sym_idx=30, condition=0
2
[EQ][DIRECT_PATH] Entering direct mixed-mode header detection
[EQ][STDERR_BEFORE_GATE] Reached before gate check
[EQ][BEFORE_GATE] Reached before gate check
[EQ][TEST_INSERT] Added new debug output
[EQ][DEBUG_TEST] ======== DEBUG ENTRY ========
[EQ][DEBUG] Checking HT-SIG parse condition: d_sym_idx=30, kHtSig1Rel=5, d_have_ht_header=0
[EQ][DEBUG] valid flags: lltf0=1, lltf1=1, lsig=1, htsig0=1, htsig1=1
[EQ][WHILE_LOOP] iter consumed=10, d_sym_idx=31
[EQ][GATE_DETAIL] d_sym_idx=30, kHtSig1Rel=5, d_have_ht_header=0
[EQ][GATE_DETAIL] valid flags: lltf0=1 lltf1=1 lsig=1 htsig0=1 htsig1=1
[EQ][FLOW] abs=752 wifi_start=0 in_frame=1 sym_idx=31 consumed=10 produced=0
[EQ][PRE_EXTRACT] d_sym_idx=31, in_frame=1
[EQ][POST_EQUALIZE] d_sym_idx=31
[EQ][STDERR_DIRECT] Entering direct mixed-mode header detection
[EQ][IDX_CHECK] d_sym_idx=31, condition=0
[EQ][DIRECT_PATH] Entering direct mixed-mode header detection
[EQ][STDERR_BEFORE_GATE] Reached before gate check
[EQ][BEFORE_GATE] Reached before gate check
[EQ][TEST_INSERT] Added new debug output
[EQ][DEBUG_TEST] ======== DEBUG ENTRY ========
[EQ][DEBUG] Checking HT-SIG parse condition: d_sym_idx=31, kHtSig1Rel=5, d_have_ht_header=0
[EQ][DEBUG] valid flags: lltf0=1, lltf1=1, lsig=1, htsig0=1, htsig1=1
[EQ][WHILE_LOOP] iter consumed=11, d_sym_idx=32
[EQ][GATE_DETAIL] d_sym_idx=31, kHtSig1Rel=5, d_have_ht_header=0
[EQ][GATE_DETAIL] valid flags: lltf0=1 lltf1=1 lsig=1 htsig0=1 htsig1=1
[EQ][FLOW] abs=753 wifi_start=0 in_frame=1 sym_idx=32 consumed=11 produced=0
[EQ][PRE_EXTRACT] d_sym_idx=32, in_frame=1
[EQ][POST_EQUALIZE] d_sym_idx=32
[EQ][STDERR_DIRECT] Entering direct mixed-mode header detection
[EQ][IDX_CHECK] d_sym_idx=32, condition=0
[EQ][DIRECT_PATH] Entering direct mixed-mode header detection
[EQ][STDERR_BEFORE_GATE] Reached before gate check
[EQ][BEFORE_GATE] Reached before gate check
[EQ][TEST_INSERT] Added new debug output
[EQ][DEBUG_TEST] ======== DEBUG ENTRY ========
[EQ][DEBUG] Checking HT-SIG parse condition: d_sym_idx=32, kHtSig1Rel=5, d_have_ht_header=0
[EQ][DEBUG] valid flags: lltf0=1, lltf1=1, lsig=1, htsig0=1, htsig1=1
[EQ][ENTER] general_work called nin=9 nout=256
[EQ][GATE_DETAIL] d_sym_idx=32, kHtSig1Rel=5, d_have_ht_header=0
[EQ][GATE_DETAIL] valid flags: lltf0=1 lltf1=1 lsig=1 htsig0=1 htsig1=1
[EQ][WHILE_ENTER] consumed=0, n_in=9
[EQ][WHILE_LOOP] iter consumed=0, d_sym_idx=33
[EQ][FLOW] abs=754 wifi_start=0 in_frame=1 sym_idx=33 consumed=0 produced=0
[EQ][PRE_EXTRACT] d_sym_idx=33, in_frame=1
[EQ][POST_EQUALIZE] d_sym_idx=33
[EQ][STDERR_DIRECT] Entering direct mixed-mode header detection
[EQ][IDX_CHECK] d_sym_idx=33, condition=0
[EQ][DIRECT_PATH] Entering direct mixed-mode header detection
[EQ][STDERR_BEFORE_GATE] Reached before gate check
[EQ][BEFORE_GATE] Reached before gate check
[EQ][TEST_INSERT] Added new debug output
[EQ][DEBUG_TEST] ======== DEBUG ENTRY ========
[EQ][DEBUG] Checking HT-SIG parse condition: d_sym_idx=33, kHtSig1Rel=5, d_have_ht_header=0
[EQ][DEBUG] valid flags: lltf0=1, lltf1=1, lsig=1, htsig0=1, htsig1=1
[EQ][WHILE_LOOP] iter consumed=1, d_sym_idx=34
[EQ][GATE_DETAIL] d_sym_idx=33, kHtSig1Rel=5, d_have_ht_header=0
[EQ][GATE_DETAIL] valid flags: lltf0=1 lltf1=1 lsig=1 htsig0=1 htsig1=1
[EQ][FLOW] abs=755 wifi_start=0 in_frame=1 sym_idx=34 consumed=1 produced=0
[EQ][PRE_EXTRACT] d_sym_idx=34, in_frame=1
[EQ][POST_EQUALIZE] d_sym_idx=34
[EQ][STDERR_DIRECT] Entering direct mixed-mode header detection
[EQ][IDX_CHECK] d_sym_idx=34, condition=0
[EQ][DIRECT_PATH] Entering direct mixed-mode header detection
[EQ][STDERR_BEFORE_GATE] Reached before gate check
[EQ][BEFORE_GATE] Reached before gate check
[EQ][TEST_INSERT] Added new debug output
[EQ][DEBUG_TEST] ======== DEBUG ENTRY ========
[EQ][DEBUG] Checking HT-SIG parse condition: d_sym_idx=34, kHtSig1Rel=5, d_have_ht_header=0
[EQ][DEBUG] valid flags: lltf0=1, lltf1=1, lsig=1, htsig0=1, htsig1=1
[EQ][WHILE_LOOP] iter consumed=2, d_sym_idx=35
[EQ][GATE_DETAIL] d_sym_idx=34, kHtSig1Rel=5, d_have_ht_header=0
[EQ][GATE_DETAIL] valid flags: lltf0=1 lltf1=1 lsig=1 htsig0=1 htsig1=1
[EQ][FLOW] abs=756 wifi_start=0 in_frame=1 sym_idx=35 consumed=2 produced=0
[EQ][PRE_EXTRACT] d_sym_idx=35, in_frame=1
[EQ][POST_EQUALIZE] d_sym_idx=35
[EQ][STDERR_DIRECT] Entering direct mixed-mode header detection
[EQ][IDX_CHECK] d_sym_idx=35, condition=0
[EQ][DIRECT_PATH] Entering direct mixed-mode header detection
[EQ][STDERR_BEFORE_GATE] Reached before gate check
[EQ][BEFORE_GATE] Reached before gate check
[EQ][TEST_INSERT] Added new debug output
[EQ][DEBUG_TEST] ======== DEBUG ENTRY ========
[EQ][DEBUG] Checking HT-SIG parse condition: d_sym_idx=35, kHtSig1Rel=5, d_have_ht_header=0
[EQ][DEBUG] valid flags: lltf0=1, lltf1=1, lsig=1, htsig0=1, htsig1=1
[EQ][WHILE_LOOP] iter consumed=3, d_sym_idx=36
[EQ][GATE_DETAIL] d_sym_idx=35, kHtSig1Rel=5, d_have_ht_header=0
[EQ][GATE_DETAIL] valid flags: lltf0=1 lltf1=1 lsig=1 htsig0=1 htsig1=1
[EQ][FLOW] abs=757 wifi_start=0 in_frame=1 sym_idx=36 consumed=3 produced=0
[EQ][PRE_EXTRACT] d_sym_idx=36, in_frame=1
[EQ][POST_EQUALIZE] d_sym_idx=36
[EQ][STDERR_DIRECT] Entering direct mixed-mode header detection
[EQ][IDX_CHECK] d_sym_idx=36, condition=0
[EQ][DIRECT_PATH] Entering direct mixed-mode header detection
[EQ][STDERR_BEFORE_GATE] Reached before gate check
[EQ][BEFORE_GATE] Reached before gate check
[EQ][TEST_INSERT] Added new debug output
[EQ][DEBUG_TEST] ======== DEBUG ENTRY ========
[EQ][DEBUG] Checking HT-SIG parse condition: d_sym_idx=36, kHtSig1Rel=5, d_have_ht_header=0
[EQ][DEBUG] valid flags: lltf0=1, lltf1=1, lsig=1, htsig0=1, htsig1=1
[EQ][WHILE_LOOP] iter consumed=4, d_sym_idx=37
[EQ][GATE_DETAIL] d_sym_idx=36, kHtSig1Rel=5, d_have_ht_header=0
[EQ][GATE_DETAIL] valid flags: lltf0=1 lltf1=1 lsig=1 htsig0=1 htsig1=1
[EQ][FLOW] abs=758 wifi_start=0 in_frame=1 sym_idx=37 consumed=4 produced=0
[EQ][PRE_EXTRACT] d_sym_idx=37, in_frame=1
[EQ][POST_EQUALIZE] d_sym_idx=37
[EQ][STDERR_DIRECT] Entering direct mixed-mode header detection
[EQ][IDX_CHECK] d_sym_idx=37, condition=0
[EQ][DIRECT_PATH] Entering direct mixed-mode header detection
[EQ][STDERR_BEFORE_GATE] Reached before gate check
[EQ][BEFORE_GATE] Reached before gate check
[EQ][TEST_INSERT] Added new debug output
[EQ][DEBUG_TEST] ======== DEBUG ENTRY ========
[EQ][DEBUG] Checking HT-SIG parse condition: d_sym_idx=37, kHtSig1Rel=5, d_have_ht_header=0
[EQ][DEBUG] valid flags: lltf0=1, lltf1=1, lsig=1, htsig0=1, htsig1=1
[EQ][WHILE_LOOP] iter consumed=5, d_sym_idx=38
[EQ][GATE_DETAIL] d_sym_idx=37, kHtSig1Rel=5, d_have_ht_header=0
[EQ][GATE_DETAIL] valid flags: lltf0=1 lltf1=1 lsig=1 htsig0=1 htsig1=1
[EQ][FLOW] abs=759 wifi_start=0 in_frame=1 sym_idx=38 consumed=5 produced=0
[EQ][PRE_EXTRACT] d_sym_idx=38, in_frame=1
[EQ][POST_EQUALIZE] d_sym_idx=38
[EQ][STDERR_DIRECT] Entering direct mixed-mode header detection
[EQ][IDX_CHECK] d_sym_idx=38, condition=0
[EQ][DIRECT_PATH] Entering direct mixed-mode header detection
[EQ][STDERR_BEFORE_GATE] Reached before gate check
[EQ][BEFORE_GATE] Reached before gate check
[EQ][TEST_INSERT] Added new debug output
[EQ][DEBUG_TEST] ======== DEBUG ENTRY ========
[EQ][DEBUG] Checking HT-SIG parse condition: d_sym_idx=38, kHtSig1Rel=5, d_have_ht_header=0
[EQ][DEBUG] valid flags: lltf0=1, lltf1=1, lsig=1, htsig0=1, htsig1=1
[EQ][WHILE_LOOP] iter consumed=6, d_sym_idx=39
[EQ][GATE_DETAIL] d_sym_idx=38, kHtSig1Rel=5, d_have_ht_header=0
[EQ][GATE_DETAIL] valid flags: lltf0=1 lltf1=1 lsig=1 htsig0=1 htsig1=1
[EQ][FLOW] abs=760 wifi_start=0 in_frame=1 sym_idx=39 consumed=6 produced=0
[EQ][PRE_EXTRACT] d_sym_idx=39, in_frame=1
[EQ][POST_EQUALIZE] d_sym_idx=39
[EQ][STDERR_DIRECT] Entering direct mixed-mode header detection
[EQ][IDX_CHECK] d_sym_idx=39, condition=0
[EQ][DIRECT_PATH] Entering direct mixed-mode header detection
[EQ][STDERR_BEFORE_GATE] Reached before gate check
[EQ][BEFORE_GATE] Reached before gate check
[EQ][TEST_INSERT] Added new debug output
[EQ][DEBUG_TEST] ======== DEBUG ENTRY ========
[EQ][DEBUG] Checking HT-SIG parse condition: d_sym_idx=39, kHtSig1Rel=5, d_have_ht_header=0
[EQ][DEBUG] valid flags: lltf0=1, lltf1=1, lsig=1, htsig0=1, htsig1=1
[EQ][WHILE_LOOP] iter consumed=7, d_sym_idx=40
[EQ][GATE_DETAIL] d_sym_idx=39, kHtSig1Rel=5, d_have_ht_header=0
[EQ][GATE_DETAIL] valid flags: lltf0=1 lltf1=1 lsig=1 htsig0=1 htsig1=1
[EQ][FLOW] abs=761 wifi_start=0 in_frame=1 sym_idx=40 consumed=7 produced=0
[EQ][PRE_EXTRACT] d_sym_idx=40, in_frame=1
[EQ][POST_EQUALIZE] d_sym_idx=40
[EQ][STDERR_DIRECT] Entering direct mixed-mode header detection
[EQ][IDX_CHECK] d_sym_idx=40, condition=0
[EQ][DIRECT_PATH] Entering direct mixed-mode header detection
[EQ][STDERR_BEFORE_GATE] Reached before gate check
[EQ][BEFORE_GATE] Reached before gate check
[EQ][TEST_INSERT] Added new debug output
[EQ][DEBUG_TEST] ======== DEBUG ENTRY ========
[EQ][DEBUG] Checking HT-SIG parse condition: d_sym_idx=40, kHtSig1Rel=5, d_have_ht_header=0
[EQ][DEBUG] valid flags: lltf0=1, lltf1=1, lsig=1, htsig0=1, htsig1=1
[EQ][WHILE_LOOP] iter consumed=8, d_sym_idx=41
[EQ][GATE_DETAIL] d_sym_idx=40, kHtSig1Rel=5, d_have_ht_header=0
[EQ][GATE_DETAIL] valid flags: lltf0=1 lltf1=1 lsig=1 htsig0=1 htsig1=1
[EQ][FLOW] abs=762 wifi_start=0 in_frame=1 sym_idx=41 consumed=8 produced=0
[EQ][PRE_EXTRACT] d_sym_idx=41, in_frame=1
[EQ][POST_EQUALIZE] d_sym_idx=41
[EQ][STDERR_DIRECT] Entering direct mixed-mode header detection
[EQ][IDX_CHECK] d_sym_idx=41, condition=0
[EQ][DIRECT_PATH] Entering direct mixed-mode header detection
[EQ][STDERR_BEFORE_GATE] Reached before gate check
[EQ][BEFORE_GATE] Reached before gate check
[EQ][TEST_INSERT] Added new debug output
[EQ][DEBUG_TEST] ======== DEBUG ENTRY ========
[EQ][DEBUG] Checking HT-SIG parse condition: d_sym_idx=41, kHtSig1Rel=5, d_have_ht_header=0
[EQ][DEBUG] valid flags: lltf0=1, lltf1=1, lsig=1, htsig0=1, htsig1=1
[EQ][GATE_DETAIL] d_sym_idx=41, kHtSig1Rel=5, d_have_ht_header=0
[EQ][GATE_DETAIL] valid flags: lltf0=1 lltf1=1 lsig=1 htsig0=1 htsig1=1
message_debug :info: The `print_pdu` port is deprecated and will be removed; forwarding to `print`.
[MAPPER] handle_msg called
***** VERBOSE PDU DEBUG PRINT ******
((encoding . 0) (crc_included . #t))
pdu length =         38 bytes
pdu vector contents = 
0000: 08 00 00 00 42 42 42 42 42 42 23 23 23 23 23 23 
0010: ff ff ff ff ff ff [MAPPER] meta=e0 01 78 78 78 78 78 78 78 78 
0020: 78 78 47 5e 6a 44 
************************************
((encoding . 0) (crc_included . #t))
[MAPPER] meta fields: mcs=0 len=-1 psdu_len=-1
[MAPPER] using MCS=0
[MAPPER] HT mode enabled, effective MCS: 0
[TX][HTDATA0][PUNCTURED] bits52=1110100011101001010111110011101001000101110100110000
[TX][HTDATA0][INTERLEAVED] bits52=1011101111110000111100000100011111011100110000101000
[TX][HTDATA0] bits52=1011101111110000111100000100011111011100110000101000
[TX][PUNCTURED-ALL] nbits=676 first64=1110100011101001010111110011101001000101110100110000010100001011 last64=1110000101011100110100010111110101011100000011100101001011000101
[TX][INTERLEAVED-ALL] nbits=676 first64=1011101111110000111100000100011111011100110000101000010010010111 last64=1111110011011101110001000101110010010111101001100000010111100101
[TX][HTDATA0][PUNCTURED] keep existing first-frame reference /tmp/wifi_tx_punctured0_bits52.txt
[TX][HTDATA0][INTERLEAVED] keep existing first-frame reference /tmp/wifi_tx_interleaved0_bits52.txt
[TX][HTDATA0] keep existing first-frame reference /tmp/wifi_tx_data0_bits52.txt
[TX][PUNCTURED-ALL] keep existing first-frame reference /tmp/wifi_tx_punctured_all_bits.txt
[TX][INTERLEAVED-ALL] keep existing first-frame reference /tmp/wifi_tx_interleaved_all_bits.txt
[TX][PUNCTURED-ALL] updated /tmp/wifi_tx_punctured_all_bits.last.txt
[TX][INTERLEAVED-ALL] updated /tmp/wifi_tx_interleaved_all_bits.last.txt
[MAPPER] frame: ht_mode=1 psdu=38 n_sym=13 n_data_bits=338 n_encoded_bits=676 data_carriers=52 out_symbols=676
[HT-HEADER] general_work called ninput=676 noutput=32688
[TX][LSIG] raw24=110100110010000000000000
[TX][LSIG] enc48=110110001010100111001100100011011100000000000000
[TX][LSIG] intl48=110011011001000011010100011000000010011001100000
[TX][HTSIG] fields: mcs=0 len=38 bw40=0 agg=0 sgi=0 stbc=0 adv=0 nltf=0 crc=0x0d
[TX][HTSIG] raw48=000000000110010000000000000000000010110000000000
[TX][HTSIG] enc96=000000000000000000110110111100100011011100000000000000000000000000001110111001101110101100000000
[TX][HTSIG] intl96=000000111110010000000011100110000000000010011000000000011011110000000001100100000000001011101000
[TX][HTHDR][OUTBUF] lsig48=110011011001000011010100011000000010011001100000
[TX][HTHDR][OUTBUF] htsig1_48=000000111110010000000011100110000000000010011000
[TX][HTHDR][OUTBUF] htsig2_48=000000011011110000000001100100000000001011101000
[SYNC-SHORT] general_work called: noutput=16 ninput=2288 threshold=0.010 state=1
SHORT copied 16
[SYNC-LONG] general_work: ninput[0]=16 ninput[1]=320 noutput=16 state=1
LONG ninput[0] 16   ninput[1] 320  noutput 16   state 1
produced : 16 consumed: 16
[SYNC-SHORT] general_work called: noutput=2048 ninput=2272 threshold=0.010 state=1
sync_short :info: frame start at in: 67830 out: 68357
SHORT Frame!
SHORT copied 533
[SYNC-SHORT] general_work called: noutput=1024 ninput=1739 threshold=0.010 state=1
sync_short :info: frame start at in: 68311 out: 68838
SHORT Frame!
SHORT copied 481
[SYNC-SHORT] general_work called: noutput=1024 ninput=1258 threshold=0.010 state=1
[SYNC-LONG] general_work: ninput[0]=1014 ninput[1]=1216 noutput=512 state=1
LONG ninput[0] sync_short :info: frame start at in: 68792 out: 69319
SHORT Frame!
SHORT copied 481
[SYNC-SHORT] general_work called: noutput=512 ninput=777 threshold=0.010 state=1
1014   ninput[1] 1216  noutput 512   state 1
produced : 421 consumed: 533
sync_short :info: frame start at in: 69273 out: 69800
SHORT Frame!
SHORT copied 481
[SYNC-LONG] general_work: ninput[0]=962 ninput[1]=1282 noutput=512 state=1
LONG ninput[0] 962   ninput[1] 1282  noutput 512   state 1
[SYNC-SHORT] general_work called: noutput=256 ninput=296 threshold=0.010 state=1
[SYNC-LONG] Received wifi_start tag: freq_offset=-0.029 offset=67830 nread=67830
produced : 37 consumed: 0
[SYNC-LONG] general_work: ninput[0]=1443 ninput[1]=1282 noutput=4096 state=0
LONG ninput[0] 1443   ninput[1] 1282  noutput 4096   state 0
[SYNC-LONG] Received wifi_start tag: freq_offset=-0.029 offset=67830 nread=67830
SHORT copied 256
[SYNC-SHORT] general_work called: noutput=16 ninput=40 threshold=0.010 state=1
SHORT copied 16
[SYNC-SHORT] general_work called: noutput=8 ninput=24 threshold=0.010 state=1
SHORT copied 8
[EQ][ENTER] general_work called nin=8 nout=256
[EQ][WHILE_ENTER] consumed=0, n_in=8
[EQ][WHILE_LOOP] iter consumed=0, d_sym_idx=42
[EQ][FLOW] abs=763 wifi_start=0 in_frame=1 sym_idx=42 consumed=0 produced=0
[EQ][PRE_EXTRACT] d_sym_idx=42, in_frame=1
[EQ][POST_EQUALIZE] d_sym_idx=42
[EQ][STDERR_DIRECT] Entering direct mixed-mode header detection
[EQ][IDX_CHECK] d_sym_idx=42, condition=0
[EQ][DIRECT_PATH] Entering direct mixed-mode header detection
[EQ][STDERR_BEFORE_GATE] Reached before gate check
[EQ][BEFORE_GATE] Reached before gate check
[EQ][TEST_INSERT] Added new debug output
[EQ][DEBUG_TEST] ======== DEBUG ENTRY ========
[EQ][DEBUG] Checking HT-SIG parse condition: d_sym_idx=42, kHtSig1Rel=5, d_have_ht_header=0
[EQ][DEBUG] valid flags: lltf0=1, lltf1=1, lsig=1, htsig0=1, htsig1=1
[EQ][WHILE_LOOP] iter consumed=1, d_sym_idx=43
[EQ][GATE_DETAIL] d_sym_idx=42, kHtSig1Rel=5, d_have_ht_header=0
[EQ][GATE_DETAIL] valid flags: lltf0=1 lltf1=1 lsig=1 htsig0=1 htsig1=1
[EQ][FLOW] abs=764 wifi_start=0 in_frame=1 sym_idx=43 consumed=1 produced=0
[EQ][PRE_EXTRACT] d_sym_idx=43, in_frame=1
[EQ][POST_EQUALIZE] d_sym_idx=43
[EQ][STDERR_DIRECT] Entering direct mixed-mode header detection
[EQ][IDX_CHECK] d_sym_idx=43, condition=0
[EQ][DIRECT_PATH] Entering direct mixed-mode header detection
[EQ][STDERR_BEFORE_GATE] Reached before gate check
[EQ][BEFORE_GATE] Reached before gate check
[EQ][TEST_INSERT] Added new debug output
[EQ][DEBUG_TEST] ======== DEBUG ENTRY ========
[EQ][DEBUG] Checking HT-SIG parse condition: d_sym_idx=43, kHtSig1Rel=5, d_have_ht_header=0
[EQ][DEBUG] valid flags: lltf0=1, lltf1=1, lsig=1, htsig0=1, htsig1=1
[EQ][WHILE_LOOP] iter consumed=2, d_sym_idx=44
[EQ][GATE_DETAIL] d_sym_idx=43, kHtSig1Rel=5, d_have_ht_header=0
[EQ][GATE_DETAIL] valid flags: lltf0=1 lltf1=1 lsig=1 htsig0=1 htsig1=1
sync_long :info: LONG: frame start at 190
[EQ][FLOW] abs=765 wifi_start=0 in_frame=1 sym_idx=44 consumed=2 produced=0
produced : [EQ][PRE_EXTRACT] d_sym_idx=44, in_frame=1
[EQ][POST_EQUALIZE] d_sym_idx=44
[EQ][STDERR_DIRECT] Entering direct mixed-mode header detection
[EQ][IDX_CHECK] d_sym_idx=44, condition=0
[EQ][DIRECT_PATH] Entering direct mixed-mode header detection
[EQ][STDERR_BEFORE_GATE] Reached before gate check
[EQ][BEFORE_GATE] Reached before gate check
[EQ][TEST_INSERT] Added new debug output
[EQ][DEBUG_TEST] ======== DEBUG ENTRY ========
[EQ][DEBUG] Checking HT-SIG parse condition: d_sym_idx=44, kHtSig1Rel=5, d_have_ht_header=0
[EQ][DEBUG] valid flags: lltf0=1, lltf1=1, lsig=1, htsig0=1, htsig1=1
[EQ][WHILE_LOOP] iter consumed=3, d_sym_idx=45
[EQ][GATE_DETAIL] d_sym_idx=44, kHtSig1Rel=5, d_have_ht_header=0
[EQ][GATE_DETAIL] valid flags: lltf0=1 lltf1=1 lsig=1 htsig0=1 htsig1=1
[EQ][FLOW] abs=766 wifi_start=0 in_frame=1 sym_idx=45 consumed=3 produced=0
[EQ][PRE_EXTRACT] d_sym_idx=45, in_frame=1
[EQ][POST_EQUALIZE] d_sym_idx=45
[EQ][STDERR_DIRECT] Entering direct mixed-mode header detection
[EQ][IDX_CHECK] d_sym_idx=45, condition=0
0 consumed: 320
[EQ][DIRECT_PATH] Entering direct mixed-mode header detection
[EQ][STDERR_BEFORE_GATE] Reached before gate check
[EQ][BEFORE_GATE] Reached before gate check
[EQ][TEST_INSERT] Added new debug output
[EQ][DEBUG_TEST] ======== DEBUG ENTRY ========
[EQ][DEBUG] Checking HT-SIG parse condition: d_sym_idx=45, kHtSig1Rel=5, d_have_ht_header=0
[EQ][DEBUG] valid flags: lltf0=1, lltf1=1, lsig=1, htsig0=1, htsig1=1
[EQ][WHILE_LOOP] iter consumed=4, d_sym_idx=46
[EQ][GATE_DETAIL] d_sym_idx=45, kHtSig1Rel=5, d_have_ht_header=0
[EQ][GATE_DETAIL] valid flags: lltf0=1 lltf1=1 lsig=1 htsig0=1 htsig1=1
[EQ][FLOW] abs=767 wifi_start=0 in_frame=1 sym_idx=46 consumed=4 produced=0
[EQ][PRE_EXTRACT] d_sym_idx=46, in_frame=1
[SYNC-LONG] general_work: ninput[0]=1403 ninput[1]=1723 noutput=1024 state=1
[EQ][IDX_CHECK] d_sym_idx=46, condition=0
LONG ninput[0] 1403   ninput[1] 1723  noutput 1024   state 1
produced : 0 consumed: 161
[SYNC-LONG] general_work: ninput[0]=1242 ninput[1]=1562 noutput=1024 state=1
LONG ninput[0] 1242   ninput[1] 1562  noutput 1024   state 1
[EQ][POST_EQUALIZE] d_sym_idx=46
[EQ][STDERR_DIRECT] Entering direct mixed-mode header detection
[EQ][DIRECT_PATH] Entering direct mixed-mode header detection
[EQ][STDERR_BEFORE_GATE] Reached before gate check
[EQ][BEFORE_GATE] Reached before gate check
[EQ][TEST_INSERT] Added new debug output
[EQ][DEBUG_TEST] ======== DEBUG ENTRY ========
[EQ][DEBUG] Checking HT-SIG parse condition: d_sym_idx=46, kHtSig1Rel=5, d_have_ht_header=0
[EQ][DEBUG] valid flags: lltf0=1, lltf1=1, lsig=1, htsig0=1, htsig1=1
[SYNC-LONG] Received wifi_start tag: freq_offset=0.009 offset=68311 nread=68311
[EQ][GATE_DETAIL] d_sym_idx=46, kHtSig1Rel=5, d_have_ht_header=0
[EQ][GATE_DETAIL] valid flags: lltf0=1 lltf1=1 lsig=1 htsig0=1 htsig1=1
LONG: ignore retrigger tag during COPY nread=68311 d_count=0 guard=3072 tag_offset=68311
[EQ][WHILE_LOOP] iter consumed=5, d_sym_idx=47
[EQ][FLOW] abs=768 wifi_start=0 in_frame=1 sym_idx=47 consumed=5 produced=0
[EQ][PRE_EXTRACT] d_sym_idx=47, in_frame=1
[EQ][POST_EQUALIZE] d_sym_idx=47
[EQ][STDERR_DIRECT] Entering direct mixed-mode header detection
[EQ][IDX_CHECK] d_sym_idx=47, condition=0
[EQ][DIRECT_PATH] Entering direct mixed-mode header detection
[EQ][STDERR_BEFORE_GATE] Reached before gate check
[EQ][BEFORE_GATE] Reached before gate check
[EQ][TEST_INSERT] Added new debug output
[EQ][DEBUG_TEST] ======== DEBUG ENTRY ========
[EQ][DEBUG] Checking HT-SIG parse condition: d_sym_idx=47, kHtSig1Rel=5, d_have_ht_header=0
[EQ][DEBUG] valid flags: lltf0=1, lltf1=1, lsig=1, htsig0=1, htsig1=1
[EQ][WHILE_LOOP] iter consumed=6, d_sym_idx=48
[EQ][GATE_DETAIL] d_sym_idx=47, kHtSig1Rel=5, d_have_ht_header=0
[EQ][GATE_DETAIL] valid flags: lltf0=1 lltf1=1 lsig=1 htsig0=1 htsig1=1
[EQ][FLOW] abs=769 wifi_start=0 in_frame=1 sym_idx=48 consumed=6 produced=0
[EQ][PRE_EXTRACT] d_sym_idx=48, in_frame=1
[EQ][POST_EQUALIZE] d_sym_idx=48
[EQ][STDERR_DIRECT] Entering direct mixed-mode header detection
[EQ][IDX_CHECK] d_sym_idx=48, condition=0
[EQ][DIRECT_PATH] Entering direct mixed-mode header detection
[EQ][STDERR_BEFORE_GATE] Reached before gate check
[EQ][BEFORE_GATE] Reached before gate check
[EQ][TEST_INSERT] Added new debug output
[EQ][DEBUG_TEST] ======== DEBUG ENTRY ========
[EQ][DEBUG] Checking HT-SIG parse condition: d_sym_idx=48, kHtSig1Rel=5, d_have_ht_header=0
[EQ][DEBUG] valid flags: lltf0=1, lltf1=1, lsig=1, htsig0=1, htsig1=1
[EQ][WHILE_LOOP] iter consumed=7, d_sym_idx=49
[EQ][GATE_DETAIL] d_sym_idx=48, kHtSig1Rel=5, d_have_ht_header=0
[EQ][GATE_DETAIL] valid flags: lltf0=1 lltf1=1 lsig=1 htsig0=1 htsig1=1
[EQ][FLOW] abs=770 wifi_start=0 in_frame=1 sym_idx=49 consumed=7 produced=0
[EQ][PRE_EXTRACT] d_sym_idx=49, in_frame=1
[EQ][POST_EQUALIZE] d_sym_idx=49
[EQ][STDERR_DIRECT] Entering direct mixed-mode header detection
[EQ][IDX_CHECK] d_sym_idx=49, condition=0
[EQ][DIRECT_PATH] Entering direct mixed-mode header detection
[EQ][STDERR_BEFORE_GATE] Reached before gate check
[EQ][BEFORE_GATE] Reached before gate check
[EQ][TEST_INSERT] Added new debug output
[EQ][DEBUG_TEST] ======== DEBUG ENTRY ========
[EQ][DEBUG] Checking HT-SIG parse condition: d_sym_idx=49, kHtSig1Rel=5, d_have_ht_header=0
[EQ][DEBUG] valid flags: lltf0=1, lltf1=1, lsig=1, htsig0=1, htsig1=1
[EQ][GATE_DETAIL] d_sym_idx=49, kHtSig1Rel=5, d_have_ht_header=0
[EQ][GATE_DETAIL] valid flags: lltf0=1 lltf1=1 lsig=1 htsig0=1 htsig1=1
produced : 989 consumed: 1242

----------------------------------------------------------------------
Tag Debug: 
Input Stream: 00
  Offset: 49344  Source: sync_long     Key: wifi_start   Value: -5.47245e-06
----------------------------------------------------------------------
message_debug :info: The `print_pdu` port is deprecated and will be removed; forwarding to `print`.
***** VERBOSE PDU DEBUG PRINT ******
((encoding . 0) (crc_included . #t))
pdu length =         38 bytes
pdu vector contents = 
0000: 08 00 00 00 42 42 42 42 42 42 23 23 23 23 23 23 
0010: ff ff ff ff ff ff f0 01 78 78 78 78 78 78 78 78 
0020: 78 78 bb b3 72 48 
************************************
[MAPPER] handle_msg called
[MAPPER] meta=((encoding . 0) (crc_included . #t))
[MAPPER] meta fields: mcs=0 len=-1 psdu_len=-1
[MAPPER] using MCS=0
[MAPPER] HT mode enabled, effective MCS: 0
[TX][HTDATA0][PUNCTURED] bits52=0011011111111100001000111101001101011111011011011101
[TX][HTDATA0][INTERLEAVED] bits52=0101001010011001001011111001101010011111111111101111
[TX][HTDATA0] bits52=0101001010011001001011111001101010011111111111101111
[TX][PUNCTURED-ALL] nbits=676 first64=0011011111111100001000111101001101011111011011011101000100100100 last64=1001101001110111101100111001010001010111001101110001100111010000
[TX][INTERLEAVED-ALL] nbits=676 first64=0101001010011001001011111001101010011111111111101111001101010010 last64=0011100111110011101111001000111100111001101001110010110010001100
[TX][HTDATA0][PUNCTURED] keep existing first-frame reference /tmp/wifi_tx_punctured0_bits52.txt
[TX][HTDATA0][INTERLEAVED] keep existing first-frame reference /tmp/wifi_tx_interleaved0_bits52.txt
[TX][HTDATA0] keep existing first-frame reference /tmp/wifi_tx_data0_bits52.txt
[TX][PUNCTURED-ALL] keep existing first-frame reference /tmp/wifi_tx_punctured_all_bits.txt
[TX][INTERLEAVED-ALL] keep existing first-frame reference /tmp/wifi_tx_interleaved_all_bits.txt
[TX][PUNCTURED-ALL] updated /tmp/wifi_tx_punctured_all_bits.last.txt
[TX][INTERLEAVED-ALL] updated /tmp/wifi_tx_interleaved_all_bits.last.txt
[MAPPER] frame: ht_mode=1 psdu=38 n_sym=13 n_data_bits=338 n_encoded_bits=676 data_carriers=52 out_symbols=676
[HT-HEADER] general_work called ninput=676 noutput=32688
[TX][LSIG] raw24=110100110010000000000000
[TX][LSIG] enc48=110110001010100111001100100011011100000000000000
[TX][LSIG] intl48=110011011001000011010100011000000010011001100000
[TX][HTSIG] fields: mcs=0 len=38 bw40=0 agg=0 sgi=0 stbc=0 adv=0 nltf=0 crc=0x0d
[TX][HTSIG] raw48=000000000110010000000000000000000010110000000000
[TX][HTSIG] enc96=000000000000000000110110111100100011011100000000000000000000000000001110111001101110101100000000
[TX][HTSIG] intl96=000000111110010000000011100110000000000010011000000000011011110000000001100100000000001011101000
[TX][HTHDR][OUTBUF] lsig48=110011011001000011010100011000000010011001100000
[TX][HTHDR][OUTBUF] htsig1_48=000000111110010000000011100110000000000010011000
[TX][HTHDR][OUTBUF] htsig2_48=000000011011110000000001100100000000001011101000
[SYNC-SHORT] general_work called: noutput=16 ninput=2256 threshold=0.010 state=1
SHORT copied 16
[SYNC-LONG] general_work: ninput[0]=16 ninput[1]=320 noutput=16 state=1
LONG ninput[0] 16   ninput[1] 320  noutput 16   state 1
produced : 16 consumed: 16
[SYNC-SHORT] general_work called: noutput=2048 ninput=2240 threshold=0.010 state=1
sync_short :info: frame start at in: 70091 out: 70618
SHORT Frame!
SHORT copied 522
[SYNC-SHORT] general_work called: noutput=1024 ninput=1718 threshold=0.010 state=1
[SYNC-LONG] general_work: ninput[0]=522 ninput[1]=320 noutput=256 state=1
LONG ninput[0] 522   ninput[1] 320  noutput 256   state 1
sync_short :info: frame start at in: 70572 out: 71099
SHORT Frame!
SHORT copied 481
[SYNC-SHORT] general_work called: noutput=1024 ninput=1237 threshold=0.010 state=1
produced : 256 consumed: 320
[SYNC-LONG] general_work: ninput[0]=683 ninput[1]=1003 noutput=512 state=1
LONG ninput[0] 683   ninput[1] 1003  noutput 512   state 1
produced : 154 consumed: 202
sync_short :info: frame start at in: 71053 out: 71580
SHORT Frame!
SHORT copied 481
[SYNC-SHORT] general_work called: noutput=512 ninput=756 threshold=0.010 state=1
sync_short :info: frame start at in: 71534 out: 72061
SHORT Frame!
SHORT copied 481
[SYNC-SHORT] general_work called: noutput=256 ninput=275 threshold=0.010 state=1
SHORT copied 256
[SYNC-SHORT] general_work called: noutput=2 ninput=19 threshold=0.010 state=1
SHORT copied 2
[SYNC-SHORT] general_work called: noutput=1 ninput=17 threshold=0.010 state=1
SHORT copied 1
[SYNC-LONG] general_work: ninput[0]=1702 ninput[1]=2019 noutput=1024 state=1
LONG ninput[0] 1702   ninput[1] 2019  noutput 1024   state 1
[SYNC-LONG] Received wifi_start tag: freq_offset=-0.029 offset=70091 nread=70091
LONG: ignore retrigger tag during COPY nread=70091 d_count=1415 guard=3072 tag_offset=70091
produced : 1024 consumed: 1280
[SYNC-LONG] general_work: ninput[0]=422 ninput[1]=742 noutput=256 state=1
LONG ninput[0] 422   ninput[1] 742  noutput 256   state 1
produced : 131 consumed: 163
[SYNC-LONG] general_work: ninput[0]=259 ninput[1]=579 noutput=256 state=1
LONG ninput[0] 259   ninput[1] 579  noutput 256   state 1
[SYNC-LONG] Received wifi_start tag: freq_offset=0.102 offset=71534 nread=71534
LONG: ignore retrigger tag during COPY nread=71534 d_count=2570 guard=3072 tag_offset=71534
produced : 211 consumed: 259
message_debug :info: The `print_pdu` port is deprecated and will be removed; forwarding to `print`.
***** VERBOSE PDU DEBUG PRINT ******
((encoding . 0) (crc_included . #t))
[MAPPER] handle_msg calledpdu length =         38 bytes
pdu vector contents = 
0000: 08 
00 00 00 42 42 42 42 42 42 23 23 23 23 23 23 
0010: ff ff ff ff ff ff 00 02 78 [MAPPER] meta=78 78 78 78 78 78 78 
0020: 78 78 ae 3b 1d 95 
************************************
((encoding . 0) (crc_included . #t))
[MAPPER] meta fields: mcs=0 len=-1 psdu_len=-1
[MAPPER] using MCS=0
[MAPPER] HT mode enabled, effective MCS: 0
[TX][HTDATA0][PUNCTURED] bits52=0011010010001110000111101110011010011110011110111100
[TX][HTDATA0][INTERLEAVED] bits52=0110010010011011001110010110010111010111001101101110
[TX][HTDATA0] bits52=0110010010011011001110010110010111010111001101101110
[TX][PUNCTURED-ALL] nbits=676 first64=0011010010001110000111101110011010011110011110111100001101101110 last64=0000110100100011101100001001100100001011001110100011010011010111
[TX][INTERLEAVED-ALL] nbits=676 first64=0110010010011011001110010110010111010111001101101110000101101010 last64=0110101100000011001011011100101000111111100000110000000101011011
[TX][HTDATA0][PUNCTURED] keep existing first-frame reference /tmp/wifi_tx_punctured0_bits52.txt
[TX][HTDATA0][INTERLEAVED] keep existing first-frame reference /tmp/wifi_tx_interleaved0_bits52.txt
[TX][HTDATA0] keep existing first-frame reference /tmp/wifi_tx_data0_bits52.txt
[TX][PUNCTURED-ALL] keep existing first-frame reference /tmp/wifi_tx_punctured_all_bits.txt
[TX][INTERLEAVED-ALL] keep existing first-frame reference /tmp/wifi_tx_interleaved_all_bits.txt
[TX][PUNCTURED-ALL] updated /tmp/wifi_tx_punctured_all_bits.last.txt
[TX][INTERLEAVED-ALL] updated /tmp/wifi_tx_interleaved_all_bits.last.txt
[MAPPER] frame: ht_mode=1 psdu=38 n_sym=13 n_data_bits=338 n_encoded_bits=676 data_carriers=52 out_symbols=676
[HT-HEADER] general_work called ninput=676 noutput=32688
[TX][LSIG] raw24=110100110010000000000000
[TX][LSIG] enc48=110110001010100111001100100011011100000000000000
[TX][LSIG] intl48=110011011001000011010100011000000010011001100000
[TX][HTSIG] fields: mcs=0 len=38 bw40=0 agg=0 sgi=0 stbc=0 adv=0 nltf=0 crc=0x0d
[TX][HTSIG] raw48=000000000110010000000000000000000010110000000000
[TX][HTSIG] enc96=000000000000000000110110111100100011011100000000000000000000000000001110111001101110101100000000
[TX][HTSIG] intl96=000000111110010000000011100110000000000010011000000000011011110000000001100100000000001011101000
[TX][HTHDR][OUTBUF] lsig48=110011011001000011010100011000000010011001100000
[TX][HTHDR][OUTBUF] htsig1_48=000000111110010000000011100110000000000010011000
[TX][HTHDR][OUTBUF] htsig2_48=000000011011110000000001100100000000001011101000
[SYNC-SHORT] general_work called: noutput=16 ninput=2288 threshold=0.010 state=1
SHORT copied 16
[SYNC-LONG] general_work: ninput[0]=16 ninput[1]=336 noutput=16 state=1
LONG ninput[0] 16   ninput[1] 336  noutput 16   state 1
produced : 16 consumed: 16
[SYNC-SHORT] general_work called: noutput=2048 ninput=2272 threshold=0.010 state=1
sync_short :info: frame start at in: 72352 out: 72879
SHORT Frame!
SHORT copied 543
[SYNC-SHORT] general_work called: noutput=1024 ninput=1729 threshold=0.010 state=1
[SYNC-LONG] general_work: ninput[0]=543 ninput[1]=320 noutput=256 state=1
LONG ninput[0] 543   ninput[1] 320  noutput 256   state 1
sync_short :info: frame start at in: 72833 out: 73360
SHORT Frame!
SHORT copied 481
[SYNC-SHORT] general_work called: noutput=1024 ninput=1248 threshold=0.010 state=1
produced : 256 consumed: 320
sync_short :info: frame start at in: 73314 out: 73841
SHORT Frame!
SHORT copied 481
[SYNC-SHORT] general_work called: noutput=512 ninput=767 threshold=0.010 state=1
[SYNC-LONG] general_work: ninput[0]=1185 ninput[1]=1280 noutput=1024 state=1
LONG ninput[0] 1185   ninput[1] 1280  noutput 1024   state 1
produced : 175 consumed: 223
sync_short :info: frame start at in: 73795 out: 74322
SHORT Frame!
SHORT copied 481
[SYNC-LONG] general_work: ninput[0]=1443 ninput[1]=1282 noutput=1024 state=1
[SYNC-SHORT] general_work called: noutput=256 ninput=286 threshold=0.010 state=1
LONG ninput[0] 1443   ninput[1] 1282  noutput 1024   state 1
[SYNC-LONG] Received wifi_start tag: freq_offset=-0.029 offset=72352 nread=72352
produced : 36 consumed: 0
[SYNC-LONG] general_work: ninput[0]=1443 ninput[1]=1282 noutput=4096 state=0
SHORT copied 256
LONG ninput[0] 1443   ninput[1] 1282  noutput 4096   state 0
[SYNC-LONG] Received wifi_start tag: freq_offset=-0.029 offset=72352 nread=72352
[SYNC-SHORT] general_work called: noutput=8 ninput=30 threshold=0.010 state=1
SHORT copied 8
[SYNC-SHORT] general_work called: noutput=4 ninput=22 threshold=0.010 state=1
SHORT copied 4
[SYNC-SHORT] general_work called: noutput=2 ninput=18 threshold=0.010 state=1
SHORT copied 2
sync_long :info: LONG: frame start at 190
produced : 0 consumed: 320
[SYNC-LONG] general_work: ninput[0]=1393 ninput[1]=1713 noutput=1024 state=1
LONG ninput[0] 1393   ninput[1] 1713  noutput 1024   state 1
produced : 0 consumed: 161
[SYNC-LONG] general_work: ninput[0]=1232 ninput[1]=1552 noutput=1024 state=1
LONG ninput[0] 1232   ninput[1] 1552  noutput 1024   state 1
[SYNC-LONG] Received wifi_start tag: freq_offset=0.009 offset=72833 nread=72833
LONG: ignore retrigger tag during COPY nread=72833 d_count=0 guard=3072 tag_offset=72833
produced : 979 consumed: 1232
=== HT Mixed 模式环回测试（非GUI）===
参数: pdu_length=10, interval=300, encoding=0
流图构建完成
启动流图（运行10秒）...
停止流图...
测试完成

----------------------------------------------------------------------
Tag Debug: 
Input Stream: 00
  Offset: 52608  Source: sync_long     Key: wifi_start   Value: -5.47059e-06
----------------------------------------------------------------------
